 PcdDxe

 Timestamp is 5a2f2de3 (Tue Dec 12 08:16:19 2017)

 Preferred load address is 00010000

 Start         Length     Name                   Class
 0001:00000000 000000ffH .text                   CODE
 0001:000000ff 00002fb4H .text$mn                CODE
 0002:00000000 00000fccH .rdata                  DATA
 0002:00000fcc 0000008cH .rdata$debug            DATA
 0003:00000000 00000208H .data                   DATA
 0003:00000208 00000074H .bss                    DATA
 0004:00000000 0000004eH .edata                  DATA

  Address         Publics by Value              Rva+Base       Lib:Object

 0000:00000000       ___guard_flags             00000000     <absolute>
 0000:00000000       ___guard_fids_table        00000000     <absolute>
 0000:00000000       ___guard_fids_count        00000000     <absolute>
 0001:00000000       _InternalMemCopyMem        00011000     BaseMemoryLibOptDxe:CopyMem.obj
 0001:00000070       _InternalMemZeroMem        00011070     BaseMemoryLibOptDxe:ZeroMem.obj
 0001:00000090       _InternalMemSetMem         00011090     BaseMemoryLibOptDxe:SetMem.obj
 0001:000000c0       _InternalMemSetMem32       000110c0     BaseMemoryLibOptDxe:SetMem32.obj
 0001:000000e0       _InternalMemSetMem64       000110e0     BaseMemoryLibOptDxe:SetMem64.obj
 0001:000000ff       __ModuleEntryPoint         000110ff f   UefiDriverEntryPoint:DriverEntryPoint.obj
 0001:00000129       _ProcessLibraryConstructorList 00011129 f   PcdDxe:AutoGen.obj
 0001:0000029e       _ProcessLibraryDestructorList 0001129e f   PcdDxe:AutoGen.obj
 0001:000002e3       _PcdDxeInit                000112e3 f   PcdDxe:Pcd.obj
 0001:000003d5       _DxeGetPcdInfoGetInfo      000113d5 f   PcdDxe:Pcd.obj
 0001:000003e6       _DxeGetPcdInfoGetInfoEx    000113e6 f   PcdDxe:Pcd.obj
 0001:000003f9       _DxeGetPcdInfoGetSku       000113f9 f   PcdDxe:Pcd.obj
 0001:00000402       _DxePcdSetSku              00011402 f   PcdDxe:Pcd.obj
 0001:000004d0       _DxePcdGetBool             000114d0 f   PcdDxe:Pcd.obj
 0001:000004d0       _DxePcdGet8                000114d0 f   PcdDxe:Pcd.obj
 0001:000004df       _DxePcdGet16               000114df f   PcdDxe:Pcd.obj
 0001:000004f2       _DxePcdGet32               000114f2 f   PcdDxe:Pcd.obj
 0001:00000505       _DxePcdGet64               00011505 f   PcdDxe:Pcd.obj
 0001:00000518       _DxePcdGetPtr              00011518 f   PcdDxe:Pcd.obj
 0001:00000523       _DxePcdGetSize             00011523 f   PcdDxe:Pcd.obj
 0001:00000593       _DxePcdGetBoolEx           00011593 f   PcdDxe:Pcd.obj
 0001:00000593       _DxePcdGet8Ex              00011593 f   PcdDxe:Pcd.obj
 0001:000005ad       _DxePcdGet16Ex             000115ad f   PcdDxe:Pcd.obj
 0001:000005cb       _DxePcdGet32Ex             000115cb f   PcdDxe:Pcd.obj
 0001:000005e9       _DxePcdGet64Ex             000115e9 f   PcdDxe:Pcd.obj
 0001:00000607       _DxePcdGetPtrEx            00011607 f   PcdDxe:Pcd.obj
 0001:0000061d       _DxePcdGetSizeEx           0001161d f   PcdDxe:Pcd.obj
 0001:00000632       _DxePcdSet8                00011632 f   PcdDxe:Pcd.obj
 0001:00000632       _DxePcdSetBool             00011632 f   PcdDxe:Pcd.obj
 0001:00000654       _DxePcdSet16               00011654 f   PcdDxe:Pcd.obj
 0001:00000676       _DxePcdSet32               00011676 f   PcdDxe:Pcd.obj
 0001:00000698       _DxePcdSet64               00011698 f   PcdDxe:Pcd.obj
 0001:000006ba       _DxePcdSetPtr              000116ba f   PcdDxe:Pcd.obj
 0001:000006d0       _DxePcdSetBoolEx           000116d0 f   PcdDxe:Pcd.obj
 0001:000006d0       _DxePcdSet8Ex              000116d0 f   PcdDxe:Pcd.obj
 0001:000006f7       _DxePcdSet16Ex             000116f7 f   PcdDxe:Pcd.obj
 0001:0000071e       _DxePcdSet32Ex             0001171e f   PcdDxe:Pcd.obj
 0001:00000745       _DxePcdSet64Ex             00011745 f   PcdDxe:Pcd.obj
 0001:0000076c       _DxePcdSetPtrEx            0001176c f   PcdDxe:Pcd.obj
 0001:00000787       _DxeRegisterCallBackOnSet  00011787 f   PcdDxe:Pcd.obj
 0001:000007b7       _DxeUnRegisterCallBackOnSet 000117b7 f   PcdDxe:Pcd.obj
 0001:000007e7       _DxePcdGetNextToken        000117e7 f   PcdDxe:Pcd.obj
 0001:000008ce       _GetDistinctTokenSpace     000118ce f   PcdDxe:Pcd.obj
 0001:00000951       _DxePcdGetNextTokenSpace   00011951 f   PcdDxe:Pcd.obj
 0001:00000b03       _GetLocalTokenNumber       00011b03 f   PcdDxe:Service.obj
 0001:00000b67       _GetPcdType                00011b67 f   PcdDxe:Service.obj
 0001:00000bbb       _GetPcdName                00011bbb f   PcdDxe:Service.obj
 0001:00000c88       _ExGetPcdInfo              00011c88 f   PcdDxe:Service.obj
 0001:00000d5c       _DxeGetPcdInfo             00011d5c f   PcdDxe:Service.obj
 0001:00000e45       _GetWorker                 00011e45 f   PcdDxe:Service.obj
 0001:0000102f       _DxeRegisterCallBackWorker 0001202f f   PcdDxe:Service.obj
 0001:000010a2       _DxeUnRegisterCallBackWorker 000120a2 f   PcdDxe:Service.obj
 0001:00001101       _ExGetNextTokeNumber       00012101 f   PcdDxe:Service.obj
 0001:000011a7       _LocateExPcdBinary         000121a7 f   PcdDxe:Service.obj
 0001:0000122b       _BuildPcdDxeDataBase       0001222b f   PcdDxe:Service.obj
 0001:00001429       _GetHiiVariable            00012429 f   PcdDxe:Service.obj
 0001:000014e1       _GetSkuEnabledTokenNumber  000124e1 f   PcdDxe:Service.obj
 0001:00001662       _InvokeCallbackOnSet       00012662 f   PcdDxe:Service.obj
 0001:000016b5       _SetWorker                 000126b5 f   PcdDxe:Service.obj
 0001:00001903       _ExSetWorker               00012903 f   PcdDxe:Service.obj
 0001:00001942       _GetVariableSizeAndDataFromHiiPcd 00012942 f   PcdDxe:Service.obj
 0001:00001ac9       _SetHiiVariable            00012ac9 f   PcdDxe:Service.obj
 0001:00001c35       _GetExPcdTokenNumber       00012c35 f   PcdDxe:Service.obj
 0001:00001d37       _GetSkuIdArray             00012d37 f   PcdDxe:Service.obj
 0001:00001d7e       _GetSizeTableIndex         00012d7e f   PcdDxe:Service.obj
 0001:00001ddf       _GetPtrTypeSize            00012ddf f   PcdDxe:Service.obj
 0001:00001ed4       _SetPtrTypeSize            00012ed4 f   PcdDxe:Service.obj
 0001:00001ffb       _VariableLockDynamicHiiPcd 00012ffb f   PcdDxe:Service.obj
 0001:000020b1       _VariableLockCallBack      000130b1 f   PcdDxe:Service.obj
 0001:000020ea       _ReadUnaligned16           000130ea f   BaseLib:Unaligned.obj
 0001:00002109       _ReadUnaligned32           00013109 f   BaseLib:Unaligned.obj
 0001:00002129       _ReadUnaligned64           00013129 f   BaseLib:Unaligned.obj
 0001:0000214c       _WriteUnaligned64          0001314c f   BaseLib:Unaligned.obj
 0001:00002177       _InternalBaseLibIsListValid 00013177 f   BaseLib:LinkedList.obj
 0001:000021db       _InsertTailList            000131db f   BaseLib:LinkedList.obj
 0001:00002211       _GetFirstNode              00013211 f   BaseLib:LinkedList.obj
 0001:00002236       _GetNextNode               00013236 f   BaseLib:LinkedList.obj
 0001:0000225b       _RemoveEntryList           0001325b f   BaseLib:LinkedList.obj
 0001:000022a9       _StrLen                    000132a9 f   BaseLib:String.obj
 0001:00002311       _StrSize                   00013311 f   BaseLib:String.obj
 0001:00002320       _AsciiStrLen               00013320 f   BaseLib:String.obj
 0001:0000236b       _InternalSafeStringIsOverlap 0001336b f   BaseLib:SafeString.obj
 0001:00002391       _AsciiStrnLenS             00013391 f   BaseLib:SafeString.obj
 0001:000023b8       _AsciiStrCpyS              000133b8 f   BaseLib:SafeString.obj
 0001:00002479       _AsciiStrCatS              00013479 f   BaseLib:SafeString.obj
 0001:0000258b       _DebugPrint                0001358b f   PeiDxeDebugLibReportStatusCode:DebugLib.obj
 0001:000026e2       _DebugAssert               000136e2 f   PeiDxeDebugLibReportStatusCode:DebugLib.obj
 0001:000027f2       _CopyMem                   000137f2 f   BaseMemoryLibOptDxe:CopyMemWrapper.obj
 0001:00002853       _CopyGuid                  00013853 f   BaseMemoryLibOptDxe:MemLibGuid.obj
 0001:00002883       _CompareGuid               00013883 f   BaseMemoryLibOptDxe:MemLibGuid.obj
 0001:000028e2       _ScanGuid                  000138e2 f   BaseMemoryLibOptDxe:MemLibGuid.obj
 0001:00002979       _ZeroMem                   00013979 f   BaseMemoryLibOptDxe:ZeroMemWrapper.obj
 0001:000029c6       _InternalAllocatePool      000139c6 f   UefiMemoryAllocationLib:MemoryAllocationLib.obj
 0001:000029eb       _InternalAllocateZeroPool  000139eb f   UefiMemoryAllocationLib:MemoryAllocationLib.obj
 0001:00002a03       _InternalAllocateCopyPool  00013a03 f   UefiMemoryAllocationLib:MemoryAllocationLib.obj
 0001:00002a60       _FreePool                  00013a60 f   UefiMemoryAllocationLib:MemoryAllocationLib.obj
 0001:00002a96       _EfiGetSystemConfigurationTable 00013a96 f   UefiLib:UefiLib.obj
 0001:00002af0       _EfiCreateProtocolNotifyEvent 00013af0 f   UefiLib:UefiLib.obj
 0001:00002bbe       _EfiAcquireLock            00013bbe f   UefiLib:UefiLib.obj
 0001:00002bfb       _EfiReleaseLock            00013bfb f   UefiLib:UefiLib.obj
 0001:00002c33       _GetHobList                00013c33 f   DxeHobLib:HobLib.obj
 0001:00002c8d       _GetNextHob                00013c8d f   DxeHobLib:HobLib.obj
 0001:00002cca       _GetFirstGuidHob           00013cca f   DxeHobLib:HobLib.obj
 0001:00002d04       _GetDebugPrintErrorLevel   00013d04 f   DxeDebugPrintErrorLevelLib:DxeDebugPrintErrorLevelLib.obj
 0001:00002dc2       _GetDebugMask              00013dc2 f   DxeDebugPrintErrorLevelLib:DxeDebugPrintErrorLevelLib.obj
 0001:00002dda       _SetDebugMask              00013dda f   DxeDebugPrintErrorLevelLib:DxeDebugPrintErrorLevelLib.obj
 0001:00002de6       _InternalImageHandleToFvHandle 00013de6 f   DxeServicesLib:DxeServicesLib.obj
 0001:00002e52       _InternalGetSectionFromFv  00013e52 f   DxeServicesLib:DxeServicesLib.obj
 0001:00002edf       _InternalGetReportStatusCode 00013edf f   DxeReportStatusCodeLib:ReportStatusCodeLib.obj
 0001:00002f18       _InternalReportStatusCode  00013f18 f   DxeReportStatusCodeLib:ReportStatusCodeLib.obj
 0001:00002f5f       _ReportStatusCodeEx        00013f5f f   DxeReportStatusCodeLib:ReportStatusCodeLib.obj
 0002:00000038       ??_C@_0CB@DMEJJJHA@?6ASSERT_EFI_ERROR?5?$CIStatus?5?$DN?5?$CFr?$CJ?6@ 00015038     UefiDriverEntryPoint:DriverEntryPoint.obj
 0002:0000005c       ??_C@_0BE@DCHLEIGN@?$CBEFI_ERROR?5?$CIStatus?$CJ?$AA@ 0001505c     UefiDriverEntryPoint:DriverEntryPoint.obj
 0002:00000070       ??_C@_06PFIKAMCP@PcdDxe?$AA@ 00015070     PcdDxe:AutoGen.obj
 0002:00000078       ??_C@_0FP@GBDOCFJM@c?3?2edk2?2Build?2NT32IA32?2DEBUG_VS2@ 00015078     PcdDxe:AutoGen.obj
 0002:000000d8       ??_C@_0CN@CLPFPKMC@c?3?2edk2?2MdeModulePkg?2Universal?2P@ 000150d8     PcdDxe:Pcd.obj
 0002:00000108       ??_C@_0DA@FIJCPHJE@?$CGgPcdProtocolGuid?5already?5instal@ 00015108     PcdDxe:Pcd.obj
 0002:00000138       ??_C@_0DA@GKIIFAJ@PcdDxe?5?9?5The?5SKU?5Id?5could?5be?5cha@ 00015138     PcdDxe:Pcd.obj
 0002:00000168       ??_C@_0FF@NBNIHPOH@PcdDxe?5?9?5The?5SKU?5Id?5was?5set?5to?50@ 00015168     PcdDxe:Pcd.obj
 0002:000001c0       ??_C@_0BC@FEDIJHFF@?$CI?$CIBOOLEAN?$CJ?$CI0?$DN?$DN1?$CJ?$CJ?$AA@ 000151c0     PcdDxe:Pcd.obj
 0002:000001d4       ??_C@_0CH@KGMOLEFJ@PcdDxe?5?9?5Set?5current?5SKU?5Id?5to?50@ 000151d4     PcdDxe:Pcd.obj
 0002:00000200       ??_C@_0EG@EOHJCGJJ@PcdDxe?5?9?5Invalid?5input?5SkuId?0?5th@ 00015200     PcdDxe:Pcd.obj
 0002:00000248       ??_C@_0CK@COKGHBL@TokenNumber?5?$CL?51?5?$DM?5mPcdTotalToken@ 00015248     PcdDxe:Pcd.obj
 0002:00000274       ??_C@_0CD@PEJBICDC@DistinctTokenSpace?5?$CB?$DN?5?$CI?$CIvoid?5?$CK?$CJ?5@ 00015274     PcdDxe:Pcd.obj
 0002:00000298       ??_C@_0BF@PEDOPNMP@Guid?5?$CB?$DN?5?$CI?$CIvoid?5?$CK?$CJ?50?$CJ?$AA@ 00015298     PcdDxe:Pcd.obj
 0002:000002b0       ??_C@_0DB@JMFBBLIC@c?3?2edk2?2MdeModulePkg?2Universal?2P@ 000152b0     PcdDxe:Service.obj
 0002:000002e4       ??_C@_0BF@OGAHIMFI@Name?5?$CB?$DN?5?$CI?$CIvoid?5?$CK?$CJ?50?$CJ?$AA@ 000152e4     PcdDxe:Service.obj
 0002:000002fc       ??_C@_0BI@JPMFKADA@PcdInfo?5?$CB?$DN?5?$CI?$CIvoid?5?$CK?$CJ?50?$CJ?$AA@ 000152fc     PcdDxe:Service.obj
 0002:00000314       ??_C@_0BA@KCGHGKF@TokenNumber?5?$DO?50?$AA@ 00015314     PcdDxe:Service.obj
 0002:00000324       ??_C@_0DP@EJHMAPDE@?$CIGetSize?5?$DN?$DN?5DxePcdGetSize?5?$CIToken@ 00015324     PcdDxe:Service.obj
 0002:00000364       ??_C@_0BN@PCHAHDHH@FnTableEntry?5?$CB?$DN?5?$CI?$CIvoid?5?$CK?$CJ?50?$CJ?$AA@ 00015364     PcdDxe:Service.obj
 0002:00000384       ??_C@_0CD@NAFLEDJN@mPcdDatabase?4DxeDb?5?$CB?$DN?5?$CI?$CIvoid?5?$CK?$CJ?5@ 00015384     PcdDxe:Service.obj
 0002:000003a8       ??_C@_0BJ@MBGLGKNG@PcdDxeDb?5?$CB?$DN?5?$CI?$CIvoid?5?$CK?$CJ?50?$CJ?$AA@ 000153a8     PcdDxe:Service.obj
 0002:000003c4       ??_C@_0CD@BFAODLII@mPcdDatabase?4PeiDb?5?$CB?$DN?5?$CI?$CIvoid?5?$CK?$CJ?5@ 000153c4     PcdDxe:Service.obj
 0002:000003e8       ??_C@_0CB@FFGOOHEB@mCallbackFnTable?5?$CB?$DN?5?$CI?$CIvoid?5?$CK?$CJ?50?$CJ@ 000153e8     PcdDxe:Service.obj
 0002:0000040c       ??_C@_0BH@IACGKAP@Buffer?5?$CB?$DN?5?$CI?$CIvoid?5?$CK?$CJ?50?$CJ?$AA@ 0001540c     PcdDxe:Service.obj
 0002:00000424       ??_C@_0M@JADJBBKG@Status?5?$DN?$DN?50?$AA@ 00015424     PcdDxe:Service.obj
 0002:00000430       ??_C@_0CP@BBJALDHB@Status?5?$DN?$DN?5?$CI?$CIRETURN_STATUS?$CJ?$CI0x800@ 00015430     PcdDxe:Service.obj
 0002:00000460       ??_C@_0CH@FNFHNFL@?$CILocalTokenNumber?5?$CG?5?$CI0x2U?5?$DM?$DM?528?$CJ@ 00015460     PcdDxe:Service.obj
 0002:00000488       ??_C@_0BG@NEGPINNC@Index?5?$DM?5SkuIdTable?$FL0?$FN?$AA@ 00015488     PcdDxe:Service.obj
 0002:000004a0       ??_C@_0BK@KMBLOHLH@MatchGuid?5?$CB?$DN?5?$CI?$CIvoid?5?$CK?$CJ?50?$CJ?$AA@ 000154a0     PcdDxe:Service.obj
 0002:000004bc       ??_C@_0CH@KAMFAHNI@?$CILocalTokenNumber?5?$CG?5?$CI0x2U?5?$DM?$DM?528?$CJ@ 000154bc     PcdDxe:Service.obj
 0002:000004e8       ??_C@_0HA@NINFNLNG@?$CILocalTokenNumber?5?$CG?5?$CI?$CI0x0U?5?$DM?$DM?524@ 000154e8     PcdDxe:Service.obj
 0002:00000558       ??_C@_0CL@COEFNOFM@c?3?2edk2?2MdePkg?2Library?2BaseLib?2U@ 00015558     BaseLib:Unaligned.obj
 0002:00000584       ??_C@_0BF@NJNGJMPC@List?5?$CB?$DN?5?$CI?$CIvoid?5?$CK?$CJ?50?$CJ?$AA@ 00015584     BaseLib:LinkedList.obj
 0002:0000059c       ??_C@_0CM@FDGEGMJJ@c?3?2edk2?2MdePkg?2Library?2BaseLib?2L@ 0001559c     BaseLib:LinkedList.obj
 0002:000005c8       ??_C@_0CC@KDLPLAED@List?9?$DOForwardLink?5?$CB?$DN?5?$CI?$CIvoid?5?$CK?$CJ?50@ 000155c8     BaseLib:LinkedList.obj
 0002:000005ec       ??_C@_0BP@IJJCCMAK@List?9?$DOBackLink?5?$CB?$DN?5?$CI?$CIvoid?5?$CK?$CJ?50?$CJ?$AA@ 000155ec     BaseLib:LinkedList.obj
 0002:0000060c       ??_C@_0BJ@NJABNCDK@ListHead?5?$CB?$DN?5?$CI?$CIvoid?5?$CK?$CJ?50?$CJ?$AA@ 0001560c     BaseLib:LinkedList.obj
 0002:00000628       ??_C@_0CG@LGIALJFK@InternalBaseLibIsListValid?5?$CIList@ 00015628     BaseLib:LinkedList.obj
 0002:00000650       ??_C@_0CC@JLDICICM@InternalBaseLibIsListValid?5?$CIList@ 00015650     BaseLib:LinkedList.obj
 0002:00000674       ??_C@_0BF@NMBJJECB@?$CBIsListEmpty?5?$CIEntry?$CJ?$AA@ 00015674     BaseLib:LinkedList.obj
 0002:0000068c       ??_C@_0CI@BEFOLLLE@c?3?2edk2?2MdePkg?2Library?2BaseLib?2S@ 0001568c     BaseLib:String.obj
 0002:000006b4       ??_C@_0BH@MAAHKCPC@String?5?$CB?$DN?5?$CI?$CIvoid?5?$CK?$CJ?50?$CJ?$AA@ 000156b4     BaseLib:String.obj
 0002:000006cc       ??_C@_0CD@BDCLIGHD@?$CI?$CIUINTN?$CJ?5String?5?$CG?50x00000001?$CJ?5?$DN?$DN@ 000156cc     BaseLib:String.obj
 0002:000006f0       ??_C@_0DK@EOJCOAME@Length?5?$DM?5_gPcd_FixedAtBuild_PcdM@ 000156f0     BaseLib:String.obj
 0002:0000072c       ??_C@_0BL@JAAMOCAJ@StrSize?5?$CIFirstString?$CJ?5?$CB?$DN?50?$AA@ 0001572c     BaseLib:String.obj
 0002:00000748       ??_C@_0BM@DALBOILC@StrSize?5?$CISecondString?$CJ?5?$CB?$DN?50?$AA@ 00015748     BaseLib:String.obj
 0002:00000764       ??_C@_0DI@MDIKFADO@Length?5?$DM?5_gPcd_FixedAtBuild_PcdM@ 00015764     BaseLib:String.obj
 0002:0000079c       ??_C@_0CM@GBAFEFEA@c?3?2edk2?2MdePkg?2Library?2BaseLib?2S@ 0001579c     BaseLib:SafeString.obj
 0002:000007c8       ??_C@_0BO@ECNIOIHG@?$CIDestination?5?$CB?$DN?5?$CI?$CIvoid?5?$CK?$CJ?50?$CJ?$CJ?$AA@ 000157c8     BaseLib:SafeString.obj
 0002:000007e8       ??_C@_0BJ@EAEEJIP@?$CISource?5?$CB?$DN?5?$CI?$CIvoid?5?$CK?$CJ?50?$CJ?$CJ?$AA@ 000157e8     BaseLib:SafeString.obj
 0002:00000804       ??_C@_0P@PMIMLIHM@?$CIDestMax?5?$CB?$DN?50?$CJ?$AA@ 00015804     BaseLib:SafeString.obj
 0002:00000814       ??_C@_0BG@EEGIIOKH@?$CIDestMax?5?$DO?5SourceLen?$CJ?$AA@ 00015814     BaseLib:SafeString.obj
 0002:0000082c       ??_C@_0P@BHOOOJPD@?$CICopyLen?5?$CB?$DN?50?$CJ?$AA@ 0001582c     BaseLib:SafeString.obj
 0002:0000083c       ??_C@_0BG@BPGICNPK@?$CICopyLen?5?$DO?5SourceLen?$CJ?$AA@ 0001583c     BaseLib:SafeString.obj
 0002:00000854       ??_C@_0DO@LJFOOPII@?$CIDestMax?5?$DM?$DN?5?$CI_gPcd_FixedAtBuild_@ 00015854     BaseLib:SafeString.obj
 0002:00000898       ??_C@_0FL@CDANCHFO@InternalSafeStringNoAsciiStrOver@ 00015898     BaseLib:SafeString.obj
 0002:000008f4       ??_C@_0BH@LKMBFCBF@Format?5?$CB?$DN?5?$CI?$CIvoid?5?$CK?$CJ?50?$CJ?$AA@ 000158f4     PeiDxeDebugLibReportStatusCode:DebugLib.obj
 0002:00000910       ??_C@_0EH@EMGPELNE@c?3?2edk2?2MdeModulePkg?2Library?2Pei@ 00015910     PeiDxeDebugLibReportStatusCode:DebugLib.obj
 0002:00000958       ??_C@_0CI@HIINONDG@?$CICHAR8?5?$CK?$CJBaseListMarker?5?$DM?$DN?5Forma@ 00015958     PeiDxeDebugLibReportStatusCode:DebugLib.obj
 0002:00000980       ??_C@_01OHGJGJJP@?$FL?$AA@ 00015980     PeiDxeDebugLibReportStatusCode:DebugLib.obj
 0002:00000984       ??_C@_02PBFOLPKM@?$FN?5?$AA@ 00015984     PeiDxeDebugLibReportStatusCode:DebugLib.obj
 0002:00000988       ??_C@_0DI@PHOMHDKH@?$CILength?5?9?51?$CJ?5?$DM?$DN?5?$CI0xFFFFFFFF?5?9?5?$CIU@ 00015988     BaseMemoryLibOptDxe:CopyMemWrapper.obj
 0002:000009c0       ??_C@_0DM@DBGKHDAI@c?3?2edk2?2MdePkg?2Library?2BaseMemor@ 000159c0     BaseMemoryLibOptDxe:CopyMemWrapper.obj
 0002:000009fc       ??_C@_0DD@DCDOHCDJ@?$CILength?5?9?51?$CJ?5?$DM?$DN?5?$CI0xFFFFFFFF?5?9?5?$CIU@ 000159fc     BaseMemoryLibOptDxe:CopyMemWrapper.obj
 0002:00000a30       ??_C@_0DC@LJGHDAJN@?$CI?$CIUINTN?$CJBuffer?5?$CG?5?$CIsizeof?5?$CIGuid?9?$DO@ 00015a30     BaseMemoryLibOptDxe:MemLibGuid.obj
 0002:00000a64       ??_C@_0DI@CJONNEMD@c?3?2edk2?2MdePkg?2Library?2BaseMemor@ 00015a64     BaseMemoryLibOptDxe:MemLibGuid.obj
 0002:00000a9c       ??_C@_0CL@OBMFBPED@Length?5?$DM?$DN?5?$CI0xFFFFFFFF?5?9?5?$CIUINTN?$CJB@ 00015a9c     BaseMemoryLibOptDxe:MemLibGuid.obj
 0002:00000ac8       ??_C@_0CI@FMMOALAD@?$CILength?5?$CG?5?$CIsizeof?5?$CI?$CKGuidPtr?$CJ?5?9?51@ 00015ac8     BaseMemoryLibOptDxe:MemLibGuid.obj
 0002:00000af0       ??_C@_0DM@IFMIBCMP@c?3?2edk2?2MdePkg?2Library?2BaseMemor@ 00015af0     BaseMemoryLibOptDxe:ZeroMemWrapper.obj
 0002:00000b30       ??_C@_0EF@NBCCMJKB@c?3?2edk2?2MdePkg?2Library?2UefiMemor@ 00015b30     UefiMemoryAllocationLib:MemoryAllocationLib.obj
 0002:00000b78       ??_C@_0DE@FCAJAHCJ@AllocationSize?5?$DM?$DN?5?$CI0xFFFFFFFF?5?9?5@ 00015b78     UefiMemoryAllocationLib:MemoryAllocationLib.obj
 0002:00000bac       ??_C@_0BN@COECPDCC@gImageHandle?5?$CB?$DN?5?$CI?$CIvoid?5?$CK?$CJ?50?$CJ?$AA@ 00015bac     UefiBootServicesTableLib:UefiBootServicesTableLib.obj
 0002:00000bd0       ??_C@_0EL@ODFJBOBF@c?3?2edk2?2MdePkg?2Library?2UefiBootS@ 00015bd0     UefiBootServicesTableLib:UefiBootServicesTableLib.obj
 0002:00000c1c       ??_C@_0BE@DGNHAHIL@gST?5?$CB?$DN?5?$CI?$CIvoid?5?$CK?$CJ?50?$CJ?$AA@ 00015c1c     UefiBootServicesTableLib:UefiBootServicesTableLib.obj
 0002:00000c30       ??_C@_0BE@BDFJLGLN@gBS?5?$CB?$DN?5?$CI?$CIvoid?5?$CK?$CJ?50?$CJ?$AA@ 00015c30     UefiBootServicesTableLib:UefiBootServicesTableLib.obj
 0002:00000c48       ??_C@_0EP@BCAOHHL@c?3?2edk2?2MdePkg?2Library?2UefiDevic@ 00015c48     UefiDevicePathLibDevicePathProtocol:UefiDevicePathLib.obj
 0002:00000c98       ??_C@_0DC@CNNBPJA@mDevicePathLibDevicePathUtilitie@ 00015c98     UefiDevicePathLibDevicePathProtocol:UefiDevicePathLib.obj
 0002:00000ccc       ??_C@_0BF@MBJFHGBE@Size?5?$CB?$DN?5?$CI?$CIvoid?5?$CK?$CJ?50?$CJ?$AA@ 00015ccc     UefiDevicePathLibDevicePathProtocol:UefiDevicePathLib.obj
 0002:00000ce4       ??_C@_0BE@OBDFIHND@gRT?5?$CB?$DN?5?$CI?$CIvoid?5?$CK?$CJ?50?$CJ?$AA@ 00015ce4     UefiRuntimeServicesTableLib:UefiRuntimeServicesTableLib.obj
 0002:00000cf8       ??_C@_0FB@NIMBGODD@c?3?2edk2?2MdePkg?2Library?2UefiRunti@ 00015cf8     UefiRuntimeServicesTableLib:UefiRuntimeServicesTableLib.obj
 0002:00000d4c       ??_C@_0CJ@PFEGNAHL@c?3?2edk2?2MdePkg?2Library?2UefiLib?2U@ 00015d4c     UefiLib:UefiLib.obj
 0002:00000d78       ??_C@_0BP@DEIEJICI@NotifyFunction?5?$CB?$DN?5?$CI?$CIvoid?5?$CK?$CJ?50?$CJ?$AA@ 00015d78     UefiLib:UefiLib.obj
 0002:00000d98       ??_C@_0BN@OMCJCPAI@Registration?5?$CB?$DN?5?$CI?$CIvoid?5?$CK?$CJ?50?$CJ?$AA@ 00015d98     UefiLib:UefiLib.obj
 0002:00000db8       ??_C@_0BO@IJOPPPFL@Lock?9?$DOLock?5?$DN?$DN?5EfiLockReleased?$AA@ 00015db8     UefiLib:UefiLib.obj
 0002:00000dd8       ??_C@_0BO@FHNOFLFJ@Lock?9?$DOLock?5?$DN?$DN?5EfiLockAcquired?$AA@ 00015dd8     UefiLib:UefiLib.obj
 0002:00000df8       ??_C@_0CK@GGFNJPAK@c?3?2edk2?2MdePkg?2Library?2DxeHobLib@ 00015df8     DxeHobLib:HobLib.obj
 0002:00000e24       ??_C@_0BJ@OBFMLLDO@mHobList?5?$CB?$DN?5?$CI?$CIvoid?5?$CK?$CJ?50?$CJ?$AA@ 00015e24     DxeHobLib:HobLib.obj
 0002:00000e40       ??_C@_0BJ@NOLLDKJB@HobStart?5?$CB?$DN?5?$CI?$CIvoid?5?$CK?$CJ?50?$CJ?$AA@ 00015e40     DxeHobLib:HobLib.obj
 0002:00000e5c       ??_C@_1BC@DPOIABCP@?$AAE?$AAF?$AAI?$AAD?$AAe?$AAb?$AAu?$AAg?$AA?$AA@ 00015e5c     DxeDebugPrintErrorLevelLib:DxeDebugPrintErrorLevelLib.obj
 0002:00000e70       ??_C@_0BM@PHFBGKMM@ImageHandle?5?$CB?$DN?5?$CI?$CIvoid?5?$CK?$CJ?50?$CJ?$AA@ 00015e70     DxeServicesLib:DxeServicesLib.obj
 0002:00000e8c       ??_C@_0DH@BKBAPBAL@c?3?2edk2?2MdePkg?2Library?2DxeServic@ 00015e8c     DxeServicesLib:DxeServicesLib.obj
 0002:00000ec8       ??_C@_0EK@NEAGPEKB@c?3?2edk2?2MdeModulePkg?2Library?2Dxe@ 00015ec8     DxeReportStatusCodeLib:ReportStatusCodeLib.obj
 0002:00000f14       ??_C@_0DN@HHIHPHHB@?$CB?$CI?$CIExtendedData?5?$DN?$DN?5?$CI?$CIvoid?5?$CK?$CJ?50?$CJ?$CJ@ 00015f14     DxeReportStatusCodeLib:ReportStatusCodeLib.obj
 0002:00000f54       ??_C@_0DN@BBBIFINB@?$CB?$CI?$CIExtendedData?5?$CB?$DN?5?$CI?$CIvoid?5?$CK?$CJ?50?$CJ?$CJ@ 00015f54     DxeReportStatusCodeLib:ReportStatusCodeLib.obj
 0002:00000f94       ??_C@_0DI@MIEIGAOH@Status?5code?5extended?5data?5is?5too@ 00015f94     DxeReportStatusCodeLib:ReportStatusCodeLib.obj
 0003:00000000       _gEfiLoadedImageProtocolGuid 00017000     PcdDxe:AutoGen.obj
 0003:00000010       _gPcdDataBaseHobGuid       00017010     PcdDxe:AutoGen.obj
 0003:00000020       _gEfiDebugMaskProtocolGuid 00017020     PcdDxe:AutoGen.obj
 0003:00000030       _gEfiGetPcdInfoProtocolGuid 00017030     PcdDxe:AutoGen.obj
 0003:00000040       _gEfiHobListGuid           00017040     PcdDxe:AutoGen.obj
 0003:00000050       _gPcdDataBaseSignatureGuid 00017050     PcdDxe:AutoGen.obj
 0003:00000060       _gEfiDevicePathUtilitiesProtocolGuid 00017060     PcdDxe:AutoGen.obj
 0003:00000070       _gEfiPcdProtocolGuid       00017070     PcdDxe:AutoGen.obj
 0003:00000080       _gEfiFirmwareVolume2ProtocolGuid 00017080     PcdDxe:AutoGen.obj
 0003:00000090       _gEdkiiVariableLockProtocolGuid 00017090     PcdDxe:AutoGen.obj
 0003:000000a0       _gEfiGenericVariableGuid   000170a0     PcdDxe:AutoGen.obj
 0003:000000b0       _gEfiCallerIdGuid          000170b0     PcdDxe:AutoGen.obj
 0003:000000c0       _gEfiStatusCodeDataTypeDebugGuid 000170c0     PcdDxe:AutoGen.obj
 0003:000000d0       _gGetPcdInfoProtocolGuid   000170d0     PcdDxe:AutoGen.obj
 0003:000000e0       _gEfiStatusCodeSpecificDataGuid 000170e0     PcdDxe:AutoGen.obj
 0003:000000f0       _gEfiStatusCodeRuntimeProtocolGuid 000170f0     PcdDxe:AutoGen.obj
 0003:00000100       _gPcdProtocolGuid          00017100     PcdDxe:AutoGen.obj
 0003:00000110       _mEfiGetPcdInfoInstance    00017110     PcdDxe:Pcd.obj
 0003:00000118       _mEfiPcdInstance           00017118     PcdDxe:Pcd.obj
 0003:00000160       _mGetPcdInfoInstance       00017160     PcdDxe:Pcd.obj
 0003:00000170       _mPcdInstance              00017170     PcdDxe:Pcd.obj
 0003:000001ec       _mPcdDatabaseLock          000171ec     PcdDxe:Pcd.obj
 0003:000001f8       _mDebugMaskProtocol        000171f8     DxeDebugPrintErrorLevelLib:DxeDebugPrintErrorLevelLib.obj
 0003:00000208       _mPcdHandle                00017208     PcdDxe:Pcd.obj
 0003:0000020c       _gST                       0001720c     UefiBootServicesTableLib:UefiBootServicesTableLib.obj
 0003:00000210       _gBS                       00017210     UefiBootServicesTableLib:UefiBootServicesTableLib.obj
 0003:00000214       _gImageHandle              00017214     UefiBootServicesTableLib:UefiBootServicesTableLib.obj
 0003:00000218       _mDevicePathLibDevicePathUtilities 00017218     UefiDevicePathLibDevicePathProtocol:UefiDevicePathLib.obj
 0003:0000021c       _gRT                       0001721c     UefiRuntimeServicesTableLib:UefiRuntimeServicesTableLib.obj
 0003:00000220       _mHobList                  00017220     DxeHobLib:HobLib.obj
 0003:00000224       _mDebugPrintErrorLevel     00017224     DxeDebugPrintErrorLevelLib:DxeDebugPrintErrorLevelLib.obj
 0003:00000228       _mGlobalErrorLevelInitialized 00017228     DxeDebugPrintErrorLevelLib:DxeDebugPrintErrorLevelLib.obj
 0003:0000022c       _mSystemTable              0001722c     DxeDebugPrintErrorLevelLib:DxeDebugPrintErrorLevelLib.obj
 0003:00000230       _mReportStatusCodeLibStatusCodeProtocol 00017230     DxeReportStatusCodeLib:ReportStatusCodeLib.obj
 0003:00000234       _mPeiDatabaseEmpty         00017234     <common>
 0003:00000238       _mDxeLocalTokenCount       00017238     <common>
 0003:0000023c       _mCallbackFnTable          0001723c     <common>
 0003:00000240       _mPeiGuidTableSize         00017240     <common>
 0003:00000244       _mDxeNexTokenCount         00017244     <common>
 0003:00000248       _mPcdTotalTokenCount       00017248     <common>
 0003:0000024c       _mDxeExMapppingTableSize   0001724c     <common>
 0003:00000250       _TmpTokenSpaceBufferCount  00017250     <common>
 0003:00000258       _mPcdDatabase              00017258     <common>
 0003:00000260       _mPeiExMapppingTableSize   00017260     <common>
 0003:00000264       _mPeiNexTokenCount         00017264     <common>
 0003:00000268       _mPeiExMapTableEmpty       00017268     <common>
 0003:0000026c       _TmpTokenSpaceBuffer       0001726c     <common>
 0003:00000270       _mDxeGuidTableSize         00017270     <common>
 0003:00000274       _mDxeExMapTableEmpty       00017274     <common>
 0003:00000278       _mPeiLocalTokenCount       00017278     <common>

 entry point at        0001:000000ff

 Static symbols

 0001:0000001a       _InternalMemCopyMem.0      0001101a     BaseMemoryLibOptDxe:CopyMem.obj
 0001:0000002c       _InternalMemCopyMem.1      0001102c     BaseMemoryLibOptDxe:CopyMem.obj
 0001:0000003e       _InternalMemCopyMem.2      0001103e     BaseMemoryLibOptDxe:CopyMem.obj
 0001:0000005b       @CopyBackward              0001105b     BaseMemoryLibOptDxe:CopyMem.obj
 0001:00000062       @CopyBytes                 00011062     BaseMemoryLibOptDxe:CopyMem.obj
 0001:000000f1       _InternalMemSetMem64.0     000110f1     BaseMemoryLibOptDxe:SetMem64.obj
 0004:00000000       .edata                     00018000     PcdDxe.exp
 0004:00000028       rgpv                       00018028     PcdDxe.exp
 0004:0000002c       rgszName                   0001802c     PcdDxe.exp
 0004:00000030       rgwOrd                     00018030     PcdDxe.exp
 0004:00000032       szName                     00018032     PcdDxe.exp
 0004:0000003d       $N00001                    0001803d     PcdDxe.exp
