 Shell

 Timestamp is 5a2f2e9b (Tue Dec 12 08:19:23 2017)

 Preferred load address is 00010000

 Start         Length     Name                   Class
 0001:00000000 000001d9H .text                   CODE
 0001:000001d9 0004d71fH .text$mn                CODE
 0002:00000000 00017760H .rdata                  DATA
 0002:00017760 0000008cH .rdata$debug            DATA
 0003:00000000 0005f38cH .data                   DATA
 0003:0005f3a0 00002a94H .bss                    DATA
 0004:00000000 0000004dH .edata                  DATA

  Address         Publics by Value              Rva+Base       Lib:Object

 0000:00000000       ___guard_fids_table        00000000     <absolute>
 0000:00000000       ___guard_flags             00000000     <absolute>
 0000:00000000       ___guard_fids_count        00000000     <absolute>
 0001:00000000       _InternalMemCopyMem        00011000     BaseMemoryLibOptDxe:CopyMem.obj
 0001:00000070       _InternalMemScanMem16      00011070     BaseMemoryLibOptDxe:ScanMem16.obj
 0001:00000090       _InternalMemSetMem16       00011090     BaseMemoryLibOptDxe:SetMem16.obj
 0001:000000b0       _InternalMemZeroMem        000110b0     BaseMemoryLibOptDxe:ZeroMem.obj
 0001:000000d0       _InternalMemSetMem         000110d0     BaseMemoryLibOptDxe:SetMem.obj
 0001:00000100       _InternalMemSetMem32       00011100     BaseMemoryLibOptDxe:SetMem32.obj
 0001:00000120       _InternalMemSetMem64       00011120     BaseMemoryLibOptDxe:SetMem64.obj
 0001:00000140       _InternalMemCompareMem     00011140     BaseMemoryLibOptDxe:CompareMem.obj
 0001:00000160       _InternalMathDivRemU64x64  00011160     BaseLib:DivU64x64Remainder.obj
 0001:000001d9       __ModuleEntryPoint         000111d9 f   UefiApplicationEntryPoint:ApplicationEntryPoint.obj
 0001:000001ff       _ProcessLibraryConstructorList 000111ff f   Shell:AutoGen.obj
 0001:00000609       _ProcessLibraryDestructorList 00011609 f   Shell:AutoGen.obj
 0001:00000792       _TrimSpaces                00011792 f   Shell:Shell.obj
 0001:00000839       _FindNextInstance          00011839 f   Shell:Shell.obj
 0001:00000873       _IsValidEnvironmentVariableName 00011873 f   Shell:Shell.obj
 0001:00000919       _ContainsSplit             00011919 f   Shell:Shell.obj
 0001:000009ba       _InternalEfiShellStartCtrlSMonitor 000119ba f   Shell:Shell.obj
 0001:00000aa3       _UefiMain                  00011aa3 f   Shell:Shell.obj
 0001:00001203       _SetBuiltInAlias           00012203 f   Shell:Shell.obj
 0001:0000126c       _IsScriptOnlyCommand       0001226c f   Shell:Shell.obj
 0001:0000131a       _GetDevicePathsForImageAndFile 0001231a f   Shell:Shell.obj
 0001:00001415       _ProcessCommandLine        00012415 f   Shell:Shell.obj
 0001:0000180c       _LocateStartupScript       0001280c f   Shell:Shell.obj
 0001:000018b7       _DoStartupScript           000128b7 f   Shell:Shell.obj
 0001:00001aa2       _DoShellPrompt             00012aa2 f   Shell:Shell.obj
 0001:00001bc7       _AddBufferToFreeList       00012bc7 f   Shell:Shell.obj
 0001:00001bf1       _RestoreBufferList         00012bf1 f   Shell:Shell.obj
 0001:00001c12       _AddLineToCommandHistory   00012c12 f   Shell:Shell.obj
 0001:00001cbb       _StripUnreplacedEnvironmentVariables 00012cbb f   Shell:Shell.obj
 0001:00001d6e       _ShellConvertVariables     00012d6e f   Shell:Shell.obj
 0001:00002087       _RunSplitCommand           00013087 f   Shell:Shell.obj
 0001:000022fc       _ShellSubstituteAliases    000132fc f   Shell:Shell.obj
 0001:00002454       _GetOperationType          00013454 f   Shell:Shell.obj
 0001:00002501       _IsValidSplit              00013501 f   Shell:Shell.obj
 0001:000025f5       _VerifySplit               000135f5 f   Shell:Shell.obj
 0001:0000263d       _ProcessNewSplitCommandLine 0001363d f   Shell:Shell.obj
 0001:0000269d       _ChangeMappedDrive         0001369d f   Shell:Shell.obj
 0001:00002704       _DoHelpUpdate              00013704 f   Shell:Shell.obj
 0001:00002811       _SetLastError              00013811 f   Shell:Shell.obj
 0001:00002850       _ProcessCommandLineToFinal 00013850 f   Shell:Shell.obj
 0001:000028bb       _RunInternalCommand        000138bb f   Shell:Shell.obj
 0001:000029ed       _RunCommandOrFile          000139ed f   Shell:Shell.obj
 0001:00002b38       _SetupAndRunCommandOrFile  00013b38 f   Shell:Shell.obj
 0001:00002bf2       _RunShellCommand           00013bf2 f   Shell:Shell.obj
 0001:00002de5       _RunScriptFileHandle       00013de5 f   Shell:Shell.obj
 0001:000036c9       _RunScriptFile             000146c9 f   Shell:Shell.obj
 0001:00003749       _FindFirstCharacter        00014749 f   Shell:Shell.obj
 0001:000037bd       _FindEndOfParameter        000147bd f   Shell:ShellParametersProtocol.obj
 0001:000037fc       _GetNextParameter          000147fc f   Shell:ShellParametersProtocol.obj
 0001:00003916       _ParseCommandLineToArgs    00014916 f   Shell:ShellParametersProtocol.obj
 0001:00003ae0       _CreatePopulateInstallShellParametersProtocol 00014ae0 f   Shell:ShellParametersProtocol.obj
 0001:00003d48       _CleanUpShellParametersProtocol 00014d48 f   Shell:ShellParametersProtocol.obj
 0001:00003dbe       _IsUnicodeFile             00014dbe f   Shell:ShellParametersProtocol.obj
 0001:00003e59       _StripQuotes               00014e59 f   Shell:ShellParametersProtocol.obj
 0001:00003e99       _CalculateEfiHdrCrc        00014e99 f   Shell:ShellParametersProtocol.obj
 0001:00003ecd       _FixFileName               00014ecd f   Shell:ShellParametersProtocol.obj
 0001:00003f1a       _FixVarName                00014f1a f   Shell:ShellParametersProtocol.obj
 0001:00003f43       _WriteFileTag              00014f43 f   Shell:ShellParametersProtocol.obj
 0001:00003f93       _UpdateStdInStdOutStdErr   00014f93 f   Shell:ShellParametersProtocol.obj
 0001:00004ee7       _RestoreStdInStdOutStdErr  00015ee7 f   Shell:ShellParametersProtocol.obj
 0001:00005012       _UpdateArgcArgv            00016012 f   Shell:ShellParametersProtocol.obj
 0001:00005064       _RestoreArgcArgv           00016064 f   Shell:ShellParametersProtocol.obj
 0001:000050ee       _EfiShellClose             000160ee f   Shell:ShellProtocol.obj
 0001:000050fc       _EfiShellSetMap            000160fc f   Shell:ShellProtocol.obj
 0001:0000523c       _EfiShellGetDevicePathFromMap 0001623c f   Shell:ShellProtocol.obj
 0001:000052a3       _EfiShellGetMapFromDevicePath 000162a3 f   Shell:ShellProtocol.obj
 0001:000053ae       _EfiShellGetFilePathFromDevicePath 000163ae f   Shell:ShellProtocol.obj
 0001:000055b1       _EfiShellGetDevicePathFromFilePath 000165b1 f   Shell:ShellProtocol.obj
 0001:00005744       _EfiShellGetDeviceName     00016744 f   Shell:ShellProtocol.obj
 0001:00005a39       _EfiShellOpenRootByHandle  00016a39 f   Shell:ShellProtocol.obj
 0001:00005acc       _EfiShellOpenRoot          00016acc f   Shell:ShellProtocol.obj
 0001:00005b12       _EfiShellBatchIsActive     00016b12 f   Shell:ShellProtocol.obj
 0001:00005b1d       _InternalOpenFileDevicePath 00016b1d f   Shell:ShellProtocol.obj
 0001:00005cf9       _EfiShellCreateFile        00016cf9 f   Shell:ShellProtocol.obj
 0001:00005d84       _EfiShellRegisterGuidName  00016d84 f   Shell:ShellProtocol.obj
 0001:00005dd8       _EfiShellOpenFileByName    00016dd8 f   Shell:ShellProtocol.obj
 0001:00005f3f       _EfiShellDeleteFileByName  00016f3f f   Shell:ShellProtocol.obj
 0001:00005f7d       _EfiShellDisablePageBreak  00016f7d f   Shell:ShellProtocol.obj
 0001:00005f85       _EfiShellEnablePageBreak   00016f85 f   Shell:ShellProtocol.obj
 0001:00005f8d       _InternalShellExecuteDevicePath 00016f8d f   Shell:ShellProtocol.obj
 0001:000062da       _InternalShellExecute      000172da f   Shell:ShellProtocol.obj
 0001:0000642a       _EfiShellExecute           0001742a f   Shell:ShellProtocol.obj
 0001:000064fc       _InternalFreeShellFileInfoNode 000174fc f   Shell:ShellProtocol.obj
 0001:0000653d       _EfiShellFreeFileList      0001753d f   Shell:ShellProtocol.obj
 0001:00006585       _EfiShellRemoveDupInFileList 00017585 f   Shell:ShellProtocol.obj
 0001:00006627       _InternalDuplicateShellFileInfo 00017627 f   Shell:ShellProtocol.obj
 0001:000066e5       _CreateAndPopulateShellFileInfo 000176e5 f   Shell:ShellProtocol.obj
 0001:00006817       _EfiShellFindFilesInDir    00017817 f   Shell:ShellProtocol.obj
 0001:00006997       _EfiShellGetGuidFromName   00017997 f   Shell:ShellProtocol.obj
 0001:000069d4       _EfiShellGetGuidName       000179d4 f   Shell:ShellProtocol.obj
 0001:00006a1f       _ShellSearchHandle         00017a1f f   Shell:ShellProtocol.obj
 0001:00006d24       _EfiShellFindFiles         00017d24 f   Shell:ShellProtocol.obj
 0001:00006e5f       _EfiShellOpenFileList      00017e5f f   Shell:ShellProtocol.obj
 0001:00006fc5       _EfiShellGetEnvEx          00017fc5 f   Shell:ShellProtocol.obj
 0001:0000717d       _EfiShellGetEnv            0001817d f   Shell:ShellProtocol.obj
 0001:0000718b       _InternalEfiShellSetEnv    0001818b f   Shell:ShellProtocol.obj
 0001:00007245       _EfiShellSetEnv            00018245 f   Shell:ShellProtocol.obj
 0001:0000731c       _EfiShellGetCurDir         0001831c f   Shell:ShellProtocol.obj
 0001:00007392       _EfiShellSetCurDir         00018392 f   Shell:ShellProtocol.obj
 0001:000076aa       _EfiShellGetHelpText       000186aa f   Shell:ShellProtocol.obj
 0001:000077db       _EfiShellGetPageBreak      000187db f   Shell:ShellProtocol.obj
 0001:000077e1       _EfiShellIsRootShell       000187e1 f   Shell:ShellProtocol.obj
 0001:000077e7       _InternalEfiShellGetListAlias 000187e7 f   Shell:ShellProtocol.obj
 0001:00007926       _ToLower                   00018926 f   Shell:ShellProtocol.obj
 0001:00007954       _EfiShellGetAlias          00018954 f   Shell:ShellProtocol.obj
 0001:00007a45       _InternalSetAlias          00018a45 f   Shell:ShellProtocol.obj
 0001:00007af2       _EfiShellSetAlias          00018af2 f   Shell:ShellProtocol.obj
 0001:00007b5d       _CreatePopulateInstallShellProtocol 00018b5d f   Shell:ShellProtocol.obj
 0001:00007d29       _CleanUpShellProtocol      00018d29 f   Shell:ShellProtocol.obj
 0001:00007d96       _CleanUpShellEnvironment   00018d96 f   Shell:ShellProtocol.obj
 0001:00007e55       _NotificationFunction      00018e55 f   Shell:ShellProtocol.obj
 0001:00007eb6       _InernalEfiShellStartMonitor 00018eb6 f   Shell:ShellProtocol.obj
 0001:00007fb6       _ConsoleLoggerInstall      00018fb6 f   Shell:ConsoleLogger.obj
 0001:00008157       _ConsoleLoggerUninstall    00019157 f   Shell:ConsoleLogger.obj
 0001:000081f8       _ConsoleLoggerDisplayHistory 000191f8 f   Shell:ConsoleLogger.obj
 0001:00008261       _UpdateDisplayFromHistory  00019261 f   Shell:ConsoleLogger.obj
 0001:00008449       _ConsoleLoggerReset        00019449 f   Shell:ConsoleLogger.obj
 0001:000084a1       _AppendStringToHistory     000194a1 f   Shell:ConsoleLogger.obj
 0001:000086d3       _ConsoleLoggerOutputStringSplit 000196d3 f   Shell:ConsoleLogger.obj
 0001:000086f5       _ConsoleLoggerDoPageBreak  000196f5 f   Shell:ConsoleLogger.obj
 0001:000087cf       _ConsoleLoggerPrintWithPageBreak 000197cf f   Shell:ConsoleLogger.obj
 0001:000088f2       _ConsoleLoggerOutputString 000198f2 f   Shell:ConsoleLogger.obj
 0001:00008a41       _ConsoleLoggerTestString   00019a41 f   Shell:ConsoleLogger.obj
 0001:00008a78       _ConsoleLoggerQueryMode    00019a78 f   Shell:ConsoleLogger.obj
 0001:00008ab8       _ConsoleLoggerSetMode      00019ab8 f   Shell:ConsoleLogger.obj
 0001:00008b1b       _ConsoleLoggerSetAttribute 00019b1b f   Shell:ConsoleLogger.obj
 0001:00008b5c       _ConsoleLoggerClearScreen  00019b5c f   Shell:ConsoleLogger.obj
 0001:00008c0a       _ConsoleLoggerSetCursorPosition 00019c0a f   Shell:ConsoleLogger.obj
 0001:00008c6a       _ConsoleLoggerEnableCursor 00019c6a f   Shell:ConsoleLogger.obj
 0001:00008cab       _ConsoleLoggerResetBuffers 00019cab f   Shell:ConsoleLogger.obj
 0001:00008d60       _ConInWaitForKey           00019d60 f   Shell:ConsoleWrappers.obj
 0001:00008d6e       _FileInterfaceNopGeneric   00019d6e f   Shell:FileHandleWrappers.obj
 0001:00008d6e       _FileBasedSimpleTextOutSetCursorPosition 00019d6e f   Shell:ConsoleWrappers.obj
 0001:00008d6e       _FileBasedSimpleTextOutTestString 00019d6e f   Shell:ConsoleWrappers.obj
 0001:00008d6e       _FileBasedSimpleTextOutEnableCursor 00019d6e f   Shell:ConsoleWrappers.obj
 0001:00008d6e       _FileBasedSimpleTextOutClearScreen 00019d6e f   Shell:ConsoleWrappers.obj
 0001:00008d6e       _FileBasedSimpleTextOutReset 00019d6e f   Shell:ConsoleWrappers.obj
 0001:00008d6e       _FileBasedSimpleTextInReset 00019d6e f   Shell:ConsoleWrappers.obj
 0001:00008d6e       _FileBasedSimpleTextOutSetAttribute 00019d6e f   Shell:ConsoleWrappers.obj
 0001:00008d6e       _FileInterfaceNulWrite     00019d6e f   Shell:FileHandleWrappers.obj
 0001:00008d6e       _DevPathSerialDefault      00019d6e f   UefiShellCommandLib:ConsistMapping.obj
 0001:00008d71       _FileBasedSimpleTextInReadKeyStroke 00019d71 f   Shell:ConsoleWrappers.obj
 0001:00008def       _CreateSimpleTextInOnFile  00019def f   Shell:ConsoleWrappers.obj
 0001:00008ea9       _CloseSimpleTextInOnFile   00019ea9 f   Shell:ConsoleWrappers.obj
 0001:00008ef1       _FileBasedSimpleTextOutQueryMode 00019ef1 f   Shell:ConsoleWrappers.obj
 0001:00008f0c       _FileInterfaceNopGetPosition 00019f0c f   Shell:FileHandleWrappers.obj
 0001:00008f0c       _FileInterfaceStdInWrite   00019f0c f   Shell:FileHandleWrappers.obj
 0001:00008f0c       _FileInterfaceStdOutRead   00019f0c f   Shell:FileHandleWrappers.obj
 0001:00008f0c       _FileInterfaceNopSetInfo   00019f0c f   Shell:FileHandleWrappers.obj
 0001:00008f0c       _FileInterfaceNopGetInfo   00019f0c f   Shell:FileHandleWrappers.obj
 0001:00008f0c       _FileInterfaceStdErrRead   00019f0c f   Shell:FileHandleWrappers.obj
 0001:00008f0c       _FileBasedSimpleTextOutSetMode 00019f0c f   Shell:ConsoleWrappers.obj
 0001:00008f0c       _FileInterfaceNopSetPosition 00019f0c f   Shell:FileHandleWrappers.obj
 0001:00008f12       _FileBasedSimpleTextOutOutputString 00019f12 f   Shell:ConsoleWrappers.obj
 0001:00008f40       _CreateSimpleTextOutOnFile 00019f40 f   Shell:ConsoleWrappers.obj
 0001:00009047       _CloseSimpleTextOutOnFile  0001a047 f   Shell:ConsoleWrappers.obj
 0001:00009082       _IsVolatileEnv             0001a082 f   Shell:ShellEnvVar.obj
 0001:00009132       _FreeEnvironmentVariableList 0001a132 f   Shell:ShellEnvVar.obj
 0001:000091a5       _GetEnvironmentVariableList 0001a1a5 f   Shell:ShellEnvVar.obj
 0001:000093c1       _SetEnvironmentVariableList 0001a3c1 f   Shell:ShellEnvVar.obj
 0001:00009512       _SetEnvironmentVariables   0001a512 f   Shell:ShellEnvVar.obj
 0001:0000968f       _ShellFindEnvVarInList     0001a68f f   Shell:ShellEnvVar.obj
 0001:0000972a       _ShellAddEnvVarToList      0001a72a f   Shell:ShellEnvVar.obj
 0001:00009813       _ShellRemvoeEnvVarFromList 0001a813 f   Shell:ShellEnvVar.obj
 0001:00009896       _FileInterfaceOpenNotFound 0001a896 f   Shell:FileHandleWrappers.obj
 0001:0000989c       _FileInterfaceStdOutWrite  0001a89c f   Shell:FileHandleWrappers.obj
 0001:000098d6       _FileInterfaceStdErrWrite  0001a8d6 f   Shell:FileHandleWrappers.obj
 0001:000098e9       _FileInterfaceNulRead      0001a8e9 f   Shell:FileHandleWrappers.obj
 0001:000098f3       _CreateTabCompletionList   0001a8f3 f   Shell:FileHandleWrappers.obj
 0001:00009b39       _FileInterfaceStdInRead    0001ab39 f   Shell:FileHandleWrappers.obj
 0001:0000a306       _FileInterfaceEnvClose     0001b306 f   Shell:FileHandleWrappers.obj
 0001:0000a41e       _FileInterfaceEnvDelete    0001b41e f   Shell:FileHandleWrappers.obj
 0001:0000a447       _FileInterfaceEnvRead      0001b447 f   Shell:FileHandleWrappers.obj
 0001:0000a46a       _FileInterfaceEnvVolWrite  0001b46a f   Shell:FileHandleWrappers.obj
 0001:0000a56b       _FileInterfaceEnvNonVolWrite 0001b56b f   Shell:FileHandleWrappers.obj
 0001:0000a66c       _CreateFileInterfaceEnv    0001b66c f   Shell:FileHandleWrappers.obj
 0001:0000a717       _PrintCommandHistory       0001b717 f   Shell:FileHandleWrappers.obj
 0001:0000a7c6       _FileInterfaceMemSetPosition 0001b7c6 f   Shell:FileHandleWrappers.obj
 0001:0000a7ed       _FileInterfaceMemGetPosition 0001b7ed f   Shell:FileHandleWrappers.obj
 0001:0000a803       _FileInterfaceMemWrite     0001b803 f   Shell:FileHandleWrappers.obj
 0001:0000a921       _FileInterfaceMemRead      0001b921 f   Shell:FileHandleWrappers.obj
 0001:0000a957       _FileInterfaceMemClose     0001b957 f   Shell:FileHandleWrappers.obj
 0001:0000a979       _CreateFileInterfaceMem    0001b979 f   Shell:FileHandleWrappers.obj
 0001:0000aa73       _FileInterfaceFileSetPosition 0001ba73 f   Shell:FileHandleWrappers.obj
 0001:0000aa8a       _FileInterfaceFileGetPosition 0001ba8a f   Shell:FileHandleWrappers.obj
 0001:0000aa9c       _FileInterfaceFileGetInfo  0001ba9c f   Shell:FileHandleWrappers.obj
 0001:0000aab7       _FileInterfaceFileSetInfo  0001bab7 f   Shell:FileHandleWrappers.obj
 0001:0000aad2       _FileInterfaceFileFlush    0001bad2 f   Shell:FileHandleWrappers.obj
 0001:0000aadf       _FileInterfaceFileRead     0001badf f   Shell:FileHandleWrappers.obj
 0001:0000ab9b       _FileInterfaceFileOpen     0001bb9b f   Shell:FileHandleWrappers.obj
 0001:0000abbf       _FileInterfaceFileDelete   0001bbbf f   Shell:FileHandleWrappers.obj
 0001:0000abdb       _FileInterfaceFileClose    0001bbdb f   Shell:FileHandleWrappers.obj
 0001:0000abf7       _FileInterfaceFileWrite    0001bbf7 f   Shell:FileHandleWrappers.obj
 0001:0000ac5d       _CreateFileInterfaceFile   0001bc5d f   Shell:FileHandleWrappers.obj
 0001:0000accf       _GetExecuatableFileName    0001bccf f   Shell:ShellManParser.obj
 0001:0000ae38       _GetManFileName            0001be38 f   Shell:ShellManParser.obj
 0001:0000aec5       _SearchPathForFile         0001bec5 f   Shell:ShellManParser.obj
 0001:0000af15       _ManBufferFindSections     0001bf15 f   Shell:ShellManParser.obj
 0001:0000b179       _ManFileFindSections       0001c179 f   Shell:ShellManParser.obj
 0001:0000b32c       _ManBufferFindTitleSection 0001c32c f   Shell:ShellManParser.obj
 0001:0000b48f       _IsTitleHeader             0001c48f f   Shell:ShellManParser.obj
 0001:0000b5c2       _ManFileFindTitleSection   0001c5c2 f   Shell:ShellManParser.obj
 0001:0000b6ba       _ProcessManFile            0001c6ba f   Shell:ShellManParser.obj
 0001:0000ba5c       _CopyMem                   0001ca5c f   BaseMemoryLibOptDxe:CopyMemWrapper.obj
 0001:0000bac1       _SetMem16                  0001cac1 f   BaseMemoryLibOptDxe:SetMem16Wrapper.obj
 0001:0000bb48       _CopyGuid                  0001cb48 f   BaseMemoryLibOptDxe:MemLibGuid.obj
 0001:0000bb78       _CompareGuid               0001cb78 f   BaseMemoryLibOptDxe:MemLibGuid.obj
 0001:0000bbd7       _ZeroMem                   0001cbd7 f   BaseMemoryLibOptDxe:ZeroMemWrapper.obj
 0001:0000bc24       _SetMem                    0001cc24 f   BaseMemoryLibOptDxe:SetMemWrapper.obj
 0001:0000bc5c       _DebugPrint                0001cc5c f   PeiDxeDebugLibReportStatusCode:DebugLib.obj
 0001:0000bdb3       _DebugAssert               0001cdb3 f   PeiDxeDebugLibReportStatusCode:DebugLib.obj
 0001:0000beb4       _StrLen                    0001ceb4 f   BaseLib:String.obj
 0001:0000bf1c       _StrSize                   0001cf1c f   BaseLib:String.obj
 0001:0000bf2b       _StrCmp                    0001cf2b f   BaseLib:String.obj
 0001:0000bf90       _StrnCmp                   0001cf90 f   BaseLib:String.obj
 0001:0000c023       _StrStr                    0001d023 f   BaseLib:String.obj
 0001:0000c0bc       _InternalCharToUpper       0001d0bc f   BaseLib:String.obj
 0001:0000c0bc       _InternalShellCharToUpper  0001d0bc f   UefiShellLib:UefiShellLib.obj
 0001:0000c0cd       _InternalHexCharToUintn    0001d0cd f   BaseLib:String.obj
 0001:0000c0cd       _InternalShellHexCharToUintn 0001d0cd f   UefiShellLib:UefiShellLib.obj
 0001:0000c0e9       _InternalIsHexaDecimalDigitCharacter 0001d0e9 f   BaseLib:String.obj
 0001:0000c110       _StrHexToUint64            0001d110 f   BaseLib:String.obj
 0001:0000c129       _AsciiStrLen               0001d129 f   BaseLib:String.obj
 0001:0000c174       _AsciiStrnCmp              0001d174 f   BaseLib:String.obj
 0001:0000c204       _InternalSafeStringIsOverlap 0001d204 f   BaseLib:SafeString.obj
 0001:0000c22a       _InternalSafeStringNoStrOverlap 0001d22a f   BaseLib:SafeString.obj
 0001:0000c249       _StrnLenS                  0001d249 f   BaseLib:SafeString.obj
 0001:0000c293       _StrCpyS                   0001d293 f   BaseLib:SafeString.obj
 0001:0000c3b8       _StrnCpyS                  0001d3b8 f   BaseLib:SafeString.obj
 0001:0000c50a       _StrCatS                   0001d50a f   BaseLib:SafeString.obj
 0001:0000c669       _StrnCatS                  0001d669 f   BaseLib:SafeString.obj
 0001:0000c7fa       _StrDecimalToUintnS        0001d7fa f   BaseLib:SafeString.obj
 0001:0000c90c       _StrHexToUintnS            0001d90c f   BaseLib:SafeString.obj
 0001:0000ca27       _StrHexToUint64S           0001da27 f   BaseLib:SafeString.obj
 0001:0000cb99       _StrToIpv6Address          0001db99 f   BaseLib:SafeString.obj
 0001:0000cd97       _StrToIpv4Address          0001dd97 f   BaseLib:SafeString.obj
 0001:0000ce8b       _StrToGuid                 0001de8b f   BaseLib:SafeString.obj
 0001:0000cfa9       _StrHexToBytes             0001dfa9 f   BaseLib:SafeString.obj
 0001:0000d0c8       _AsciiStrnLenS             0001e0c8 f   BaseLib:SafeString.obj
 0001:0000d0ef       _AsciiStrCpyS              0001e0ef f   BaseLib:SafeString.obj
 0001:0000d1b0       _InternalBaseLibIsListValid 0001e1b0 f   BaseLib:LinkedList.obj
 0001:0000d214       _InitializeListHead        0001e214 f   BaseLib:LinkedList.obj
 0001:0000d239       _InsertHeadList            0001e239 f   BaseLib:LinkedList.obj
 0001:0000d270       _InsertTailList            0001e270 f   BaseLib:LinkedList.obj
 0001:0000d2a8       _GetFirstNode              0001e2a8 f   BaseLib:LinkedList.obj
 0001:0000d2cd       _GetNextNode               0001e2cd f   BaseLib:LinkedList.obj
 0001:0000d2f8       _GetPreviousNode           0001e2f8 f   BaseLib:LinkedList.obj
 0001:0000d322       _IsListEmpty               0001e322 f   BaseLib:LinkedList.obj
 0001:0000d34a       _IsNull                    0001e34a f   BaseLib:LinkedList.obj
 0001:0000d378       _SwapListEntries           0001e378 f   BaseLib:LinkedList.obj
 0001:0000d3e2       _RemoveEntryList           0001e3e2 f   BaseLib:LinkedList.obj
 0001:0000d416       _PathRemoveLastItem        0001e416 f   BaseLib:FilePaths.obj
 0001:0000d469       _PathCleanUpDirectories    0001e469 f   BaseLib:FilePaths.obj
 0001:0000d574       _ReadUnaligned16           0001e574 f   BaseLib:Unaligned.obj
 0001:0000d593       _WriteUnaligned16          0001e593 f   BaseLib:Unaligned.obj
 0001:0000d5ba       _ReadUnaligned32           0001e5ba f   BaseLib:Unaligned.obj
 0001:0000d5da       _WriteUnaligned32          0001e5da f   BaseLib:Unaligned.obj
 0001:0000d600       _ReadUnaligned64           0001e600 f   BaseLib:Unaligned.obj
 0001:0000d623       _WriteUnaligned64          0001e623 f   BaseLib:Unaligned.obj
 0001:0000d64e       _SwapBytes32               0001e64e f   BaseLib:SwapBytes32.obj
 0001:0000d667       _InternalAllocatePool      0001e667 f   UefiMemoryAllocationLib:MemoryAllocationLib.obj
 0001:0000d68c       _InternalAllocateZeroPool  0001e68c f   UefiMemoryAllocationLib:MemoryAllocationLib.obj
 0001:0000d6a4       _InternalAllocateCopyPool  0001e6a4 f   UefiMemoryAllocationLib:MemoryAllocationLib.obj
 0001:0000d6fd       _InternalReallocatePool    0001e6fd f   UefiMemoryAllocationLib:MemoryAllocationLib.obj
 0001:0000d73a       _FreePool                  0001e73a f   UefiMemoryAllocationLib:MemoryAllocationLib.obj
 0001:0000d770       _DxePrintLibPrint2ProtocolVaListToBaseList 0001e770 f   DxePrintLibPrint2Protocol:PrintLib.obj
 0001:0000d981       _UnicodeVSPrint            0001e981 f   DxePrintLibPrint2Protocol:PrintLib.obj
 0001:0000da01       _UnicodeBSPrint            0001ea01 f   DxePrintLibPrint2Protocol:PrintLib.obj
 0001:0000da55       _UnicodeSPrint             0001ea55 f   DxePrintLibPrint2Protocol:PrintLib.obj
 0001:0000da6e       _UnicodeValueToStringS     0001ea6e f   DxePrintLibPrint2Protocol:PrintLib.obj
 0001:0000da89       _AsciiVSPrint              0001ea89 f   DxePrintLibPrint2Protocol:PrintLib.obj
 0001:0000dad5       _AsciiSPrint               0001ead5 f   DxePrintLibPrint2Protocol:PrintLib.obj
 0001:0000daee       _InternalPrintLibSPrint    0001eaee f   DxePrintLibPrint2Protocol:PrintLib.obj
 0001:0000db0d       _InternalPrintLibFillBuffer 0001eb0d f   DxePrintLibPrint2Protocol:PrintLib.obj
 0001:0000db41       _InternalPrintLibSPrintMarker 0001eb41 f   DxePrintLibPrint2Protocol:PrintLib.obj
 0001:0000e778       _DevicePathType            0001f778 f   UefiDevicePathLibDevicePathProtocol:UefiDevicePathLib.obj
 0001:0000e798       _DevicePathSubType         0001f798 f   UefiDevicePathLibDevicePathProtocol:UefiDevicePathLib.obj
 0001:0000e7b9       _DevicePathNodeLength      0001f7b9 f   UefiDevicePathLibDevicePathProtocol:UefiDevicePathLib.obj
 0001:0000e7e2       _NextDevicePathNode        0001f7e2 f   UefiDevicePathLibDevicePathProtocol:UefiDevicePathLib.obj
 0001:0000e809       _IsDevicePathEndType       0001f809 f   UefiDevicePathLibDevicePathProtocol:UefiDevicePathLib.obj
 0001:0000e833       _IsDevicePathEnd           0001f833 f   UefiDevicePathLibDevicePathProtocol:UefiDevicePathLib.obj
 0001:0000e86d       _SetDevicePathNodeLength   0001f86d f   UefiDevicePathLibDevicePathProtocol:UefiDevicePathLib.obj
 0001:0000e8bb       _SetDevicePathEndNode      0001f8bb f   UefiDevicePathLibDevicePathProtocol:UefiDevicePathLib.obj
 0001:0000e8e8       _GetNextDevicePathInstance 0001f8e8 f   UefiDevicePathLibDevicePathProtocol:UefiDevicePathLib.obj
 0001:0000e916       _DevicePathFromHandle      0001f916 f   UefiDevicePathLibDevicePathProtocol:UefiDevicePathLib.obj
 0001:0000e93e       _FileDevicePath            0001f93e f   UefiDevicePathLibDevicePathProtocol:UefiDevicePathLib.obj
 0001:0000e9b9       _UefiDevicePathLibLocateProtocol 0001f9b9 f   UefiDevicePathLibDevicePathProtocol:UefiDevicePathLib.obj
 0001:0000e9e1       _ConvertDevicePathToText   0001f9e1 f   UefiDevicePathLibDevicePathProtocol:UefiDevicePathLib.obj
 0001:0000ea12       _EfiGetSystemConfigurationTable 0001fa12 f   UefiLib:UefiLib.obj
 0001:0000ea9c       _GetVariable2              0001fa9c f   UefiLib:UefiLib.obj
 0001:0000eb5f       _GetBestLanguage           0001fb5f f   UefiLib:UefiLib.obj
 0001:0000ec6a       _GetHobList                0001fc6a f   DxeHobLib:HobLib.obj
 0001:0000ecce       _GetNextHob                0001fcce f   DxeHobLib:HobLib.obj
 0001:0000ed0b       _GetFirstGuidHob           0001fd0b f   DxeHobLib:HobLib.obj
 0001:0000ed45       _GetDebugPrintErrorLevel   0001fd45 f   DxeDebugPrintErrorLevelLib:DxeDebugPrintErrorLevelLib.obj
 0001:0000edff       _GetDebugMask              0001fdff f   DxeDebugPrintErrorLevelLib:DxeDebugPrintErrorLevelLib.obj
 0001:0000ee17       _SetDebugMask              0001fe17 f   DxeDebugPrintErrorLevelLib:DxeDebugPrintErrorLevelLib.obj
 0001:0000ee23       _UefiHiiServicesLibConstructor 0001fe23 f   UefiHiiServicesLib:UefiHiiServicesLib.obj
 0001:0000ef10       _QuickSortWorker           0001ff10 f   UefiSortLib:UefiSortLib.obj
 0001:0000f067       _PerformQuickSort          00020067 f   UefiSortLib:UefiSortLib.obj
 0001:0000f0e7       _DevicePathCompare         000200e7 f   UefiSortLib:UefiSortLib.obj
 0001:0000f1b5       _StringNoCaseCompare       000201b5 f   UefiSortLib:UefiSortLib.obj
 0001:0000f21a       _HiiAddPackages            0002021a f   UefiHiiLib:HiiLib.obj
 0001:0000f2ff       _HiiRemovePackages         000202ff f   UefiHiiLib:HiiLib.obj
 0001:0000f355       _HiiSetString              00020355 f   UefiHiiLib:HiiString.obj
 0001:0000f45b       _HiiGetString              0002045b f   UefiHiiLib:HiiString.obj
 0001:0000f586       _HiiGetSupportedLanguages  00020586 f   UefiHiiLib:HiiLanguage.obj
 0001:0000f5ff       _FileHandleGetInfo         000205ff f   UefiFileHandleLib:UefiFileHandleLib.obj
 0001:0000f65e       _FileHandleSetInfo         0002065e f   UefiFileHandleLib:UefiFileHandleLib.obj
 0001:0000f684       _FileHandleRead            00020684 f   UefiFileHandleLib:UefiFileHandleLib.obj
 0001:0000f6a2       _FileHandleWrite           000206a2 f   UefiFileHandleLib:UefiFileHandleLib.obj
 0001:0000f6c0       _FileHandleClose           000206c0 f   UefiFileHandleLib:UefiFileHandleLib.obj
 0001:0000f6d4       _FileHandleDelete          000206d4 f   UefiFileHandleLib:UefiFileHandleLib.obj
 0001:0000f6e8       _FileHandleSetPosition     000206e8 f   UefiFileHandleLib:UefiFileHandleLib.obj
 0001:0000f706       _FileHandleGetPosition     00020706 f   UefiFileHandleLib:UefiFileHandleLib.obj
 0001:0000f726       _FileHandleFlush           00020726 f   UefiFileHandleLib:UefiFileHandleLib.obj
 0001:0000f73a       _FileHandleIsDirectory     0002073a f   UefiFileHandleLib:UefiFileHandleLib.obj
 0001:0000f76d       _FileHandleFindFirstFile   0002076d f   UefiFileHandleLib:UefiFileHandleLib.obj
 0001:0000f839       _FileHandleFindNextFile    00020839 f   UefiFileHandleLib:UefiFileHandleLib.obj
 0001:0000f8ae       _FileHandleGetSize         000208ae f   UefiFileHandleLib:UefiFileHandleLib.obj
 0001:0000f8f0       _FileHandleSetSize         000208f0 f   UefiFileHandleLib:UefiFileHandleLib.obj
 0001:0000f93a       _StrnCatGrowLeft           0002093a f   UefiFileHandleLib:UefiFileHandleLib.obj
 0001:0000fa10       _FileHandleGetFileName     00020a10 f   UefiFileHandleLib:UefiFileHandleLib.obj
 0001:0000fc26       _ShellIsHexaDecimalDigitCharacter 00020c26 f   UefiShellLib:UefiShellLib.obj
 0001:0000fc4d       _ShellFindSE2              00020c4d f   UefiShellLib:UefiShellLib.obj
 0001:0000fd73       _ShellLibConstructorWorker 00020d73 f   UefiShellLib:UefiShellLib.obj
 0001:0000ff42       _ShellLibDestructor        00020f42 f   UefiShellLib:UefiShellLib.obj
 0001:0000fffe       _ShellInitialize           00020ffe f   UefiShellLib:UefiShellLib.obj
 0001:00010043       _ShellOpenFileByDevicePath 00021043 f   UefiShellLib:UefiShellLib.obj
 0001:000101ff       _ShellOpenFileByName       000211ff f   UefiShellLib:UefiShellLib.obj
 0001:000103f6       _ShellCreateDirectory      000213f6 f   UefiShellLib:UefiShellLib.obj
 0001:0001041e       _ShellGetExecutionBreakFlag 0002141e f   UefiShellLib:UefiShellLib.obj
 0001:0001044c       _ShellGetEnvironmentVariable 0002144c f   UefiShellLib:UefiShellLib.obj
 0001:00010465       _ShellGetCurrentDir        00021465 f   UefiShellLib:UefiShellLib.obj
 0001:00010486       _InternalShellConvertFileListType 00021486 f   UefiShellLib:UefiShellLib.obj
 0001:00010632       _ShellOpenFileMetaArg      00021632 f   UefiShellLib:UefiShellLib.obj
 0001:000107e9       _ShellCloseFileMetaArg     000217e9 f   UefiShellLib:UefiShellLib.obj
 0001:00010890       _ShellFindFilePath         00021890 f   UefiShellLib:UefiShellLib.obj
 0001:00010ade       _ShellFindFilePathEx       00021ade f   UefiShellLib:UefiShellLib.obj
 0001:00010bae       _InternalIsOnCheckList     00021bae f   UefiShellLib:UefiShellLib.obj
 0001:00010cc4       _InternalIsFlag            00021cc4 f   UefiShellLib:UefiShellLib.obj
 0001:00010d2f       _InternalCommandLineParse  00021d2f f   UefiShellLib:UefiShellLib.obj
 0001:000110a0       _ShellCommandLineParseEx   000220a0 f   UefiShellLib:UefiShellLib.obj
 0001:0001112d       _ShellCommandLineFreeVarList 0002212d f   UefiShellLib:UefiShellLib.obj
 0001:0001117d       _ShellCommandLineGetFlag   0002217d f   UefiShellLib:UefiShellLib.obj
 0001:0001124d       _ShellCommandLineGetValue  0002224d f   UefiShellLib:UefiShellLib.obj
 0001:0001132d       _ShellCommandLineGetRawValue 0002232d f   UefiShellLib:UefiShellLib.obj
 0001:00011367       _ShellCommandLineGetCount  00022367 f   UefiShellLib:UefiShellLib.obj
 0001:000113a2       _ShellCommandLineCheckDuplicate 000223a2 f   UefiShellLib:UefiShellLib.obj
 0001:0001143f       _ShellCopySearchAndReplace 0002243f f   UefiShellLib:UefiShellLib.obj
 0001:00011592       _InternalPrintTo           00022592 f   UefiShellLib:UefiShellLib.obj
 0001:0001160a       _InternalShellPrintWorker  0002260a f   UefiShellLib:UefiShellLib.obj
 0001:0001195a       _ShellPrintEx              0002295a f   UefiShellLib:UefiShellLib.obj
 0001:00011982       _ShellPrintHiiEx           00022982 f   UefiShellLib:UefiShellLib.obj
 0001:000119c4       _ShellIsDirectory          000229c4 f   UefiShellLib:UefiShellLib.obj
 0001:00011ac6       _ShellIsFile               00022ac6 f   UefiShellLib:UefiShellLib.obj
 0001:00011b26       _ShellStrToUintn           00022b26 f   UefiShellLib:UefiShellLib.obj
 0001:00011b69       _StrnCatGrow               00022b69 f   UefiShellLib:UefiShellLib.obj
 0001:00011c56       _ShellPromptForResponse    00022c56 f   UefiShellLib:UefiShellLib.obj
 0001:000121ab       _ShellPromptForResponseHii 000231ab f   UefiShellLib:UefiShellLib.obj
 0001:000121db       _InternalShellIsHexOrDecimalNumber 000231db f   UefiShellLib:UefiShellLib.obj
 0001:00012268       _ShellFileExists           00023268 f   UefiShellLib:UefiShellLib.obj
 0001:000122af       _InternalShellStrHexToUint64 000232af f   UefiShellLib:UefiShellLib.obj
 0001:000123cf       _InternalShellStrDecimalToUint64 000233cf f   UefiShellLib:UefiShellLib.obj
 0001:000124fa       _ShellConvertStringToUint64 000234fa f   UefiShellLib:UefiShellLib.obj
 0001:000125f4       _ShellIsHexOrDecimalNumber 000235f4 f   UefiShellLib:UefiShellLib.obj
 0001:00012609       _ShellFileHandleReturnLine 00023609 f   UefiShellLib:UefiShellLib.obj
 0001:0001267f       _ShellFileHandleReadLine   0002367f f   UefiShellLib:UefiShellLib.obj
 0001:00012899       _ShellPrintHelp            00023899 f   UefiShellLib:UefiShellLib.obj
 0001:0001295f       _ShellDeleteFileByName     0002395f f   UefiShellLib:UefiShellLib.obj
 0001:00012998       _FindLoadedImageFileName   00023998 f   UefiHandleParsingLib:UefiHandleParsingLib.obj
 0001:00012a03       _ConvertMemoryType         00023a03 f   UefiHandleParsingLib:UefiHandleParsingLib.obj
 0001:00012aff       _ConvertPixelFormat        00023aff f   UefiHandleParsingLib:UefiHandleParsingLib.obj
 0001:00012b68       _HandleParsingHiiInit      00023b68 f   UefiHandleParsingLib:UefiHandleParsingLib.obj
 0001:00012bac       _LoadedImageProtocolDumpInformation 00023bac f   UefiHandleParsingLib:UefiHandleParsingLib.obj
 0001:00012d25       _GraphicsOutputProtocolDumpInformation 00023d25 f   UefiHandleParsingLib:UefiHandleParsingLib.obj
 0001:00012f23       _EdidDiscoveredProtocolDumpInformation 00023f23 f   UefiHandleParsingLib:UefiHandleParsingLib.obj
 0001:00012ff8       _EdidActiveProtocolDumpInformation 00023ff8 f   UefiHandleParsingLib:UefiHandleParsingLib.obj
 0001:000130cd       _PciRootBridgeIoDumpInformation 000240cd f   UefiHandleParsingLib:UefiHandleParsingLib.obj
 0001:00013363       _TxtOutProtocolDumpInformation 00024363 f   UefiHandleParsingLib:UefiHandleParsingLib.obj
 0001:000134ef       _DriverEfiVersionProtocolDumpInformation 000244ef f   UefiHandleParsingLib:UefiHandleParsingLib.obj
 0001:00013561       _ConvertDevicePathToShortText 00024561 f   UefiHandleParsingLib:UefiHandleParsingLib.obj
 0001:00013686       _DevicePathProtocolDumpInformation 00024686 f   UefiHandleParsingLib:UefiHandleParsingLib.obj
 0001:0001369a       _LoadedImageDevicePathProtocolDumpInformation 0002469a f   UefiHandleParsingLib:UefiHandleParsingLib.obj
 0001:000136ae       _BusSpecificDriverOverrideProtocolDumpInformation 000246ae f   UefiHandleParsingLib:UefiHandleParsingLib.obj
 0001:0001379a       _BlockIoProtocolDumpInformation 0002479a f   UefiHandleParsingLib:UefiHandleParsingLib.obj
 0001:000138d5       _DebugSupportProtocolDumpInformation 000248d5 f   UefiHandleParsingLib:UefiHandleParsingLib.obj
 0001:000139a2       _PciIoProtocolDumpInformation 000249a2 f   UefiHandleParsingLib:UefiHandleParsingLib.obj
 0001:00013acd       _UsbIoProtocolDumpInformation 00024acd f   UefiHandleParsingLib:UefiHandleParsingLib.obj
 0001:00013b68       _AdapterInformationDumpInformation 00024b68 f   UefiHandleParsingLib:UefiHandleParsingLib.obj
 0001:00013fef       _FirmwareManagementDumpInformation 00024fef f   UefiHandleParsingLib:UefiHandleParsingLib.obj
 0001:000147b0       _PartitionInfoProtocolDumpInformation 000257b0 f   UefiHandleParsingLib:UefiHandleParsingLib.obj
 0001:00014878       _InternalShellGetNodeFromGuid 00025878 f   UefiHandleParsingLib:UefiHandleParsingLib.obj
 0001:00014911       _InsertNewGuidNameMapping  00025911 f   UefiHandleParsingLib:UefiHandleParsingLib.obj
 0001:000149bb       _GetStringNameFromGuid     000259bb f   UefiHandleParsingLib:UefiHandleParsingLib.obj
 0001:000149e6       _GetProtocolInformationDump 000259e6 f   UefiHandleParsingLib:UefiHandleParsingLib.obj
 0001:00014a49       _GetGuidFromStringName     00025a49 f   UefiHandleParsingLib:UefiHandleParsingLib.obj
 0001:00014bbd       _GetBestLanguageForDriver  00025bbd f   UefiHandleParsingLib:UefiHandleParsingLib.obj
 0001:00014c1c       _GetStringNameFromHandle   00025c1c f   UefiHandleParsingLib:UefiHandleParsingLib.obj
 0001:00014ceb       _InternalShellInitHandleList 00025ceb f   UefiHandleParsingLib:UefiHandleParsingLib.obj
 0001:00014dbd       _ConvertHandleToHandleIndex 00025dbd f   UefiHandleParsingLib:UefiHandleParsingLib.obj
 0001:00014e86       _ConvertHandleIndexToHandle 00025e86 f   UefiHandleParsingLib:UefiHandleParsingLib.obj
 0001:00014f08       _ParseHandleDatabaseByRelationshipWithType 00025f08 f   UefiHandleParsingLib:UefiHandleParsingLib.obj
 0001:00015480       _ParseHandleDatabaseByRelationship 00026480 f   UefiHandleParsingLib:UefiHandleParsingLib.obj
 0001:00015606       _ParseHandleDatabaseForChildControllers 00026606 f   UefiHandleParsingLib:UefiHandleParsingLib.obj
 0001:00015736       _ParseHandleDatabaseForChildDevices 00026736 f   UefiHandleParsingLib:UefiHandleParsingLib.obj
 0001:000157e8       _GetHandleListByProtocol   000267e8 f   UefiHandleParsingLib:UefiHandleParsingLib.obj
 0001:00015895       _GetHandleListByProtocolList 00026895 f   UefiHandleParsingLib:UefiHandleParsingLib.obj
 0001:000159c8       _GetAllMappingGuids        000269c8 f   UefiHandleParsingLib:UefiHandleParsingLib.obj
 0001:00015a6a       _CommandInit               00026a6a f   UefiShellCommandLib:UefiShellCommandLib.obj
 0001:00015a9a       _ShellCommandLibConstructor 00026a9a f   UefiShellCommandLib:UefiShellCommandLib.obj
 0001:00015b17       _FreeFileHandleList        00026b17 f   UefiShellCommandLib:UefiShellCommandLib.obj
 0001:00015b86       _ShellCommandLibDestructor 00026b86 f   UefiShellCommandLib:UefiShellCommandLib.obj
 0001:00015cf0       _ShellCommandFindDynamicCommand 00026cf0 f   UefiShellCommandLib:UefiShellCommandLib.obj
 0001:00015d61       _ShellCommandIsCommandOnInternalList 00026d61 f   UefiShellCommandLib:UefiShellCommandLib.obj
 0001:00015de0       _ShellCommandIsCommandOnList 00026de0 f   UefiShellCommandLib:UefiShellCommandLib.obj
 0001:00015dfe       _ShellCommandGetInternalCommandHelp 00026dfe f   UefiShellCommandLib:UefiShellCommandLib.obj
 0001:00015e8c       _ShellCommandRegisterCommandName 00026e8c f   UefiShellCommandLib:UefiShellCommandLib.obj
 0001:00016076       _ShellCommandRunCommandHandler 00027076 f   UefiShellCommandLib:UefiShellCommandLib.obj
 0001:00016163       _ShellCommandGetManFileNameHandler 00027163 f   UefiShellCommandLib:UefiShellCommandLib.obj
 0001:000161e3       _ShellCommandRegisterAlias 000271e3 f   UefiShellCommandLib:UefiShellCommandLib.obj
 0001:000162d8       _ShellCommandIsOnAliasList 000272d8 f   UefiShellCommandLib:UefiShellCommandLib.obj
 0001:00016380       _ShellCommandRegisterExit  00027380 f   UefiShellCommandLib:UefiShellCommandLib.obj
 0001:000163b0       _DeleteScriptFileStruct    000273b0 f   UefiShellCommandLib:UefiShellCommandLib.obj
 0001:00016474       _ShellCommandGetCurrentScriptFile 00027474 f   UefiShellCommandLib:UefiShellCommandLib.obj
 0001:00016495       _ShellCommandSetNewScript  00027495 f   UefiShellCommandLib:UefiShellCommandLib.obj
 0001:000164f2       _ShellCommandCreateNewMappingName 000274f2 f   UefiShellCommandLib:UefiShellCommandLib.obj
 0001:0001655a       _ShellCommandAddMapItemAndUpdatePath 0002755a f   UefiShellCommandLib:UefiShellCommandLib.obj
 0001:000166e4       _ShellCommandCreateInitialMappingsAndPaths 000276e4 f   UefiShellCommandLib:UefiShellCommandLib.obj
 0001:00016a70       _ShellCommandUpdateMapping 00027a70 f   UefiShellCommandLib:UefiShellCommandLib.obj
 0001:00016ba2       _ConvertEfiFileProtocolToShellHandle 00027ba2 f   UefiShellCommandLib:UefiShellCommandLib.obj
 0001:00016c11       _ShellFileHandleGetPath    00027c11 f   UefiShellCommandLib:UefiShellCommandLib.obj
 0001:00016c52       _ShellFileHandleRemove     00027c52 f   UefiShellCommandLib:UefiShellCommandLib.obj
 0001:00016cc6       _ShellFileHandleEof        00027cc6 f   UefiShellCommandLib:UefiShellCommandLib.obj
 0001:00016d49       _FreeBufferList            00027d49 f   UefiShellCommandLib:UefiShellCommandLib.obj
 0001:00016d86       _DumpHex                   00027d86 f   UefiShellCommandLib:UefiShellCommandLib.obj
 0001:00016e6f       _CatSDumpHex               00027e6f f   UefiShellCommandLib:UefiShellCommandLib.obj
 0001:00016f6d       _CatPrint                  00027f6d f   UefiShellCommandLib:ConsistMapping.obj
 0001:0001701d       _AppendCSDNum2             0002801d f   UefiShellCommandLib:ConsistMapping.obj
 0001:00017090       _AppendCSDNum              00028090 f   UefiShellCommandLib:ConsistMapping.obj
 0001:000170eb       _AppendCSDStr              000280eb f   UefiShellCommandLib:ConsistMapping.obj
 0001:00017233       _DevPathCompareAcpi        00028233 f   UefiShellCommandLib:ConsistMapping.obj
 0001:00017273       _DevPathComparePci         00028273 f   UefiShellCommandLib:ConsistMapping.obj
 0001:000172dc       _DevPathCompareDefault     000282dc f   UefiShellCommandLib:ConsistMapping.obj
 0001:0001734f       _DevPathSerialHardDrive    0002834f f   UefiShellCommandLib:ConsistMapping.obj
 0001:000173b2       _DevPathSerialAtapi        000283b2 f   UefiShellCommandLib:ConsistMapping.obj
 0001:0001740e       _DevPathSerialCdRom        0002840e f   UefiShellCommandLib:ConsistMapping.obj
 0001:0001746b       _DevPathSerialFibre        0002846b f   UefiShellCommandLib:ConsistMapping.obj
 0001:000174d3       _DevPathSerialUart         000284d3 f   UefiShellCommandLib:ConsistMapping.obj
 0001:00017566       _DevPathSerialUsb          00028566 f   UefiShellCommandLib:ConsistMapping.obj
 0001:0001769e       _DevPathSerialVendor       0002869e f   UefiShellCommandLib:ConsistMapping.obj
 0001:000177a0       _DevPathSerialLun          000287a0 f   UefiShellCommandLib:ConsistMapping.obj
 0001:000177f5       _DevPathSerialSata         000287f5 f   UefiShellCommandLib:ConsistMapping.obj
 0001:00017875       _DevPathSerialIScsi        00028875 f   UefiShellCommandLib:ConsistMapping.obj
 0001:000178b9       _DevPathSerialI2O          000288b9 f   UefiShellCommandLib:ConsistMapping.obj
 0001:0001790c       _DevPathSerialMacAddr      0002890c f   UefiShellCommandLib:ConsistMapping.obj
 0001:000179a8       _DevPathSerialInfiniBand   000289a8 f   UefiShellCommandLib:ConsistMapping.obj
 0001:00017a61       _DevPathSerialIPv4         00028a61 f   UefiShellCommandLib:ConsistMapping.obj
 0001:00017b3a       _DevPathSerialIPv6         00028b3a f   UefiShellCommandLib:ConsistMapping.obj
 0001:00017c19       _DevPathSerialScsi         00028c19 f   UefiShellCommandLib:ConsistMapping.obj
 0001:00017c83       _DevPathSerial1394         00028c83 f   UefiShellCommandLib:ConsistMapping.obj
 0001:00017cf0       _DevPathSerialAcpi         00028cf0 f   UefiShellCommandLib:ConsistMapping.obj
 0001:00017d69       _GetHIDevicePath           00028d69 f   UefiShellCommandLib:ConsistMapping.obj
 0001:00017e5a       _GetDeviceConsistMappingInfo 00028e5a f   UefiShellCommandLib:ConsistMapping.obj
 0001:00017f46       _ShellCommandConsistMappingInitialize 00028f46 f   UefiShellCommandLib:ConsistMapping.obj
 0001:000180b3       _ShellCommandConsistMappingUnInitialize 000290b3 f   UefiShellCommandLib:ConsistMapping.obj
 0001:000180f3       _ShellCommandConsistMappingGenMappingName 000290f3 f   UefiShellCommandLib:ConsistMapping.obj
 0001:00018272       _ShellCommandFindMapItem   00029272 f   UefiShellCommandLib:ConsistMapping.obj
 0001:000182ba       _ShellCommandGetManFileNameLevel2 000292ba f   UefiShellLevel2CommandsLib:UefiShellLevel2CommandsLib.obj
 0001:000182c0       _ShellLevel2CommandsLibConstructor 000292c0 f   UefiShellLevel2CommandsLib:UefiShellLevel2CommandsLib.obj
 0001:000185a9       _GetFullyQualifiedPath     000295a9 f   UefiShellLevel2CommandsLib:UefiShellLevel2CommandsLib.obj
 0001:0001864d       _VerifyIntermediateDirectories 0002964d f   UefiShellLevel2CommandsLib:UefiShellLevel2CommandsLib.obj
 0001:00018722       _StrniCmp                  00029722 f   UefiShellLevel2CommandsLib:UefiShellLevel2CommandsLib.obj
 0001:00018796       _ShellLevel2StripQuotes    00029796 f   UefiShellLevel2CommandsLib:UefiShellLevel2CommandsLib.obj
 0001:000187f6       _IsDirectoryEmpty          000297f6 f   UefiShellLevel2CommandsLib:Rm.obj
 0001:00018860       _CascadeDelete             00029860 f   UefiShellLevel2CommandsLib:Rm.obj
 0001:00018ba3       _IsValidDeleteTarget       00029ba3 f   UefiShellLevel2CommandsLib:Rm.obj
 0001:00018cab       _ShellCommandRunRm         00029cab f   UefiShellLevel2CommandsLib:Rm.obj
 0001:00018efa       _PrintAllShellEnvVars      00029efa f   UefiShellLevel2CommandsLib:Set.obj
 0001:00018f47       _ShellCommandRunSet        00029f47 f   UefiShellLevel2CommandsLib:Set.obj
 0001:000191fc       _HandleVol                 0002a1fc f   UefiShellLevel2CommandsLib:Vol.obj
 0001:000195c8       _ShellCommandRunVol        0002a5c8 f   UefiShellLevel2CommandsLib:Vol.obj
 0001:00019865       _ShellCommandRunReset      0002a865 f   UefiShellLevel2CommandsLib:Reset.obj
 0001:00019b42       _IsNumberLetterOnly        0002ab42 f   UefiShellLevel2CommandsLib:Map.obj
 0001:00019b83       _SearchList                0002ab83 f   UefiShellLevel2CommandsLib:Map.obj
 0001:00019c8c       _GetDeviceMediaType        0002ac8c f   UefiShellLevel2CommandsLib:Map.obj
 0001:00019d00       _IsRemoveableDevice        0002ad00 f   UefiShellLevel2CommandsLib:Map.obj
 0001:00019d41       _MappingListHasType        0002ad41 f   UefiShellLevel2CommandsLib:Map.obj
 0001:00019ea7       _PerformSingleMappingDisplay 0002aea7 f   UefiShellLevel2CommandsLib:Map.obj
 0001:0001a1b9       _PerformSingleMappingDelete 0002b1b9 f   UefiShellLevel2CommandsLib:Map.obj
 0001:0001a214       _PerformMappingDisplay     0002b214 f   UefiShellLevel2CommandsLib:Map.obj
 0001:0001a4e2       _PerformMappingDisplay2    0002b4e2 f   UefiShellLevel2CommandsLib:Map.obj
 0001:0001a5e1       _PerformMappingDelete      0002b5e1 f   UefiShellLevel2CommandsLib:Map.obj
 0001:0001a765       _AddMappingFromMapping     0002b765 f   UefiShellLevel2CommandsLib:Map.obj
 0001:0001a82a       _AddMappingFromHandle      0002b82a f   UefiShellLevel2CommandsLib:Map.obj
 0001:0001a914       _ProbeForMediaChange       0002b914 f   UefiShellLevel2CommandsLib:Map.obj
 0001:0001a985       _ShellCommandRunMap        0002b985 f   UefiShellLevel2CommandsLib:Map.obj
 0001:0001ae54       _ReplaceDriveWithCwd       0002be54 f   UefiShellLevel2CommandsLib:Cd.obj
 0001:0001af0c       _IsCurrentFileSystem       0002bf0c f   UefiShellLevel2CommandsLib:Cd.obj
 0001:0001af70       _ExtractDriveAndPath       0002bf70 f   UefiShellLevel2CommandsLib:Cd.obj
 0001:0001b035       _ShellCommandRunCd         0002c035 f   UefiShellLevel2CommandsLib:Cd.obj
 0001:0001b3ee       _CopySingleFile            0002c3ee f   UefiShellLevel2CommandsLib:Cp.obj
 0001:0001b7c3       _ValidateAndCopyFiles      0002c7c3 f   UefiShellLevel2CommandsLib:Cp.obj
 0001:0001bf11       _ProcessValidateAndCopyFiles 0002cf11 f   UefiShellLevel2CommandsLib:Cp.obj
 0001:0001c072       _ShellCommandRunCp         0002d072 f   UefiShellLevel2CommandsLib:Cp.obj
 0001:0001c404       _InternalIsTimeLikeString  0002d404 f   UefiShellLevel2CommandsLib:TimeDate.obj
 0001:0001c455       _CheckAndSetDate           0002d455 f   UefiShellLevel2CommandsLib:TimeDate.obj
 0001:0001c5cb       _ShellCommandRunDate       0002d5cb f   UefiShellLevel2CommandsLib:TimeDate.obj
 0001:0001c7d5       _CheckAndSetTime           0002d7d5 f   UefiShellLevel2CommandsLib:TimeDate.obj
 0001:0001c98f       _ShellCommandRunTime       0002d98f f   UefiShellLevel2CommandsLib:TimeDate.obj
 0001:0001ce34       _CheckAndSetTimeZone       0002de34 f   UefiShellLevel2CommandsLib:TimeDate.obj
 0001:0001cff8       _ShellCommandRunTimeZone   0002dff8 f   UefiShellLevel2CommandsLib:TimeDate.obj
 0001:0001d342       _IsBetweenFileSystem       0002e342 f   UefiShellLevel2CommandsLib:Mv.obj
 0001:0001d3c6       _IsSoucePathValid          0002e3c6 f   UefiShellLevel2CommandsLib:Mv.obj
 0001:0001d4c1       _IsValidMove               0002e4c1 f   UefiShellLevel2CommandsLib:Mv.obj
 0001:0001d619       _GetDestinationLocation    0002e619 f   UefiShellLevel2CommandsLib:Mv.obj
 0001:0001d90a       _MoveBetweenFileSystems    0002e90a f   UefiShellLevel2CommandsLib:Mv.obj
 0001:0001d965       _CreateFullDestPath        0002e965 f   UefiShellLevel2CommandsLib:Mv.obj
 0001:0001d9f7       _MoveWithinFileSystems     0002e9f7 f   UefiShellLevel2CommandsLib:Mv.obj
 0001:0001db0f       _ValidateAndMoveFiles      0002eb0f f   UefiShellLevel2CommandsLib:Mv.obj
 0001:0001e07d       _ShellCommandRunMv         0002f07d f   UefiShellLevel2CommandsLib:Mv.obj
 0001:0001e3d8       _PrintSfoVolumeInfoTableEntry 0002f3d8 f   UefiShellLevel2CommandsLib:Ls.obj
 0001:0001e5e9       _PrintFileInformation      0002f5e9 f   UefiShellLevel2CommandsLib:Ls.obj
 0001:0001e881       _FileTimeToLocalTime       0002f881 f   UefiShellLevel2CommandsLib:Ls.obj
 0001:0001e9fc       _PrintLsOutput             0002f9fc f   UefiShellLevel2CommandsLib:Ls.obj
 0001:0001ef1d       _ShellCommandRunLs         0002ff1d f   UefiShellLevel2CommandsLib:Ls.obj
 0001:0001f411       _ShellCommandRunMkDir      00030411 f   UefiShellLevel2CommandsLib:MkDir.obj
 0001:0001f677       _ShellCommandRunAttrib     00030677 f   UefiShellLevel2CommandsLib:Attrib.obj
 0001:0001fc2c       _IsStdInDataAvailable      00030c2c f   UefiShellLevel2CommandsLib:Parse.obj
 0001:0001fcc4       _HandleStringWithEscapeCharForParse 00030cc4 f   UefiShellLevel2CommandsLib:Parse.obj
 0001:0001fd2b       _PerformParsing            00030d2b f   UefiShellLevel2CommandsLib:Parse.obj
 0001:0001ffc7       _ShellCommandRunParse      00030fc7 f   UefiShellLevel2CommandsLib:Parse.obj
 0001:000201a2       _ConnectAllEfi             000311a2 f   UefiShellLevel2CommandsLib:Load.obj
 0001:00020201       _LoadDriver                00031201 f   UefiShellLevel2CommandsLib:Load.obj
 0001:000203aa       _ShellCommandRunLoad       000313aa f   UefiShellLevel2CommandsLib:Load.obj
 0001:000205da       _ShellCommandGetManFileNameLevel1 000315da f   UefiShellLevel1CommandsLib:UefiShellLevel1CommandsLib.obj
 0001:000205e0       _ShellLevel1CommandsLibConstructor 000315e0 f   UefiShellLevel1CommandsLib:UefiShellLevel1CommandsLib.obj
 0001:0002071a       _TestNodeForMove           0003171a f   UefiShellLevel1CommandsLib:UefiShellLevel1CommandsLib.obj
 0001:0002082c       _MoveToTag                 0003182c f   UefiShellLevel1CommandsLib:UefiShellLevel1CommandsLib.obj
 0001:00020908       _IsNextFragment            00031908 f   UefiShellLevel1CommandsLib:If.obj
 0001:00020996       _IsValidProfile            00031996 f   UefiShellLevel1CommandsLib:If.obj
 0001:000209ed       _TestOperation             000319ed f   UefiShellLevel1CommandsLib:If.obj
 0001:00020e01       _ProcessStatement          00031e01 f   UefiShellLevel1CommandsLib:If.obj
 0001:00021830       _BuildNextStatement        00032830 f   UefiShellLevel1CommandsLib:If.obj
 0001:000218dc       _MoveToTagSpecial          000328dc f   UefiShellLevel1CommandsLib:If.obj
 0001:000219f8       _PerformResultOperation    000329f8 f   UefiShellLevel1CommandsLib:If.obj
 0001:00021a16       _ShellCommandRunIf         00032a16 f   UefiShellLevel1CommandsLib:If.obj
 0001:00021dac       _ShellCommandRunElse       00032dac f   UefiShellLevel1CommandsLib:If.obj
 0001:00021ef6       _ShellCommandRunEndIf      00032ef6 f   UefiShellLevel1CommandsLib:If.obj
 0001:00021fe3       _ShellCommandRunGoto       00032fe3 f   UefiShellLevel1CommandsLib:Goto.obj
 0001:000221dc       _ShellCommandRunStall      000331dc f   UefiShellLevel1CommandsLib:Stall.obj
 0001:00022387       _ShellCommandRunExit       00033387 f   UefiShellLevel1CommandsLib:Exit.obj
 0001:0002250b       _ShellCommandRunShift      0003350b f   UefiShellLevel1CommandsLib:Shift.obj
 0001:000225f1       _ShellIsValidForNumber     000335f1 f   UefiShellLevel1CommandsLib:For.obj
 0001:0002266c       _ShellCommandRunEndFor     0003366c f   UefiShellLevel1CommandsLib:For.obj
 0001:00022757       _InternalUpdateAliasOnList 00033757 f   UefiShellLevel1CommandsLib:For.obj
 0001:0002288e       _InternalIsAliasOnList     0003388e f   UefiShellLevel1CommandsLib:For.obj
 0001:0002291d       _InternalRemoveAliasFromList 0003391d f   UefiShellLevel1CommandsLib:For.obj
 0001:000229ca       _ReturnUintn               000339ca f   UefiShellLevel1CommandsLib:For.obj
 0001:000229ed       _ShellCommandRunFor        000339ed f   UefiShellLevel1CommandsLib:For.obj
 0001:000234b3       _ShellCommandGetManFileNameLevel3 000344b3 f   UefiShellLevel3CommandsLib:UefiShellLevel3CommandsLib.obj
 0001:000234b9       _ShellLevel3CommandsLibConstructor 000344b9 f   UefiShellLevel3CommandsLib:UefiShellLevel3CommandsLib.obj
 0001:00023604       _ShellCommandRunEcho       00034604 f   UefiShellLevel3CommandsLib:Echo.obj
 0001:000237e1       _TouchFileByHandle         000347e1 f   UefiShellLevel3CommandsLib:Touch.obj
 0001:00023861       _DoTouchByHandle           00034861 f   UefiShellLevel3CommandsLib:Touch.obj
 0001:00023a0c       _ShellCommandRunTouch      00034a0c f   UefiShellLevel3CommandsLib:Touch.obj
 0001:00023ce2       _ShellCommandRunGetMtc     00034ce2 f   UefiShellLevel3CommandsLib:GetMtc.obj
 0001:00023e3d       _ShellCommandRunVer        00034e3d f   UefiShellLevel3CommandsLib:Ver.obj
 0001:000240b5       _TypeFileByHandle          000350b5 f   UefiShellLevel3CommandsLib:Type.obj
 0001:000242a3       _ShellCommandRunType       000352a3 f   UefiShellLevel3CommandsLib:Type.obj
 0001:0002462e       _ShellCommandRunPause      0003562e f   UefiShellLevel3CommandsLib:Pause.obj
 0001:000247fa       _ShellCommandRunCls        000357fa f   UefiShellLevel3CommandsLib:Cls.obj
 0001:00024bba       _PrintSingleShellAlias     00035bba f   UefiShellLevel3CommandsLib:Alias.obj
 0001:00024c38       _PrintAllShellAlias        00035c38 f   UefiShellLevel3CommandsLib:Alias.obj
 0001:00024cb1       _ShellLevel3CommandsLibSetAlias 00035cb1 f   UefiShellLevel3CommandsLib:Alias.obj
 0001:00024d20       _ShellCommandRunAlias      00035d20 f   UefiShellLevel3CommandsLib:Alias.obj
 0001:00024f92       _LexicalInsertIntoList     00035f92 f   UefiShellLevel3CommandsLib:Help.obj
 0001:00025079       _CopyListOfCommandNames    00036079 f   UefiShellLevel3CommandsLib:Help.obj
 0001:00025148       _PrintDynamicCommandHelp   00036148 f   UefiShellLevel3CommandsLib:Help.obj
 0001:0002528c       _ShellCommandRunHelp       0003628c f   UefiShellLevel3CommandsLib:Help.obj
 0001:0002571f       _ShellCommandGetManFileNameDriver1 0003671f f   UefiShellDriver1CommandsLib:UefiShellDriver1CommandsLib.obj
 0001:00025725       _UefiShellDriver1CommandsLibConstructor 00036725 f   UefiShellDriver1CommandsLib:UefiShellDriver1CommandsLib.obj
 0001:00025898       _DoDiagnostics             00036898 f   UefiShellDriver1CommandsLib:DrvDiag.obj
 0001:00025dd7       _ShellCommandRunDrvDiag    00036dd7 f   UefiShellDriver1CommandsLib:DrvDiag.obj
 0001:00026174       _DisconnectAll             00037174 f   UefiShellDriver1CommandsLib:Disconnect.obj
 0001:000261d1       _ShellCommandRunDisconnect 000371d1 f   UefiShellDriver1CommandsLib:Disconnect.obj
 0001:0002657b       _ConnectAllConsoles        0003757b f   UefiShellDriver1CommandsLib:Reconnect.obj
 0001:000265b7       _ShellCommandRunReconnect  000375b7 f   UefiShellDriver1CommandsLib:Reconnect.obj
 0001:000266cd       _FindHiiHandleViaDevPath   000376cd f   UefiShellDriver1CommandsLib:DrvCfg.obj
 0001:000268c8       _ConvertHandleToHiiHandle  000378c8 f   UefiShellDriver1CommandsLib:DrvCfg.obj
 0001:0002692f       _ConfigToFile              0003792f f   UefiShellDriver1CommandsLib:DrvCfg.obj
 0001:00026add       _ConfigFromFile            00037add f   UefiShellDriver1CommandsLib:DrvCfg.obj
 0001:00026e03       _ShellCmdDriverConfigurationProcessActionRequired 00037e03 f   UefiShellDriver1CommandsLib:DrvCfg.obj
 0001:00026f8e       _PreHiiDrvCfg              00037f8e f   UefiShellDriver1CommandsLib:DrvCfg.obj
 0001:0002770f       _PrintConfigInfoOnAll      0003870f f   UefiShellDriver1CommandsLib:DrvCfg.obj
 0001:000277ab       _ShellCommandRunDrvCfg     000387ab f   UefiShellDriver1CommandsLib:DrvCfg.obj
 0001:00027e4f       _TraverseHandleDatabase    00038e4f f   UefiShellDriver1CommandsLib:OpenInfo.obj
 0001:00028067       _ShellCommandRunOpenInfo   00039067 f   UefiShellDriver1CommandsLib:OpenInfo.obj
 0001:0002823b       _ShellCommandRunUnload     0003923b f   UefiShellDriver1CommandsLib:Unload.obj
 0001:000284c6       _GetDeviceHandleInfo       000394c6 f   UefiShellDriver1CommandsLib:Devices.obj
 0001:0002867a       _ShellCommandRunDevices    0003967a f   UefiShellDriver1CommandsLib:Devices.obj
 0001:000289a7       _GetDevicePathTextForHandle 000399a7 f   UefiShellDriver1CommandsLib:Drivers.obj
 0001:00028a90       _ReturnDriverDiag          00039a90 f   UefiShellDriver1CommandsLib:Drivers.obj
 0001:00028ae3       _GetImageNameFromHandle    00039ae3 f   UefiShellDriver1CommandsLib:Drivers.obj
 0001:00028bdc       _ShellCommandRunDrivers    00039bdc f   UefiShellDriver1CommandsLib:Drivers.obj
 0001:00029074       _IsValidGuidString         0003a074 f   UefiShellDriver1CommandsLib:Dh.obj
 0001:000290dd       _HexCharToDecimal          0003a0dd f   UefiShellDriver1CommandsLib:Dh.obj
 0001:00029101       _ConvertStrToGuid          0003a101 f   UefiShellDriver1CommandsLib:Dh.obj
 0001:000291b0       _GetDriverName             0003a1b0 f   UefiShellDriver1CommandsLib:Dh.obj
 0001:0002925b       _GetProtocolInfoString     0003a25b f   UefiShellDriver1CommandsLib:Dh.obj
 0001:000294fb       _GetDriverImageName        0003a4fb f   UefiShellDriver1CommandsLib:Dh.obj
 0001:00029550       _DisplayDriverModelHandle  0003a550 f   UefiShellDriver1CommandsLib:Dh.obj
 0001:00029cc0       _DoDhByHandle              0003acc0 f   UefiShellDriver1CommandsLib:Dh.obj
 0001:00029e0d       _DoDhByProtocolGuid        0003ae0d f   UefiShellDriver1CommandsLib:Dh.obj
 0001:00029eb7       _DoDhByProtocol            0003aeb7 f   UefiShellDriver1CommandsLib:Dh.obj
 0001:00029f2a       _DoDecodeByProtocol        0003af2a f   UefiShellDriver1CommandsLib:Dh.obj
 0001:0002a0a5       _ShellCommandRunDh         0003b0a5 f   UefiShellDriver1CommandsLib:Dh.obj
 0001:0002a3c1       _DoDevTreeForHandle        0003b3c1 f   UefiShellDriver1CommandsLib:DevTree.obj
 0001:0002a562       _ShellCommandRunDevTree    0003b562 f   UefiShellDriver1CommandsLib:DevTree.obj
 0001:0002a856       _ShellConnectDevicePath    0003b856 f   UefiShellDriver1CommandsLib:Connect.obj
 0001:0002a8d3       _ShellConnectPciRootBridge 0003b8d3 f   UefiShellDriver1CommandsLib:Connect.obj
 0001:0002a935       _ConnectControllers        0003b935 f   UefiShellDriver1CommandsLib:Connect.obj
 0001:0002aa69       _ShellConnectFromDevPaths  0003ba69 f   UefiShellDriver1CommandsLib:Connect.obj
 0001:0002ac5c       _ConvertAndConnectControllers 0003bc5c f   UefiShellDriver1CommandsLib:Connect.obj
 0001:0002ace4       _ShellCommandRunConnect    0003bce4 f   UefiShellDriver1CommandsLib:Connect.obj
 0001:0002b0ac       _ShellCommandGetManFileNameDebug1 0003c0ac f   UefiShellDebug1CommandsLib:UefiShellDebug1CommandsLib.obj
 0001:0002b0b2       _UefiShellDebug1CommandsLibConstructor 0003c0b2 f   UefiShellDebug1CommandsLib:UefiShellDebug1CommandsLib.obj
 0001:0002b346       _GetSystemConfigurationTable 0003c346 f   UefiShellDebug1CommandsLib:UefiShellDebug1CommandsLib.obj
 0001:0002b3b6       _EditorClearLine           0003c3b6 f   UefiShellDebug1CommandsLib:UefiShellDebug1CommandsLib.obj
 0001:0002b44a       _IsValidFileName           0003c44a f   UefiShellDebug1CommandsLib:UefiShellDebug1CommandsLib.obj
 0001:0002b4d0       _EditGetDefaultFileName    0003c4d0 f   UefiShellDebug1CommandsLib:UefiShellDebug1CommandsLib.obj
 0001:0002b51d       _ReadFileIntoBuffer        0003c51d f   UefiShellDebug1CommandsLib:UefiShellDebug1CommandsLib.obj
 0001:0002b657       _PciGetClassStrings        0003c657 f   UefiShellDebug1CommandsLib:Pci.obj
 0001:0002b6fd       _PciPrintClassCode         0003c6fd f   UefiShellDebug1CommandsLib:Pci.obj
 0001:0002b761       _ShellCommandRunPci        0003c761 f   UefiShellDebug1CommandsLib:Pci.obj
 0001:0002bf9b       _PciFindProtocolInterface  0003cf9b f   UefiShellDebug1CommandsLib:Pci.obj
 0001:0002c03a       _PciGetProtocolAndResource 0003d03a f   UefiShellDebug1CommandsLib:Pci.obj
 0001:0002c06e       _PciGetNextBusRange        0003d06e f   UefiShellDebug1CommandsLib:Pci.obj
 0001:0002c0ce       _PciExplainPci             0003d0ce f   UefiShellDebug1CommandsLib:Pci.obj
 0001:0002c2bd       _PciExplainStatus          0003d2bd f   UefiShellDebug1CommandsLib:Pci.obj
 0001:0002c471       _PciExplainCommand         0003d471 f   UefiShellDebug1CommandsLib:Pci.obj
 0001:0002c5c9       _LocatePciCapability       0003d5c9 f   UefiShellDebug1CommandsLib:Pci.obj
 0001:0002c609       _ExplainPcieCapReg         0003d609 f   UefiShellDebug1CommandsLib:Pci.obj
 0001:0002c6ad       _ExplainPcieDeviceCap      0003d6ad f   UefiShellDebug1CommandsLib:Pci.obj
 0001:0002c889       _ExplainPcieDeviceControl  0003d889 f   UefiShellDebug1CommandsLib:Pci.obj
 0001:0002ca23       _ExplainPcieDeviceStatus   0003da23 f   UefiShellDebug1CommandsLib:Pci.obj
 0001:0002cabc       _ExplainPcieLinkCap        0003dabc f   UefiShellDebug1CommandsLib:Pci.obj
 0001:0002cc05       _ExplainPcieLinkControl    0003dc05 f   UefiShellDebug1CommandsLib:Pci.obj
 0001:0002cd22       _ExplainPcieLinkStatus     0003dd22 f   UefiShellDebug1CommandsLib:Pci.obj
 0001:0002cdf4       _ExplainPcieSlotCap        0003ddf4 f   UefiShellDebug1CommandsLib:Pci.obj
 0001:0002cf10       _ExplainPcieSlotControl    0003df10 f   UefiShellDebug1CommandsLib:Pci.obj
 0001:0002d03f       _ExplainPcieSlotStatus     0003e03f f   UefiShellDebug1CommandsLib:Pci.obj
 0001:0002d156       _ExplainPcieRootControl    0003e156 f   UefiShellDebug1CommandsLib:Pci.obj
 0001:0002d1d9       _ExplainPcieRootCap        0003e1d9 f   UefiShellDebug1CommandsLib:Pci.obj
 0001:0002d1f9       _ExplainPcieRootStatus     0003e1f9 f   UefiShellDebug1CommandsLib:Pci.obj
 0001:0002d245       _PrintInterpretedExtendedCompatibilityLinkControl 0003e245 f   UefiShellDebug1CommandsLib:Pci.obj
 0001:0002d28b       _PrintInterpretedExtendedCompatibilityPowerBudgeting 0003e28b f   UefiShellDebug1CommandsLib:Pci.obj
 0001:0002d2d3       _PrintInterpretedExtendedCompatibilityAcs 0003e2d3 f   UefiShellDebug1CommandsLib:Pci.obj
 0001:0002d367       _PrintInterpretedExtendedCompatibilityRcrb 0003e367 f   UefiShellDebug1CommandsLib:Pci.obj
 0001:0002d3b2       _PrintInterpretedExtendedCompatibilityVendorSpecific 0003e3b2 f   UefiShellDebug1CommandsLib:Pci.obj
 0001:0002d3f8       _PrintInterpretedExtendedCompatibilityDynamicPowerAllocation 0003e3f8 f   UefiShellDebug1CommandsLib:Pci.obj
 0001:0002d490       _PrintInterpretedExtendedCompatibilityLinkDeclaration 0003e490 f   UefiShellDebug1CommandsLib:Pci.obj
 0001:0002d517       _PrintInterpretedExtendedCompatibilityAer 0003e517 f   UefiShellDebug1CommandsLib:Pci.obj
 0001:0002d58c       _PrintInterpretedExtendedCompatibilityMulticast 0003e58c f   UefiShellDebug1CommandsLib:Pci.obj
 0001:0002d5ed       _PrintInterpretedExtendedCompatibilityVirtualChannel 0003e5ed f   UefiShellDebug1CommandsLib:Pci.obj
 0001:0002d6a7       _PrintInterpretedExtendedCompatibilityResizeableBar 0003e6a7 f   UefiShellDebug1CommandsLib:Pci.obj
 0001:0002d724       _PrintInterpretedExtendedCompatibilityTph 0003e724 f   UefiShellDebug1CommandsLib:Pci.obj
 0001:0002d794       _PrintInterpretedExtendedCompatibilitySecondary 0003e794 f   UefiShellDebug1CommandsLib:Pci.obj
 0001:0002d80b       _PrintPciExtendedCapabilityDetails 0003e80b f   UefiShellDebug1CommandsLib:Pci.obj
 0001:0002d9e7       _PciExplainPciExpress      0003e9e7 f   UefiShellDebug1CommandsLib:Pci.obj
 0001:0002db05       _PrintDifferentPoint       0003eb05 f   UefiShellDebug1CommandsLib:Comp.obj
 0001:0002dbfa       _ShellCommandRunComp       0003ebfa f   UefiShellDebug1CommandsLib:Comp.obj
 0001:0002e535       _ShellCommandRunEdit       0003f535 f   UefiShellDebug1CommandsLib:Edit.obj
 0001:0002e7fc       _DisplayMmioMemory         0003f7fc f   UefiShellDebug1CommandsLib:Dmem.obj
 0001:0002e8c3       _ShellCommandRunDmem       0003f8c3 f   UefiShellDebug1CommandsLib:Dmem.obj
 0001:0002ecdc       _ShellCommandRunLoadPciRom 0003fcdc f   UefiShellDebug1CommandsLib:LoadPciRom.obj
 0001:0002eff8       _LoadEfiDriversFromRomImage 0003fff8 f   UefiShellDebug1CommandsLib:LoadPciRom.obj
 0001:0002f2e7       _AddMemoryLength           000402e7 f   UefiShellDebug1CommandsLib:MemMap.obj
 0001:0002f35d       _ShellCommandRunMemMap     0004035d f   UefiShellDebug1CommandsLib:MemMap.obj
 0001:00030519       _IsStringOfHexNibbles      00041519 f   UefiShellDebug1CommandsLib:SetVar.obj
 0001:0003053f       _TestDataType              0004153f f   UefiShellDebug1CommandsLib:SetVar.obj
 0001:000305e2       _ParseParameterData        000415e2 f   UefiShellDebug1CommandsLib:SetVar.obj
 0001:0003082a       _GetVariableDataFromParameter 0004182a f   UefiShellDebug1CommandsLib:SetVar.obj
 0001:000309bb       _ShellCommandRunSetVar     000419bb f   UefiShellDebug1CommandsLib:SetVar.obj
 0001:00030dab       _GetAttrType               00041dab f   UefiShellDebug1CommandsLib:DmpStore.obj
 0001:00030e94       _BinaryToHexString         00041e94 f   UefiShellDebug1CommandsLib:DmpStore.obj
 0001:00030f16       _LoadVariablesFromFile     00041f16 f   UefiShellDebug1CommandsLib:DmpStore.obj
 0001:000312fa       _AppendSingleVariableToFile 000422fa f   UefiShellDebug1CommandsLib:DmpStore.obj
 0001:000313c8       _CascadeProcessVariables   000423c8 f   UefiShellDebug1CommandsLib:DmpStore.obj
 0001:000317de       _ProcessVariables          000427de f   UefiShellDebug1CommandsLib:DmpStore.obj
 0001:00031964       _ShellCommandRunDmpStore   00042964 f   UefiShellDebug1CommandsLib:DmpStore.obj
 0001:00031e67       _ShellCommandRunSmbiosView 00042e67 f   UefiShellDebug1CommandsLib:SmbiosView.obj
 0001:0003222a       _SMBiosView                0004322a f   UefiShellDebug1CommandsLib:SmbiosView.obj
 0001:000324b4       _SMBios64View              000434b4 f   UefiShellDebug1CommandsLib:SmbiosView.obj
 0001:0003273d       _InitSmbiosTableStatistics 0004373d f   UefiShellDebug1CommandsLib:SmbiosView.obj
 0001:00032871       _CalculateSmbios64BitStructureCountAndLength 00043871 f   UefiShellDebug1CommandsLib:SmbiosView.obj
 0001:000328eb       _InitSmbios64BitTableStatistics 000438eb f   UefiShellDebug1CommandsLib:SmbiosView.obj
 0001:00032a4e       _DisplayStatisticsTable    00043a4e f   UefiShellDebug1CommandsLib:SmbiosView.obj
 0001:00032b8d       _DisplaySmbios64BitStatisticsTable 00043b8d f   UefiShellDebug1CommandsLib:SmbiosView.obj
 0001:00032cce       _GetShowTypeString         00043cce f   UefiShellDebug1CommandsLib:SmbiosView.obj
 0001:00032d0a       _ShellCommandRunEfiCompress 00043d0a f   UefiShellDebug1CommandsLib:EfiCompress.obj
 0001:0003319f       _DisplaySettings           0004419f f   UefiShellDebug1CommandsLib:SerMode.obj
 0001:00033368       _ShellCommandRunSerMode    00044368 f   UefiShellDebug1CommandsLib:SerMode.obj
 0001:000337c7       _ShellCommandRunHexEdit    000447c7 f   UefiShellDebug1CommandsLib:HexEdit.obj
 0001:00033d76       _ShellCommandRunSetSize    00044d76 f   UefiShellDebug1CommandsLib:SetSize.obj
 0001:00034038       _DisplayTheBlocks          00045038 f   UefiShellDebug1CommandsLib:Dblk.obj
 0001:000341a8       _ShellCommandRunDblk       000451a8 f   UefiShellDebug1CommandsLib:Dblk.obj
 0001:000344b7       _ShellCommandRunEfiDecompress 000454b7 f   UefiShellDebug1CommandsLib:EfiDecompress.obj
 0001:00034a09       _ShellCommandRunMode       00045a09 f   UefiShellDebug1CommandsLib:Mode.obj
 0001:00034d1f       _ShellMmDecodePciAddress   00045d1f f   UefiShellDebug1CommandsLib:Mm.obj
 0001:00034def       _ShellMmAccess             00045def f   UefiShellDebug1CommandsLib:Mm.obj
 0001:0003528e       _ShellMmLocateIoProtocol   0004628e f   UefiShellDebug1CommandsLib:Mm.obj
 0001:0003544e       _ShellCommandRunMm         0004644e f   UefiShellDebug1CommandsLib:Mm.obj
 0001:00035b17       _FileBufferInit            00046b17 f   UefiShellDebug1CommandsLib:FileBuffer.obj
 0001:00035ba1       _FileBufferBackup          00046ba1 f   UefiShellDebug1CommandsLib:FileBuffer.obj
 0001:00035c3b       _InternalEditorMiscLineAdvance 00046c3b f   UefiShellDebug1CommandsLib:FileBuffer.obj
 0001:00035c8d       _InternalEditorMiscLineRetreat 00046c8d f   UefiShellDebug1CommandsLib:FileBuffer.obj
 0001:00035cdf       _MoveLine                  00046cdf f   UefiShellDebug1CommandsLib:FileBuffer.obj
 0001:00035d14       _FileBufferRestoreMousePosition 00046d14 f   UefiShellDebug1CommandsLib:FileBuffer.obj
 0001:00035ef9       _FileBufferFreeLines       00046ef9 f   UefiShellDebug1CommandsLib:FileBuffer.obj
 0001:00035f62       _FileBufferPrintLine       00046f62 f   UefiShellDebug1CommandsLib:FileBuffer.obj
 0001:0003602e       _FileBufferRestorePosition 0004702e f   UefiShellDebug1CommandsLib:FileBuffer.obj
 0001:0003604c       _FileBufferRefresh         0004704c f   UefiShellDebug1CommandsLib:FileBuffer.obj
 0001:000361ca       _FileBufferCreateLine      000471ca f   UefiShellDebug1CommandsLib:FileBuffer.obj
 0001:00036253       _FileBufferSetFileName     00047253 f   UefiShellDebug1CommandsLib:FileBuffer.obj
 0001:000362a1       _FileBufferRead            000472a1 f   UefiShellDebug1CommandsLib:FileBuffer.obj
 0001:000367d3       _GetNewLine                000477d3 f   UefiShellDebug1CommandsLib:FileBuffer.obj
 0001:00036878       _FileBufferSave            00047878 f   UefiShellDebug1CommandsLib:FileBuffer.obj
 0001:00036bf3       _FileBufferScrollLeft      00047bf3 f   UefiShellDebug1CommandsLib:FileBuffer.obj
 0001:00036c50       _LineCat                   00047c50 f   UefiShellDebug1CommandsLib:FileBuffer.obj
 0001:00036ca8       _FileBufferDoBackspace     00047ca8 f   UefiShellDebug1CommandsLib:FileBuffer.obj
 0001:00036d70       _FileBufferDoReturn        00047d70 f   UefiShellDebug1CommandsLib:FileBuffer.obj
 0001:00036e8c       _FileBufferDoDelete        00047e8c f   UefiShellDebug1CommandsLib:FileBuffer.obj
 0001:00036f49       _FileBufferScrollRight     00047f49 f   UefiShellDebug1CommandsLib:FileBuffer.obj
 0001:00036f81       _LineStrInsert             00047f81 f   UefiShellDebug1CommandsLib:FileBuffer.obj
 0001:00036fde       _FileBufferAddChar         00047fde f   UefiShellDebug1CommandsLib:FileBuffer.obj
 0001:00037037       _FileBufferDoCharInput     00048037 f   UefiShellDebug1CommandsLib:FileBuffer.obj
 0001:0003707f       _FileBufferScrollDown      0004807f f   UefiShellDebug1CommandsLib:FileBuffer.obj
 0001:000370e2       _FileBufferScrollUp        000480e2 f   UefiShellDebug1CommandsLib:FileBuffer.obj
 0001:0003713f       _FileBufferHandleInput     0004813f f   UefiShellDebug1CommandsLib:FileBuffer.obj
 0001:00037293       _FileBufferMovePosition    00048293 f   UefiShellDebug1CommandsLib:FileBuffer.obj
 0001:000373c2       _FileBufferCutLine         000483c2 f   UefiShellDebug1CommandsLib:FileBuffer.obj
 0001:000374d0       _FileBufferPasteLine       000484d0 f   UefiShellDebug1CommandsLib:FileBuffer.obj
 0001:00037587       _FileBufferSearch          00048587 f   UefiShellDebug1CommandsLib:FileBuffer.obj
 0001:00037650       _FileBufferReplace         00048650 f   UefiShellDebug1CommandsLib:FileBuffer.obj
 0001:00037859       _FileBufferAdjustMousePosition 00048859 f   UefiShellDebug1CommandsLib:FileBuffer.obj
 0001:000378db       _FileBufferReplaceAll      000488db f   UefiShellDebug1CommandsLib:FileBuffer.obj
 0001:00037aed       _MainCommandOpenFile       00048aed f   UefiShellDebug1CommandsLib:MainTextEditor.obj
 0001:00037c6b       _MainCommandSwitchFileType 00048c6b f   UefiShellDebug1CommandsLib:MainTextEditor.obj
 0001:00037c9c       _MainCommandCutLine        00048c9c f   UefiShellDebug1CommandsLib:MainTextEditor.obj
 0001:00037cc5       _MainCommandPasteLine      00048cc5 f   UefiShellDebug1CommandsLib:MainTextEditor.obj
 0001:00037ce0       _MainCommandSearch         00048ce0 f   UefiShellDebug1CommandsLib:MainTextEditor.obj
 0001:00037e3c       _MainCommandSearchReplace  00048e3c f   UefiShellDebug1CommandsLib:MainTextEditor.obj
 0001:0003811f       _MainCommandExit           0004911f f   UefiShellDebug1CommandsLib:MainTextEditor.obj
 0001:000381c9       _MainCommandGotoLine       000491c9 f   UefiShellDebug1CommandsLib:MainTextEditor.obj
 0001:00038244       _MainCommandSaveFile       00049244 f   UefiShellDebug1CommandsLib:MainTextEditor.obj
 0001:0003844f       _MainCommandDisplayHelp    0004944f f   UefiShellDebug1CommandsLib:MainTextEditor.obj
 0001:000384c3       _MainEditorInit            000494c3 f   UefiShellDebug1CommandsLib:MainTextEditor.obj
 0001:000386ad       _MainEditorCleanup         000496ad f   UefiShellDebug1CommandsLib:MainTextEditor.obj
 0001:0003879b       _MainEditorRefresh         0004979b f   UefiShellDebug1CommandsLib:MainTextEditor.obj
 0001:000388a0       _MainEditorHandleMouseInput 000498a0 f   UefiShellDebug1CommandsLib:MainTextEditor.obj
 0001:000389ba       _MainEditorKeyInput        000499ba f   UefiShellDebug1CommandsLib:MainTextEditor.obj
 0001:00038b20       _StatusBarInit             00049b20 f   UefiShellDebug1CommandsLib:EditStatusBar.obj
 0001:00038b3f       _StatusBarRefresh          00049b3f f   UefiShellDebug1CommandsLib:EditStatusBar.obj
 0001:00038c5a       _StatusBarSetStatusString  00049c5a f   UefiShellDebug1CommandsLib:EditStatusBar.obj
 0001:00038c9f       _SmbiosPrintEPSInfo        00049c9f f   UefiShellDebug1CommandsLib:PrintInfo.obj
 0001:00038e8c       _Smbios64BitPrintEPSInfo   00049e8c f   UefiShellDebug1CommandsLib:PrintInfo.obj
 0001:00038fe7       _SmbiosPrintStructure      00049fe7 f   UefiShellDebug1CommandsLib:PrintInfo.obj
 0001:0003c0fb       _DisplayBiosCharacteristics 0004d0fb f   UefiShellDebug1CommandsLib:PrintInfo.obj
 0001:0003c588       _DisplayBiosCharacteristicsExt1 0004d588 f   UefiShellDebug1CommandsLib:PrintInfo.obj
 0001:0003c6a7       _DisplayBiosCharacteristicsExt2 0004d6a7 f   UefiShellDebug1CommandsLib:PrintInfo.obj
 0001:0003c7c3       _DisplayProcessorFamily    0004d7c3 f   UefiShellDebug1CommandsLib:PrintInfo.obj
 0001:0003d597       _DisplayProcessorFamily2   0004e597 f   UefiShellDebug1CommandsLib:PrintInfo.obj
 0001:0003d693       _DisplayProcessorVoltage   0004e693 f   UefiShellDebug1CommandsLib:PrintInfo.obj
 0001:0003d7be       _DisplayProcessorStatus    0004e7be f   UefiShellDebug1CommandsLib:PrintInfo.obj
 0001:0003d8d3       _DisplayMaxMemoryModuleSize 0004e8d3 f   UefiShellDebug1CommandsLib:PrintInfo.obj
 0001:0003d957       _DisplayMemoryModuleConfigHandles 0004e957 f   UefiShellDebug1CommandsLib:PrintInfo.obj
 0001:0003d9d0       _DisplayMmBankConnections  0004e9d0 f   UefiShellDebug1CommandsLib:PrintInfo.obj
 0001:0003da86       _DisplayMmMemorySize       0004ea86 f   UefiShellDebug1CommandsLib:PrintInfo.obj
 0001:0003db51       _DisplayCacheConfiguration 0004eb51 f   UefiShellDebug1CommandsLib:PrintInfo.obj
 0001:0003dd40       _DisplaySystemSlotId       0004ed40 f   UefiShellDebug1CommandsLib:PrintInfo.obj
 0001:0003de4b       _DisplaySystemBootStatus   0004ee4b f   UefiShellDebug1CommandsLib:PrintInfo.obj
 0001:0003df45       _DisplaySBDSManufactureDate 0004ef45 f   UefiShellDebug1CommandsLib:PrintInfo.obj
 0001:0003dfb9       _DisplaySystemResetCapabilities 0004efb9 f   UefiShellDebug1CommandsLib:PrintInfo.obj
 0001:0003e128       _DisplayHardwareSecuritySettings 0004f128 f   UefiShellDebug1CommandsLib:PrintInfo.obj
 0001:0003e304       _DisplayOBRAConnections    0004f304 f   UefiShellDebug1CommandsLib:PrintInfo.obj
 0001:0003e3a4       _DisplaySPSCharacteristics 0004f3a4 f   UefiShellDebug1CommandsLib:PrintInfo.obj
 0001:0003e61c       _DisplayTpmDeviceCharacteristics 0004f61c f   UefiShellDebug1CommandsLib:PrintInfo.obj
 0001:0003e73a       _LibSmbiosInit             0004f73a f   UefiShellDebug1CommandsLib:LibSmbiosView.obj
 0001:0003e79d       _LibSmbios64BitInit        0004f79d f   UefiShellDebug1CommandsLib:LibSmbiosView.obj
 0001:0003e800       _LibGetSmbiosString        0004f800 f   UefiShellDebug1CommandsLib:LibSmbiosView.obj
 0001:0003e851       _LibGetSmbiosStructure     0004f851 f   UefiShellDebug1CommandsLib:LibSmbiosView.obj
 0001:0003e91b       _LibGetSmbios64BitStructure 0004f91b f   UefiShellDebug1CommandsLib:LibSmbiosView.obj
 0001:0003e9e2       _PutDword                  0004f9e2 f   UefiShellDebug1CommandsLib:Compress.obj
 0001:0003ea32       _AllocateMemory            0004fa32 f   UefiShellDebug1CommandsLib:Compress.obj
 0001:0003eae0       _FreeMemory                0004fae0 f   UefiShellDebug1CommandsLib:Compress.obj
 0001:0003eb8d       _InitSlide                 0004fb8d f   UefiShellDebug1CommandsLib:Compress.obj
 0001:0003ec1c       _Child                     0004fc1c f   UefiShellDebug1CommandsLib:Compress.obj
 0001:0003ec59       _MakeChild                 0004fc59 f   UefiShellDebug1CommandsLib:Compress.obj
 0001:0003ecbc       _Split                     0004fcbc f   UefiShellDebug1CommandsLib:Compress.obj
 0001:0003ed7f       _InsertNode                0004fd7f f   UefiShellDebug1CommandsLib:Compress.obj
 0001:0003efff       _DeleteNode                0004ffff f   UefiShellDebug1CommandsLib:Compress.obj
 0001:0003f1e8       _FreadCrc                  000501e8 f   UefiShellDebug1CommandsLib:Compress.obj
 0001:0003f250       _GetNextMatch              00050250 f   UefiShellDebug1CommandsLib:Compress.obj
 0001:0003f2e7       _DownHeap                  000502e7 f   UefiShellDebug1CommandsLib:Compress.obj
 0001:0003f370       _CountLen                  00050370 f   UefiShellDebug1CommandsLib:Compress.obj
 0001:0003f3ba       _MakeLen                   000503ba f   UefiShellDebug1CommandsLib:Compress.obj
 0001:0003f469       _MakeTree                  00050469 f   UefiShellDebug1CommandsLib:Compress.obj
 0001:0003f606       _PutBits                   00050606 f   UefiShellDebug1CommandsLib:Compress.obj
 0001:0003f690       _CountTFreq                00050690 f   UefiShellDebug1CommandsLib:Compress.obj
 0001:0003f766       _WritePTLen                00050766 f   UefiShellDebug1CommandsLib:Compress.obj
 0001:0003f7df       _WriteCLen                 000507df f   UefiShellDebug1CommandsLib:Compress.obj
[...]
 0003:00061d7d       _FileBufferOnlyLineNeedRefresh 000d8d7d     <common>
 0003:00061d80       _mNumberOfSmbios64BitStructures 000d8d80     <common>
 0003:00061d84       _SmbiosMajorVersion        000d8d84     <common>
 0003:00061d85       _SmbiosMinorVersion        000d8d85     <common>
 0003:00061d88       _mSmbios64BitTableLength   000d8d88     <common>
 0003:00061da0       _gShellMapList             000d8da0     <common>
 0003:00061dc0       _mGuidList                 000d8dc0     <common>
 0003:00061dc4       _mGuidListCount            000d8dc4     <common>
 0003:00061dc8       _mEfiShellEnvironment2Handle 000d8dc8     <common>
 0003:00061de0       _FileFunctionMap           000d8de0     <common>
 0003:00061e08       _mUnicodeCollationProtocol 000d8e08     <common>
 0003:00061e0c       _mEfiShellInterface        000d8e0c     <common>
 0003:00061e10       _mEfiShellEnvironment2     000d8e10     <common>
 0003:00061e14       _gEfiShellProtocol         000d8e14     <common>
 0003:00061e18       _gEfiShellParametersProtocol 000d8e18     <common>
 0003:00061e20       _gShellEnvVarList          000d8e20     <common>

 entry point at        0001:000001d9

 Static symbols

 0001:0000001a       _InternalMemCopyMem.0      0001101a     BaseMemoryLibOptDxe:CopyMem.obj
 0001:0000002c       _InternalMemCopyMem.1      0001102c     BaseMemoryLibOptDxe:CopyMem.obj
 0001:0000003e       _InternalMemCopyMem.2      0001103e     BaseMemoryLibOptDxe:CopyMem.obj
 0001:0000005b       @CopyBackward              0001105b     BaseMemoryLibOptDxe:CopyMem.obj
 0001:00000062       @CopyBytes                 00011062     BaseMemoryLibOptDxe:CopyMem.obj
 0001:00000131       _InternalMemSetMem64.0     00011131     BaseMemoryLibOptDxe:SetMem64.obj
 0001:00000176       _InternalMathDivRemU64x64.0 00011176     BaseLib:DivU64x64Remainder.obj
 0001:0000017b       _@DivRemU64x64             0001117b     BaseLib:DivU64x64Remainder.obj
 0001:0000018e       _@DivRemU64x64.1           0001118e     BaseLib:DivU64x64Remainder.obj
 0001:000001bb       @TooLarge                  000111bb     BaseLib:DivU64x64Remainder.obj
 0001:000001c6       @Correct                   000111c6     BaseLib:DivU64x64Remainder.obj
 0001:000001d1       @Return                    000111d1     BaseLib:DivU64x64Remainder.obj
 0001:000036a1       $LN383                     000146a1     * CIL library *:* CIL module *
 0001:0000635f       _NestingEnabled            0001735f f   * CIL library *:* CIL module *
 0001:00012abf       $LN31                      00023abf     * CIL library *:* CIL module *
 0001:000135d9       _DevicePathProtocolDumpInformationEx 000245d9 f   * CIL library *:* CIL module *
 0001:00020dd9       $LN114                     00031dd9     * CIL library *:* CIL module *
 0001:00024b5a       $LN148                     00035b5a     * CIL library *:* CIL module *
 0001:00024b7a       $LN149                     00035b7a     * CIL library *:* CIL module *
 0001:000250cb       _CopyListOfCommandNamesWithDynamic 000360cb f   * CIL library *:* CIL module *
 0001:0002d983       $LN38                      0003e983     * CIL library *:* CIL module *
 0001:000304dd       $LN146                     000414dd     * CIL library *:* CIL module *
 0001:00037267       $LN40                      00048267     * CIL library *:* CIL module *
 0001:0003c04f       $LN996                     0004d04f     * CIL library *:* CIL module *
 0001:0003c0ab       $LN997                     0004d0ab     * CIL library *:* CIL module *
 0001:0003d1ab       $LN212                     0004e1ab     * CIL library *:* CIL module *
 0001:0003e5fc       $LN50                      0004f5fc     * CIL library *:* CIL module *
 0001:00042cb8       $LN34                      00053cb8     * CIL library *:* CIL module *
 0002:000007e0       _mStartupScript            0005f7e0     * CIL library *:* CIL module *
 0002:000007f8       _mScriptExtension          0005f7f8     * CIL library *:* CIL module *
 0002:00000824       _mExecutableExtensions     0005f824     * CIL library *:* CIL module *
 0002:00003a0c       _EfiIsaIoProtocolGuid      00062a0c     * CIL library *:* CIL module *
 0002:00003a1c       _EfiIsaAcpiProtocolGuid    00062a1c     * CIL library *:* CIL module *
 0002:00003a2c       _WinNtThunkProtocolGuid    00062a2c     * CIL library *:* CIL module *
 0002:00003a3c       _WinNtIoProtocolGuid       00062a3c     * CIL library *:* CIL module *
 0002:00003a50       _mGuidStringListNT         00062a50     * CIL library *:* CIL module *
 0002:00003a80       _WinNtSerialPortGuid       00062a80     * CIL library *:* CIL module *
 0002:00003a90       _mGuidStringList           00062a90     * CIL library *:* CIL module *
 0002:00004b50       _Hex                       00063b50     * CIL library *:* CIL module *
 0002:00004f10       _ParamList                 00063f10     * CIL library *:* CIL module *
 0002:00004f70       _SetParamList              00063f70     * CIL library *:* CIL module *
 0002:00005010       _ParamList                 00064010     * CIL library *:* CIL module *
 0002:00005110       _ResetParamList            00064110     * CIL library *:* CIL module *
 0002:00005210       _MapParamList              00064210     * CIL library *:* CIL module *
 0002:00005420       _ParamList                 00064420     * CIL library *:* CIL module *
 0002:000054f0       _TimeZoneList              000644f0     * CIL library *:* CIL module *
 0002:00005580       _TimeParamList3            00064580     * CIL library *:* CIL module *
 0002:000055a0       _TimeZoneParamList3        000645a0     * CIL library *:* CIL module *
 0002:00005840       _LsParamList               00064840     * CIL library *:* CIL module *
 0002:0000593c       _AllFiles                  0006493c     * CIL library *:* CIL module *
 0002:00005940       _AttribParamList           00064940     * CIL library *:* CIL module *
 0002:00005a30       _ParamList                 00064a30     * CIL library *:* CIL module *
 0002:00005ab0       _LoadParamList             00064ab0     * CIL library *:* CIL module *
 0002:00005ae4       _mFileName                 00064ae4     UefiShellLevel2CommandsLib:UefiShellLevel2CommandsLib.obj
 0002:00005df0       _ParamList                 00064df0     * CIL library *:* CIL module *
 0002:00006090       _ParamList                 00065090     * CIL library *:* CIL module *
 0002:000060f0       _ParamList                 000650f0     * CIL library *:* CIL module *
 0002:000061c0       _ParamList                 000651c0     * CIL library *:* CIL module *
 0002:00006260       _ParamList                 00065260     * CIL library *:* CIL module *
 0002:000062c0       _ParamList                 000652c0     * CIL library *:* CIL module *
 0002:00006310       _ParamList                 00065310     * CIL library *:* CIL module *
 0002:00006360       _ParamList                 00065360     * CIL library *:* CIL module *
 0002:00006480       _ParamList                 00065480     * CIL library *:* CIL module *
 0002:00006570       _mFileName                 00065570     UefiShellLevel2CommandsLib:UefiShellLevel2CommandsLib.obj
 0002:000066a0       _ParamList                 000656a0     * CIL library *:* CIL module *
 0002:000067e0       _ParamList                 000657e0     * CIL library *:* CIL module *
 0002:00006840       _ParamList                 00065840     * CIL library *:* CIL module *
 0002:00006a40       _ParamListPreHii           00065a40     * CIL library *:* CIL module *
 0002:00006a70       _ParamListHii              00065a70     * CIL library *:* CIL module *
 0002:00006af4       _StringDriver              00065af4     * CIL library *:* CIL module *
 0002:00006b08       _StringHandProt            00065b08     * CIL library *:* CIL module *
 0002:00006b1c       _StringDriverEx            00065b1c     * CIL library *:* CIL module *
 0002:00006b30       _StringTestProt            00065b30     * CIL library *:* CIL module *
 0002:00006b44       _StringChild               00065b44     * CIL library *:* CIL module *
 0002:00006b58       _StringExclusive           00065b58     * CIL library *:* CIL module *
 0002:00006b6c       _StringUnknown             00065b6c     * CIL library *:* CIL module *
 0002:00006b80       _StringGetProt             00065b80     * CIL library *:* CIL module *
 0002:00006bf0       _ParamList                 00065bf0     * CIL library *:* CIL module *
 0002:00006c70       _ParamList                 00065c70     * CIL library *:* CIL module *
 0002:00006cd0       _ParamList                 00065cd0     * CIL library *:* CIL module *
 0002:00006ea0       _ParamList                 00065ea0     * CIL library *:* CIL module *
 0002:00006f60       _ParamList                 00065f60     * CIL library *:* CIL module *
 0002:00006fd0       _ParamList                 00065fd0     * CIL library *:* CIL module *
 0002:00007198       _mFileName                 00066198     UefiShellLevel2CommandsLib:UefiShellLevel2CommandsLib.obj
 0002:0000ce10       _ParamList                 0006be10     * CIL library *:* CIL module *
 0002:0000cef0       _ParamList                 0006bef0     * CIL library *:* CIL module *
 0002:0000cf90       _ParamList                 0006bf90     * CIL library *:* CIL module *
 0002:0000d000       _ParamList                 0006c000     * CIL library *:* CIL module *
 0002:0000d060       _NameEfiRuntimeServicesData 0006c060     * CIL library *:* CIL module *
 0002:0000d078       _NameEfiMemoryMappedIOPortSpace 0006c078     * CIL library *:* CIL module *
 0002:0000d0a8       _NameEfiUnusableMemoryShort 0006c0a8     * CIL library *:* CIL module *
 0002:0000d0bc       _NameEfiRuntimeServicesDataShort 0006c0bc     * CIL library *:* CIL module *
 0002:0000d0cc       _NameEfiUnusableMemory     0006c0cc     * CIL library *:* CIL module *
 0002:0000d0ec       _NameEfiConventionalMemory 0006c0ec     * CIL library *:* CIL module *
 0002:0000d100       _NameEfiACPIMemoryNVSShort 0006c100     * CIL library *:* CIL module *
 0002:0000d114       _NameEfiRuntimeServicesCodeShort 0006c114     * CIL library *:* CIL module *
 0002:0000d124       _NameEfiLoaderData         0006c124     * CIL library *:* CIL module *
 0002:0000d13c       _NameEfiPersistentMemory   0006c13c     * CIL library *:* CIL module *
 0002:0000d154       _NameEfiBootServicesCodeShort 0006c154     * CIL library *:* CIL module *
 0002:0000d164       _NameEfiBootServicesDataShort 0006c164     * CIL library *:* CIL module *
 0002:0000d174       _NameEfiBootServicesCode   0006c174     * CIL library *:* CIL module *
 0002:0000d194       _NameEfiRuntimeServicesCode 0006c194     * CIL library *:* CIL module *
 0002:0000d1ac       _NameEfiReservedMemoryType 0006c1ac     * CIL library *:* CIL module *
 0002:0000d1c0       _NameEfiLoaderCode         0006c1c0     * CIL library *:* CIL module *
 0002:0000d1d8       _NameEfiPalCode            0006c1d8     * CIL library *:* CIL module *
 0002:0000d1e8       _NameEfiMemoryMappedIO     0006c1e8     * CIL library *:* CIL module *
 0002:0000d208       _NameEfiACPIMemoryNVS      0006c208     * CIL library *:* CIL module *
 0002:0000d224       _NameEfiACPIReclaimMemory  0006c224     * CIL library *:* CIL module *
 0002:0000d248       _NameEfiMemoryMappedIOPortSpaceShort 0006c248     * CIL library *:* CIL module *
 0002:0000d25c       _NameEfiACPIReclaimMemoryShort 0006c25c     * CIL library *:* CIL module *
 0002:0000d270       _NameEfiBootServicesData   0006c270     * CIL library *:* CIL module *
 0002:0000d290       _NameEfiMemoryMappedIOShort 0006c290     * CIL library *:* CIL module *
 0002:0000d340       _ParamList                 0006c340     * CIL library *:* CIL module *
 0002:0000d450       _ParamList                 0006c450     * CIL library *:* CIL module *
 0002:0000d770       _ParamList                 0006c770     * CIL library *:* CIL module *
 0002:0000d890       _ParamList                 0006c890     * CIL library *:* CIL module *
 0002:0000db40       _ParamList                 0006cb40     * CIL library *:* CIL module *
 0002:00016b00       _PingParamList             00075b00     * CIL library *:* CIL module *
 0002:00016c58       _PermanentString           00075c58     * CIL library *:* CIL module *
 0002:00017468       _mFileName                 00076468     UefiShellLevel2CommandsLib:UefiShellLevel2CommandsLib.obj
 0002:00017490       _ParamList                 00076490     * CIL library *:* CIL module *
 0003:0002aa3c       _DiagGuidList              000a1a3c     * CIL library *:* CIL module *
 0003:00037538       _CfgGuidList               000ae538     * CIL library *:* CIL module *
 0003:0005576c       _mSmbios64BitStruct        000cc76c     * CIL library *:* CIL module *
 0003:00055770       _mSmbiosStruct             000cc770     * CIL library *:* CIL module *
 0003:0005f3f0       _mUnicodeCollation         000d63f0     * CIL library *:* CIL module *
 0003:0005f418       _mBlkMaxCount              000d6418     * CIL library *:* CIL module *
 0003:0005f41c       _mFsMaxCount               000d641c     * CIL library *:* CIL module *
 0003:0005f43c       _mSmbios64BitStatisticsTable 000d643c     * CIL library *:* CIL module *
 0003:0005f440       _mStatisticsTable          000d6440     * CIL library *:* CIL module *
 0003:0005f444       _mSmbios64BitTable         000d6444     * CIL library *:* CIL module *
 0003:0005f448       _m64Init                   000d6448     * CIL library *:* CIL module *
 0003:0005f44c       _mSmbiosTable              000d644c     * CIL library *:* CIL module *
 0003:0005f450       _m_SmbiosStruct            000d6450     * CIL library *:* CIL module *
 0003:0005f454       _m_Smbios64BitStruct       000d6454     * CIL library *:* CIL module *
 0003:0005f458       _mExitRequested            000d6458     * CIL library *:* CIL module *
 0003:0005f459       _mEchoState                000d6459     * CIL library *:* CIL module *
 0003:0005f45a       _mExitScript               000d645a     * CIL library *:* CIL module *
 0003:0005f460       _mExitCode                 000d6460     * CIL library *:* CIL module *
 0003:0005f468       _mCommandList              000d6468     * CIL library *:* CIL module *
 0003:0005f488       _mScriptList               000d6488     * CIL library *:* CIL module *
 0003:0005f494       _mProfileListSize          000d6494     * CIL library *:* CIL module *
 0003:0005f498       _mProfileList              000d6498     * CIL library *:* CIL module *
 0003:0005f49c       _mAliasList                000d649c     * CIL library *:* CIL module *
 0003:0005f4ac       _mFileHandleList           000d64ac     * CIL library *:* CIL module *
 0003:0005f4b8       _mSrcUpperLimit            000d64b8     * CIL library *:* CIL module *
 0003:0005f4bc       _mMatchLen                 000d64bc     * CIL library *:* CIL module *
 0003:0005f4c0       _mCrc                      000d64c0     * CIL library *:* CIL module *
 0003:0005f4c4       _mRemainder                000d64c4     * CIL library *:* CIL module *
 0003:0005f4c8       _mOutputMask               000d64c8     * CIL library *:* CIL module *
 0003:0005f4cc       _mLevel                    000d64cc     * CIL library *:* CIL module *
 0003:0005f4d0       _mLen                      000d64d0     * CIL library *:* CIL module *
 0003:0005f4d4       _mMatchPos                 000d64d4     * CIL library *:* CIL module *
 0003:0005f4d8       _mDstUpperLimit            000d64d8     * CIL library *:* CIL module *
 0003:0005f4dc       _mText                     000d64dc     * CIL library *:* CIL module *
 0003:0005f4e0       _mFreq                     000d64e0     * CIL library *:* CIL module *
 0003:0005f4e4       _mAvail                    000d64e4     * CIL library *:* CIL module *
 0003:0005f4e8       _mCompSize                 000d64e8     * CIL library *:* CIL module *
 0003:0005f4ec       _mSrc                      000d64ec     * CIL library *:* CIL module *
 0003:0005f4f0       ?CPos@?1??CompressOutput@@9@9 000d64f0     * CIL library *:* CIL module *
 0003:0005f4f4       _mTempInt32                000d64f4     * CIL library *:* CIL module *
 0003:0005f4f8       _mPrev                     000d64f8     * CIL library *:* CIL module *
 0003:0005f500       _mCLen                     000d6500     * CIL library *:* CIL module *
 0003:0005f700       _mPTCode                   000d6700     * CIL library *:* CIL module *
 0003:0005f728       _mOutputPos                000d6728     * CIL library *:* CIL module *
 0003:0005f72c       _mPos                      000d672c     * CIL library *:* CIL module *
 0003:0005f730       _mPosition                 000d6730     * CIL library *:* CIL module *
 0003:0005f734       _mBitCount                 000d6734     * CIL library *:* CIL module *
 0003:0005f738       _mParent                   000d6738     * CIL library *:* CIL module *
 0003:0005f740       _mPTLen                    000d6740     * CIL library *:* CIL module *
 0003:0005f754       _mOrigSize                 000d6754     * CIL library *:* CIL module *
 0003:0005f758       _mSubBitBuf                000d6758     * CIL library *:* CIL module *
 0003:0005f760       _mCrcTable                 000d6760     * CIL library *:* CIL module *
 0003:0005f960       _mCFreq                    000d6960     * CIL library *:* CIL module *
 0003:00060158       _mChildCount               000d7158     * CIL library *:* CIL module *
 0003:00060160       _mLeft                     000d7160     * CIL library *:* CIL module *
 0003:00060958       _mBuf                      000d7958     * CIL library *:* CIL module *
 0003:00060960       _mTFreq                    000d7960     * CIL library *:* CIL module *
 0003:000609b0       _mLenCnt                   000d79b0     * CIL library *:* CIL module *
 0003:000609d4       _mHeapSize                 000d79d4     * CIL library *:* CIL module *
 0003:000609d8       _mSortPtr                  000d79d8     * CIL library *:* CIL module *
 0003:000609e0       _mHeap                     000d79e0     * CIL library *:* CIL module *
 0003:00060de0       _mPFreq                    000d7de0     * CIL library *:* CIL module *
 0003:00060e18       _mDst                      000d7e18     * CIL library *:* CIL module *
 0003:00060e20       _mRight                    000d7e20     * CIL library *:* CIL module *
 0003:00061618       _mSrcString                000d8618     * CIL library *:* CIL module *
 0003:00061620       _mCCode                    000d8620     * CIL library *:* CIL module *
 0003:00061a1c       _mDstString                000d8a1c     * CIL library *:* CIL module *
 0003:00061a20       ?CheckConflict@?1??IfConfigRetriveCheckListByName@@9@9 000d8a20     * CIL library *:* CIL module *
 0003:00061a24       ?CheckDuplicate@?1??IfConfigRetriveCheckListByName@@9@9 000d8a24     * CIL library *:* CIL module *
 0003:00061a28       ?CheckDuplicate@?1??IfConfig6RetriveCheckListByName@@9@9 000d8a28     * CIL library *:* CIL module *
 0003:00061a2c       ?CheckConflict@?1??IfConfig6RetriveCheckListByName@@9@9 000d8a2c     * CIL library *:* CIL module *
 0003:00061a30       _mInit                     000d8a30     * CIL library *:* CIL module *
 0003:00061a38       _mNext                     000d8a38     * CIL library *:* CIL module *
 0003:00061a3c       _mBufSiz                   000d8a3c     * CIL library *:* CIL module *
 0003:00061ab4       _gShellBcfgHiiHandle       000d8ab4     * CIL library *:* CIL module *
 0004:00000000       .edata                     000d9000     Shell.exp
 0004:00000028       rgpv                       000d9028     Shell.exp
 0004:0000002c       rgszName                   000d902c     Shell.exp
 0004:00000030       rgwOrd                     000d9030     Shell.exp
 0004:00000032       szName                     000d9032     Shell.exp
 0004:0000003c       $N00001                    000d903c     Shell.exp
