c:/edk2/Build/NT32IA32/DEBUG_VS2013x86/IA32/NetworkPkg/HttpBootDxe/HttpBootDxe/OUTPUT/HttpBootDxe.obj
c:/edk2/Build/NT32IA32/DEBUG_VS2013x86/IA32/NetworkPkg/HttpBootDxe/HttpBootDxe/OUTPUT/HttpBootConfig.obj
c:/edk2/Build/NT32IA32/DEBUG_VS2013x86/IA32/NetworkPkg/HttpBootDxe/HttpBootDxe/OUTPUT/HttpBootComponentName.obj
c:/edk2/Build/NT32IA32/DEBUG_VS2013x86/IA32/NetworkPkg/HttpBootDxe/HttpBootDxe/OUTPUT/HttpBootImpl.obj
c:/edk2/Build/NT32IA32/DEBUG_VS2013x86/IA32/NetworkPkg/HttpBootDxe/HttpBootDxe/OUTPUT/HttpBootDhcp4.obj
c:/edk2/Build/NT32IA32/DEBUG_VS2013x86/IA32/NetworkPkg/HttpBootDxe/HttpBootDxe/OUTPUT/HttpBootDhcp6.obj
c:/edk2/Build/NT32IA32/DEBUG_VS2013x86/IA32/NetworkPkg/HttpBootDxe/HttpBootDxe/OUTPUT/HttpBootSupport.obj
c:/edk2/Build/NT32IA32/DEBUG_VS2013x86/IA32/NetworkPkg/HttpBootDxe/HttpBootDxe/OUTPUT/HttpBootClient.obj
c:/edk2/Build/NT32IA32/DEBUG_VS2013x86/IA32/NetworkPkg/HttpBootDxe/HttpBootDxe/OUTPUT/HttpBootConfigVfr.obj
c:/edk2/Build/NT32IA32/DEBUG_VS2013x86/IA32/NetworkPkg/HttpBootDxe/HttpBootDxe/OUTPUT/AutoGen.obj