 DnsDxe

 Timestamp is 5a2f2e6d (Tue Dec 12 08:18:37 2017)

 Preferred load address is 00010000

 Start         Length     Name                   Class
 0001:00000000 0000011fH .text                   CODE
 0001:0000011f 00007db7H .text$mn                CODE
 0002:00000000 00001d44H .rdata                  DATA
 0002:00001d44 00000084H .rdata$debug            DATA
 0003:00000000 00000288H .data                   DATA
 0003:00000288 00000034H .bss                    DATA
 0004:00000000 0000004eH .edata                  DATA

  Address         Publics by Value              Rva+Base       Lib:Object

 0000:00000000       ___guard_fids_table        00000000     <absolute>
 0000:00000000       ___guard_flags             00000000     <absolute>
 0000:00000000       ___guard_fids_count        00000000     <absolute>
 0001:00000000       _InternalMemCopyMem        00011000     BaseMemoryLibOptDxe:CopyMem.obj
 0001:00000070       _InternalMemZeroMem        00011070     BaseMemoryLibOptDxe:ZeroMem.obj
 0001:00000090       _InternalMemCompareMem     00011090     BaseMemoryLibOptDxe:CompareMem.obj
 0001:000000b0       _InternalMemSetMem         000110b0     BaseMemoryLibOptDxe:SetMem.obj
 0001:000000e0       _InternalMemSetMem32       000110e0     BaseMemoryLibOptDxe:SetMem32.obj
 0001:00000100       _InternalMemSetMem64       00011100     BaseMemoryLibOptDxe:SetMem64.obj
 0001:0000011f       __DriverUnloadHandler      0001111f f   UefiDriverEntryPoint:DriverEntryPoint.obj
 0001:00000142       __ModuleEntryPoint         00011142 f   UefiDriverEntryPoint:DriverEntryPoint.obj
 0001:000001bc       _ProcessLibraryConstructorList 000111bc f   DnsDxe:AutoGen.obj
 0001:0000036b       _ProcessLibraryDestructorList 0001136b f   DnsDxe:AutoGen.obj
 0001:000003b0       _DnsDestroyInstance        000113b0 f   DnsDxe:DnsDriver.obj
 0001:00000410       _DnsCreateInstance         00011410 f   DnsDxe:DnsDriver.obj
 0001:000004b1       _DnsDestroyChildEntryInHandleBuffer 000114b1 f   DnsDxe:DnsDriver.obj
 0001:00000520       _DnsConfigNullUdp          00011520 f   DnsDxe:DnsDriver.obj
 0001:00000523       _DnsDestroyService         00011523 f   DnsDxe:DnsDriver.obj
 0001:0000055a       _DnsCreateService          0001155a f   DnsDxe:DnsDriver.obj
 0001:000006a4       _DnsUnload                 000116a4 f   DnsDxe:DnsDriver.obj
 0001:000007c6       _DnsDriverEntryPoint       000117c6 f   DnsDxe:DnsDriver.obj
 0001:00000920       _Dns4DriverBindingSupported 00011920 f   DnsDxe:DnsDriver.obj
 0001:00000975       _Dns4DriverBindingStart    00011975 f   DnsDxe:DnsDriver.obj
 0001:00000a0a       _Dns4DriverBindingStop     00011a0a f   DnsDxe:DnsDriver.obj
 0001:00000b08       _Dns6DriverBindingSupported 00011b08 f   DnsDxe:DnsDriver.obj
 0001:00000b5d       _Dns6DriverBindingStart    00011b5d f   DnsDxe:DnsDriver.obj
 0001:00000bf2       _Dns6DriverBindingStop     00011bf2 f   DnsDxe:DnsDriver.obj
 0001:00000cf0       _Dns4ServiceBindingCreateChild 00011cf0 f   DnsDxe:DnsDriver.obj
 0001:00000e7e       _Dns4ServiceBindingDestroyChild 00011e7e f   DnsDxe:DnsDriver.obj
 0001:00000fea       _Dns6ServiceBindingCreateChild 00011fea f   DnsDxe:DnsDriver.obj
 0001:00001178       _Dns6ServiceBindingDestroyChild 00012178 f   DnsDxe:DnsDriver.obj
 0001:000012e4       _Dns4RemoveTokenEntry      000122e4 f   DnsDxe:DnsImpl.obj
 0001:000012e4       _Dns6RemoveTokenEntry      000122e4 f   DnsDxe:DnsImpl.obj
 0001:00001306       _Dns4CancelTokens          00012306 f   DnsDxe:DnsImpl.obj
 0001:00001372       _Dns6CancelTokens          00012372 f   DnsDxe:DnsImpl.obj
 0001:000013de       _Dns4InstanceCancelToken   000123de f   DnsDxe:DnsImpl.obj
 0001:0000146a       _Dns6InstanceCancelToken   0001246a f   DnsDxe:DnsImpl.obj
 0001:000014f6       _Dns4CleanConfigure        000124f6 f   DnsDxe:DnsImpl.obj
 0001:00001510       _Dns6CleanConfigure        00012510 f   DnsDxe:DnsImpl.obj
 0001:0000152a       _Dns4CopyConfigure         0001252a f   DnsDxe:DnsImpl.obj
 0001:00001588       _Dns6CopyConfigure         00012588 f   DnsDxe:DnsImpl.obj
 0001:000015eb       _DnsDummyExtFree           000125eb f   DnsDxe:DnsImpl.obj
 0001:000015ec       _Dns4GetMapping            000125ec f   DnsDxe:DnsImpl.obj
 0001:0000168a       _Dns6GetMapping            0001268a f   DnsDxe:DnsImpl.obj
 0001:0000176c       _Dns4ConfigUdp             0001276c f   DnsDxe:DnsImpl.obj
 0001:000017ff       _Dns6ConfigUdp             000127ff f   DnsDxe:DnsImpl.obj
 0001:00001884       _UpdateDns4Cache           00012884 f   DnsDxe:DnsImpl.obj
 0001:00001961       _UpdateDns6Cache           00012961 f   DnsDxe:DnsImpl.obj
 0001:00001a3e       _AddDns4ServerIp           00012a3e f   DnsDxe:DnsImpl.obj
 0001:00001a9c       _AddDns6ServerIp           00012a9c f   DnsDxe:DnsImpl.obj
 0001:00001afa       _IsValidDnsResponse        00012afa f   DnsDxe:DnsImpl.obj
 0001:00001b93       _ParseDnsResponse          00012b93 f   DnsDxe:DnsImpl.obj
 0001:00002336       _DnsOnPacketReceived       00013336 f   DnsDxe:DnsImpl.obj
 0001:000023ee       _DnsOnPacketSent           000133ee f   DnsDxe:DnsImpl.obj
 0001:00002474       _DoDnsQuery                00013474 f   DnsDxe:DnsImpl.obj
 0001:000024b0       _ConstructDNSQuery         000134b0 f   DnsDxe:DnsImpl.obj
 0001:0000258e       _DnsRetransmit             0001358e f   DnsDxe:DnsImpl.obj
 0001:000025f1       _DnsOnTimerRetransmit      000135f1 f   DnsDxe:DnsImpl.obj
 0001:00002747       _DnsOnTimerUpdate          00013747 f   DnsDxe:DnsImpl.obj
 0001:000027bc       _DnsComponentNameGetDriverName 000137bc f   DnsDxe:ComponentName.obj
 0001:000027e6       _UpdateDns4Name            000137e6 f   DnsDxe:ComponentName.obj
 0001:000028b3       _UpdateDns6Name            000138b3 f   DnsDxe:ComponentName.obj
 0001:00002987       _DnsComponentNameGetControllerName 00013987 f   DnsDxe:ComponentName.obj
 0001:00002a4d       _Dns4GetModeData           00013a4d f   DnsDxe:DnsProtocol.obj
 0001:00002be7       _Dns4Configure             00013be7 f   DnsDxe:DnsProtocol.obj
 0001:00002e12       _Dns4HostNameToIp          00013e12 f   DnsDxe:DnsProtocol.obj
 0001:00003087       _Dns6IpToHostName          00014087 f   DnsDxe:DnsProtocol.obj
 0001:00003087       _Dns4IpToHostName          00014087 f   DnsDxe:DnsProtocol.obj
 0001:0000308d       _Dns4GeneralLookUp         0001408d f   DnsDxe:DnsProtocol.obj
 0001:000031f8       _Dns4UpdateDnsCache        000141f8 f   DnsDxe:DnsProtocol.obj
 0001:00003257       _Dns4Poll                  00014257 f   DnsDxe:DnsProtocol.obj
 0001:000032b7       _Dns4Cancel                000142b7 f   DnsDxe:DnsProtocol.obj
 0001:00003327       _Dns6GetModeData           00014327 f   DnsDxe:DnsProtocol.obj
 0001:000034c3       _Dns6Configure             000144c3 f   DnsDxe:DnsProtocol.obj
 0001:00003711       _Dns6HostNameToIp          00014711 f   DnsDxe:DnsProtocol.obj
 0001:000039a7       _Dns6GeneralLookUp         000149a7 f   DnsDxe:DnsProtocol.obj
 0001:00003b18       _Dns6UpdateDnsCache        00014b18 f   DnsDxe:DnsProtocol.obj
 0001:00003b77       _Dns6Poll                  00014b77 f   DnsDxe:DnsProtocol.obj
 0001:00003bd7       _Dns6Cancel                00014bd7 f   DnsDxe:DnsProtocol.obj
 0001:00003c47       _DnsInitSeedPacket         00014c47 f   DnsDxe:DnsDhcp.obj
 0001:00003c9d       _DhcpCommonNotify          00014c9d f   DnsDxe:DnsDhcp.obj
 0001:00003cb0       _ParseDhcp4Ack             00014cb0 f   DnsDxe:DnsDhcp.obj
 0001:00003ddb       _ParseDhcp6Ack             00014ddb f   DnsDxe:DnsDhcp.obj
 0001:00003f20       _GetDns4ServerFromDhcp4    00014f20 f   DnsDxe:DnsDhcp.obj
 0001:0000440c       _GetDns6ServerFromDhcp6    0001540c f   DnsDxe:DnsDhcp.obj
 0001:00004601       _DebugPrint                00015601 f   PeiDxeDebugLibReportStatusCode:DebugLib.obj
 0001:00004758       _DebugAssert               00015758 f   PeiDxeDebugLibReportStatusCode:DebugLib.obj
 0001:00004859       _CopyMem                   00015859 f   BaseMemoryLibOptDxe:CopyMemWrapper.obj
 0001:000048be       _ZeroMem                   000158be f   BaseMemoryLibOptDxe:ZeroMemWrapper.obj
 0001:00004903       _CompareMem                00015903 f   BaseMemoryLibOptDxe:CompareMemWrapper.obj
 0001:00004992       _SetMem                    00015992 f   BaseMemoryLibOptDxe:SetMemWrapper.obj
 0001:000049cb       _InternalBaseLibIsListValid 000159cb f   BaseLib:LinkedList.obj
 0001:00004a2f       _InitializeListHead        00015a2f f   BaseLib:LinkedList.obj
 0001:00004a54       _InsertHeadList            00015a54 f   BaseLib:LinkedList.obj
 0001:00004a8b       _InsertTailList            00015a8b f   BaseLib:LinkedList.obj
 0001:00004ac3       _GetFirstNode              00015ac3 f   BaseLib:LinkedList.obj
 0001:00004ae8       _IsListEmpty               00015ae8 f   BaseLib:LinkedList.obj
 0001:00004b10       _IsNull                    00015b10 f   BaseLib:LinkedList.obj
 0001:00004b3c       _RemoveEntryList           00015b3c f   BaseLib:LinkedList.obj
 0001:00004b70       _StrLen                    00015b70 f   BaseLib:String.obj
 0001:00004bd8       _StrSize                   00015bd8 f   BaseLib:String.obj
 0001:00004be7       _StrCmp                    00015be7 f   BaseLib:String.obj
 0001:00004c4c       _AsciiStrLen               00015c4c f   BaseLib:String.obj
 0001:00004c97       _AsciiStrnCmp              00015c97 f   BaseLib:String.obj
 0001:00004d27       _SwapBytes32               00015d27 f   BaseLib:SwapBytes32.obj
 0001:00004d40       _InternalSafeStringIsOverlap 00015d40 f   BaseLib:SafeString.obj
 0001:00004d66       _InternalSafeStringNoStrOverlap 00015d66 f   BaseLib:SafeString.obj
 0001:00004d86       _StrnLenS                  00015d86 f   BaseLib:SafeString.obj
 0001:00004dcc       _StrCpyS                   00015dcc f   BaseLib:SafeString.obj
 0001:00004ec8       _AsciiStrnLenS             00015ec8 f   BaseLib:SafeString.obj
 0001:00004eef       _AsciiStrCpyS              00015eef f   BaseLib:SafeString.obj
 0001:00004fb0       _InternalAllocatePool      00015fb0 f   UefiMemoryAllocationLib:MemoryAllocationLib.obj
 0001:00004fd5       _InternalAllocateZeroPool  00015fd5 f   UefiMemoryAllocationLib:MemoryAllocationLib.obj
 0001:00004ff1       _InternalAllocateCopyPool  00015ff1 f   UefiMemoryAllocationLib:MemoryAllocationLib.obj
 0001:0000504a       _FreePool                  0001604a f   UefiMemoryAllocationLib:MemoryAllocationLib.obj
 0001:00005080       _DevicePathFromHandle      00016080 f   UefiDevicePathLibDevicePathProtocol:UefiDevicePathLib.obj
 0001:000050a8       _UnicodeSPrint             000160a8 f   BasePrintLib:PrintLib.obj
 0001:000050fd       _BasePrintLibFillBuffer    000160fd f   BasePrintLib:PrintLibInternal.obj
 0001:00005131       _BasePrintLibValueToString 00016131 f   BasePrintLib:PrintLibInternal.obj
 0001:00005196       _BasePrintLibSPrintMarker  00016196 f   BasePrintLib:PrintLibInternal.obj
 0001:00005d67       _BasePrintLibSPrint        00016d67 f   BasePrintLib:PrintLibInternal.obj
 0001:00005d86       _CompareIso639LanguageCode 00016d86 f   UefiLib:UefiLib.obj
 0001:00005da2       _EfiGetSystemConfigurationTable 00016da2 f   UefiLib:UefiLib.obj
 0001:00005dfc       _EfiTestChildHandle        00016dfc f   UefiLib:UefiLib.obj
 0001:00005e7f       _LookupUnicodeString2      00016e7f f   UefiLib:UefiLib.obj
 0001:00005f70       _AddUnicodeString2         00016f70 f   UefiLib:UefiLib.obj
 0001:00006118       _FreeUnicodeStringTable    00017118 f   UefiLib:UefiLib.obj
 0001:0000615a       _EfiLibInstallDriverBindingComponentName2 0001715a f   UefiLib:UefiDriverModel.obj
 0001:000061e5       _GetHobList                000171e5 f   DxeHobLib:HobLib.obj
 0001:0000623f       _GetNextHob                0001723f f   DxeHobLib:HobLib.obj
 0001:0000627c       _GetDebugPrintErrorLevel   0001727c f   DxeDebugPrintErrorLevelLib:DxeDebugPrintErrorLevelLib.obj
 0001:00006372       _GetDebugMask              00017372 f   DxeDebugPrintErrorLevelLib:DxeDebugPrintErrorLevelLib.obj
 0001:0000638a       _SetDebugMask              0001738a f   DxeDebugPrintErrorLevelLib:DxeDebugPrintErrorLevelLib.obj
 0001:00006396       _DispatchDpc               00017396 f   DxeDpcLib:DpcLib.obj
 0001:000063a1       _NetIp4IsUnicast           000173a1 f   DxeNetLib:DxeNetLib.obj
 0001:000063f6       _Ip6Swap128                000173f6 f   DxeNetLib:DxeNetLib.obj
 0001:0000645e       _NetRandomInitSeed         0001745e f   DxeNetLib:DxeNetLib.obj
 0001:000064ba       _NetListRemoveHead         000174ba f   DxeNetLib:DxeNetLib.obj
 0001:000064f9       _NetDestroyLinkList        000174f9 f   DxeNetLib:DxeNetLib.obj
 0001:00006589       _NetMapInit                00017589 f   DxeNetLib:DxeNetLib.obj
 0001:000065ba       _NetMapIsEmpty             000175ba f   DxeNetLib:DxeNetLib.obj
 0001:000065df       _NetMapAllocItem           000175df f   DxeNetLib:DxeNetLib.obj
 0001:0000663d       _NetMapInsertTail          0001763d f   DxeNetLib:DxeNetLib.obj
 0001:00006689       _NetMapFindKey             00017689 f   DxeNetLib:DxeNetLib.obj
 0001:000066bc       _NetMapRemoveItem          000176bc f   DxeNetLib:DxeNetLib.obj
 0001:0000671f       _NetMapIterate             0001771f f   DxeNetLib:DxeNetLib.obj
 0001:00006775       _NetLibDefaultUnload       00017775 f   DxeNetLib:DxeNetLib.obj
 0001:000068ba       _NetLibCreateServiceChild  000178ba f   DxeNetLib:DxeNetLib.obj
 0001:00006914       _NetLibDestroyServiceChild 00017914 f   DxeNetLib:DxeNetLib.obj
 0001:00006969       _NetLibGetSnpHandle        00017969 f   DxeNetLib:DxeNetLib.obj
 0001:000069f9       _NetLibDetectMedia         000179f9 f   DxeNetLib:DxeNetLib.obj
 0001:00006bb7       _NetLibGetNicHandle        00017bb7 f   DxeNetLib:DxeNetLib.obj
 0001:00006c14       _NetLibIp6ToStr            00017c14 f   DxeNetLib:DxeNetLib.obj
 0001:00006d55       _NetLibCreateDnsQName      00017d55 f   DxeNetLib:DxeNetLib.obj
 0001:00006dc4       _NetbufAllocStruct         00017dc4 f   DxeNetLib:NetBuffer.obj
 0001:00006e47       _NetbufFreeVector          00017e47 f   DxeNetLib:NetBuffer.obj
 0001:00006eee       _NetbufFree                00017eee f   DxeNetLib:NetBuffer.obj
 0001:00006f5a       _NetbufGetByte             00017f5a f   DxeNetLib:NetBuffer.obj
 0001:00006fb1       _NetbufSetBlock            00017fb1 f   DxeNetLib:NetBuffer.obj
 0001:00007046       _NetbufFromExt             00018046 f   DxeNetLib:NetBuffer.obj
 0001:00007210       _NetbufBuildExt            00018210 f   DxeNetLib:NetBuffer.obj
 0001:00007258       _UdpIoFreeTxToken          00018258 f   DxeUpdIoLib:DxeUdpIoLib.obj
 0001:00007291       _UdpIoFreeRxToken          00018291 f   DxeUpdIoLib:DxeUdpIoLib.obj
 0001:000072ca       _UdpIoOnDgramSentDpc       000182ca f   DxeUpdIoLib:DxeUdpIoLib.obj
 0001:00007330       _UdpIoOnDgramSent          00018330 f   DxeUpdIoLib:DxeUdpIoLib.obj
 0001:00007347       _UdpIoRecycleDgram         00018347 f   DxeUpdIoLib:DxeUdpIoLib.obj
 0001:0000738a       _UdpIoOnDgramRcvdDpc       0001838a f   DxeUpdIoLib:DxeUdpIoLib.obj
 0001:0000758c       _UdpIoOnDgramRcvd          0001858c f   DxeUpdIoLib:DxeUdpIoLib.obj
 0001:000075a3       _UdpIoCreateRxToken        000185a3 f   DxeUpdIoLib:DxeUdpIoLib.obj
 0001:00007633       _UdpIoCreateTxToken        00018633 f   DxeUpdIoLib:DxeUdpIoLib.obj
 0001:00007752       _UdpIoCreateIo             00018752 f   DxeUpdIoLib:DxeUdpIoLib.obj
 0001:000078f6       _UdpIoCancelDgrams         000188f6 f   DxeUpdIoLib:DxeUdpIoLib.obj
 0001:00007969       _UdpIoFreeIo               00018969 f   DxeUpdIoLib:DxeUdpIoLib.obj
 0001:00007a42       _UdpIoCleanIo              00018a42 f   DxeUpdIoLib:DxeUdpIoLib.obj
 0001:00007ab7       _UdpIoSendDatagram         00018ab7 f   DxeUpdIoLib:DxeUdpIoLib.obj
 0001:00007b4d       _UdpIoCancelSingleDgram    00018b4d f   DxeUpdIoLib:DxeUdpIoLib.obj
 0001:00007b5c       _UdpIoRecvDatagram         00018b5c f   DxeUpdIoLib:DxeUdpIoLib.obj
 0001:00007be7       _InternalGetReportStatusCode 00018be7 f   DxeReportStatusCodeLib:ReportStatusCodeLib.obj
 0001:00007c20       _InternalReportStatusCode  00018c20 f   DxeReportStatusCodeLib:ReportStatusCodeLib.obj
 0001:00007c67       _ReportStatusCodeEx        00018c67 f   DxeReportStatusCodeLib:ReportStatusCodeLib.obj
 0001:00007db7       _CopyGuid                  00018db7 f   BaseMemoryLibOptDxe:MemLibGuid.obj
 0001:00007de7       _CompareGuid               00018de7 f   BaseMemoryLibOptDxe:MemLibGuid.obj
 0001:00007e46       _ReadUnaligned16           00018e46 f   BaseLib:Unaligned.obj
 0001:00007e65       _ReadUnaligned24           00018e65 f   BaseLib:Unaligned.obj
 0001:00007e88       _ReadUnaligned64           00018e88 f   BaseLib:Unaligned.obj
 0001:00007eab       _WriteUnaligned64          00018eab f   BaseLib:Unaligned.obj
 0002:00000038       ??_C@_0CB@DMEJJJHA@?6ASSERT_EFI_ERROR?5?$CIStatus?5?$DN?5?$CFr?$CJ?6@ 00019038     UefiDriverEntryPoint:DriverEntryPoint.obj
 0002:0000005c       ??_C@_0BE@DCHLEIGN@?$CBEFI_ERROR?5?$CIStatus?$CJ?$AA@ 0001905c     UefiDriverEntryPoint:DriverEntryPoint.obj
 0002:00000070       ??_C@_0DP@IIJLMAMA@c?3?2edk2?2MdePkg?2Library?2UefiDrive@ 00019070     UefiDriverEntryPoint:DriverEntryPoint.obj
 0002:000000b0       ??_C@_06IEFOMLO@DnsDxe?$AA@ 000190b0     DnsDxe:AutoGen.obj
 0002:000000b8       ??_C@_0FF@HFGMKBDF@c?3?2edk2?2Build?2NT32IA32?2DEBUG_VS2@ 000190b8     DnsDxe:AutoGen.obj
 0002:00000110       ??_C@_0BF@NDBIKIKC@CR?5has?5Bad?5Signature?$AA@ 00019110     DnsDxe:DnsDriver.obj
 0002:00000128       ??_C@_0CG@ILGJOLBH@c?3?2edk2?2NetworkPkg?2DnsDxe?2DnsDri@ 00019128     DnsDxe:DnsDriver.obj
 0002:00000150       ??_C@_0BG@GEJAOBGJ@DnsSb?5?$CB?$DN?5?$CI?$CIvoid?5?$CK?$CJ?50?$CJ?$AA@ 00019150     DnsDxe:DnsDriver.obj
 0002:00000168       ??_C@_0BJ@DCFLLLOA@Instance?5?$CB?$DN?5?$CI?$CIvoid?5?$CK?$CJ?50?$CJ?$AA@ 00019168     DnsDxe:DnsDriver.obj
 0002:00000184       _mDns6ServiceBinding       00019184     DnsDxe:DnsDriver.obj
 0002:0000018c       _mDns4ServiceBinding       0001918c     DnsDxe:DnsDriver.obj
 0002:00000198       ??_C@_0FA@KKIJACIF@?$CITokenEntry?5?$CB?$DN?5?$CI?$CIvoid?5?$CK?$CJ?50?$CJ?$CJ?5?$HM?$HM?5@ 00019198     DnsDxe:DnsImpl.obj
 0002:000001e8       ??_C@_0CE@GMOMGLPK@c?3?2edk2?2NetworkPkg?2DnsDxe?2DnsImp@ 000191e8     DnsDxe:DnsImpl.obj
 0002:00000210       ??_C@_0FA@EGLCJMBK@?$CITokenEntry?5?$CB?$DN?5?$CI?$CIvoid?5?$CK?$CJ?50?$CJ?$CJ?5?$HM?$HM?5@ 00019210     DnsDxe:DnsImpl.obj
 0002:00000260       ??_C@_0CI@FHJBAPML@Instance?9?$DODns4CfgData?4UseDefault@ 00019260     DnsDxe:DnsImpl.obj
 0002:00000288       ??_C@_0BJ@DGIDDJBJ@TxString?5?$CB?$DN?5?$CI?$CIvoid?5?$CK?$CJ?50?$CJ?$AA@ 00019288     DnsDxe:DnsImpl.obj
 0002:000002a4       ??_C@_0BF@FKFMMCLD@Item?5?$CB?$DN?5?$CI?$CIvoid?5?$CK?$CJ?50?$CJ?$AA@ 000192a4     DnsDxe:DnsImpl.obj
 0002:000002bc       ??_C@_0BP@DGCBCFNE@Dns4TokenEntry?5?$CB?$DN?5?$CI?$CIvoid?5?$CK?$CJ?50?$CJ?$AA@ 000192bc     DnsDxe:DnsImpl.obj
 0002:000002dc       ??_C@_0BP@DFEKNPOO@Dns6TokenEntry?5?$CB?$DN?5?$CI?$CIvoid?5?$CK?$CJ?50?$CJ?$AA@ 000192dc     DnsDxe:DnsImpl.obj
 0002:00000300       ??_C@_0HD@DBOECBAF@?$CI?$CIInstance?$CJ?5?$CB?$DN?5?$CI?$CIvoid?5?$CK?$CJ?50?$CJ?$CJ?5?$CG?$CG?5@ 00019300     DnsDxe:DnsImpl.obj
 0002:00000374       ??_C@_0BH@CELONLOG@Packet?5?$CB?$DN?5?$CI?$CIvoid?5?$CK?$CJ?50?$CJ?$AA@ 00019374     DnsDxe:DnsImpl.obj
 0002:0000038c       ??_C@_0BK@EPDLAFGE@RcvString?5?$CB?$DN?5?$CI?$CIvoid?5?$CK?$CJ?50?$CJ?$AA@ 0001938c     DnsDxe:DnsImpl.obj
 0002:000003a8       ??_C@_0BH@IACGKAP@Buffer?5?$CB?$DN?5?$CI?$CIvoid?5?$CK?$CJ?50?$CJ?$AA@ 000193a8     DnsDxe:DnsImpl.obj
 0002:000003c0       ??_C@_03LKLGDMJI@eng?$AA@  000193c0     DnsDxe:ComponentName.obj
 0002:000003c4       ??_C@_02LFNMGJAP@en?$AA@   000193c4     DnsDxe:ComponentName.obj
 0002:000003c8       ??_C@_06DALJLGPG@eng?$DLen?$AA@ 000193c8     DnsDxe:ComponentName.obj
 0002:000003d0       ??_C@_1DG@DOMDBBAF@?$AAD?$AAN?$AAS?$AA?5?$AAN?$AAe?$AAt?$AAw?$AAo?$AAr?$AAk?$AA?5?$AAS?$AAe?$AAr?$AAv?$AAi?$AAc?$AAe?$AA?5?$AAD?$AAr?$AAi?$AAv?$AAe?$AAr?$AA?$AA@ 000193d0     DnsDxe:ComponentName.obj
 0002:00000408       ??_C@_1FI@IKOCEHAN@?$AAD?$AAN?$AAS?$AAv?$AA4?$AA?5?$AA?$CI?$AAS?$AAt?$AAa?$AAt?$AAi?$AAo?$AAn?$AAI?$AAp?$AA?$DN?$AA?$CF?$AAd?$AA?4?$AA?$CF?$AAd?$AA?4?$AA?$CF?$AAd?$AA?4?$AA?$CF?$AAd?$AA?0?$AA?5?$AAL?$AAo@ 00019408     DnsDxe:ComponentName.obj
 0002:00000460       ??_C@_1EG@DLOFEDHM@?$AAD?$AAN?$AAS?$AAv?$AA6?$AA?5?$AA?$CI?$AAS?$AAt?$AAa?$AAt?$AAi?$AAo?$AAn?$AAI?$AAp?$AA?$DN?$AA?$CF?$AAs?$AA?0?$AA?5?$AAL?$AAo?$AAc?$AAa?$AAl?$AAP?$AAo?$AAr?$AAt?$AA?$DN?$AA?$CF@ 00019460     DnsDxe:ComponentName.obj
 0002:000004a8       ??_C@_0CI@DAECEBOA@c?3?2edk2?2NetworkPkg?2DnsDxe?2DnsPro@ 000194a8     DnsDxe:DnsProtocol.obj
 0002:000004d0       ??_C@_0BL@MGDFFAAM@ServerList?5?$CB?$DN?5?$CI?$CIvoid?5?$CK?$CJ?50?$CJ?$AA@ 000194d0     DnsDxe:DnsProtocol.obj
 0002:000004ec       ??_C@_0BH@LKMBFCBF@Format?5?$CB?$DN?5?$CI?$CIvoid?5?$CK?$CJ?50?$CJ?$AA@ 000194ec     PeiDxeDebugLibReportStatusCode:DebugLib.obj
 0002:00000508       ??_C@_0EH@EMGPELNE@c?3?2edk2?2MdeModulePkg?2Library?2Pei@ 00019508     PeiDxeDebugLibReportStatusCode:DebugLib.obj
 0002:00000550       ??_C@_0CI@HIINONDG@?$CICHAR8?5?$CK?$CJBaseListMarker?5?$DM?$DN?5Forma@ 00019550     PeiDxeDebugLibReportStatusCode:DebugLib.obj
 0002:00000578       ??_C@_01OHGJGJJP@?$FL?$AA@ 00019578     PeiDxeDebugLibReportStatusCode:DebugLib.obj
 0002:0000057c       ??_C@_02PBFOLPKM@?$FN?5?$AA@ 0001957c     PeiDxeDebugLibReportStatusCode:DebugLib.obj
 0002:00000580       ??_C@_0DI@PHOMHDKH@?$CILength?5?9?51?$CJ?5?$DM?$DN?5?$CI0xFFFFFFFF?5?9?5?$CIU@ 00019580     BaseMemoryLibOptDxe:CopyMemWrapper.obj
 0002:000005b8       ??_C@_0DM@DBGKHDAI@c?3?2edk2?2MdePkg?2Library?2BaseMemor@ 000195b8     BaseMemoryLibOptDxe:CopyMemWrapper.obj
 0002:000005f4       ??_C@_0DD@DCDOHCDJ@?$CILength?5?9?51?$CJ?5?$DM?$DN?5?$CI0xFFFFFFFF?5?9?5?$CIU@ 000195f4     BaseMemoryLibOptDxe:CopyMemWrapper.obj
 0002:00000628       ??_C@_0DM@IFMIBCMP@c?3?2edk2?2MdePkg?2Library?2BaseMemor@ 00019628     BaseMemoryLibOptDxe:ZeroMemWrapper.obj
 0002:00000664       ??_C@_0CL@OBMFBPED@Length?5?$DM?$DN?5?$CI0xFFFFFFFF?5?9?5?$CIUINTN?$CJB@ 00019664     BaseMemoryLibOptDxe:ZeroMemWrapper.obj
 0002:00000690       ??_C@_0CC@JOEHDGKB@DestinationBuffer?5?$CB?$DN?5?$CI?$CIvoid?5?$CK?$CJ?50@ 00019690     BaseMemoryLibOptDxe:CompareMemWrapper.obj
 0002:000006b4       ??_C@_0DP@CPGOBMAI@c?3?2edk2?2MdePkg?2Library?2BaseMemor@ 000196b4     BaseMemoryLibOptDxe:CompareMemWrapper.obj
 0002:000006f4       ??_C@_0BN@MDMCNBCC@SourceBuffer?5?$CB?$DN?5?$CI?$CIvoid?5?$CK?$CJ?50?$CJ?$AA@ 000196f4     BaseMemoryLibOptDxe:CompareMemWrapper.obj
 0002:00000714       ??_C@_0CN@BPIPMCPJ@?$CILength?5?9?51?$CJ?5?$DM?$DN?5?$CI0xFFFFFFFF?5?9?5?$CIU@ 00019714     BaseMemoryLibOptDxe:SetMemWrapper.obj
 0002:00000744       ??_C@_0DL@OKGJDFMC@c?3?2edk2?2MdePkg?2Library?2BaseMemor@ 00019744     BaseMemoryLibOptDxe:SetMemWrapper.obj
 0002:00000780       ??_C@_0BF@NJNGJMPC@List?5?$CB?$DN?5?$CI?$CIvoid?5?$CK?$CJ?50?$CJ?$AA@ 00019780     BaseLib:LinkedList.obj
 0002:00000798       ??_C@_0CM@FDGEGMJJ@c?3?2edk2?2MdePkg?2Library?2BaseLib?2L@ 00019798     BaseLib:LinkedList.obj
 0002:000007c4       ??_C@_0CC@KDLPLAED@List?9?$DOForwardLink?5?$CB?$DN?5?$CI?$CIvoid?5?$CK?$CJ?50@ 000197c4     BaseLib:LinkedList.obj
 0002:000007e8       ??_C@_0BP@IJJCCMAK@List?9?$DOBackLink?5?$CB?$DN?5?$CI?$CIvoid?5?$CK?$CJ?50?$CJ?$AA@ 000197e8     BaseLib:LinkedList.obj
 0002:00000808       ??_C@_0BJ@NJABNCDK@ListHead?5?$CB?$DN?5?$CI?$CIvoid?5?$CK?$CJ?50?$CJ?$AA@ 00019808     BaseLib:LinkedList.obj
 0002:00000824       ??_C@_0CG@LGIALJFK@InternalBaseLibIsListValid?5?$CIList@ 00019824     BaseLib:LinkedList.obj
 0002:0000084c       ??_C@_0CC@JLDICICM@InternalBaseLibIsListValid?5?$CIList@ 0001984c     BaseLib:LinkedList.obj
 0002:00000870       ??_C@_0BF@NMBJJECB@?$CBIsListEmpty?5?$CIEntry?$CJ?$AA@ 00019870     BaseLib:LinkedList.obj
 0002:00000888       ??_C@_0CI@BEFOLLLE@c?3?2edk2?2MdePkg?2Library?2BaseLib?2S@ 00019888     BaseLib:String.obj
 0002:000008b0       ??_C@_0CI@LLKACKFD@?$CI?$CIUINTN?$CJ?5Destination?5?$CG?50x0000000@ 000198b0     BaseLib:String.obj
 0002:000008d8       ??_C@_0BH@MAAHKCPC@String?5?$CB?$DN?5?$CI?$CIvoid?5?$CK?$CJ?50?$CJ?$AA@ 000198d8     BaseLib:String.obj
 0002:000008f0       ??_C@_0CD@BDCLIGHD@?$CI?$CIUINTN?$CJ?5String?5?$CG?50x00000001?$CJ?5?$DN?$DN@ 000198f0     BaseLib:String.obj
 0002:00000914       ??_C@_0DK@EOJCOAME@Length?5?$DM?5_gPcd_FixedAtBuild_PcdM@ 00019914     BaseLib:String.obj
 0002:00000950       ??_C@_0BL@JAAMOCAJ@StrSize?5?$CIFirstString?$CJ?5?$CB?$DN?50?$AA@ 00019950     BaseLib:String.obj
 0002:0000096c       ??_C@_0BM@DALBOILC@StrSize?5?$CISecondString?$CJ?5?$CB?$DN?50?$AA@ 0001996c     BaseLib:String.obj
 0002:00000988       ??_C@_0DJ@JJHGIFMP@Length?5?$DM?$DN?5_gPcd_FixedAtBuild_Pcd@ 00019988     BaseLib:String.obj
 0002:000009c4       ??_C@_0DI@MDIKFADO@Length?5?$DM?5_gPcd_FixedAtBuild_PcdM@ 000199c4     BaseLib:String.obj
 0002:000009fc       ??_C@_0BL@IKFBNFIL@AsciiStrSize?5?$CIFirstString?$CJ?$AA@ 000199fc     BaseLib:String.obj
 0002:00000a18       ??_C@_0BM@EDNOKLLE@AsciiStrSize?5?$CISecondString?$CJ?$AA@ 00019a18     BaseLib:String.obj
 0002:00000a34       ??_C@_0CM@GBAFEFEA@c?3?2edk2?2MdePkg?2Library?2BaseLib?2S@ 00019a34     BaseLib:SafeString.obj
 0002:00000a60       ??_C@_0CD@COCJPGE@?$CI?$CIUINTN?$CJ?5Source?5?$CG?50x00000001?$CJ?5?$DN?$DN@ 00019a60     BaseLib:SafeString.obj
 0002:00000a84       ??_C@_0BO@ECNIOIHG@?$CIDestination?5?$CB?$DN?5?$CI?$CIvoid?5?$CK?$CJ?50?$CJ?$CJ?$AA@ 00019a84     BaseLib:SafeString.obj
 0002:00000aa4       ??_C@_0BJ@EAEEJIP@?$CISource?5?$CB?$DN?5?$CI?$CIvoid?5?$CK?$CJ?50?$CJ?$CJ?$AA@ 00019aa4     BaseLib:SafeString.obj
 0002:00000ac0       ??_C@_0BG@EEGIIOKH@?$CIDestMax?5?$DO?5SourceLen?$CJ?$AA@ 00019ac0     BaseLib:SafeString.obj
 0002:00000ad8       ??_C@_0FH@PPBLBDBJ@InternalSafeStringNoStrOverlap?5?$CI@ 00019ad8     BaseLib:SafeString.obj
 0002:00000b30       ??_C@_0BJ@CNKJJNE@?$CIBuffer?5?$CB?$DN?5?$CI?$CIvoid?5?$CK?$CJ?50?$CJ?$CJ?$AA@ 00019b30     BaseLib:SafeString.obj
 0002:00000b50       ??_C@_0FL@CDANCHFO@InternalSafeStringNoAsciiStrOver@ 00019b50     BaseLib:SafeString.obj
 0002:00000bac       ??_C@_0N@KGHEHMDL@Divisor?5?$CB?$DN?50?$AA@ 00019bac     BaseLib:DivU64x32.obj
 0002:00000bc0       ??_C@_0EF@NBCCMJKB@c?3?2edk2?2MdePkg?2Library?2UefiMemor@ 00019bc0     UefiMemoryAllocationLib:MemoryAllocationLib.obj
 0002:00000c08       ??_C@_0DE@FCAJAHCJ@AllocationSize?5?$DM?$DN?5?$CI0xFFFFFFFF?5?9?5@ 00019c08     UefiMemoryAllocationLib:MemoryAllocationLib.obj
 0002:00000c3c       ??_C@_0BN@COECPDCC@gImageHandle?5?$CB?$DN?5?$CI?$CIvoid?5?$CK?$CJ?50?$CJ?$AA@ 00019c3c     UefiBootServicesTableLib:UefiBootServicesTableLib.obj
 0002:00000c60       ??_C@_0EL@ODFJBOBF@c?3?2edk2?2MdePkg?2Library?2UefiBootS@ 00019c60     UefiBootServicesTableLib:UefiBootServicesTableLib.obj
 0002:00000cac       ??_C@_0BE@DGNHAHIL@gST?5?$CB?$DN?5?$CI?$CIvoid?5?$CK?$CJ?50?$CJ?$AA@ 00019cac     UefiBootServicesTableLib:UefiBootServicesTableLib.obj
 0002:00000cc0       ??_C@_0BE@BDFJLGLN@gBS?5?$CB?$DN?5?$CI?$CIvoid?5?$CK?$CJ?50?$CJ?$AA@ 00019cc0     UefiBootServicesTableLib:UefiBootServicesTableLib.obj
 0002:00000cd8       ??_C@_0EP@BCAOHHL@c?3?2edk2?2MdePkg?2Library?2UefiDevic@ 00019cd8     UefiDevicePathLibDevicePathProtocol:UefiDevicePathLib.obj
 0002:00000d28       ??_C@_0DC@CNNBPJA@mDevicePathLibDevicePathUtilitie@ 00019d28     UefiDevicePathLibDevicePathProtocol:UefiDevicePathLib.obj
 0002:00000d5c       ??_C@_0CI@BGLNHBLM@?$CI?$CI?$CIUINTN?$CJ?5?$CIStartOfBuffer?$CJ?$CJ?5?$CG?50x0@ 00019d5c     BasePrintLib:PrintLib.obj
 0002:00000d84       ??_C@_0CP@FCAPPOBN@c?3?2edk2?2MdePkg?2Library?2BasePrint@ 00019d84     BasePrintLib:PrintLib.obj
 0002:00000db4       ??_C@_0CH@KJLBGOBB@?$CI?$CI?$CIUINTN?$CJ?5?$CIFormatString?$CJ?$CJ?5?$CG?50x01@ 00019db4     BasePrintLib:PrintLib.obj
 0002:00000ddc       ??_C@_07PBILKAFL@Success?$AA@ 00019ddc     BasePrintLib:PrintLibInternal.obj
 0002:00000de4       ??_C@_0BG@CFJMNNJK@Warning?5Unknown?5Glyph?$AA@ 00019de4     BasePrintLib:PrintLibInternal.obj
 0002:00000dfc       ??_C@_0BH@GKKCJEPJ@Warning?5Delete?5Failure?$AA@ 00019dfc     BasePrintLib:PrintLibInternal.obj
 0002:00000e14       ??_C@_0BG@ECIJMOED@Warning?5Write?5Failure?$AA@ 00019e14     BasePrintLib:PrintLibInternal.obj
 0002:00000e2c       ??_C@_0BJ@ODIPDGHB@Warning?5Buffer?5Too?5Small?$AA@ 00019e2c     BasePrintLib:PrintLibInternal.obj
 0002:00000e48       ??_C@_0BD@IFJNJCCO@Warning?5Stale?5Data?$AA@ 00019e48     BasePrintLib:PrintLibInternal.obj
 0002:00000e5c       ??_C@_0L@PLPBEPPC@Load?5Error?$AA@ 00019e5c     BasePrintLib:PrintLibInternal.obj
 0002:00000e68       ??_C@_0BC@HOFHKGJN@Invalid?5Parameter?$AA@ 00019e68     BasePrintLib:PrintLibInternal.obj
 0002:00000e7c       ??_C@_0M@BEECMOIL@Unsupported?$AA@ 00019e7c     BasePrintLib:PrintLibInternal.obj
 0002:00000e88       ??_C@_0BA@FLNMPMCF@Bad?5Buffer?5Size?$AA@ 00019e88     BasePrintLib:PrintLibInternal.obj
 0002:00000e98       ??_C@_0BB@EGELJFOB@Buffer?5Too?5Small?$AA@ 00019e98     BasePrintLib:PrintLibInternal.obj
 0002:00000eac       ??_C@_09NKFGCIPN@Not?5Ready?$AA@ 00019eac     BasePrintLib:PrintLibInternal.obj
 0002:00000eb8       ??_C@_0N@HHEABDHO@Device?5Error?$AA@ 00019eb8     BasePrintLib:PrintLibInternal.obj
 0002:00000ec8       ??_C@_0BA@LNEDDFNB@Write?5Protected?$AA@ 00019ec8     BasePrintLib:PrintLibInternal.obj
 0002:00000ed8       ??_C@_0BB@GOILNEAA@Out?5of?5Resources?$AA@ 00019ed8     BasePrintLib:PrintLibInternal.obj
 0002:00000eec       ??_C@_0P@EIOJGIF@Volume?5Corrupt?$AA@ 00019eec     BasePrintLib:PrintLibInternal.obj
 0002:00000efc       ??_C@_0M@HDLEPOFA@Volume?5Full?$AA@ 00019efc     BasePrintLib:PrintLibInternal.obj
 0002:00000f08       ??_C@_08KEGAJDNN@No?5Media?$AA@ 00019f08     BasePrintLib:PrintLibInternal.obj
 0002:00000f14       ??_C@_0O@JNCJKCCD@Media?5changed?$AA@ 00019f14     BasePrintLib:PrintLibInternal.obj
 0002:00000f24       ??_C@_09CFCBFJND@Not?5Found?$AA@ 00019f24     BasePrintLib:PrintLibInternal.obj
 0002:00000f30       ??_C@_0O@NFHOBIDO@Access?5Denied?$AA@ 00019f30     BasePrintLib:PrintLibInternal.obj
 0002:00000f40       ??_C@_0M@ENKCBFEP@No?5Response?$AA@ 00019f40     BasePrintLib:PrintLibInternal.obj
 0002:00000f4c       ??_C@_0L@IFPBNFC@No?5mapping?$AA@ 00019f4c     BasePrintLib:PrintLibInternal.obj
 0002:00000f58       ??_C@_08PAFJCNGP@Time?5out?$AA@ 00019f58     BasePrintLib:PrintLibInternal.obj
 0002:00000f64       ??_C@_0M@DCJFAFHJ@Not?5started?$AA@ 00019f64     BasePrintLib:PrintLibInternal.obj
 0002:00000f70       ??_C@_0BA@IGIBFFPH@Already?5started?$AA@ 00019f70     BasePrintLib:PrintLibInternal.obj
 0002:00000f80       ??_C@_07LCKDCBKK@Aborted?$AA@ 00019f80     BasePrintLib:PrintLibInternal.obj
 0002:00000f88       ??_C@_0L@LKIFCMNO@ICMP?5Error?$AA@ 00019f88     BasePrintLib:PrintLibInternal.obj
 0002:00000f94       ??_C@_0L@DJKNJKHM@TFTP?5Error?$AA@ 00019f94     BasePrintLib:PrintLibInternal.obj
 0002:00000fa0       ??_C@_0P@NCJHBCLM@Protocol?5Error?$AA@ 00019fa0     BasePrintLib:PrintLibInternal.obj
 0002:00000fb0       ??_C@_0BF@EHOBGFMI@Incompatible?5Version?$AA@ 00019fb0     BasePrintLib:PrintLibInternal.obj
 0002:00000fc8       ??_C@_0BD@KHMPCIOG@Security?5Violation?$AA@ 00019fc8     BasePrintLib:PrintLibInternal.obj
 0002:00000fdc       ??_C@_09BOMAGJEG@CRC?5Error?$AA@ 00019fdc     BasePrintLib:PrintLibInternal.obj
 0002:00000fe8       ??_C@_0N@JEJDHPO@End?5of?5Media?$AA@ 00019fe8     BasePrintLib:PrintLibInternal.obj
 0002:00000ff8       ??_C@_0O@NMJOLAMF@Reserved?5?$CI29?$CJ?$AA@ 00019ff8     BasePrintLib:PrintLibInternal.obj
 0002:00001008       ??_C@_0O@GLPDOMCP@Reserved?5?$CI30?$CJ?$AA@ 0001a008     BasePrintLib:PrintLibInternal.obj
 0002:00001018       ??_C@_0M@FKGOBENP@End?5of?5File?$AA@ 0001a018     BasePrintLib:PrintLibInternal.obj
 0002:00001024       ??_C@_0BB@KFJAMCOC@Invalid?5Language?$AA@ 0001a024     BasePrintLib:PrintLibInternal.obj
 0002:00001038       ??_C@_0BB@MFGDFIJM@Compromised?5Data?$AA@ 0001a038     BasePrintLib:PrintLibInternal.obj
 0002:0000104c       ??_C@_0DH@DJIHJFON@c?3?2edk2?2MdePkg?2Library?2BasePrint@ 0001a04c     BasePrintLib:PrintLibInternal.obj
 0002:00001088       ??_C@_0EB@HDGIDCIO@?$CIBufferSize?5?$DM?$DN?5?$CI_gPcd_FixedAtBui@ 0001a088     BasePrintLib:PrintLibInternal.obj
 0002:000010cc       ??_C@_0BJ@PPAKKDJG@?$CIFormat?5?$CB?$DN?5?$CI?$CIvoid?5?$CK?$CJ?50?$CJ?$CJ?$AA@ 0001a0cc     BasePrintLib:PrintLibInternal.obj
 0002:000010e8       ??_C@_0ED@LPDDCECB@?$CIBufferSize?5?$DM?$DN?5?$CI_gPcd_FixedAtBui@ 0001a0e8     BasePrintLib:PrintLibInternal.obj
 0002:00001130       ??_C@_0IM@BFJJFLGB@?$CIStrnLenS?5?$CI?$CICHAR16?5?$CK?$CJFormat?0?5?$CI_g@ 0001a130     BasePrintLib:PrintLibInternal.obj
 0002:000011c0       ??_C@_0ID@PLGJGION@?$CIAsciiStrnLenS?5?$CIFormat?0?5?$CI_gPcd_F@ 0001a1c0     BasePrintLib:PrintLibInternal.obj
 0002:00001244       ??_C@_0O@MLOLIMFM@?$DMnull?5string?$DO?$AA@ 0001a244     BasePrintLib:PrintLibInternal.obj
 0002:00001254       ??_C@_0M@BJJDNPHK@?$DMnull?5guid?$DO?$AA@ 0001a254     BasePrintLib:PrintLibInternal.obj
 0002:00001260       ??_C@_0DB@PMLHLBMO@?$CF08x?9?$CF04x?9?$CF04x?9?$CF02x?$CF02x?9?$CF02x?$CF02x@ 0001a260     BasePrintLib:PrintLibInternal.obj
 0002:00001294       ??_C@_0M@LHGBCIKM@?$DMnull?5time?$DO?$AA@ 0001a294     BasePrintLib:PrintLibInternal.obj
 0002:000012a0       ??_C@_0BK@FCPKCIDD@?$CF02d?1?$CF02d?1?$CF04d?5?5?$CF02d?3?$CF02d?$AA@ 0001a2a0     BasePrintLib:PrintLibInternal.obj
 0002:000012bc       ??_C@_04JIMNDDED@?$CF08X?$AA@ 0001a2bc     BasePrintLib:PrintLibInternal.obj
 0002:000012c4       ??_C@_02PCIJFNDE@?$AN?6?$AA@ 0001a2c4     BasePrintLib:PrintLibInternal.obj
 0002:000012c8       ??_C@_01LIIJDEN@?$AN?$AA@  0001a2c8     BasePrintLib:PrintLibInternal.obj
 0002:000012d0       _mHexStr                   0001a2d0     BasePrintLib:PrintLibInternal.obj
 0002:000012e0       _mStatusString             0001a2e0     BasePrintLib:PrintLibInternal.obj
 0002:0000137c       ??_C@_0BE@OBDFIHND@gRT?5?$CB?$DN?5?$CI?$CIvoid?5?$CK?$CJ?50?$CJ?$AA@ 0001a37c     UefiRuntimeServicesTableLib:UefiRuntimeServicesTableLib.obj
 0002:00001390       ??_C@_0FB@NIMBGODD@c?3?2edk2?2MdePkg?2Library?2UefiRunti@ 0001a390     UefiRuntimeServicesTableLib:UefiRuntimeServicesTableLib.obj
 0002:000013e4       ??_C@_0CJ@PFEGNAHL@c?3?2edk2?2MdePkg?2Library?2UefiLib?2U@ 0001a3e4     UefiLib:UefiLib.obj
 0002:00001410       ??_C@_0BN@HHGHCLME@ProtocolGuid?5?$CB?$DN?5?$CI?$CIvoid?5?$CK?$CJ?50?$CJ?$AA@ 0001a410     UefiLib:UefiLib.obj
 0002:00001430       ??_C@_0BO@MHFMIIAE@DriverBinding?5?$CB?$DN?5?$CI?$CIvoid?5?$CK?$CJ?50?$CJ?$AA@ 0001a430     UefiLib:UefiDriverModel.obj
 0002:00001450       ??_C@_0DB@DDNPJJP@c?3?2edk2?2MdePkg?2Library?2UefiLib?2U@ 0001a450     UefiLib:UefiDriverModel.obj
 0002:00001484       ??_C@_0CK@GGFNJPAK@c?3?2edk2?2MdePkg?2Library?2DxeHobLib@ 0001a484     DxeHobLib:HobLib.obj
 0002:000014b0       ??_C@_0BJ@OBFMLLDO@mHobList?5?$CB?$DN?5?$CI?$CIvoid?5?$CK?$CJ?50?$CJ?$AA@ 0001a4b0     DxeHobLib:HobLib.obj
 0002:000014cc       ??_C@_0BJ@NOLLDKJB@HobStart?5?$CB?$DN?5?$CI?$CIvoid?5?$CK?$CJ?50?$CJ?$AA@ 0001a4cc     DxeHobLib:HobLib.obj
 0002:000014e8       ??_C@_0BC@FEDIJHFF@?$CI?$CIBOOLEAN?$CJ?$CI0?$DN?$DN1?$CJ?$CJ?$AA@ 0001a4e8     DxeHobLib:HobLib.obj
 0002:000014fc       ??_C@_1BC@DPOIABCP@?$AAE?$AAF?$AAI?$AAD?$AAe?$AAb?$AAu?$AAg?$AA?$AA@ 0001a4fc     DxeDebugPrintErrorLevelLib:DxeDebugPrintErrorLevelLib.obj
 0002:00001510       ??_C@_0DA@FEJKJGCA@c?3?2edk2?2MdeModulePkg?2Library?2Dxe@ 0001a510     DxeDpcLib:DpcLib.obj
 0002:00001540       ??_C@_0DD@KHCJANAG@c?3?2edk2?2MdeModulePkg?2Library?2Dxe@ 0001a540     DxeNetLib:DxeNetLib.obj
 0002:00001574       ??_C@_0N@NMJPNKHJ@NetMask?5?$CB?$DN?50?$AA@ 0001a574     DxeNetLib:DxeNetLib.obj
 0002:00001584       ??_C@_0BF@FBEMMEEB@Head?5?$CB?$DN?5?$CI?$CIvoid?5?$CK?$CJ?50?$CJ?$AA@ 0001a584     DxeNetLib:DxeNetLib.obj
 0002:0000159c       ??_C@_0BE@GMKCNDGH@Map?5?$CB?$DN?5?$CI?$CIvoid?5?$CK?$CJ?50?$CJ?$AA@ 0001a59c     DxeNetLib:DxeNetLib.obj
 0002:000015b0       ??_C@_0DA@EGCKNGAF@?$CIMap?5?$CB?$DN?5?$CI?$CIvoid?5?$CK?$CJ?50?$CJ?$CJ?5?$CG?$CG?5?$CIItem?5?$CB@ 0001a5b0     DxeNetLib:DxeNetLib.obj
 0002:000015e0       ??_C@_0BJ@KPMFLONP@NetItemInMap?5?$CIMap?0?5Item?$CJ?$AA@ 0001a5e0     DxeNetLib:DxeNetLib.obj
 0002:000015fc       ??_C@_0DE@HCAAMLMB@?$CIMap?5?$CB?$DN?5?$CI?$CIvoid?5?$CK?$CJ?50?$CJ?$CJ?5?$CG?$CG?5?$CICallBa@ 0001a5fc     DxeNetLib:DxeNetLib.obj
 0002:00001630       ??_C@_0EG@FMMHPKDI@?$CIServiceBindingGuid?5?$CB?$DN?5?$CI?$CIvoid?5?$CK?$CJ@ 0001a630     DxeNetLib:DxeNetLib.obj
 0002:00001678       ??_C@_0CD@PCCGAHJM@ServiceBindingGuid?5?$CB?$DN?5?$CI?$CIvoid?5?$CK?$CJ?5@ 0001a678     DxeNetLib:DxeNetLib.obj
 0002:0000169c       ??_C@_0BN@NHNKBDLL@MediaPresent?5?$CB?$DN?5?$CI?$CIvoid?5?$CK?$CJ?50?$CJ?$AA@ 0001a69c     DxeNetLib:DxeNetLib.obj
 0002:000016bc       ??_C@_0BM@CPKMECHF@MCastFilter?5?$CB?$DN?5?$CI?$CIvoid?5?$CK?$CJ?50?$CJ?$AA@ 0001a6bc     DxeNetLib:DxeNetLib.obj
 0002:000016d8       ??_C@_15LHNHECKK@?$AA?$CF?$AAx?$AA?$AA@ 0001a6d8     DxeNetLib:DxeNetLib.obj
 0002:000016e0       _gIp4AllMasks              0001a6e0     DxeNetLib:DxeNetLib.obj
 0002:00001764       ??_C@_0BA@MDHFKOHH@BlockOpNum?5?$DO?$DN?51?$AA@ 0001a764     DxeNetLib:NetBuffer.obj
 0002:00001774       ??_C@_0DD@LJAAFFGL@c?3?2edk2?2MdeModulePkg?2Library?2Dxe@ 0001a774     DxeNetLib:NetBuffer.obj
 0002:000017a8       ??_C@_0BH@HKOFEGGJ@Vector?5?$CB?$DN?5?$CI?$CIvoid?5?$CK?$CJ?50?$CJ?$AA@ 0001a7a8     DxeNetLib:NetBuffer.obj
 0002:000017c0       ??_C@_0GP@BJHFFKHJ@?$CI?$CIVector?$CJ?5?$CB?$DN?5?$CI?$CIvoid?5?$CK?$CJ?50?$CJ?$CJ?5?$CG?$CG?5?$CI?$CI@ 0001a7c0     DxeNetLib:NetBuffer.obj
 0002:00001830       ??_C@_0BD@DIPGLBBO@Vector?9?$DORefCnt?5?$DO?50?$AA@ 0001a830     DxeNetLib:NetBuffer.obj
 0002:00001844       ??_C@_0BF@LJMLDKHP@Nbuf?5?$CB?$DN?5?$CI?$CIvoid?5?$CK?$CJ?50?$CJ?$AA@ 0001a844     DxeNetLib:NetBuffer.obj
 0002:00001860       ??_C@_0GL@IFMHLCLE@?$CI?$CINbuf?$CJ?5?$CB?$DN?5?$CI?$CIvoid?5?$CK?$CJ?50?$CJ?$CJ?5?$CG?$CG?5?$CI?$CINb@ 0001a860     DxeNetLib:NetBuffer.obj
 0002:000018cc       ??_C@_0BB@DOGOGLPG@Nbuf?9?$DORefCnt?5?$DO?50?$AA@ 0001a8cc     DxeNetLib:NetBuffer.obj
 0002:000018e0       ??_C@_0HL@FGMBHKJG@?$CI?$CINbuf?9?$DOVector?$CJ?5?$CB?$DN?5?$CI?$CIvoid?5?$CK?$CJ?50?$CJ?$CJ@ 0001a8e0     DxeNetLib:NetBuffer.obj
 0002:0000195c       ??_C@_0BJ@KIFBBHL@Index?5?$DM?5Nbuf?9?$DOBlockOpNum?$AA@ 0001a95c     DxeNetLib:NetBuffer.obj
 0002:00001978       ??_C@_0EL@JHACLFKC@?$CIExtFragment?5?$CB?$DN?5?$CI?$CIvoid?5?$CK?$CJ?50?$CJ?$CJ?5?$CG?$CG@ 0001a978     DxeNetLib:NetBuffer.obj
 0002:000019c4       ??_C@_0DH@PFGAEII@c?3?2edk2?2MdeModulePkg?2Library?2Dxe@ 0001a9c4     DxeUpdIoLib:DxeUdpIoLib.obj
 0002:00001a00       ??_C@_0EM@EAGAKEAM@TxToken?9?$DOSignature?5?$DN?$DN?5?$CI?$CI?$CI?8U?8?$CJ?5?$HM?5@ 0001aa00     DxeUpdIoLib:DxeUdpIoLib.obj
 0002:00001a50       ??_C@_0EH@KJFEHACH@?$CITxToken?9?$DOUdpIo?9?$DOUdpVersion?5?$DN?$DN?54@ 0001aa50     DxeUpdIoLib:DxeUdpIoLib.obj
 0002:00001a98       ??_C@_0HK@DPEALHJD@?$CIRxToken?9?$DOSignature?5?$DN?$DN?5?$CI?$CI?$CI?8U?8?$CJ?5?$HM@ 0001aa98     DxeUpdIoLib:DxeUdpIoLib.obj
 0002:00001b18       ??_C@_0EH@BDFOIFDG@?$CIRxToken?9?$DOUdpIo?9?$DOUdpVersion?5?$DN?$DN?54@ 0001ab18     DxeUpdIoLib:DxeUdpIoLib.obj
 0002:00001b60       ??_C@_0DF@JLEKKBEN@?$CIUdpIo?9?$DOUdpVersion?5?$DN?$DN?54?$CJ?5?$HM?$HM?5?$CIUdp@ 0001ab60     DxeUpdIoLib:DxeUdpIoLib.obj
 0002:00001b98       ??_C@_0BK@LIEJHLLP@Configure?5?$CB?$DN?5?$CI?$CIvoid?5?$CK?$CJ?50?$CJ?$AA@ 0001ab98     DxeUpdIoLib:DxeUdpIoLib.obj
 0002:00001bb4       ??_C@_0CH@NOKKLPOD@?$CIUdpVersion?5?$DN?$DN?54?$CJ?5?$HM?$HM?5?$CIUdpVersion@ 0001abb4     DxeUpdIoLib:DxeUdpIoLib.obj
 0002:00001be0       ??_C@_0EK@NEAGPEKB@c?3?2edk2?2MdeModulePkg?2Library?2Dxe@ 0001abe0     DxeReportStatusCodeLib:ReportStatusCodeLib.obj
 0002:00001c2c       ??_C@_0DN@HHIHPHHB@?$CB?$CI?$CIExtendedData?5?$DN?$DN?5?$CI?$CIvoid?5?$CK?$CJ?50?$CJ?$CJ@ 0001ac2c     DxeReportStatusCodeLib:ReportStatusCodeLib.obj
 0002:00001c6c       ??_C@_0DN@BBBIFINB@?$CB?$CI?$CIExtendedData?5?$CB?$DN?5?$CI?$CIvoid?5?$CK?$CJ?50?$CJ?$CJ@ 0001ac6c     DxeReportStatusCodeLib:ReportStatusCodeLib.obj
 0002:00001cac       ??_C@_0DI@MIEIGAOH@Status?5code?5extended?5data?5is?5too@ 0001acac     DxeReportStatusCodeLib:ReportStatusCodeLib.obj
 0002:00001ce4       ??_C@_0CL@COEFNOFM@c?3?2edk2?2MdePkg?2Library?2BaseLib?2U@ 0001ace4     BaseLib:Unaligned.obj
 0002:00001d10       ??_C@_0DE@PLOFBNJA@c?3?2edk2?2MdePkg?2Library?2BaseLib?2D@ 0001ad10     BaseLib:DivU64x32Remainder.obj
 0003:00000000       _gEfiLoadedImageProtocolGuid 0001b000     DnsDxe:AutoGen.obj
 0003:00000010       _gEfiDns6ServiceBindingProtocolGuid 0001b010     DnsDxe:AutoGen.obj
 0003:00000020       _gEfiDns4ProtocolGuid      0001b020     DnsDxe:AutoGen.obj
 0003:00000030       _gEfiDpcProtocolGuid       0001b030     DnsDxe:AutoGen.obj
 0003:00000040       _gEfiDebugMaskProtocolGuid 0001b040     DnsDxe:AutoGen.obj
 0003:00000050       _gEfiDhcp6ProtocolGuid     0001b050     DnsDxe:AutoGen.obj
 0003:00000060       _gEfiUdp6ProtocolGuid      0001b060     DnsDxe:AutoGen.obj
 0003:00000070       _gEfiComponentName2ProtocolGuid 0001b070     DnsDxe:AutoGen.obj
 0003:00000080       _gEfiHobListGuid           0001b080     DnsDxe:AutoGen.obj
 0003:00000090       _gEfiManagedNetworkServiceBindingProtocolGuid 0001b090     DnsDxe:AutoGen.obj
 0003:000000a0       _gEfiDevicePathProtocolGuid 0001b0a0     DnsDxe:AutoGen.obj
 0003:000000b0       _gEfiDevicePathUtilitiesProtocolGuid 0001b0b0     DnsDxe:AutoGen.obj
 0003:000000c0       _gEfiDhcp4ServiceBindingProtocolGuid 0001b0c0     DnsDxe:AutoGen.obj
 0003:000000d0       _gEfiUdp4ServiceBindingProtocolGuid 0001b0d0     DnsDxe:AutoGen.obj
 0003:000000e0       _gEfiDhcp4ProtocolGuid     0001b0e0     DnsDxe:AutoGen.obj
 0003:000000f0       _gEfiDns6ProtocolGuid      0001b0f0     DnsDxe:AutoGen.obj
 0003:00000100       _gEfiGenericVariableGuid   0001b100     DnsDxe:AutoGen.obj
 0003:00000110       _gEfiDns4ServiceBindingProtocolGuid 0001b110     DnsDxe:AutoGen.obj
 0003:00000120       _gEfiSimpleNetworkProtocolGuid 0001b120     DnsDxe:AutoGen.obj
 0003:00000130       _gEfiUdp4ProtocolGuid      0001b130     DnsDxe:AutoGen.obj
 0003:00000140       _gEfiCallerIdGuid          0001b140     DnsDxe:AutoGen.obj
 0003:00000150       _gEfiDhcp6ServiceBindingProtocolGuid 0001b150     DnsDxe:AutoGen.obj
 0003:00000160       _gEfiStatusCodeDataTypeDebugGuid 0001b160     DnsDxe:AutoGen.obj
 0003:00000170       _gEfiDriverBindingProtocolGuid 0001b170     DnsDxe:AutoGen.obj
 0003:00000180       _gEfiManagedNetworkProtocolGuid 0001b180     DnsDxe:AutoGen.obj
 0003:00000190       _gEfiStatusCodeSpecificDataGuid 0001b190     DnsDxe:AutoGen.obj
 0003:000001a0       _gEfiComponentNameProtocolGuid 0001b1a0     DnsDxe:AutoGen.obj
 0003:000001b0       _gEfiStatusCodeRuntimeProtocolGuid 0001b1b0     DnsDxe:AutoGen.obj
 0003:000001c0       _gEfiUdp6ServiceBindingProtocolGuid 0001b1c0     DnsDxe:AutoGen.obj
 0003:000001d0       _gEfiIp4Config2ProtocolGuid 0001b1d0     DnsDxe:AutoGen.obj
 0003:000001e0       _gDns4DriverBinding        0001b1e0     DnsDxe:DnsDriver.obj
 0003:000001f8       _gDns6DriverBinding        0001b1f8     DnsDxe:DnsDriver.obj
 0003:00000210       _gDnsComponentName2        0001b210     DnsDxe:ComponentName.obj
 0003:0000021c       _gDnsComponentName         0001b21c     DnsDxe:ComponentName.obj
 0003:00000228       _mDnsDriverNameTable       0001b228     DnsDxe:ComponentName.obj
 0003:00000238       _mDns6Protocol             0001b238     DnsDxe:DnsProtocol.obj
 0003:00000258       _mDns4Protocol             0001b258     DnsDxe:DnsProtocol.obj
 0003:00000278       _mDebugMaskProtocol        0001b278     DxeDebugPrintErrorLevelLib:DxeDebugPrintErrorLevelLib.obj
 0003:00000288       _mDriverData               0001b288     DnsDxe:DnsDriver.obj
 0003:0000028c       _gDnsControllerNameTable   0001b28c     DnsDxe:ComponentName.obj
 0003:00000290       _gST                       0001b290     UefiBootServicesTableLib:UefiBootServicesTableLib.obj
 0003:00000294       _gBS                       0001b294     UefiBootServicesTableLib:UefiBootServicesTableLib.obj
 0003:00000298       _gImageHandle              0001b298     UefiBootServicesTableLib:UefiBootServicesTableLib.obj
 0003:0000029c       _mDevicePathLibDevicePathUtilities 0001b29c     UefiDevicePathLibDevicePathProtocol:UefiDevicePathLib.obj
 0003:000002a0       _gRT                       0001b2a0     UefiRuntimeServicesTableLib:UefiRuntimeServicesTableLib.obj
 0003:000002a4       _mHobList                  0001b2a4     DxeHobLib:HobLib.obj
 0003:000002a8       _mDebugPrintErrorLevel     0001b2a8     DxeDebugPrintErrorLevelLib:DxeDebugPrintErrorLevelLib.obj
 0003:000002ac       _mGlobalErrorLevelInitialized 0001b2ac     DxeDebugPrintErrorLevelLib:DxeDebugPrintErrorLevelLib.obj
 0003:000002b0       _mSystemTable              0001b2b0     DxeDebugPrintErrorLevelLib:DxeDebugPrintErrorLevelLib.obj
 0003:000002b4       _mReportStatusCodeLibStatusCodeProtocol 0001b2b4     DxeReportStatusCodeLib:ReportStatusCodeLib.obj
 0003:000002b8       _mDpc                      0001b2b8     <common>

 entry point at        0001:00000142

 Static symbols

 0001:0000001a       _InternalMemCopyMem.0      0001101a     BaseMemoryLibOptDxe:CopyMem.obj
 0001:0000002c       _InternalMemCopyMem.1      0001102c     BaseMemoryLibOptDxe:CopyMem.obj
 0001:0000003e       _InternalMemCopyMem.2      0001103e     BaseMemoryLibOptDxe:CopyMem.obj
 0001:0000005b       @CopyBackward              0001105b     BaseMemoryLibOptDxe:CopyMem.obj
 0001:00000062       @CopyBytes                 00011062     BaseMemoryLibOptDxe:CopyMem.obj
 0001:00000111       _InternalMemSetMem64.0     00011111     BaseMemoryLibOptDxe:SetMem64.obj
 0004:00000000       .edata                     0001c000     DnsDxe.exp
 0004:00000028       rgpv                       0001c028     DnsDxe.exp
 0004:0000002c       rgszName                   0001c02c     DnsDxe.exp
 0004:00000030       rgwOrd                     0001c030     DnsDxe.exp
 0004:00000032       szName                     0001c032     DnsDxe.exp
 0004:0000003d       $N00001                    0001c03d     DnsDxe.exp
