 DisplayEngine

 Timestamp is 5a2f2e81 (Tue Dec 12 08:18:57 2017)

 Preferred load address is 00010000

 Start         Length     Name                   Class
 0001:00000000 0000011fH .text                   CODE
 0001:0000011f 0000cc55H .text$mn                CODE
 0002:00000000 00001d44H .rdata                  DATA
 0002:00001d44 000000acH .rdata$debug            DATA
 0003:00000000 00001edaH .data                   DATA
 0003:00001ee0 0000023cH .bss                    DATA
 0004:00000000 00000055H .edata                  DATA

  Address         Publics by Value              Rva+Base       Lib:Object

 0000:00000000       ___guard_flags             00000000     <absolute>
 0000:00000000       ___guard_fids_table        00000000     <absolute>
 0000:00000000       ___guard_fids_count        00000000     <absolute>
 0001:00000000       _InternalMemCompareMem     00011000     BaseMemoryLibOptDxe:CompareMem.obj
 0001:00000020       _InternalMemCopyMem        00011020     BaseMemoryLibOptDxe:CopyMem.obj
 0001:00000090       _InternalMemZeroMem        00011090     BaseMemoryLibOptDxe:ZeroMem.obj
 0001:000000b0       _InternalMemSetMem         000110b0     BaseMemoryLibOptDxe:SetMem.obj
 0001:000000e0       _InternalMemSetMem32       000110e0     BaseMemoryLibOptDxe:SetMem32.obj
 0001:00000100       _InternalMemSetMem64       00011100     BaseMemoryLibOptDxe:SetMem64.obj
 0001:0000011f       __DriverUnloadHandler      0001111f f   UefiDriverEntryPoint:DriverEntryPoint.obj
 0001:0000015f       __ModuleEntryPoint         0001115f f   UefiDriverEntryPoint:DriverEntryPoint.obj
 0001:000001d9       _ProcessLibraryConstructorList 000111d9 f   DisplayEngine:AutoGen.obj
 0001:000003b4       _ProcessLibraryDestructorList 000113b4 f   DisplayEngine:AutoGen.obj
 0001:00000411       _GetToken                  00011411 f   DisplayEngine:FormDisplay.obj
 0001:0000045a       _InitializeDisplayStrings  0001145a f   DisplayEngine:FormDisplay.obj
 0001:00000824       _FreeDisplayStrings        00011824 f   DisplayEngine:FormDisplay.obj
 0001:00000a55       _GetWidth                  00011a55 f   DisplayEngine:FormDisplay.obj
 0001:00000b31       _GetLineByWidth            00011b31 f   DisplayEngine:FormDisplay.obj
 0001:00000cec       _UiAddMenuOption           00011cec f   DisplayEngine:FormDisplay.obj
 0001:00000efc       _ConvertStatementToMenu    00011efc f   DisplayEngine:FormDisplay.obj
 0001:00000ff3       _GetStringWidth            00011ff3 f   DisplayEngine:FormDisplay.obj
 0001:0000107b       _UpdateSkipInfoForMenu     0001207b f   DisplayEngine:FormDisplay.obj
 0001:000010f9       _UpdateOptionSkipLines     000120f9 f   DisplayEngine:FormDisplay.obj
 0001:0000116a       _PrintableMenu             0001216a f   DisplayEngine:FormDisplay.obj
 0001:000011f7       _IsSelectable              000121f7 f   DisplayEngine:FormDisplay.obj
 0001:00001220       _MoveToNextStatement       00012220 f   DisplayEngine:FormDisplay.obj
 0001:000012f5       _ProcessStringForDateTime  000122f5 f   DisplayEngine:FormDisplay.obj
 0001:000013e4       _AdjustDateAndTimePosition 000123e4 f   DisplayEngine:FormDisplay.obj
 0001:00001487       _GetHotKeyFromRegisterList 00012487 f   DisplayEngine:FormDisplay.obj
 0001:000014f9       _UiWaitForEvent            000124f9 f   DisplayEngine:FormDisplay.obj
 0001:000015b2       _GetQuestionIdInfo         000125b2 f   DisplayEngine:FormDisplay.obj
 0001:000015c3       _FindTopOfScreenMenu       000125c3 f   DisplayEngine:FormDisplay.obj
 0001:0000164f       _GetIndexInfoForOpcode     0001264f f   DisplayEngine:FormDisplay.obj
 0001:000016bd       _IsSavedHighlightStatement 000126bd f   DisplayEngine:FormDisplay.obj
 0001:0000173b       _FindHighLightMenuOption   0001273b f   DisplayEngine:FormDisplay.obj
 0001:00001879       _GetDistanceBetweenMenus   00012879 f   DisplayEngine:FormDisplay.obj
 0001:000018c7       _FindTopOfScreenMenuOption 000128c7 f   DisplayEngine:FormDisplay.obj
 0001:000019c0       _FindTopMenu               000129c0 f   DisplayEngine:FormDisplay.obj
 0001:00001cd4       _UpdateHighlightMenuInfo   00012cd4 f   DisplayEngine:FormDisplay.obj
 0001:00001e80       _SetDisplayAttribute       00012e80 f   DisplayEngine:FormDisplay.obj
 0001:00001eb2       _DisplayMenuString         00012eb2 f   DisplayEngine:FormDisplay.obj
 0001:00001f14       _HasOptionString           00012f14 f   DisplayEngine:FormDisplay.obj
 0001:00001f7e       _FxConfirmPopup            00012f7e f   DisplayEngine:FormDisplay.obj
 0001:000021c4       _DisplayOneMenu            000131c4 f   DisplayEngine:FormDisplay.obj
 0001:00002651       _UiDisplayMenu             00013651 f   DisplayEngine:FormDisplay.obj
 0001:0000406d       _FreeMenuOptionData        0001506d f   DisplayEngine:FormDisplay.obj
 0001:000040cd       _BrowserStatusProcess      000150cd f   DisplayEngine:FormDisplay.obj
 0001:000044b9       _FormDisplay               000154b9 f   DisplayEngine:FormDisplay.obj
 0001:000045df       _DriverClearDisplayPage    000155df f   DisplayEngine:FormDisplay.obj
 0001:0000460b       _SetUnicodeMem             0001560b f   DisplayEngine:FormDisplay.obj
 0001:00004624       _InitializeDisplayEngine   00015624 f   DisplayEngine:FormDisplay.obj
 0001:000047b2       _NewStrCat                 000157b2 f   DisplayEngine:ProcessOptions.obj
 0001:000047e0       _HiiValueToUINT64          000157e0 f   DisplayEngine:ProcessOptions.obj
 0001:00004813       _GetBufAndLenForValue      00015813 f   DisplayEngine:ProcessOptions.obj
 0001:00004851       _CompareHiiValue           00015851 f   DisplayEngine:ProcessOptions.obj
 0001:000049cd       _ValueToOption             000159cd f   DisplayEngine:ProcessOptions.obj
 0001:00004a7e       _GetArrayData              00015a7e f   DisplayEngine:ProcessOptions.obj
 0001:00004ae1       _SetArrayData              00015ae1 f   DisplayEngine:ProcessOptions.obj
 0001:00004b4b       _FindArrayData             00015b4b f   DisplayEngine:ProcessOptions.obj
 0001:00004bf3       _PrintFormattedNumber      00015bf3 f   DisplayEngine:ProcessOptions.obj
 0001:00004c72       _CreateSharedPopUp         00015c72 f   DisplayEngine:ProcessOptions.obj
 0001:00004e5f       _CreateMultiStringPopUp    00015e5f f   DisplayEngine:ProcessOptions.obj
 0001:00004e75       _EmptyEventProcess         00015e75 f   DisplayEngine:ProcessOptions.obj
 0001:00004e76       _RefreshTimeOutProcess     00015e76 f   DisplayEngine:ProcessOptions.obj
 0001:00004ee0       _PasswordProcess           00015ee0 f   DisplayEngine:ProcessOptions.obj
 0001:00005153       _ProcessOptions            00016153 f   DisplayEngine:ProcessOptions.obj
 0001:00005d41       _ProcessHelpString         00016d41 f   DisplayEngine:ProcessOptions.obj
 0001:00005e97       _FreeSelectableOptions     00016e97 f   DisplayEngine:Popup.obj
 0001:00005ee9       _AddOneSelectableOption    00016ee9 f   DisplayEngine:Popup.obj
 0001:00005f7b       _AddUserSelectableOptions  00016f7b f   DisplayEngine:Popup.obj
 0001:000061e0       _GetUserSelection          000171e0 f   DisplayEngine:Popup.obj
 0001:000063c6       _ParseMessageString        000173c6 f   DisplayEngine:Popup.obj
 0001:000064be       _CalculatePopupPosition    000174be f   DisplayEngine:Popup.obj
 0001:0000660a       _DrawMessageBox            0001760a f   DisplayEngine:Popup.obj
 0001:000069b7       _CreatePopup               000179b7 f   DisplayEngine:Popup.obj
 0001:00006a99       _ReadString                00017a99 f   DisplayEngine:InputHandler.obj
 0001:000071c5       _AdjustQuestionValue       000181c5 f   DisplayEngine:InputHandler.obj
 0001:00007242       _GetValueFromNum           00018242 f   DisplayEngine:InputHandler.obj
 0001:000073ca       _GetNumericInput           000183ca f   DisplayEngine:InputHandler.obj
 0001:0000810e       _AdjustOptionOrder         0001910e f   DisplayEngine:InputHandler.obj
 0001:0000823b       _SetValuesByType           0001923b f   DisplayEngine:InputHandler.obj
 0001:00008285       _GetSelectionInputPopUp    00019285 f   DisplayEngine:InputHandler.obj
 0001:00008cde       _InternalSafeStringIsOverlap 00019cde f   BaseLib:SafeString.obj
 0001:00008d04       _InternalSafeStringNoStrOverlap 00019d04 f   BaseLib:SafeString.obj
 0001:00008d23       _StrnLenS                  00019d23 f   BaseLib:SafeString.obj
 0001:00008d6d       _StrCpyS                   00019d6d f   BaseLib:SafeString.obj
 0001:00008e92       _StrnCpyS                  00019e92 f   BaseLib:SafeString.obj
 0001:00008fe4       _StrCatS                   00019fe4 f   BaseLib:SafeString.obj
 0001:00009143       _AsciiStrnLenS             0001a143 f   BaseLib:SafeString.obj
 0001:0000916a       _AsciiStrCpyS              0001a16a f   BaseLib:SafeString.obj
 0001:0000922b       _InternalBaseLibIsListValid 0001a22b f   BaseLib:LinkedList.obj
 0001:0000928f       _InitializeListHead        0001a28f f   BaseLib:LinkedList.obj
 0001:000092b4       _InsertHeadList            0001a2b4 f   BaseLib:LinkedList.obj
 0001:000092eb       _InsertTailList            0001a2eb f   BaseLib:LinkedList.obj
 0001:00009323       _GetFirstNode              0001a323 f   BaseLib:LinkedList.obj
 0001:00009348       _GetNextNode               0001a348 f   BaseLib:LinkedList.obj
 0001:0000936d       _IsListEmpty               0001a36d f   BaseLib:LinkedList.obj
 0001:00009395       _IsNull                    0001a395 f   BaseLib:LinkedList.obj
 0001:000093c3       _SwapListEntries           0001a3c3 f   BaseLib:LinkedList.obj
 0001:00009429       _RemoveEntryList           0001a429 f   BaseLib:LinkedList.obj
 0001:0000945d       _StrLen                    0001a45d f   BaseLib:String.obj
 0001:000094c5       _StrSize                   0001a4c5 f   BaseLib:String.obj
 0001:000094d4       _StrCmp                    0001a4d4 f   BaseLib:String.obj
 0001:00009539       _AsciiStrLen               0001a539 f   BaseLib:String.obj
 0001:00009584       _AsciiStrnCmp              0001a584 f   BaseLib:String.obj
 0001:00009614       _LShiftU64                 0001a614 f   BaseLib:LShiftU64.obj
 0001:0000963b       _CompareMem                0001a63b f   BaseMemoryLibOptDxe:CompareMemWrapper.obj
 0001:000096ca       _CopyGuid                  0001a6ca f   BaseMemoryLibOptDxe:MemLibGuid.obj
 0001:000096fa       _CompareGuid               0001a6fa f   BaseMemoryLibOptDxe:MemLibGuid.obj
 0001:00009759       _CopyMem                   0001a759 f   BaseMemoryLibOptDxe:CopyMemWrapper.obj
 0001:000097ba       _ZeroMem                   0001a7ba f   BaseMemoryLibOptDxe:ZeroMemWrapper.obj
 0001:000097ff       _DebugPrint                0001a7ff f   PeiDxeDebugLibReportStatusCode:DebugLib.obj
 0001:00009956       _DebugAssert               0001a956 f   PeiDxeDebugLibReportStatusCode:DebugLib.obj
 0001:00009a66       _InternalAllocatePool      0001aa66 f   UefiMemoryAllocationLib:MemoryAllocationLib.obj
 0001:00009a8b       _InternalAllocateZeroPool  0001aa8b f   UefiMemoryAllocationLib:MemoryAllocationLib.obj
 0001:00009aa7       _InternalAllocateCopyPool  0001aaa7 f   UefiMemoryAllocationLib:MemoryAllocationLib.obj
 0001:00009b04       _FreePool                  0001ab04 f   UefiMemoryAllocationLib:MemoryAllocationLib.obj
 0001:00009b3a       _UnicodeVSPrint            0001ab3a f   BasePrintLib:PrintLib.obj
 0001:00009b92       _UnicodeSPrint             0001ab92 f   BasePrintLib:PrintLib.obj
 0001:00009bab       _BasePrintLibFillBuffer    0001abab f   BasePrintLib:PrintLibInternal.obj
 0001:00009bdf       _BasePrintLibValueToString 0001abdf f   BasePrintLib:PrintLibInternal.obj
 0001:00009c44       _BasePrintLibSPrintMarker  0001ac44 f   BasePrintLib:PrintLibInternal.obj
 0001:0000a81d       _BasePrintLibSPrint        0001b81d f   BasePrintLib:PrintLibInternal.obj
 0001:0000a83c       _EfiGetSystemConfigurationTable 0001b83c f   UefiLib:UefiLib.obj
 0001:0000a896       _GetVariable2              0001b896 f   UefiLib:UefiLib.obj
 0001:0000a942       _GetBestLanguage           0001b942 f   UefiLib:UefiLib.obj
 0001:0000aa51       _GetHobList                0001ba51 f   DxeHobLib:HobLib.obj
 0001:0000aaab       _GetNextHob                0001baab f   DxeHobLib:HobLib.obj
 0001:0000aae8       _GetDebugPrintErrorLevel   0001bae8 f   DxeDebugPrintErrorLevelLib:DxeDebugPrintErrorLevelLib.obj
 0001:0000abde       _GetDebugMask              0001bbde f   DxeDebugPrintErrorLevelLib:DxeDebugPrintErrorLevelLib.obj
 0001:0000abf6       _SetDebugMask              0001bbf6 f   DxeDebugPrintErrorLevelLib:DxeDebugPrintErrorLevelLib.obj
 0001:0000ac02       _UefiHiiServicesLibConstructor 0001bc02 f   UefiHiiServicesLib:UefiHiiServicesLib.obj
 0001:0000acef       _HiiAddPackages            0001bcef f   UefiHiiLib:HiiLib.obj
 0001:0000add5       _HiiRemovePackages         0001bdd5 f   UefiHiiLib:HiiLib.obj
 0001:0000ae2b       _HiiSetString              0001be2b f   UefiHiiLib:HiiString.obj
 0001:0000af2f       _HiiGetString              0001bf2f f   UefiHiiLib:HiiString.obj
 0001:0000b048       _HiiGetSupportedLanguages  0001c048 f   UefiHiiLib:HiiLanguage.obj
 0001:0000b0c1       _DisplayPageFrame          0001c0c1 f   CustomizedDisplayLib:CustomizedDisplayLib.obj
 0001:0000b1c6       _RefreshKeyHelp            0001c1c6 f   CustomizedDisplayLib:CustomizedDisplayLib.obj
 0001:0000b744       _UpdateStatusBar           0001c744 f   CustomizedDisplayLib:CustomizedDisplayLib.obj
 0001:0000b874       _CreateDialog              0001c874 f   CustomizedDisplayLib:CustomizedDisplayLib.obj
 0001:0000bb6d       _ConfirmDataChange         0001cb6d f   CustomizedDisplayLib:CustomizedDisplayLib.obj
 0001:0000bbfc       _PrintStringAt             0001cbfc f   CustomizedDisplayLib:CustomizedDisplayLib.obj
 0001:0000bc12       _PrintStringAtWithWidth    0001cc12 f   CustomizedDisplayLib:CustomizedDisplayLib.obj
 0001:0000bc2c       _PrintCharAt               0001cc2c f   CustomizedDisplayLib:CustomizedDisplayLib.obj
 0001:0000bc46       _ClearLines                0001cc46 f   CustomizedDisplayLib:CustomizedDisplayLib.obj
 0001:0000bcd4       _PrintBannerInfo           0001ccd4 f   CustomizedDisplayLib:CustomizedDisplayLibInternal.obj
 0001:0000be2f       _PrintFramework            0001ce2f f   CustomizedDisplayLib:CustomizedDisplayLibInternal.obj
 0001:0000c0cd       _ProcessUserOpcode         0001d0cd f   CustomizedDisplayLib:CustomizedDisplayLibInternal.obj
 0001:0000c1cd       _ProcessExternedOpcode     0001d1cd f   CustomizedDisplayLib:CustomizedDisplayLibInternal.obj
 0001:0000c2ee       _ScreenDiemensionInfoValidate 0001d2ee f   CustomizedDisplayLib:CustomizedDisplayLibInternal.obj
 0001:0000c3bb       _LibGetToken               0001d3bb f   CustomizedDisplayLib:CustomizedDisplayLibInternal.obj
 0001:0000c404       _LibGetStringWidth         0001d404 f   CustomizedDisplayLib:CustomizedDisplayLibInternal.obj
 0001:0000c48c       _PrintHotKeyHelpString     0001d48c f   CustomizedDisplayLib:CustomizedDisplayLibInternal.obj
 0001:0000c62b       _InitializeLibStrings      0001d62b f   CustomizedDisplayLib:CustomizedDisplayLibInternal.obj
 0001:0000c7d6       _FreeLibStrings            0001d7d6 f   CustomizedDisplayLib:CustomizedDisplayLibInternal.obj
 0001:0000c8a7       _WaitForKeyStroke          0001d8a7 f   CustomizedDisplayLib:CustomizedDisplayLibInternal.obj
 0001:0000c8e8       _PrintInternal             0001d8e8 f   CustomizedDisplayLib:CustomizedDisplayLibInternal.obj
 0001:0000caee       _PrintAt                   0001daee f   CustomizedDisplayLib:CustomizedDisplayLibInternal.obj
 0001:0000cb13       _InternalGetReportStatusCode 0001db13 f   DxeReportStatusCodeLib:ReportStatusCodeLib.obj
 0001:0000cb4c       _InternalReportStatusCode  0001db4c f   DxeReportStatusCodeLib:ReportStatusCodeLib.obj
 0001:0000cb93       _ReportStatusCodeEx        0001db93 f   DxeReportStatusCodeLib:ReportStatusCodeLib.obj
 0001:0000cce7       _ReadUnaligned16           0001dce7 f   BaseLib:Unaligned.obj
 0001:0000cd06       _ReadUnaligned32           0001dd06 f   BaseLib:Unaligned.obj
 0001:0000cd26       _ReadUnaligned64           0001dd26 f   BaseLib:Unaligned.obj
 0001:0000cd49       _WriteUnaligned64          0001dd49 f   BaseLib:Unaligned.obj
 0002:00000038       ??_C@_0CB@DMEJJJHA@?6ASSERT_EFI_ERROR?5?$CIStatus?5?$DN?5?$CFr?$CJ?6@ 0001e038     UefiDriverEntryPoint:DriverEntryPoint.obj
 0002:0000005c       ??_C@_0BE@DCHLEIGN@?$CBEFI_ERROR?5?$CIStatus?$CJ?$AA@ 0001e05c     UefiDriverEntryPoint:DriverEntryPoint.obj
 0002:00000070       ??_C@_0DP@IIJLMAMA@c?3?2edk2?2MdePkg?2Library?2UefiDrive@ 0001e070     UefiDriverEntryPoint:DriverEntryPoint.obj
 0002:000000b0       ??_C@_0O@HCCPIKNJ@DisplayEngine?$AA@ 0001e0b0     DisplayEngine:AutoGen.obj
 0002:000000c0       ??_C@_0HF@PHPMEFLP@c?3?2edk2?2Build?2NT32IA32?2DEBUG_VS2@ 0001e0c0     DisplayEngine:AutoGen.obj
 0002:00000138       __gPcd_FixedAtBuild_PcdFrontPageFormSetGuid 0001e138     DisplayEngine:AutoGen.obj
 0002:00000148       ??_C@_0BH@MAAHKCPC@String?5?$CB?$DN?5?$CI?$CIvoid?5?$CK?$CJ?50?$CJ?$AA@ 0001e148     DisplayEngine:FormDisplay.obj
 0002:00000160       ??_C@_0DO@EBMMJGJL@c?3?2edk2?2MdeModulePkg?2Universal?2D@ 0001e160     DisplayEngine:FormDisplay.obj
 0002:000001a0       ??_C@_0O@BOALFJLA@PromptId?5?$CB?$DN?50?$AA@ 0001e1a0     DisplayEngine:FormDisplay.obj
 0002:000001b0       ??_C@_0L@IFJDCMOO@MenuOption?$AA@ 0001e1b0     DisplayEngine:FormDisplay.obj
 0002:000001bc       ??_C@_0BF@NDBIKIKC@CR?5has?5Bad?5Signature?$AA@ 0001e1bc     DisplayEngine:FormDisplay.obj
 0002:000001d4       ??_C@_0BN@FIEBDFGF@OptionString?5?$CB?$DN?5?$CI?$CIvoid?5?$CK?$CJ?50?$CJ?$AA@ 0001e1d4     DisplayEngine:FormDisplay.obj
 0002:000001f4       ??_C@_0DL@JHBACIIB@MenuOption?5?$CB?$DN?5?$CI?$CIvoid?5?$CK?$CJ?50?$CJ?5?$CG?$CG?5Op@ 0001e1f4     DisplayEngine:FormDisplay.obj
 0002:00000230       ??_C@_0BO@JDMAKKHP@Timeout?5?$CB?$DN?50?5?$CG?$CG?5EventNum?5?$DN?$DN?52?$AA@ 0001e230     DisplayEngine:FormDisplay.obj
 0002:00000250       ??_C@_0BM@MDDGLKPF@Index?5?$DN?$DN?52?5?$CG?$CG?5EventNum?5?$DN?$DN?53?$AA@ 0001e250     DisplayEngine:FormDisplay.obj
 0002:0000026c       ??_C@_0BH@MHNEAHCE@NewPos?5?$CB?$DN?5?$CGgMenuOption?$AA@ 0001e26c     DisplayEngine:FormDisplay.obj
 0002:00000284       ??_C@_0BP@DKHOIAOI@?$CKHighlightMenu?5?$CB?$DN?5?$CI?$CIvoid?5?$CK?$CJ?50?$CJ?$AA@ 0001e284     DisplayEngine:FormDisplay.obj
 0002:000002a4       ??_C@_0CN@CLCKLAMG@gHighligthMenuInfo?4HLTOpCode?5?$CB?$DN?5@ 0001e2a4     DisplayEngine:FormDisplay.obj
 0002:000002d4       ??_C@_0CN@PKDANBPI@gHighligthMenuInfo?4TOSOpCode?5?$CB?$DN?5@ 0001e2d4     DisplayEngine:FormDisplay.obj
 0002:00000304       ??_C@_11LOCGONAA@?$AA?$AA@ 0001e304     DisplayEngine:FormDisplay.obj
 0002:00000308       ??_C@_0BH@EIACHMCM@CfmStr?5?$CB?$DN?5?$CI?$CIvoid?5?$CK?$CJ?50?$CJ?$AA@ 0001e308     DisplayEngine:FormDisplay.obj
 0002:00000320       ??_C@_0BL@MGMMPOHB@MenuOption?5?$CB?$DN?5?$CI?$CIvoid?5?$CK?$CJ?50?$CJ?$AA@ 0001e320     DisplayEngine:FormDisplay.obj
 0002:0000033c       ??_C@_0BE@LNJPNPCM@HelpHeaderLine?5?$DN?$DN?51?$AA@ 0001e33c     DisplayEngine:FormDisplay.obj
 0002:00000350       ??_C@_0EH@OKDAEEIC@GetStringWidth?5?$CIHelpHeaderString@ 0001e350     DisplayEngine:FormDisplay.obj
 0002:00000398       ??_C@_0BE@KPAMDEKB@HelpBottomLine?5?$DN?$DN?51?$AA@ 0001e398     DisplayEngine:FormDisplay.obj
 0002:000003b0       ??_C@_0EH@BDANLIMA@GetStringWidth?5?$CIHelpBottomString@ 0001e3b0     DisplayEngine:FormDisplay.obj
 0002:000003f8       ??_C@_0BH@CFJDGJFI@HotKey?5?$CB?$DN?5?$CI?$CIvoid?5?$CK?$CJ?50?$CJ?$AA@ 0001e3f8     DisplayEngine:FormDisplay.obj
 0002:00000410       ??_C@_0BH@JJHAJIOH@NewPos?5?$CB?$DN?5?$CI?$CIvoid?5?$CK?$CJ?50?$CJ?$AA@ 0001e410     DisplayEngine:FormDisplay.obj
 0002:00000428       ??_C@_0DH@IENGLGJH@OpCodeBuf?5?$CB?$DN?5?$CI?$CIvoid?5?$CK?$CJ?50?$CJ?5?$CG?$CG?5OpC@ 0001e428     DisplayEngine:FormDisplay.obj
 0002:00000460       ??_C@_0BL@MCKCEPCD@gUserInput?5?$CB?$DN?5?$CI?$CIvoid?5?$CK?$CJ?50?$CJ?$AA@ 0001e460     DisplayEngine:FormDisplay.obj
 0002:0000047c       ??_C@_0BJ@PJGKOGBG@FormData?5?$CB?$DN?5?$CI?$CIvoid?5?$CK?$CJ?50?$CJ?$AA@ 0001e47c     DisplayEngine:FormDisplay.obj
 0002:00000498       ??_C@_0BL@NCJOJLEB@gHiiHandle?5?$CB?$DN?5?$CI?$CIvoid?5?$CK?$CJ?50?$CJ?$AA@ 0001e498     DisplayEngine:FormDisplay.obj
 0002:000004b4       ??_C@_0BK@HACKOMPP@NewString?5?$CB?$DN?5?$CI?$CIvoid?5?$CK?$CJ?50?$CJ?$AA@ 0001e4b4     DisplayEngine:FormDisplay.obj
 0002:000004d0       ??_C@_0EB@FJCDADBO@c?3?2edk2?2MdeModulePkg?2Universal?2D@ 0001e4d0     DisplayEngine:ProcessOptions.obj
 0002:00000514       ??_C@_0BG@KEJHFGFH@Array?5?$CB?$DN?5?$CI?$CIvoid?5?$CK?$CJ?50?$CJ?$AA@ 0001e514     DisplayEngine:ProcessOptions.obj
 0002:0000052c       ??_C@_19NMDCNMKO@?$AA?9?$AA?$CF?$AAl?$AAd?$AA?$AA@ 0001e52c     DisplayEngine:ProcessOptions.obj
 0002:00000538       ??_C@_17OADJODNB@?$AA?$CF?$AAl?$AAd?$AA?$AA@ 0001e538     DisplayEngine:ProcessOptions.obj
 0002:00000540       ??_C@_17PKPGALPG@?$AA?$CF?$AAl?$AAx?$AA?$AA@ 0001e540     DisplayEngine:ProcessOptions.obj
 0002:00000548       ??_C@_15KNBIKKIN@?$AA?$CF?$AAd?$AA?$AA@ 0001e548     DisplayEngine:ProcessOptions.obj
 0002:00000550       ??_C@_09IPFCLGON@StringPtr?$AA@ 0001e550     DisplayEngine:ProcessOptions.obj
 0002:0000055c       ??_C@_0L@EFOKHEHD@TempString?$AA@ 0001e55c     DisplayEngine:ProcessOptions.obj
 0002:00000568       ??_C@_0O@IFFFLPLH@?$CKOptionString?$AA@ 0001e568     DisplayEngine:ProcessOptions.obj
 0002:00000578       ??_C@_0BL@PFKPELIK@ValueArray?5?$CB?$DN?5?$CI?$CIvoid?5?$CK?$CJ?50?$CJ?$AA@ 0001e578     DisplayEngine:ProcessOptions.obj
 0002:00000594       ??_C@_0BK@OHHEMHCC@StringPtr?5?$CB?$DN?5?$CI?$CIvoid?5?$CK?$CJ?50?$CJ?$AA@ 0001e594     DisplayEngine:ProcessOptions.obj
 0002:000005b0       ??_C@_0BC@FEDIJHFF@?$CI?$CIBOOLEAN?$CJ?$CI0?$DN?$DN1?$CJ?$CJ?$AA@ 0001e5b0     DisplayEngine:ProcessOptions.obj
 0002:000005c4       ??_C@_15BDFJADND@?$AA?$DP?$AA?$DP?$AA?$AA@ 0001e5c4     DisplayEngine:ProcessOptions.obj
 0002:000005cc       ??_C@_19MNDKMKJC@?$AA?$CF?$AA0?$AA2?$AAd?$AA?$AA@ 0001e5cc     DisplayEngine:ProcessOptions.obj
 0002:000005d8       ??_C@_19IEAEFCGC@?$AA?$DP?$AA?$DP?$AA?$DP?$AA?$DP?$AA?$AA@ 0001e5d8     DisplayEngine:ProcessOptions.obj
 0002:000005e4       ??_C@_19BLGDCJIP@?$AA?$CF?$AA0?$AA4?$AAd?$AA?$AA@ 0001e5e4     DisplayEngine:ProcessOptions.obj
 0002:000005f0       ??_C@_0CB@FFCAMKBE@?$CKFormattedString?5?$CB?$DN?5?$CI?$CIvoid?5?$CK?$CJ?50?$CJ@ 0001e5f0     DisplayEngine:ProcessOptions.obj
 0002:00000614       ??_C@_0DI@CHMJHLEL@c?3?2edk2?2MdeModulePkg?2Universal?2D@ 0001e614     DisplayEngine:Popup.obj
 0002:0000064c       ??_C@_17LGKOMLJ@?$AA?4?$AA?4?$AA?4?$AA?$AA@ 0001e64c     DisplayEngine:Popup.obj
 0002:00000654       ??_C@_1O@BJJIFMMK@?$AA?4?$AA?4?$AA?4?$AA?4?$AA?4?$AA?4?$AA?$AA@ 0001e654     DisplayEngine:Popup.obj
 0002:00000664       ??_C@_0DP@DKIJFBDD@c?3?2edk2?2MdeModulePkg?2Universal?2D@ 0001e664     DisplayEngine:InputHandler.obj
 0002:000006a4       ??_C@_0P@PDMJIOFD@BufferedString?$AA@ 0001e6a4     DisplayEngine:InputHandler.obj
 0002:000006b4       ??_C@_0CB@IJCHBAJG@Question?9?$DOOpCode?9?$DOOpCode?5?$DN?$DN?50x07@ 0001e6b4     DisplayEngine:InputHandler.obj
 0002:000006d8       ??_C@_0BE@HCEBPOGJ@InputWidth?5?$CL?52?5?$DM?524?$AA@ 0001e6d8     DisplayEngine:InputHandler.obj
 0002:000006ec       ??_C@_0O@GHOKFFIC@EraseLen?5?$DO?$DN?52?$AA@ 0001e6ec     DisplayEngine:InputHandler.obj
 0002:000006fc       ??_C@_0O@EMMHAGEB@EraseLen?5?$DO?$DN?51?$AA@ 0001e6fc     DisplayEngine:InputHandler.obj
 0002:0000070c       ??_C@_13HOIJIPNN@?$AA?5?$AA?$AA@ 0001e70c     DisplayEngine:InputHandler.obj
 0002:00000710       ??_C@_0EB@PAKPJFDM@Count?5?$DM?5?$CIsizeof?5?$CIPreviousNumber?$CJ@ 0001e710     DisplayEngine:InputHandler.obj
 0002:00000758       ??_C@_0ED@GAPODBOB@Count?5?$DM?5?$CI?$CIsizeof?5?$CIPreviousNumber@ 0001e758     DisplayEngine:InputHandler.obj
 0002:0000079c       ??_C@_0BO@PFDGAAML@HiiValueArray?5?$CB?$DN?5?$CI?$CIvoid?5?$CK?$CJ?50?$CJ?$AA@ 0001e79c     DisplayEngine:InputHandler.obj
 0002:000007bc       ??_C@_0BO@FEDJMLCM@TempStringPtr?5?$CB?$DN?5?$CI?$CIvoid?5?$CK?$CJ?50?$CJ?$AA@ 0001e7bc     DisplayEngine:InputHandler.obj
 0002:000007dc       ??_C@_0BO@KCDJJCJE@CurrentOption?5?$CB?$DN?5?$CI?$CIvoid?5?$CK?$CJ?50?$CJ?$AA@ 0001e7dc     DisplayEngine:InputHandler.obj
 0002:000007fc       ??_C@_0BM@HHHFMHHK@ReturnValue?5?$CB?$DN?5?$CI?$CIvoid?5?$CK?$CJ?50?$CJ?$AA@ 0001e7fc     DisplayEngine:InputHandler.obj
 0002:00000818       ??_C@_0CD@BDCLIGHD@?$CI?$CIUINTN?$CJ?5String?5?$CG?50x00000001?$CJ?5?$DN?$DN@ 0001e818     BaseLib:SafeString.obj
 0002:0000083c       ??_C@_0CM@GBAFEFEA@c?3?2edk2?2MdePkg?2Library?2BaseLib?2S@ 0001e83c     BaseLib:SafeString.obj
 0002:00000868       ??_C@_0CI@LLKACKFD@?$CI?$CIUINTN?$CJ?5Destination?5?$CG?50x0000000@ 0001e868     BaseLib:SafeString.obj
 0002:00000890       ??_C@_0CD@COCJPGE@?$CI?$CIUINTN?$CJ?5Source?5?$CG?50x00000001?$CJ?5?$DN?$DN@ 0001e890     BaseLib:SafeString.obj
 0002:000008b4       ??_C@_0BO@ECNIOIHG@?$CIDestination?5?$CB?$DN?5?$CI?$CIvoid?5?$CK?$CJ?50?$CJ?$CJ?$AA@ 0001e8b4     BaseLib:SafeString.obj
 0002:000008d4       ??_C@_0BJ@EAEEJIP@?$CISource?5?$CB?$DN?5?$CI?$CIvoid?5?$CK?$CJ?50?$CJ?$CJ?$AA@ 0001e8d4     BaseLib:SafeString.obj
 0002:000008f0       ??_C@_0EA@BBALOHPI@?$CIDestMax?5?$DM?$DN?5?$CI_gPcd_FixedAtBuild_@ 0001e8f0     BaseLib:SafeString.obj
 0002:00000930       ??_C@_0P@PMIMLIHM@?$CIDestMax?5?$CB?$DN?50?$CJ?$AA@ 0001e930     BaseLib:SafeString.obj
 0002:00000940       ??_C@_0BG@EEGIIOKH@?$CIDestMax?5?$DO?5SourceLen?$CJ?$AA@ 0001e940     BaseLib:SafeString.obj
 0002:00000958       ??_C@_0FH@PPBLBDBJ@InternalSafeStringNoStrOverlap?5?$CI@ 0001e958     BaseLib:SafeString.obj
 0002:000009b0       ??_C@_0DP@PBOJGJC@?$CILength?5?$DM?$DN?5?$CI_gPcd_FixedAtBuild_P@ 0001e9b0     BaseLib:SafeString.obj
 0002:000009f0       ??_C@_0P@BHOOOJPD@?$CICopyLen?5?$CB?$DN?50?$CJ?$AA@ 0001e9f0     BaseLib:SafeString.obj
 0002:00000a00       ??_C@_0BG@BPGICNPK@?$CICopyLen?5?$DO?5SourceLen?$CJ?$AA@ 0001ea00     BaseLib:SafeString.obj
 0002:00000a18       ??_C@_0BJ@CNKJJNE@?$CIBuffer?5?$CB?$DN?5?$CI?$CIvoid?5?$CK?$CJ?50?$CJ?$CJ?$AA@ 0001ea18     BaseLib:SafeString.obj
 0002:00000a38       ??_C@_0FL@CDANCHFO@InternalSafeStringNoAsciiStrOver@ 0001ea38     BaseLib:SafeString.obj
 0002:00000a94       ??_C@_0BF@NJNGJMPC@List?5?$CB?$DN?5?$CI?$CIvoid?5?$CK?$CJ?50?$CJ?$AA@ 0001ea94     BaseLib:LinkedList.obj
 0002:00000aac       ??_C@_0CM@FDGEGMJJ@c?3?2edk2?2MdePkg?2Library?2BaseLib?2L@ 0001eaac     BaseLib:LinkedList.obj
 0002:00000ad8       ??_C@_0CC@KDLPLAED@List?9?$DOForwardLink?5?$CB?$DN?5?$CI?$CIvoid?5?$CK?$CJ?50@ 0001ead8     BaseLib:LinkedList.obj
 0002:00000afc       ??_C@_0BP@IJJCCMAK@List?9?$DOBackLink?5?$CB?$DN?5?$CI?$CIvoid?5?$CK?$CJ?50?$CJ?$AA@ 0001eafc     BaseLib:LinkedList.obj
 0002:00000b1c       ??_C@_0CI@BMHOPIIO@InternalBaseLibIsListValid?5?$CIFirs@ 0001eb1c     BaseLib:LinkedList.obj
 0002:00000b44       ??_C@_0BJ@NJABNCDK@ListHead?5?$CB?$DN?5?$CI?$CIvoid?5?$CK?$CJ?50?$CJ?$AA@ 0001eb44     BaseLib:LinkedList.obj
 0002:00000b60       ??_C@_0CG@LGIALJFK@InternalBaseLibIsListValid?5?$CIList@ 0001eb60     BaseLib:LinkedList.obj
 0002:00000b88       ??_C@_0CC@JLDICICM@InternalBaseLibIsListValid?5?$CIList@ 0001eb88     BaseLib:LinkedList.obj
 0002:00000bac       ??_C@_0BF@NMBJJECB@?$CBIsListEmpty?5?$CIEntry?$CJ?$AA@ 0001ebac     BaseLib:LinkedList.obj
 0002:00000bc4       ??_C@_0CI@BEFOLLLE@c?3?2edk2?2MdePkg?2Library?2BaseLib?2S@ 0001ebc4     BaseLib:String.obj
 0002:00000bec       ??_C@_0DK@EOJCOAME@Length?5?$DM?5_gPcd_FixedAtBuild_PcdM@ 0001ebec     BaseLib:String.obj
 0002:00000c28       ??_C@_0BL@JAAMOCAJ@StrSize?5?$CIFirstString?$CJ?5?$CB?$DN?50?$AA@ 0001ec28     BaseLib:String.obj
 0002:00000c44       ??_C@_0BM@DALBOILC@StrSize?5?$CISecondString?$CJ?5?$CB?$DN?50?$AA@ 0001ec44     BaseLib:String.obj
 0002:00000c60       ??_C@_0DJ@JJHGIFMP@Length?5?$DM?$DN?5_gPcd_FixedAtBuild_Pcd@ 0001ec60     BaseLib:String.obj
 0002:00000c9c       ??_C@_0DI@MDIKFADO@Length?5?$DM?5_gPcd_FixedAtBuild_PcdM@ 0001ec9c     BaseLib:String.obj
 0002:00000cd4       ??_C@_0BL@IKFBNFIL@AsciiStrSize?5?$CIFirstString?$CJ?$AA@ 0001ecd4     BaseLib:String.obj
 0002:00000cf0       ??_C@_0BM@EDNOKLLE@AsciiStrSize?5?$CISecondString?$CJ?$AA@ 0001ecf0     BaseLib:String.obj
 0002:00000d0c       ??_C@_0N@KGHEHMDL@Divisor?5?$CB?$DN?50?$AA@ 0001ed0c     BaseLib:DivU64x32.obj
 0002:00000d1c       ??_C@_0CC@JOEHDGKB@DestinationBuffer?5?$CB?$DN?5?$CI?$CIvoid?5?$CK?$CJ?50@ 0001ed1c     BaseMemoryLibOptDxe:CompareMemWrapper.obj
 0002:00000d40       ??_C@_0DP@CPGOBMAI@c?3?2edk2?2MdePkg?2Library?2BaseMemor@ 0001ed40     BaseMemoryLibOptDxe:CompareMemWrapper.obj
 0002:00000d80       ??_C@_0BN@MDMCNBCC@SourceBuffer?5?$CB?$DN?5?$CI?$CIvoid?5?$CK?$CJ?50?$CJ?$AA@ 0001ed80     BaseMemoryLibOptDxe:CompareMemWrapper.obj
 0002:00000da0       ??_C@_0DI@PHOMHDKH@?$CILength?5?9?51?$CJ?5?$DM?$DN?5?$CI0xFFFFFFFF?5?9?5?$CIU@ 0001eda0     BaseMemoryLibOptDxe:CompareMemWrapper.obj
 0002:00000dd8       ??_C@_0DD@DCDOHCDJ@?$CILength?5?9?51?$CJ?5?$DM?$DN?5?$CI0xFFFFFFFF?5?9?5?$CIU@ 0001edd8     BaseMemoryLibOptDxe:CompareMemWrapper.obj
 0002:00000e0c       ??_C@_0CL@OBMFBPED@Length?5?$DM?$DN?5?$CI0xFFFFFFFF?5?9?5?$CIUINTN?$CJB@ 0001ee0c     BaseMemoryLibOptDxe:MemLibGuid.obj
 0002:00000e38       ??_C@_0DM@DBGKHDAI@c?3?2edk2?2MdePkg?2Library?2BaseMemor@ 0001ee38     BaseMemoryLibOptDxe:CopyMemWrapper.obj
 0002:00000e74       ??_C@_0BH@IACGKAP@Buffer?5?$CB?$DN?5?$CI?$CIvoid?5?$CK?$CJ?50?$CJ?$AA@ 0001ee74     BaseMemoryLibOptDxe:ZeroMemWrapper.obj
 0002:00000e8c       ??_C@_0DM@IFMIBCMP@c?3?2edk2?2MdePkg?2Library?2BaseMemor@ 0001ee8c     BaseMemoryLibOptDxe:ZeroMemWrapper.obj
 0002:00000ec8       ??_C@_0BH@LKMBFCBF@Format?5?$CB?$DN?5?$CI?$CIvoid?5?$CK?$CJ?50?$CJ?$AA@ 0001eec8     PeiDxeDebugLibReportStatusCode:DebugLib.obj
 0002:00000ee0       ??_C@_0EH@EMGPELNE@c?3?2edk2?2MdeModulePkg?2Library?2Pei@ 0001eee0     PeiDxeDebugLibReportStatusCode:DebugLib.obj
 0002:00000f28       ??_C@_0CI@HIINONDG@?$CICHAR8?5?$CK?$CJBaseListMarker?5?$DM?$DN?5Forma@ 0001ef28     PeiDxeDebugLibReportStatusCode:DebugLib.obj
 0002:00000f50       ??_C@_01OHGJGJJP@?$FL?$AA@ 0001ef50     PeiDxeDebugLibReportStatusCode:DebugLib.obj
 0002:00000f54       ??_C@_02PBFOLPKM@?$FN?5?$AA@ 0001ef54     PeiDxeDebugLibReportStatusCode:DebugLib.obj
 0002:00000f58       ??_C@_0EF@NBCCMJKB@c?3?2edk2?2MdePkg?2Library?2UefiMemor@ 0001ef58     UefiMemoryAllocationLib:MemoryAllocationLib.obj
 0002:00000fa0       ??_C@_0DE@FCAJAHCJ@AllocationSize?5?$DM?$DN?5?$CI0xFFFFFFFF?5?9?5@ 0001efa0     UefiMemoryAllocationLib:MemoryAllocationLib.obj
 0002:00000fd4       ??_C@_0BN@COECPDCC@gImageHandle?5?$CB?$DN?5?$CI?$CIvoid?5?$CK?$CJ?50?$CJ?$AA@ 0001efd4     UefiBootServicesTableLib:UefiBootServicesTableLib.obj
 0002:00000ff8       ??_C@_0EL@ODFJBOBF@c?3?2edk2?2MdePkg?2Library?2UefiBootS@ 0001eff8     UefiBootServicesTableLib:UefiBootServicesTableLib.obj
 0002:00001044       ??_C@_0BE@DGNHAHIL@gST?5?$CB?$DN?5?$CI?$CIvoid?5?$CK?$CJ?50?$CJ?$AA@ 0001f044     UefiBootServicesTableLib:UefiBootServicesTableLib.obj
 0002:00001058       ??_C@_0BE@BDFJLGLN@gBS?5?$CB?$DN?5?$CI?$CIvoid?5?$CK?$CJ?50?$CJ?$AA@ 0001f058     UefiBootServicesTableLib:UefiBootServicesTableLib.obj
 0002:00001070       ??_C@_0EP@BCAOHHL@c?3?2edk2?2MdePkg?2Library?2UefiDevic@ 0001f070     UefiDevicePathLibDevicePathProtocol:UefiDevicePathLib.obj
 0002:000010c0       ??_C@_0DC@CNNBPJA@mDevicePathLibDevicePathUtilitie@ 0001f0c0     UefiDevicePathLibDevicePathProtocol:UefiDevicePathLib.obj
 0002:000010f4       ??_C@_0BE@OBDFIHND@gRT?5?$CB?$DN?5?$CI?$CIvoid?5?$CK?$CJ?50?$CJ?$AA@ 0001f0f4     UefiRuntimeServicesTableLib:UefiRuntimeServicesTableLib.obj
 0002:00001108       ??_C@_0FB@NIMBGODD@c?3?2edk2?2MdePkg?2Library?2UefiRunti@ 0001f108     UefiRuntimeServicesTableLib:UefiRuntimeServicesTableLib.obj
 0002:0000115c       ??_C@_0CI@BGLNHBLM@?$CI?$CI?$CIUINTN?$CJ?5?$CIStartOfBuffer?$CJ?$CJ?5?$CG?50x0@ 0001f15c     BasePrintLib:PrintLib.obj
 0002:00001184       ??_C@_0CP@FCAPPOBN@c?3?2edk2?2MdePkg?2Library?2BasePrint@ 0001f184     BasePrintLib:PrintLib.obj
 0002:000011b4       ??_C@_0CH@KJLBGOBB@?$CI?$CI?$CIUINTN?$CJ?5?$CIFormatString?$CJ?$CJ?5?$CG?50x01@ 0001f1b4     BasePrintLib:PrintLib.obj
 0002:000011dc       ??_C@_07PBILKAFL@Success?$AA@ 0001f1dc     BasePrintLib:PrintLibInternal.obj
 0002:000011e4       ??_C@_0BG@CFJMNNJK@Warning?5Unknown?5Glyph?$AA@ 0001f1e4     BasePrintLib:PrintLibInternal.obj
 0002:000011fc       ??_C@_0BH@GKKCJEPJ@Warning?5Delete?5Failure?$AA@ 0001f1fc     BasePrintLib:PrintLibInternal.obj
 0002:00001214       ??_C@_0BG@ECIJMOED@Warning?5Write?5Failure?$AA@ 0001f214     BasePrintLib:PrintLibInternal.obj
 0002:0000122c       ??_C@_0BJ@ODIPDGHB@Warning?5Buffer?5Too?5Small?$AA@ 0001f22c     BasePrintLib:PrintLibInternal.obj
 0002:00001248       ??_C@_0BD@IFJNJCCO@Warning?5Stale?5Data?$AA@ 0001f248     BasePrintLib:PrintLibInternal.obj
 0002:0000125c       ??_C@_0L@PLPBEPPC@Load?5Error?$AA@ 0001f25c     BasePrintLib:PrintLibInternal.obj
 0002:00001268       ??_C@_0BC@HOFHKGJN@Invalid?5Parameter?$AA@ 0001f268     BasePrintLib:PrintLibInternal.obj
 0002:0000127c       ??_C@_0M@BEECMOIL@Unsupported?$AA@ 0001f27c     BasePrintLib:PrintLibInternal.obj
 0002:00001288       ??_C@_0BA@FLNMPMCF@Bad?5Buffer?5Size?$AA@ 0001f288     BasePrintLib:PrintLibInternal.obj
 0002:00001298       ??_C@_0BB@EGELJFOB@Buffer?5Too?5Small?$AA@ 0001f298     BasePrintLib:PrintLibInternal.obj
 0002:000012ac       ??_C@_09NKFGCIPN@Not?5Ready?$AA@ 0001f2ac     BasePrintLib:PrintLibInternal.obj
 0002:000012b8       ??_C@_0N@HHEABDHO@Device?5Error?$AA@ 0001f2b8     BasePrintLib:PrintLibInternal.obj
 0002:000012c8       ??_C@_0BA@LNEDDFNB@Write?5Protected?$AA@ 0001f2c8     BasePrintLib:PrintLibInternal.obj
 0002:000012d8       ??_C@_0BB@GOILNEAA@Out?5of?5Resources?$AA@ 0001f2d8     BasePrintLib:PrintLibInternal.obj
 0002:000012ec       ??_C@_0P@EIOJGIF@Volume?5Corrupt?$AA@ 0001f2ec     BasePrintLib:PrintLibInternal.obj
 0002:000012fc       ??_C@_0M@HDLEPOFA@Volume?5Full?$AA@ 0001f2fc     BasePrintLib:PrintLibInternal.obj
 0002:00001308       ??_C@_08KEGAJDNN@No?5Media?$AA@ 0001f308     BasePrintLib:PrintLibInternal.obj
 0002:00001314       ??_C@_0O@JNCJKCCD@Media?5changed?$AA@ 0001f314     BasePrintLib:PrintLibInternal.obj
 0002:00001324       ??_C@_09CFCBFJND@Not?5Found?$AA@ 0001f324     BasePrintLib:PrintLibInternal.obj
 0002:00001330       ??_C@_0O@NFHOBIDO@Access?5Denied?$AA@ 0001f330     BasePrintLib:PrintLibInternal.obj
 0002:00001340       ??_C@_0M@ENKCBFEP@No?5Response?$AA@ 0001f340     BasePrintLib:PrintLibInternal.obj
 0002:0000134c       ??_C@_0L@IFPBNFC@No?5mapping?$AA@ 0001f34c     BasePrintLib:PrintLibInternal.obj
 0002:00001358       ??_C@_08PAFJCNGP@Time?5out?$AA@ 0001f358     BasePrintLib:PrintLibInternal.obj
 0002:00001364       ??_C@_0M@DCJFAFHJ@Not?5started?$AA@ 0001f364     BasePrintLib:PrintLibInternal.obj
 0002:00001370       ??_C@_0BA@IGIBFFPH@Already?5started?$AA@ 0001f370     BasePrintLib:PrintLibInternal.obj
 0002:00001380       ??_C@_07LCKDCBKK@Aborted?$AA@ 0001f380     BasePrintLib:PrintLibInternal.obj
 0002:00001388       ??_C@_0L@LKIFCMNO@ICMP?5Error?$AA@ 0001f388     BasePrintLib:PrintLibInternal.obj
 0002:00001394       ??_C@_0L@DJKNJKHM@TFTP?5Error?$AA@ 0001f394     BasePrintLib:PrintLibInternal.obj
 0002:000013a0       ??_C@_0P@NCJHBCLM@Protocol?5Error?$AA@ 0001f3a0     BasePrintLib:PrintLibInternal.obj
 0002:000013b0       ??_C@_0BF@EHOBGFMI@Incompatible?5Version?$AA@ 0001f3b0     BasePrintLib:PrintLibInternal.obj
 0002:000013c8       ??_C@_0BD@KHMPCIOG@Security?5Violation?$AA@ 0001f3c8     BasePrintLib:PrintLibInternal.obj
 0002:000013dc       ??_C@_09BOMAGJEG@CRC?5Error?$AA@ 0001f3dc     BasePrintLib:PrintLibInternal.obj
 0002:000013e8       ??_C@_0N@JEJDHPO@End?5of?5Media?$AA@ 0001f3e8     BasePrintLib:PrintLibInternal.obj
 0002:000013f8       ??_C@_0O@NMJOLAMF@Reserved?5?$CI29?$CJ?$AA@ 0001f3f8     BasePrintLib:PrintLibInternal.obj
 0002:00001408       ??_C@_0O@GLPDOMCP@Reserved?5?$CI30?$CJ?$AA@ 0001f408     BasePrintLib:PrintLibInternal.obj
 0002:00001418       ??_C@_0M@FKGOBENP@End?5of?5File?$AA@ 0001f418     BasePrintLib:PrintLibInternal.obj
 0002:00001424       ??_C@_0BB@KFJAMCOC@Invalid?5Language?$AA@ 0001f424     BasePrintLib:PrintLibInternal.obj
 0002:00001438       ??_C@_0BB@MFGDFIJM@Compromised?5Data?$AA@ 0001f438     BasePrintLib:PrintLibInternal.obj
 0002:0000144c       ??_C@_0DH@DJIHJFON@c?3?2edk2?2MdePkg?2Library?2BasePrint@ 0001f44c     BasePrintLib:PrintLibInternal.obj
 0002:00001488       ??_C@_0EB@HDGIDCIO@?$CIBufferSize?5?$DM?$DN?5?$CI_gPcd_FixedAtBui@ 0001f488     BasePrintLib:PrintLibInternal.obj
 0002:000014cc       ??_C@_0BJ@PPAKKDJG@?$CIFormat?5?$CB?$DN?5?$CI?$CIvoid?5?$CK?$CJ?50?$CJ?$CJ?$AA@ 0001f4cc     BasePrintLib:PrintLibInternal.obj
 0002:000014e8       ??_C@_0ED@LPDDCECB@?$CIBufferSize?5?$DM?$DN?5?$CI_gPcd_FixedAtBui@ 0001f4e8     BasePrintLib:PrintLibInternal.obj
 0002:00001530       ??_C@_0IM@BFJJFLGB@?$CIStrnLenS?5?$CI?$CICHAR16?5?$CK?$CJFormat?0?5?$CI_g@ 0001f530     BasePrintLib:PrintLibInternal.obj
 0002:000015c0       ??_C@_0ID@PLGJGION@?$CIAsciiStrnLenS?5?$CIFormat?0?5?$CI_gPcd_F@ 0001f5c0     BasePrintLib:PrintLibInternal.obj
 0002:00001644       ??_C@_0O@MLOLIMFM@?$DMnull?5string?$DO?$AA@ 0001f644     BasePrintLib:PrintLibInternal.obj
 0002:00001654       ??_C@_0M@BJJDNPHK@?$DMnull?5guid?$DO?$AA@ 0001f654     BasePrintLib:PrintLibInternal.obj
 0002:00001660       ??_C@_0DB@PMLHLBMO@?$CF08x?9?$CF04x?9?$CF04x?9?$CF02x?$CF02x?9?$CF02x?$CF02x@ 0001f660     BasePrintLib:PrintLibInternal.obj
 0002:00001694       ??_C@_0M@LHGBCIKM@?$DMnull?5time?$DO?$AA@ 0001f694     BasePrintLib:PrintLibInternal.obj
 0002:000016a0       ??_C@_0BK@FCPKCIDD@?$CF02d?1?$CF02d?1?$CF04d?5?5?$CF02d?3?$CF02d?$AA@ 0001f6a0     BasePrintLib:PrintLibInternal.obj
 0002:000016bc       ??_C@_04JIMNDDED@?$CF08X?$AA@ 0001f6bc     BasePrintLib:PrintLibInternal.obj
 0002:000016c4       ??_C@_02PCIJFNDE@?$AN?6?$AA@ 0001f6c4     BasePrintLib:PrintLibInternal.obj
 0002:000016c8       ??_C@_01LIIJDEN@?$AN?$AA@  0001f6c8     BasePrintLib:PrintLibInternal.obj
 0002:000016d0       _mHexStr                   0001f6d0     BasePrintLib:PrintLibInternal.obj
 0002:000016e0       _mStatusString             0001f6e0     BasePrintLib:PrintLibInternal.obj
 0002:0000177c       ??_C@_0CJ@PFEGNAHL@c?3?2edk2?2MdePkg?2Library?2UefiLib?2U@ 0001f77c     UefiLib:UefiLib.obj
 0002:000017a8       ??_C@_0EG@GOBFPEEP@Name?5?$CB?$DN?5?$CI?$CIvoid?5?$CK?$CJ?50?$CJ?5?$CG?$CG?5Guid?5?$CB?$DN?5@ 0001f7a8     UefiLib:UefiLib.obj
 0002:000017f0       ??_C@_0BH@FMEOEIBC@?$CKValue?5?$CB?$DN?5?$CI?$CIvoid?5?$CK?$CJ?50?$CJ?$AA@ 0001f7f0     UefiLib:UefiLib.obj
 0002:00001808       ??_C@_0CD@OLFKAJF@SupportedLanguages?5?$CB?$DN?5?$CI?$CIvoid?5?$CK?$CJ?5@ 0001f808     UefiLib:UefiLib.obj
 0002:0000182c       ??_C@_0CK@GGFNJPAK@c?3?2edk2?2MdePkg?2Library?2DxeHobLib@ 0001f82c     DxeHobLib:HobLib.obj
 0002:00001858       ??_C@_0BJ@OBFMLLDO@mHobList?5?$CB?$DN?5?$CI?$CIvoid?5?$CK?$CJ?50?$CJ?$AA@ 0001f858     DxeHobLib:HobLib.obj
 0002:00001874       ??_C@_0BJ@NOLLDKJB@HobStart?5?$CB?$DN?5?$CI?$CIvoid?5?$CK?$CJ?50?$CJ?$AA@ 0001f874     DxeHobLib:HobLib.obj
 0002:00001890       ??_C@_1BC@DPOIABCP@?$AAE?$AAF?$AAI?$AAD?$AAe?$AAb?$AAu?$AAg?$AA?$AA@ 0001f890     DxeDebugPrintErrorLevelLib:DxeDebugPrintErrorLevelLib.obj
 0002:000018a8       ??_C@_0EF@LIFNJAGA@c?3?2edk2?2MdeModulePkg?2Library?2Uef@ 0001f8a8     UefiHiiServicesLib:UefiHiiServicesLib.obj
 0002:000018f0       ??_C@_0DB@CPEBINLM@c?3?2edk2?2MdeModulePkg?2Library?2Uef@ 0001f8f0     UefiHiiLib:HiiLib.obj
 0002:00001924       ??_C@_0CA@OEKIMLLB@PackageListGuid?5?$CB?$DN?5?$CI?$CIvoid?5?$CK?$CJ?50?$CJ?$AA@ 0001f924     UefiHiiLib:HiiLib.obj
 0002:00001944       ??_C@_0BK@KLJHMMPJ@HiiHandle?5?$CB?$DN?5?$CI?$CIvoid?5?$CK?$CJ?50?$CJ?$AA@ 0001f944     UefiHiiLib:HiiLib.obj
 0002:00001960       _mEndOfPakageList          0001f960     UefiHiiLib:HiiLib.obj
 0002:00001964       ??_C@_0DE@IAJEMHJO@c?3?2edk2?2MdeModulePkg?2Library?2Uef@ 0001f964     UefiHiiLib:HiiString.obj
 0002:00001998       ??_C@_06PLDEFKP@x?9UEFI?$AA@ 0001f998     UefiHiiLib:HiiString.obj
 0002:000019a0       ??_C@_0O@EMMLPDMJ@StringId?5?$CB?$DN?50?$AA@ 0001f9a0     UefiHiiLib:HiiString.obj
 0002:000019b0       ??_C@_1BK@GGGENMOA@?$AAP?$AAl?$AAa?$AAt?$AAf?$AAo?$AAr?$AAm?$AAL?$AAa?$AAn?$AAg?$AA?$AA@ 0001f9b0     UefiHiiLib:HiiString.obj
 0002:000019ca       ??_C@_00CNPNBAHC@?$AA@     0001f9ca     UefiHiiLib:HiiString.obj
 0002:000019cc       ??_C@_0DG@PGDOLEKG@c?3?2edk2?2MdeModulePkg?2Library?2Uef@ 0001f9cc     UefiHiiLib:HiiLanguage.obj
 0002:00001a04       ??_C@_0DP@PCKCLDFH@FormData?5?$CB?$DN?5?$CI?$CIvoid?5?$CK?$CJ?50?$CJ?5?$CG?$CG?5Scre@ 0001fa04     CustomizedDisplayLib:CustomizedDisplayLib.obj
 0002:00001a48       ??_C@_0EJ@GDIBFLI@c?3?2edk2?2MdeModulePkg?2Library?2Cus@ 0001fa48     CustomizedDisplayLib:CustomizedDisplayLib.obj
 0002:00001a94       ??_C@_1BG@HCKICKBP@?$AA?$CF?$AAc?$AA?$CF?$AAc?$AA?$CF?$AAc?$AA?$CF?$AAc?$AA?$CF?$AAs?$AA?$AA@ 0001fa94     CustomizedDisplayLib:CustomizedDisplayLib.obj
 0002:00001aac       ??_C@_1O@OBLENKEO@?$AA?$CF?$AAc?$AA?$CF?$AAc?$AA?$CF?$AAs?$AA?$AA@ 0001faac     CustomizedDisplayLib:CustomizedDisplayLib.obj
 0002:00001abc       ??_C@_15OJKDPEFE@?$AA?5?$AA?5?$AA?$AA@ 0001fabc     CustomizedDisplayLib:CustomizedDisplayLib.obj
 0002:00001ac4       ??_C@_15GANGMFKL@?$AA?$CF?$AAs?$AA?$AA@ 0001fac4     CustomizedDisplayLib:CustomizedDisplayLib.obj
 0002:00001acc       ??_C@_15DAMPJCDE@?$AA?$CF?$AAc?$AA?$AA@ 0001facc     CustomizedDisplayLib:CustomizedDisplayLib.obj
 0002:00001ad4       ??_C@_0CF@FHJJPAPO@mCDLStringPackHandle?5?$CB?$DN?5?$CI?$CIvoid?5?$CK@ 0001fad4     CustomizedDisplayLib:CustomizedDisplayLib.obj
 0002:00001afc       ??_C@_0BM@GOGIKBPG@RowIdx?5?$DM?56?5?$CG?$CG?5ColumnIdx?5?$DM?53?$AA@ 0001fafc     CustomizedDisplayLib:CustomizedDisplayLibInternal.obj
 0002:00001b18       ??_C@_0FB@OGBNAPG@c?3?2edk2?2MdeModulePkg?2Library?2Cus@ 0001fb18     CustomizedDisplayLib:CustomizedDisplayLibInternal.obj
 0002:00001b6c       ??_C@_0BJ@IHAHAJFB@TitleStr?5?$CB?$DN?5?$CI?$CIvoid?5?$CK?$CJ?50?$CJ?$AA@ 0001fb6c     CustomizedDisplayLib:CustomizedDisplayLibInternal.obj
 0002:00001b88       ??_C@_0BM@DBDJAPO@gBannerData?5?$CB?$DN?5?$CI?$CIvoid?5?$CK?$CJ?50?$CJ?$AA@ 0001fb88     CustomizedDisplayLib:CustomizedDisplayLibInternal.obj
 0002:00001ba4       ??_C@_13MGDFOILI@?$AA?$CB?$AA?$AA@ 0001fba4     CustomizedDisplayLib:CustomizedDisplayLibInternal.obj
 0002:00001ba8       ??_C@_0BN@NNAHPNDP@mSpaceBuffer?5?$CB?$DN?5?$CI?$CIvoid?5?$CK?$CJ?50?$CJ?$AA@ 0001fba8     CustomizedDisplayLib:CustomizedDisplayLibInternal.obj
 0002:00001bc8       ??_C@_06LBMCOACO@Buffer?$AA@ 0001fbc8     CustomizedDisplayLib:CustomizedDisplayLibInternal.obj
 0002:00001bd0       ??_C@_0N@LLKJGFOB@BackupBuffer?$AA@ 0001fbd0     CustomizedDisplayLib:CustomizedDisplayLibInternal.obj
 0002:00001be0       ??_C@_0EK@NEAGPEKB@c?3?2edk2?2MdeModulePkg?2Library?2Dxe@ 0001fbe0     DxeReportStatusCodeLib:ReportStatusCodeLib.obj
 0002:00001c2c       ??_C@_0DN@HHIHPHHB@?$CB?$CI?$CIExtendedData?5?$DN?$DN?5?$CI?$CIvoid?5?$CK?$CJ?50?$CJ?$CJ@ 0001fc2c     DxeReportStatusCodeLib:ReportStatusCodeLib.obj
 0002:00001c6c       ??_C@_0DN@BBBIFINB@?$CB?$CI?$CIExtendedData?5?$CB?$DN?5?$CI?$CIvoid?5?$CK?$CJ?50?$CJ?$CJ@ 0001fc6c     DxeReportStatusCodeLib:ReportStatusCodeLib.obj
 0002:00001cac       ??_C@_0DI@MIEIGAOH@Status?5code?5extended?5data?5is?5too@ 0001fcac     DxeReportStatusCodeLib:ReportStatusCodeLib.obj
 0002:00001ce4       ??_C@_0CL@COEFNOFM@c?3?2edk2?2MdePkg?2Library?2BaseLib?2U@ 0001fce4     BaseLib:Unaligned.obj
 0002:00001d10       ??_C@_0DE@PLOFBNJA@c?3?2edk2?2MdePkg?2Library?2BaseLib?2D@ 0001fd10     BaseLib:DivU64x32Remainder.obj
 0003:00000000       _gEfiLoadedImageProtocolGuid 00020000     DisplayEngine:AutoGen.obj
 0003:00000010       _gEfiIfrTianoGuid          00020010     DisplayEngine:AutoGen.obj
 0003:00000020       _gEfiHiiFontProtocolGuid   00020020     DisplayEngine:AutoGen.obj
 0003:00000030       _gEfiDebugMaskProtocolGuid 00020030     DisplayEngine:AutoGen.obj
 0003:00000040       _gEfiHiiDatabaseProtocolGuid 00020040     DisplayEngine:AutoGen.obj
 0003:00000050       _gEfiHiiConfigRoutingProtocolGuid 00020050     DisplayEngine:AutoGen.obj
 0003:00000060       _gEfiHobListGuid           00020060     DisplayEngine:AutoGen.obj
 0003:00000070       _gEfiHiiImageProtocolGuid  00020070     DisplayEngine:AutoGen.obj
 0003:00000080       _DisplayEngineStrings      00020080     DisplayEngine:AutoGen.obj
 0003:00001648       _gEfiDevicePathUtilitiesProtocolGuid 00021648     DisplayEngine:AutoGen.obj
 0003:00001658       _gEfiHiiStringProtocolGuid 00021658     DisplayEngine:AutoGen.obj
 0003:00001668       _gEfiHiiPopupProtocolGuid  00021668     DisplayEngine:AutoGen.obj
 0003:00001678       _gEfiGenericVariableGuid   00021678     DisplayEngine:AutoGen.obj
 0003:00001688       _gEfiCallerIdGuid          00021688     DisplayEngine:AutoGen.obj
 0003:00001698       _gEdkiiFormDisplayEngineProtocolGuid 00021698     DisplayEngine:AutoGen.obj
 0003:000016a8       _gEfiStatusCodeDataTypeDebugGuid 000216a8     DisplayEngine:AutoGen.obj
 0003:000016b8       _gEdkiiFormBrowserEx2ProtocolGuid 000216b8     DisplayEngine:AutoGen.obj
 0003:000016c8       _gEfiStatusCodeSpecificDataGuid 000216c8     DisplayEngine:AutoGen.obj
 0003:000016d8       _gEfiGlobalVariableGuid    000216d8     DisplayEngine:AutoGen.obj
 0003:000016e8       _gEfiStatusCodeRuntimeProtocolGuid 000216e8     DisplayEngine:AutoGen.obj
 0003:000016f8       _mStatementLayoutIsChanged 000216f8     DisplayEngine:FormDisplay.obj
 0003:000016f9       _mIsFirstForm              000216f9     DisplayEngine:FormDisplay.obj
 0003:000016fc       _gDisplayEngineGuid        000216fc     DisplayEngine:FormDisplay.obj
 0003:00001710       _mPrivateData              00021710     DisplayEngine:FormDisplay.obj
 0003:00001740       _gScreenOperationToControlFlag 00021740     DisplayEngine:FormDisplay.obj
 0003:00001790       _gScanCodeToOperation      00021790     DisplayEngine:FormDisplay.obj
 0003:000017c8       _mDebugMaskProtocol        000217c8     DxeDebugPrintErrorLevelLib:DxeDebugPrintErrorLevelLib.obj
 0003:000017d8       _gCustomizedDisplayLibGuid 000217d8     CustomizedDisplayLib:CustomizedDisplayLib.obj
 0003:000017e8       _gLibIsFirstForm           000217e8     CustomizedDisplayLib:CustomizedDisplayLib.obj
 0003:000017f0       _CustomizedDisplayLibStrings 000217f0     CustomizedDisplayLib:AutoGen.obj
 0003:00001ee0       _gHighligthMenuInfo        00021ee0     DisplayEngine:FormDisplay.obj
 0003:00001f04       _gOldFormEntry             00021f04     DisplayEngine:FormDisplay.obj
 0003:00001f28       _gST                       00021f28     UefiBootServicesTableLib:UefiBootServicesTableLib.obj
 0003:00001f2c       _gBS                       00021f2c     UefiBootServicesTableLib:UefiBootServicesTableLib.obj
 0003:00001f30       _gImageHandle              00021f30     UefiBootServicesTableLib:UefiBootServicesTableLib.obj
 0003:00001f34       _mDevicePathLibDevicePathUtilities 00021f34     UefiDevicePathLibDevicePathProtocol:UefiDevicePathLib.obj
 0003:00001f38       _gRT                       00021f38     UefiRuntimeServicesTableLib:UefiRuntimeServicesTableLib.obj
 0003:00001f3c       _mHobList                  00021f3c     DxeHobLib:HobLib.obj
 0003:00001f40       _mDebugPrintErrorLevel     00021f40     DxeDebugPrintErrorLevelLib:DxeDebugPrintErrorLevelLib.obj
 0003:00001f44       _mGlobalErrorLevelInitialized 00021f44     DxeDebugPrintErrorLevelLib:DxeDebugPrintErrorLevelLib.obj
 0003:00001f48       _mSystemTable              00021f48     DxeDebugPrintErrorLevelLib:DxeDebugPrintErrorLevelLib.obj
 0003:00001f4c       _gHiiImage                 00021f4c     UefiHiiServicesLib:UefiHiiServicesLib.obj
 0003:00001f50       _gHiiFont                  00021f50     UefiHiiServicesLib:UefiHiiServicesLib.obj
 0003:00001f54       _gHiiString                00021f54     UefiHiiServicesLib:UefiHiiServicesLib.obj
 0003:00001f58       _gHiiDatabase              00021f58     UefiHiiServicesLib:UefiHiiServicesLib.obj
 0003:00001f5c       _gHiiConfigRouting         00021f5c     UefiHiiServicesLib:UefiHiiServicesLib.obj
 0003:00001f60       _mReportStatusCodeLibStatusCodeProtocol 00021f60     DxeReportStatusCodeLib:ReportStatusCodeLib.obj
 0003:00001f64       _mLibUnknownString         00021f64     <common>
 0003:00001f68       _mSpaceBuffer              00021f68     <common>
 0003:00001f6c       _gEnterString              00021f6c     <common>
 0003:00001f70       _gMoveHighlight            00021f70     <common>
 0003:00001f74       _gEnterEscapeString        00021f74     <common>
 0003:00001f80       _gScreenDimensions         00021f80     <common>
 0003:00001f90       _gEscapeString             00021f90     <common>
 0003:00001f94       _gAdjustNumber             00021f94     <common>
 0003:00001f98       _gHexNumericInput          00021f98     <common>
 0003:00001f9c       _gYesResponse              00021f9c     <common>
 0003:00001fa0       _gSaveChanges              00021fa0     <common>
 0003:00001fa4       _gNoResponse               00021fa4     <common>
 0003:00001fa8       _gNvUpdateMessage          00021fa8     <common>
 0003:00001fac       _gDecNumericInput          00021fac     <common>
 0003:00001fb0       _gLibEmptyString           00021fb0     <common>
 0003:00001fb4       _gAreYouSure               00021fb4     <common>
 0003:00001fb8       _gPlusString               00021fb8     <common>
 0003:00001fbc       _gToggleCheckBox           00021fbc     <common>
 0003:00001fc0       _gEnterCommitString        00021fc0     <common>
 0003:00001fc4       _gInputErrorMessage        00021fc4     <common>
 0003:00001fc8       _gMinusString              00021fc8     <common>
 0003:00001fcc       _gBannerData               00021fcc     <common>
 0003:00001fd0       _gFooterHeight             00021fd0     <common>
 0003:00001fd4       _gClassOfVfr               00021fd4     <common>
 0003:00001fd8       _mCDLStringPackHandle      00021fd8     <common>
 0003:00001fdc       _gMaxRowWidth              00021fdc     <common>
 0003:00001fe0       _gMessageString            00021fe0     <common>
 0003:00001ff0       _gPopupDimensions          00021ff0     <common>
 0003:00002000       _gUserSelectableOptions    00022000     <common>
 0003:00002008       _gMesStrLineNum            00022008     <common>
 0003:00002010       _gStatementDimensions      00022010     <common>
 0003:00002020       _gConfirmOptCancel         00022020     <common>
 0003:00002024       _gSaveNoSubmitProcess      00022024     <common>
 0003:00002028       _gConfirmPassword          00022028     <common>
 0003:00002030       _gMenuOption               00022030     <common>
 0003:00002038       _gConfirmMsgEnd            00022038     <common>
 0003:0000203c       _gProtocolNotFound         0002203c     <common>
 0003:00002040       _gDirection                00022040     <common>
 0003:00002044       _mUnknownString            00022044     <common>
 0003:00002048       _gOkOption                 00022048     <common>
 0003:0000204c       _gNoSubmitIfFailed         0002204c     <common>
 0003:00002050       _gReconnectFail            00022050     <common>
 0003:00002054       _gCheckError               00022054     <common>
 0003:00002058       _gHelpBlockWidth           00022058     <common>
 0003:0000205c       _gConfirmDefaultMsg2nd     0002205c     <common>
 0003:00002060       _gBrowserError             00022060     <common>
 0003:00002064       _gEmptyString              00022064     <common>
 0003:00002068       _gFormData                 00022068     <common>
 0003:0000206c       _gOptionBlockWidth         0002206c     <common>
 0003:00002070       _gErrorPopup               00022070     <common>
 0003:00002074       _gConfirmResetMsg          00022074     <common>
 0003:00002078       _gYesOption                00022078     <common>
 0003:0000207c       _gConfirmSubmitMsg2nd      0002207c     <common>
 0003:00002080       _gConfirmSubmitMsg         00022080     <common>
 0003:00002084       _gConfirmOpt               00022084     <common>
 0003:00002088       _gPasswordUnsupported      00022088     <common>
 0003:0000208c       _gMisMatch                 0002208c     <common>
 0003:00002090       _gConfirmOptOk             00022090     <common>
 0003:00002094       _gInfoPopup                00022094     <common>
 0003:00002098       _gHiiHandle                00022098     <common>
 0003:0000209c       _gReconnectConfirmChanges  0002209c     <common>
 0003:000020a0       _gConfirmExitMsg           000220a0     <common>
 0003:000020a4       _gConfirmExitMsg2nd        000220a4     <common>
 0003:000020a8       _gConfirmResetMsg2nd       000220a8     <common>
 0003:000020ac       _gCancelOption             000220ac     <common>
 0003:000020b0       _gMiniString               000220b0     <common>
 0003:000020b4       _gConfirmError             000220b4     <common>
 0003:000020b8       _gSaveProcess              000220b8     <common>
 0003:000020bc       _gConfirmDiscardMsg        000220bc     <common>
 0003:000020c0       _gModalSkipColumn          000220c0     <common>
 0003:000020c4       _gWarningPopup             000220c4     <common>
 0003:000020c8       _gChangesOpt               000220c8     <common>
 0003:000020cc       _gReconnectRequired        000220cc     <common>
 0003:000020d0       _gPressEnter               000220d0     <common>
 0003:000020d4       _gPassowordInvalid         000220d4     <common>
 0003:000020d8       _gFormSuppress             000220d8     <common>
 0003:000020dc       _gSaveFailed               000220dc     <common>
 0003:000020e0       _gUserInput                000220e0     <common>
 0003:000020e4       _gFormNotFound             000220e4     <common>
 0003:000020e8       _gConfirmOptYes            000220e8     <common>
 0003:000020ec       _gConfirmMsgConnect        000220ec     <common>
 0003:000020f0       _gDiscardChange            000220f0     <common>
 0003:000020f4       _gJumpToFormSet            000220f4     <common>
 0003:000020f8       _gConfirmOptNo             000220f8     <common>
 0003:000020fc       _gOptionMismatch           000220fc     <common>
 0003:00002100       _gNoSubmitIf               00022100     <common>
 0003:00002104       _gPromptForData            00022104     <common>
 0003:00002108       _gPromptForPassword        00022108     <common>
 0003:0000210c       _gPromptBlockWidth         0002210c     <common>
 0003:00002110       _gNoOption                 00022110     <common>
 0003:00002114       _gConfirmDefaultMsg        00022114     <common>
 0003:00002118       _gPromptForNewPassword     00022118     <common>

 entry point at        0001:0000015f

 Static symbols

 0001:0000003a       _InternalMemCopyMem.0      0001103a     BaseMemoryLibOptDxe:CopyMem.obj
 0001:0000004c       _InternalMemCopyMem.1      0001104c     BaseMemoryLibOptDxe:CopyMem.obj
 0001:0000005e       _InternalMemCopyMem.2      0001105e     BaseMemoryLibOptDxe:CopyMem.obj
 0001:0000007b       @CopyBackward              0001107b     BaseMemoryLibOptDxe:CopyMem.obj
 0001:00000082       @CopyBytes                 00011082     BaseMemoryLibOptDxe:CopyMem.obj
 0001:00000111       _InternalMemSetMem64.0     00011111     BaseMemoryLibOptDxe:SetMem64.obj
 0001:00004021       $LN591                     00015021     * CIL library *:* CIL module *
 0001:0000448d       $LN163                     0001548d     * CIL library *:* CIL module *
 0001:0000b712       $LN76                      0001c712     * CIL library *:* CIL module *
 0001:0000b722       $LN54                      0001c722     * CIL library *:* CIL module *
 0004:00000000       .edata                     00023000     DisplayEngine.exp
 0004:00000028       rgpv                       00023028     DisplayEngine.exp
 0004:0000002c       rgszName                   0002302c     DisplayEngine.exp
 0004:00000030       rgwOrd                     00023030     DisplayEngine.exp
 0004:00000032       szName                     00023032     DisplayEngine.exp
 0004:00000044       $N00001                    00023044     DisplayEngine.exp
