 ArpDxe

 Timestamp is 5a2f2e48 (Tue Dec 12 08:18:00 2017)

 Preferred load address is 00010000

 Start         Length     Name                   Class
 0001:00000000 0000011fH .text                   CODE
 0001:0000011f 000033a8H .text$mn                CODE
 0002:00000000 0000127bH .rdata                  DATA
 0002:0000127c 00000098H .rdata$debug            DATA
 0003:00000000 00000190H .data                   DATA
 0003:00000190 0000002cH .bss                    DATA
 0004:00000000 0000004eH .edata                  DATA

  Address         Publics by Value              Rva+Base       Lib:Object

 0000:00000000       ___guard_fids_count        00000000     <absolute>
 0000:00000000       ___guard_fids_table        00000000     <absolute>
 0000:00000000       ___guard_flags             00000000     <absolute>
 0001:00000000       _InternalMemCompareMem     00011000     BaseMemoryLibOptDxe:CompareMem.obj
 0001:00000020       _InternalMemCopyMem        00011020     BaseMemoryLibOptDxe:CopyMem.obj
 0001:00000090       _InternalMemZeroMem        00011090     BaseMemoryLibOptDxe:ZeroMem.obj
 0001:000000b0       _InternalMemSetMem         000110b0     BaseMemoryLibOptDxe:SetMem.obj
 0001:000000e0       _InternalMemSetMem32       000110e0     BaseMemoryLibOptDxe:SetMem32.obj
 0001:00000100       _InternalMemSetMem64       00011100     BaseMemoryLibOptDxe:SetMem64.obj
 0001:0000011f       __DriverUnloadHandler      0001111f f   UefiDriverEntryPoint:DriverEntryPoint.obj
 0001:00000142       __ModuleEntryPoint         00011142 f   UefiDriverEntryPoint:DriverEntryPoint.obj
 0001:000001c3       _ProcessLibraryConstructorList 000111c3 f   ArpDxe:AutoGen.obj
 0001:00000372       _ProcessLibraryDestructorList 00011372 f   ArpDxe:AutoGen.obj
 0001:000003b7       _ArpCreateService          000113b7 f   ArpDxe:ArpDriver.obj
 0001:0000054f       _ArpCleanService           0001154f f   ArpDxe:ArpDriver.obj
 0001:00000627       _ArpDestroyChildEntryInHandleBuffer 00011627 f   ArpDxe:ArpDriver.obj
 0001:0000066f       _ArpDriverBindingSupported 0001166f f   ArpDxe:ArpDriver.obj
 0001:000006c4       _ArpDriverBindingStart     000116c4 f   ArpDxe:ArpDriver.obj
 0001:00000745       _ArpDriverBindingStop      00011745 f   ArpDxe:ArpDriver.obj
 0001:000008da       _ArpServiceBindingCreateChild 000118da f   ArpDxe:ArpDriver.obj
 0001:00000a36       _ArpServiceBindingDestroyChild 00011a36 f   ArpDxe:ArpDriver.obj
 0001:00000b85       _ArpComponentNameGetDriverName 00011b85 f   ArpDxe:ComponentName.obj
 0001:00000baf       _ArpComponentNameGetControllerName 00011baf f   ArpDxe:ComponentName.obj
 0001:00000c1f       _ArpInitInstance           00011c1f f   ArpDxe:ArpImpl.obj
 0001:00000c70       _ArpOnFrameRcvdDpc         00011c70 f   ArpDxe:ArpImpl.obj
 0001:00000f29       _ArpOnFrameRcvd            00011f29 f   ArpDxe:ArpImpl.obj
 0001:00000f40       _ArpOnFrameSentDpc         00011f40 f   ArpDxe:ArpImpl.obj
 0001:00000fa0       _ArpOnFrameSent            00011fa0 f   ArpDxe:ArpImpl.obj
 0001:00000fb7       _ArpTimerHandler           00011fb7 f   ArpDxe:ArpImpl.obj
 0001:0000114f       _ArpMatchAddress           0001214f f   ArpDxe:ArpImpl.obj
 0001:000011a5       _ArpFindNextCacheEntryInTable 000121a5 f   ArpDxe:ArpImpl.obj
 0001:000011fa       _ArpFindDeniedCacheEntry   000121fa f   ArpDxe:ArpImpl.obj
 0001:0000128a       _ArpAllocCacheEntry        0001228a f   ArpDxe:ArpImpl.obj
 0001:00001302       _ArpAddressResolved        00012302 f   ArpDxe:ArpImpl.obj
 0001:00001388       _ArpFillAddressInCacheEntry 00012388 f   ArpDxe:ArpImpl.obj
 0001:000013e9       _ArpConfigureInstance      000123e9 f   ArpDxe:ArpImpl.obj
 0001:00001506       _ArpSendFrame              00012506 f   ArpDxe:ArpImpl.obj
 0001:00001789       _ArpDeleteCacheEntryInTable 00012789 f   ArpDxe:ArpImpl.obj
 0001:0000183e       _ArpDeleteCacheEntry       0001283e f   ArpDxe:ArpImpl.obj
 0001:000018b1       _ArpCancelRequest          000128b1 f   ArpDxe:ArpImpl.obj
 0001:00001959       _ArpFindCacheEntry         00012959 f   ArpDxe:ArpImpl.obj
 0001:00001bca       _ArpConfigure              00012bca f   ArpDxe:ArpMain.obj
 0001:00001c4b       _ArpAdd                    00012c4b f   ArpDxe:ArpMain.obj
 0001:00001e0b       _ArpFind                   00012e0b f   ArpDxe:ArpMain.obj
 0001:00001eb3       _ArpDelete                 00012eb3 f   ArpDxe:ArpMain.obj
 0001:00001f35       _ArpFlush                  00012f35 f   ArpDxe:ArpMain.obj
 0001:00001fb3       _ArpRequest                00012fb3 f   ArpDxe:ArpMain.obj
 0001:0000223b       _ArpCancel                 0001323b f   ArpDxe:ArpMain.obj
 0001:000022d7       _CompareMem                000132d7 f   BaseMemoryLibOptDxe:CompareMemWrapper.obj
 0001:0000236a       _CopyMem                   0001336a f   BaseMemoryLibOptDxe:CopyMemWrapper.obj
 0001:000023cb       _ZeroMem                   000133cb f   BaseMemoryLibOptDxe:ZeroMemWrapper.obj
 0001:00002410       _InternalBaseLibIsListValid 00013410 f   BaseLib:LinkedList.obj
 0001:00002474       _InitializeListHead        00013474 f   BaseLib:LinkedList.obj
 0001:00002499       _InsertHeadList            00013499 f   BaseLib:LinkedList.obj
 0001:000024d0       _InsertTailList            000134d0 f   BaseLib:LinkedList.obj
 0001:00002508       _GetFirstNode              00013508 f   BaseLib:LinkedList.obj
 0001:0000252d       _IsListEmpty               0001352d f   BaseLib:LinkedList.obj
 0001:00002555       _IsNull                    00013555 f   BaseLib:LinkedList.obj
 0001:00002581       _RemoveEntryList           00013581 f   BaseLib:LinkedList.obj
 0001:000025b5       _SwapBytes32               000135b5 f   BaseLib:SwapBytes32.obj
 0001:000025ce       _DebugPrint                000135ce f   PeiDxeDebugLibReportStatusCode:DebugLib.obj
 0001:00002725       _DebugAssert               00013725 f   PeiDxeDebugLibReportStatusCode:DebugLib.obj
 0001:00002835       _InternalAllocatePool      00013835 f   UefiMemoryAllocationLib:MemoryAllocationLib.obj
 0001:0000285a       _InternalAllocateZeroPool  0001385a f   UefiMemoryAllocationLib:MemoryAllocationLib.obj
 0001:00002876       _FreePool                  00013876 f   UefiMemoryAllocationLib:MemoryAllocationLib.obj
 0001:000028ac       _CompareIso639LanguageCode 000138ac f   UefiLib:UefiLib.obj
 0001:000028c6       _EfiGetSystemConfigurationTable 000138c6 f   UefiLib:UefiLib.obj
 0001:00002920       _EfiTestChildHandle        00013920 f   UefiLib:UefiLib.obj
 0001:00002988       _LookupUnicodeString2      00013988 f   UefiLib:UefiLib.obj
 0001:00002a79       _EfiLibInstallDriverBindingComponentName2 00013a79 f   UefiLib:UefiDriverModel.obj
 0001:00002aed       _GetHobList                00013aed f   DxeHobLib:HobLib.obj
 0001:00002b47       _GetNextHob                00013b47 f   DxeHobLib:HobLib.obj
 0001:00002b84       _GetDebugPrintErrorLevel   00013b84 f   DxeDebugPrintErrorLevelLib:DxeDebugPrintErrorLevelLib.obj
 0001:00002c7a       _GetDebugMask              00013c7a f   DxeDebugPrintErrorLevelLib:DxeDebugPrintErrorLevelLib.obj
 0001:00002c92       _SetDebugMask              00013c92 f   DxeDebugPrintErrorLevelLib:DxeDebugPrintErrorLevelLib.obj
 0001:00002c9e       _NetListRemoveHead         00013c9e f   DxeNetLib:DxeNetLib.obj
 0001:00002cdd       _NetDestroyLinkList        00013cdd f   DxeNetLib:DxeNetLib.obj
 0001:00002d6d       _NetMapClean               00013d6d f   DxeNetLib:DxeNetLib.obj
 0001:00002e19       _NetMapAllocItem           00013e19 f   DxeNetLib:DxeNetLib.obj
 0001:00002e79       _NetMapInsertTail          00013e79 f   DxeNetLib:DxeNetLib.obj
 0001:00002ec5       _NetLibDefaultUnload       00013ec5 f   DxeNetLib:DxeNetLib.obj
 0001:0000300a       _InternalGetReportStatusCode 0001400a f   DxeReportStatusCodeLib:ReportStatusCodeLib.obj
 0001:00003043       _InternalReportStatusCode  00014043 f   DxeReportStatusCodeLib:ReportStatusCodeLib.obj
 0001:0000308a       _ReportStatusCodeEx        0001408a f   DxeReportStatusCodeLib:ReportStatusCodeLib.obj
 0001:000031de       _CopyGuid                  000141de f   BaseMemoryLibOptDxe:MemLibGuid.obj
 0001:0000320e       _CompareGuid               0001420e f   BaseMemoryLibOptDxe:MemLibGuid.obj
 0001:0000326d       _InternalSafeStringIsOverlap 0001426d f   BaseLib:SafeString.obj
 0001:00003293       _AsciiStrnLenS             00014293 f   BaseLib:SafeString.obj
 0001:000032ba       _AsciiStrCpyS              000142ba f   BaseLib:SafeString.obj
 0001:0000337b       _AsciiStrLen               0001437b f   BaseLib:String.obj
 0001:000033c6       _AsciiStrnCmp              000143c6 f   BaseLib:String.obj
 0001:00003456       _ReadUnaligned24           00014456 f   BaseLib:Unaligned.obj
 0001:00003479       _ReadUnaligned64           00014479 f   BaseLib:Unaligned.obj
 0001:0000349c       _WriteUnaligned64          0001449c f   BaseLib:Unaligned.obj
 0002:00000038       ??_C@_0CB@DMEJJJHA@?6ASSERT_EFI_ERROR?5?$CIStatus?5?$DN?5?$CFr?$CJ?6@ 00015038     UefiDriverEntryPoint:DriverEntryPoint.obj
 0002:0000005c       ??_C@_0BE@DCHLEIGN@?$CBEFI_ERROR?5?$CIStatus?$CJ?$AA@ 0001505c     UefiDriverEntryPoint:DriverEntryPoint.obj
 0002:00000070       ??_C@_0DP@IIJLMAMA@c?3?2edk2?2MdePkg?2Library?2UefiDrive@ 00015070     UefiDriverEntryPoint:DriverEntryPoint.obj
 0002:000000b0       ??_C@_06GJMJHLCJ@ArpDxe?$AA@ 000150b0     ArpDxe:AutoGen.obj
 0002:000000b8       ??_C@_0GJ@LIGFONMF@c?3?2edk2?2Build?2NT32IA32?2DEBUG_VS2@ 000150b8     ArpDxe:AutoGen.obj
 0002:00000124       ??_C@_0BL@HOPCCABG@ArpService?5?$CB?$DN?5?$CI?$CIvoid?5?$CK?$CJ?50?$CJ?$AA@ 00015124     ArpDxe:ArpDriver.obj
 0002:00000140       ??_C@_0DK@LEEPBFCO@c?3?2edk2?2MdeModulePkg?2Universal?2N@ 00015140     ArpDxe:ArpDriver.obj
 0002:00000180       ??_C@_0HH@OEMAMHMF@?$CI?$CIArpService?$CJ?5?$CB?$DN?5?$CI?$CIvoid?5?$CK?$CJ?50?$CJ?$CJ?5?$CG@ 00015180     ArpDxe:ArpDriver.obj
 0002:000001f8       ??_C@_0BF@NDBIKIKC@CR?5has?5Bad?5Signature?$AA@ 000151f8     ArpDxe:ArpDriver.obj
 0002:00000210       ??_C@_0CO@NKFGGBOK@ArpDriverBindingStop?3?5Open?5ArpSb@ 00015210     ArpDxe:ArpDriver.obj
 0002:00000240       ??_C@_0CP@DPCPFIAK@IsListEmpty?5?$CI?$CGArpService?9?$DOPendin@ 00015240     ArpDxe:ArpDriver.obj
 0002:00000270       ??_C@_0CM@LCOLGKJA@IsListEmpty?5?$CI?$CGArpService?9?$DODenied@ 00015270     ArpDxe:ArpDriver.obj
 0002:0000029c       ??_C@_0CO@JKFJMLEO@IsListEmpty?5?$CI?$CGArpService?9?$DOResolv@ 0001529c     ArpDxe:ArpDriver.obj
 0002:000002cc       ??_C@_0DL@LNGPHNHN@ArpSBCreateChild?3?5Failed?5to?5allo@ 000152cc     ArpDxe:ArpDriver.obj
 0002:00000308       ??_C@_0DG@BKHBKAHP@ArpSBCreateChild?3?5faild?5to?5insta@ 00015308     ArpDxe:ArpDriver.obj
 0002:00000340       ??_C@_0DO@EDBFBAPL@ArpSBDestroyChild?3?5Failed?5to?5uni@ 00015340     ArpDxe:ArpDriver.obj
 0002:00000380       ??_C@_03LKLGDMJI@eng?$AA@  00015380     ArpDxe:ComponentName.obj
 0002:00000384       ??_C@_02LFNMGJAP@en?$AA@   00015384     ArpDxe:ComponentName.obj
 0002:00000388       ??_C@_06DALJLGPG@eng?$DLen?$AA@ 00015388     ArpDxe:ComponentName.obj
 0002:00000390       ??_C@_1DG@MAGPPHDD@?$AAA?$AAR?$AAP?$AA?5?$AAN?$AAe?$AAt?$AAw?$AAo?$AAr?$AAk?$AA?5?$AAS?$AAe?$AAr?$AAv?$AAi?$AAc?$AAe?$AA?5?$AAD?$AAr?$AAi?$AAv?$AAe?$AAr?$AA?$AA@ 00015390     ArpDxe:ComponentName.obj
 0002:000003c8       ??_C@_1BO@OPAEHCBJ@?$AAA?$AAR?$AAP?$AA?5?$AAC?$AAo?$AAn?$AAt?$AAr?$AAo?$AAl?$AAl?$AAe?$AAr?$AA?$AA@ 000153c8     ArpDxe:ComponentName.obj
 0002:000003e8       ??_C@_0DI@JNPHFAHH@c?3?2edk2?2MdeModulePkg?2Universal?2N@ 000153e8     ArpDxe:ArpImpl.obj
 0002:00000420       ??_C@_0HD@MLDEIEGA@?$CI?$CIInstance?$CJ?5?$CB?$DN?5?$CI?$CIvoid?5?$CK?$CJ?50?$CJ?$CJ?5?$CG?$CG?5@ 00015420     ArpDxe:ArpImpl.obj
 0002:00000494       ??_C@_0DG@ILNKFPFJ@ArpOnFrameRcvd?3?5ArpService?9?$DOMnp?9@ 00015494     ArpDxe:ArpImpl.obj
 0002:000004cc       ??_C@_0BI@DNICFLOF@Context?5?$CB?$DN?5?$CI?$CIvoid?5?$CK?$CJ?50?$CJ?$AA@ 000154cc     ArpDxe:ArpImpl.obj
 0002:000004e4       ??_C@_0CG@ONMDNHIG@ArpOnFrameSent?3?5TxToken?9?$DOStatus?0@ 000154e4     ArpDxe:ArpImpl.obj
 0002:0000050c       ??_C@_0CL@COMBBMPL@IsListEmpty?5?$CI?$CGCacheEntry?9?$DOUserRe@ 0001550c     ArpDxe:ArpImpl.obj
 0002:00000538       ??_C@_0CL@KLACAMKO@?$CBIsListEmpty?$CI?$CGCacheEntry?9?$DOUserRe@ 00015538     ArpDxe:ArpImpl.obj
 0002:00000564       ??_C@_0DJ@HELGJJND@AddressOne?5?$CB?$DN?5?$CI?$CIvoid?5?$CK?$CJ?50?$CJ?5?$CG?$CG?5Ad@ 00015564     ArpDxe:ArpImpl.obj
 0002:000005a0       ??_C@_0EH@DIJFAGEB@?$CIProtocolAddress?5?$CB?$DN?5?$CI?$CIvoid?5?$CK?$CJ?50?$CJ@ 000155a0     ArpDxe:ArpImpl.obj
 0002:000005e8       ??_C@_0EA@GLPEJEOG@ArpConfigInstance?3?5AllocatePool?5@ 000155e8     ArpDxe:ArpImpl.obj
 0002:00000628       ??_C@_0DL@LJAAHLFO@?$CIInstance?5?$CB?$DN?5?$CI?$CIvoid?5?$CK?$CJ?50?$CJ?$CJ?5?$CG?$CG?5?$CIC@ 00015628     ArpDxe:ArpImpl.obj
 0002:00000664       ??_C@_0DD@FAKEBFAE@ArpSendFrame?3?5Allocate?5memory?5fo@ 00015664     ArpDxe:ArpImpl.obj
 0002:00000698       ??_C@_0DG@BIJDFACK@ArpSendFrame?3?5CreateEvent?5failed@ 00015698     ArpDxe:ArpImpl.obj
 0002:000006d0       ??_C@_0DC@GOOFJHEK@ArpSendFrame?3?5Allocate?5memory?5fo@ 000156d0     ArpDxe:ArpImpl.obj
 0002:00000704       ??_C@_0DC@FCCOCOMJ@ArpSendFrame?3?5Allocate?5memory?5fo@ 00015704     ArpDxe:ArpImpl.obj
 0002:00000738       ??_C@_0BH@CELONLOG@Packet?5?$CB?$DN?5?$CI?$CIvoid?5?$CK?$CJ?50?$CJ?$AA@ 00015738     ArpDxe:ArpImpl.obj
 0002:00000750       ??_C@_0BL@MDLNNGFA@Mnp?9?$DOTransmit?5failed?0?5?$CFr?4?6?$AA@ 00015750     ArpDxe:ArpImpl.obj
 0002:0000076c       ??_C@_0CP@EACDFCMH@ArpFindCacheEntry?3?5Failed?5to?5all@ 0001576c     ArpDxe:ArpImpl.obj
 0002:0000079c       ??_C@_0DI@NJIDIJGH@c?3?2edk2?2MdeModulePkg?2Universal?2N@ 0001579c     ArpDxe:ArpMain.obj
 0002:000007d4       ??_C@_0DB@HHEDNJEI@ArpAdd?3?5Failed?5to?5allocate?5pool?5@ 000157d4     ArpDxe:ArpMain.obj
 0002:00000808       ??_C@_0DI@DMMJLIIM@ArpRequest?3?5Allocate?5memory?5for?5@ 00015808     ArpDxe:ArpMain.obj
 0002:00000840       ??_C@_0DE@KDEKIHAM@ArpRequest?3?5Allocate?5memory?5for?5@ 00015840     ArpDxe:ArpMain.obj
 0002:00000874       ??_C@_0CC@JOEHDGKB@DestinationBuffer?5?$CB?$DN?5?$CI?$CIvoid?5?$CK?$CJ?50@ 00015874     BaseMemoryLibOptDxe:CompareMemWrapper.obj
 0002:00000898       ??_C@_0DP@CPGOBMAI@c?3?2edk2?2MdePkg?2Library?2BaseMemor@ 00015898     BaseMemoryLibOptDxe:CompareMemWrapper.obj
 0002:000008d8       ??_C@_0BN@MDMCNBCC@SourceBuffer?5?$CB?$DN?5?$CI?$CIvoid?5?$CK?$CJ?50?$CJ?$AA@ 000158d8     BaseMemoryLibOptDxe:CompareMemWrapper.obj
 0002:000008f8       ??_C@_0DI@PHOMHDKH@?$CILength?5?9?51?$CJ?5?$DM?$DN?5?$CI0xFFFFFFFF?5?9?5?$CIU@ 000158f8     BaseMemoryLibOptDxe:CompareMemWrapper.obj
 0002:00000930       ??_C@_0DD@DCDOHCDJ@?$CILength?5?9?51?$CJ?5?$DM?$DN?5?$CI0xFFFFFFFF?5?9?5?$CIU@ 00015930     BaseMemoryLibOptDxe:CompareMemWrapper.obj
 0002:00000964       ??_C@_0DM@DBGKHDAI@c?3?2edk2?2MdePkg?2Library?2BaseMemor@ 00015964     BaseMemoryLibOptDxe:CopyMemWrapper.obj
 0002:000009a0       ??_C@_0BH@IACGKAP@Buffer?5?$CB?$DN?5?$CI?$CIvoid?5?$CK?$CJ?50?$CJ?$AA@ 000159a0     BaseMemoryLibOptDxe:ZeroMemWrapper.obj
 0002:000009b8       ??_C@_0DM@IFMIBCMP@c?3?2edk2?2MdePkg?2Library?2BaseMemor@ 000159b8     BaseMemoryLibOptDxe:ZeroMemWrapper.obj
 0002:000009f4       ??_C@_0CL@OBMFBPED@Length?5?$DM?$DN?5?$CI0xFFFFFFFF?5?9?5?$CIUINTN?$CJB@ 000159f4     BaseMemoryLibOptDxe:ZeroMemWrapper.obj
 0002:00000a20       ??_C@_0BF@NJNGJMPC@List?5?$CB?$DN?5?$CI?$CIvoid?5?$CK?$CJ?50?$CJ?$AA@ 00015a20     BaseLib:LinkedList.obj
 0002:00000a38       ??_C@_0CM@FDGEGMJJ@c?3?2edk2?2MdePkg?2Library?2BaseLib?2L@ 00015a38     BaseLib:LinkedList.obj
 0002:00000a64       ??_C@_0CC@KDLPLAED@List?9?$DOForwardLink?5?$CB?$DN?5?$CI?$CIvoid?5?$CK?$CJ?50@ 00015a64     BaseLib:LinkedList.obj
 0002:00000a88       ??_C@_0BP@IJJCCMAK@List?9?$DOBackLink?5?$CB?$DN?5?$CI?$CIvoid?5?$CK?$CJ?50?$CJ?$AA@ 00015a88     BaseLib:LinkedList.obj
 0002:00000aa8       ??_C@_0BJ@NJABNCDK@ListHead?5?$CB?$DN?5?$CI?$CIvoid?5?$CK?$CJ?50?$CJ?$AA@ 00015aa8     BaseLib:LinkedList.obj
 0002:00000ac4       ??_C@_0CG@LGIALJFK@InternalBaseLibIsListValid?5?$CIList@ 00015ac4     BaseLib:LinkedList.obj
 0002:00000aec       ??_C@_0CC@JLDICICM@InternalBaseLibIsListValid?5?$CIList@ 00015aec     BaseLib:LinkedList.obj
 0002:00000b10       ??_C@_0BF@NMBJJECB@?$CBIsListEmpty?5?$CIEntry?$CJ?$AA@ 00015b10     BaseLib:LinkedList.obj
 0002:00000b28       ??_C@_0BH@LKMBFCBF@Format?5?$CB?$DN?5?$CI?$CIvoid?5?$CK?$CJ?50?$CJ?$AA@ 00015b28     PeiDxeDebugLibReportStatusCode:DebugLib.obj
 0002:00000b40       ??_C@_0EH@EMGPELNE@c?3?2edk2?2MdeModulePkg?2Library?2Pei@ 00015b40     PeiDxeDebugLibReportStatusCode:DebugLib.obj
 0002:00000b88       ??_C@_0CI@HIINONDG@?$CICHAR8?5?$CK?$CJBaseListMarker?5?$DM?$DN?5Forma@ 00015b88     PeiDxeDebugLibReportStatusCode:DebugLib.obj
 0002:00000bb0       ??_C@_01OHGJGJJP@?$FL?$AA@ 00015bb0     PeiDxeDebugLibReportStatusCode:DebugLib.obj
 0002:00000bb4       ??_C@_02PBFOLPKM@?$FN?5?$AA@ 00015bb4     PeiDxeDebugLibReportStatusCode:DebugLib.obj
 0002:00000bb8       ??_C@_0BN@COECPDCC@gImageHandle?5?$CB?$DN?5?$CI?$CIvoid?5?$CK?$CJ?50?$CJ?$AA@ 00015bb8     UefiBootServicesTableLib:UefiBootServicesTableLib.obj
 0002:00000bd8       ??_C@_0EL@ODFJBOBF@c?3?2edk2?2MdePkg?2Library?2UefiBootS@ 00015bd8     UefiBootServicesTableLib:UefiBootServicesTableLib.obj
 0002:00000c24       ??_C@_0BE@DGNHAHIL@gST?5?$CB?$DN?5?$CI?$CIvoid?5?$CK?$CJ?50?$CJ?$AA@ 00015c24     UefiBootServicesTableLib:UefiBootServicesTableLib.obj
 0002:00000c38       ??_C@_0BE@BDFJLGLN@gBS?5?$CB?$DN?5?$CI?$CIvoid?5?$CK?$CJ?50?$CJ?$AA@ 00015c38     UefiBootServicesTableLib:UefiBootServicesTableLib.obj
 0002:00000c50       ??_C@_0EF@NBCCMJKB@c?3?2edk2?2MdePkg?2Library?2UefiMemor@ 00015c50     UefiMemoryAllocationLib:MemoryAllocationLib.obj
 0002:00000c98       ??_C@_0EP@BCAOHHL@c?3?2edk2?2MdePkg?2Library?2UefiDevic@ 00015c98     UefiDevicePathLibDevicePathProtocol:UefiDevicePathLib.obj
 0002:00000ce8       ??_C@_0DC@CNNBPJA@mDevicePathLibDevicePathUtilitie@ 00015ce8     UefiDevicePathLibDevicePathProtocol:UefiDevicePathLib.obj
 0002:00000d1c       ??_C@_0BE@OBDFIHND@gRT?5?$CB?$DN?5?$CI?$CIvoid?5?$CK?$CJ?50?$CJ?$AA@ 00015d1c     UefiRuntimeServicesTableLib:UefiRuntimeServicesTableLib.obj
 0002:00000d30       ??_C@_0FB@NIMBGODD@c?3?2edk2?2MdePkg?2Library?2UefiRunti@ 00015d30     UefiRuntimeServicesTableLib:UefiRuntimeServicesTableLib.obj
 0002:00000d84       ??_C@_0DB@DDNPJJP@c?3?2edk2?2MdePkg?2Library?2UefiLib?2U@ 00015d84     UefiLib:UefiDriverModel.obj
 0002:00000db8       ??_C@_0CK@GGFNJPAK@c?3?2edk2?2MdePkg?2Library?2DxeHobLib@ 00015db8     DxeHobLib:HobLib.obj
 0002:00000de4       ??_C@_0BJ@OBFMLLDO@mHobList?5?$CB?$DN?5?$CI?$CIvoid?5?$CK?$CJ?50?$CJ?$AA@ 00015de4     DxeHobLib:HobLib.obj
 0002:00000e00       ??_C@_0BJ@NOLLDKJB@HobStart?5?$CB?$DN?5?$CI?$CIvoid?5?$CK?$CJ?50?$CJ?$AA@ 00015e00     DxeHobLib:HobLib.obj
 0002:00000e1c       ??_C@_1BC@DPOIABCP@?$AAE?$AAF?$AAI?$AAD?$AAe?$AAb?$AAu?$AAg?$AA?$AA@ 00015e1c     DxeDebugPrintErrorLevelLib:DxeDebugPrintErrorLevelLib.obj
 0002:00000e30       ??_C@_0DD@KHCJANAG@c?3?2edk2?2MdeModulePkg?2Library?2Dxe@ 00015e30     DxeNetLib:DxeNetLib.obj
 0002:00000e64       ??_C@_0BF@FBEMMEEB@Head?5?$CB?$DN?5?$CI?$CIvoid?5?$CK?$CJ?50?$CJ?$AA@ 00015e64     DxeNetLib:DxeNetLib.obj
 0002:00000e7c       ??_C@_0BE@GMKCNDGH@Map?5?$CB?$DN?5?$CI?$CIvoid?5?$CK?$CJ?50?$CJ?$AA@ 00015e7c     DxeNetLib:DxeNetLib.obj
 0002:00000e90       ??_C@_0CO@MHIOADDG@?$CIMap?9?$DOCount?5?$DN?$DN?50?$CJ?5?$CG?$CG?5IsListEmpty@ 00015e90     DxeNetLib:DxeNetLib.obj
 0002:00000ec0       ??_C@_0BN@JFJNMPHO@IsListEmpty?5?$CI?$CGMap?9?$DORecycled?$CJ?$AA@ 00015ec0     DxeNetLib:DxeNetLib.obj
 0002:00000ee0       ??_C@_0CB@DNKJKBEA@Map?5?$CG?$CG?5?$CBIsListEmpty?5?$CI?$CGMap?9?$DOUsed?$CJ@ 00015ee0     DxeNetLib:DxeNetLib.obj
 0002:00000f08       ??_C@_0EG@FMMHPKDI@?$CIServiceBindingGuid?5?$CB?$DN?5?$CI?$CIvoid?5?$CK?$CJ@ 00015f08     DxeNetLib:DxeNetLib.obj
 0002:00000f50       ??_C@_0DA@FEJKJGCA@c?3?2edk2?2MdeModulePkg?2Library?2Dxe@ 00015f50     DxeDpcLib:DpcLib.obj
 0002:00000f80       ??_C@_0EK@NEAGPEKB@c?3?2edk2?2MdeModulePkg?2Library?2Dxe@ 00015f80     DxeReportStatusCodeLib:ReportStatusCodeLib.obj
 0002:00000fcc       ??_C@_0DN@HHIHPHHB@?$CB?$CI?$CIExtendedData?5?$DN?$DN?5?$CI?$CIvoid?5?$CK?$CJ?50?$CJ?$CJ@ 00015fcc     DxeReportStatusCodeLib:ReportStatusCodeLib.obj
 0002:0000100c       ??_C@_0DN@BBBIFINB@?$CB?$CI?$CIExtendedData?5?$CB?$DN?5?$CI?$CIvoid?5?$CK?$CJ?50?$CJ?$CJ@ 0001600c     DxeReportStatusCodeLib:ReportStatusCodeLib.obj
 0002:0000104c       ??_C@_0DI@MIEIGAOH@Status?5code?5extended?5data?5is?5too@ 0001604c     DxeReportStatusCodeLib:ReportStatusCodeLib.obj
 0002:00001084       ??_C@_0CM@GBAFEFEA@c?3?2edk2?2MdePkg?2Library?2BaseLib?2S@ 00016084     BaseLib:SafeString.obj
 0002:000010b0       ??_C@_0BO@ECNIOIHG@?$CIDestination?5?$CB?$DN?5?$CI?$CIvoid?5?$CK?$CJ?50?$CJ?$CJ?$AA@ 000160b0     BaseLib:SafeString.obj
 0002:000010d0       ??_C@_0BJ@EAEEJIP@?$CISource?5?$CB?$DN?5?$CI?$CIvoid?5?$CK?$CJ?50?$CJ?$CJ?$AA@ 000160d0     BaseLib:SafeString.obj
 0002:000010ec       ??_C@_0BG@EEGIIOKH@?$CIDestMax?5?$DO?5SourceLen?$CJ?$AA@ 000160ec     BaseLib:SafeString.obj
 0002:00001108       ??_C@_0FL@CDANCHFO@InternalSafeStringNoAsciiStrOver@ 00016108     BaseLib:SafeString.obj
 0002:00001164       ??_C@_0CI@BEFOLLLE@c?3?2edk2?2MdePkg?2Library?2BaseLib?2S@ 00016164     BaseLib:String.obj
 0002:0000118c       ??_C@_0BH@MAAHKCPC@String?5?$CB?$DN?5?$CI?$CIvoid?5?$CK?$CJ?50?$CJ?$AA@ 0001618c     BaseLib:String.obj
 0002:000011a4       ??_C@_0DJ@JJHGIFMP@Length?5?$DM?$DN?5_gPcd_FixedAtBuild_Pcd@ 000161a4     BaseLib:String.obj
 0002:000011e0       ??_C@_0DI@MDIKFADO@Length?5?$DM?5_gPcd_FixedAtBuild_PcdM@ 000161e0     BaseLib:String.obj
 0002:00001218       ??_C@_0BL@IKFBNFIL@AsciiStrSize?5?$CIFirstString?$CJ?$AA@ 00016218     BaseLib:String.obj
 0002:00001234       ??_C@_0BM@EDNOKLLE@AsciiStrSize?5?$CISecondString?$CJ?$AA@ 00016234     BaseLib:String.obj
 0002:00001250       ??_C@_0CL@COEFNOFM@c?3?2edk2?2MdePkg?2Library?2BaseLib?2U@ 00016250     BaseLib:Unaligned.obj
 0003:00000000       _gEfiLoadedImageProtocolGuid 00017000     ArpDxe:AutoGen.obj
 0003:00000010       _gEfiDpcProtocolGuid       00017010     ArpDxe:AutoGen.obj
 0003:00000020       _gEfiDebugMaskProtocolGuid 00017020     ArpDxe:AutoGen.obj
 0003:00000030       _gEfiComponentName2ProtocolGuid 00017030     ArpDxe:AutoGen.obj
 0003:00000040       _gEfiHobListGuid           00017040     ArpDxe:AutoGen.obj
 0003:00000050       _gEfiManagedNetworkServiceBindingProtocolGuid 00017050     ArpDxe:AutoGen.obj
 0003:00000060       _gEfiDevicePathUtilitiesProtocolGuid 00017060     ArpDxe:AutoGen.obj
 0003:00000070       _gEfiArpServiceBindingProtocolGuid 00017070     ArpDxe:AutoGen.obj
 0003:00000080       _gEfiGenericVariableGuid   00017080     ArpDxe:AutoGen.obj
 0003:00000090       _gEfiCallerIdGuid          00017090     ArpDxe:AutoGen.obj
 0003:000000a0       _gEfiStatusCodeDataTypeDebugGuid 000170a0     ArpDxe:AutoGen.obj
 0003:000000b0       _gEfiDriverBindingProtocolGuid 000170b0     ArpDxe:AutoGen.obj
 0003:000000c0       _gEfiArpProtocolGuid       000170c0     ArpDxe:AutoGen.obj
 0003:000000d0       _gEfiManagedNetworkProtocolGuid 000170d0     ArpDxe:AutoGen.obj
 0003:000000e0       _gEfiStatusCodeSpecificDataGuid 000170e0     ArpDxe:AutoGen.obj
 0003:000000f0       _gEfiComponentNameProtocolGuid 000170f0     ArpDxe:AutoGen.obj
 0003:00000100       _gEfiStatusCodeRuntimeProtocolGuid 00017100     ArpDxe:AutoGen.obj
 0003:00000110       _gArpDriverBinding         00017110     ArpDxe:ArpDriver.obj
 0003:00000128       _gArpComponentName2        00017128     ArpDxe:ComponentName.obj
 0003:00000134       _gArpComponentName         00017134     ArpDxe:ComponentName.obj
 0003:00000140       _mArpControllerNameTable   00017140     ArpDxe:ComponentName.obj
 0003:00000150       _mArpDriverNameTable       00017150     ArpDxe:ComponentName.obj
 0003:00000160       _mEfiArpProtocolTemplate   00017160     ArpDxe:ArpImpl.obj
 0003:00000180       _mDebugMaskProtocol        00017180     DxeDebugPrintErrorLevelLib:DxeDebugPrintErrorLevelLib.obj
 0003:00000190       _gST                       00017190     UefiBootServicesTableLib:UefiBootServicesTableLib.obj
 0003:00000194       _gBS                       00017194     UefiBootServicesTableLib:UefiBootServicesTableLib.obj
 0003:00000198       _gImageHandle              00017198     UefiBootServicesTableLib:UefiBootServicesTableLib.obj
 0003:0000019c       _mDevicePathLibDevicePathUtilities 0001719c     UefiDevicePathLibDevicePathProtocol:UefiDevicePathLib.obj
 0003:000001a0       _gRT                       000171a0     UefiRuntimeServicesTableLib:UefiRuntimeServicesTableLib.obj
 0003:000001a4       _mHobList                  000171a4     DxeHobLib:HobLib.obj
 0003:000001a8       _mDebugPrintErrorLevel     000171a8     DxeDebugPrintErrorLevelLib:DxeDebugPrintErrorLevelLib.obj
 0003:000001ac       _mGlobalErrorLevelInitialized 000171ac     DxeDebugPrintErrorLevelLib:DxeDebugPrintErrorLevelLib.obj
 0003:000001b0       _mSystemTable              000171b0     DxeDebugPrintErrorLevelLib:DxeDebugPrintErrorLevelLib.obj
 0003:000001b4       _mReportStatusCodeLibStatusCodeProtocol 000171b4     DxeReportStatusCodeLib:ReportStatusCodeLib.obj
 0003:000001b8       _mDpc                      000171b8     <common>

 entry point at        0001:00000142

 Static symbols

 0001:0000003a       _InternalMemCopyMem.0      0001103a     BaseMemoryLibOptDxe:CopyMem.obj
 0001:0000004c       _InternalMemCopyMem.1      0001104c     BaseMemoryLibOptDxe:CopyMem.obj
 0001:0000005e       _InternalMemCopyMem.2      0001105e     BaseMemoryLibOptDxe:CopyMem.obj
 0001:0000007b       @CopyBackward              0001107b     BaseMemoryLibOptDxe:CopyMem.obj
 0001:00000082       @CopyBytes                 00011082     BaseMemoryLibOptDxe:CopyMem.obj
 0001:00000111       _InternalMemSetMem64.0     00011111     BaseMemoryLibOptDxe:SetMem64.obj
 0004:00000000       .edata                     00018000     ArpDxe.exp
 0004:00000028       rgpv                       00018028     ArpDxe.exp
 0004:0000002c       rgszName                   0001802c     ArpDxe.exp
 0004:00000030       rgwOrd                     00018030     ArpDxe.exp
 0004:00000032       szName                     00018032     ArpDxe.exp
 0004:0000003d       $N00001                    0001803d     ArpDxe.exp
