 UiApp

 Timestamp is 5a2f2e78 (Tue Dec 12 08:18:48 2017)

 Preferred load address is 00010000

 Start         Length     Name                   Class
 0001:00000000 00000168H .text                   CODE
 0001:00000168 000128c9H .text$mn                CODE
 0002:00000000 00003bc0H .rdata                  DATA
 0002:00003bc0 00000090H .rdata$debug            DATA
 0003:00000000 00006ba4H .data                   DATA
 0003:00006bc0 000001a4H .bss                    DATA
 0004:00000000 0000004dH .edata                  DATA

  Address         Publics by Value              Rva+Base       Lib:Object

 0000:00000000       ___guard_flags             00000000     <absolute>
 0000:00000000       ___guard_fids_table        00000000     <absolute>
 0000:00000000       ___guard_fids_count        00000000     <absolute>
 0001:00000000       _InternalMemCopyMem        00011000     BaseMemoryLibOptDxe:CopyMem.obj
 0001:00000070       _InternalMemSetMem         00011070     BaseMemoryLibOptDxe:SetMem.obj
 0001:000000a0       _InternalMemSetMem32       000110a0     BaseMemoryLibOptDxe:SetMem32.obj
 0001:000000c0       _InternalMemSetMem64       000110c0     BaseMemoryLibOptDxe:SetMem64.obj
 0001:000000e0       _InternalMemZeroMem        000110e0     BaseMemoryLibOptDxe:ZeroMem.obj
 0001:00000100       _InternalMemSetMem16       00011100     BaseMemoryLibOptDxe:SetMem16.obj
 0001:00000120       _InternalMemCompareMem     00011120     BaseMemoryLibOptDxe:CompareMem.obj
 0001:00000140       _InternalMemIsZeroBuffer   00011140     BaseMemoryLibOptDxe:IsZeroBuffer.obj
 0001:00000168       __ModuleEntryPoint         00011168 f   UefiApplicationEntryPoint:ApplicationEntryPoint.obj
 0001:0000018e       _ProcessLibraryConstructorList 0001118e f   UiApp:AutoGen.obj
 0001:000004a6       _ProcessLibraryDestructorList 000114a6 f   UiApp:AutoGen.obj
 0001:000005f9       _DeviceManagerExtractConfig 000115f9 f   DeviceManagerUiLib:DeviceManager.obj
 0001:000005f9       _FakeExtractConfig         000115f9 f   UiApp:FrontPage.obj
 0001:000005f9       _BootManagerExtractConfig  000115f9 f   BootManagerUiLib:BootManager.obj
 0001:000005f9       _LibExtractConfig          000115f9 f   FileExplorerLib:FileExplorer.obj
 0001:0000061a       _FakeRouteConfig           0001161a f   UiApp:FrontPage.obj
 0001:00000633       _FrontPageCallback         00011633 f   UiApp:FrontPage.obj
 0001:00000660       _UpdateFrontPageForm       00011660 f   UiApp:FrontPage.obj
 0001:00000751       _InitializeFrontPage       00011751 f   UiApp:FrontPage.obj
 0001:0000081e       _FreeFrontPage             0001181e f   UiApp:FrontPage.obj
 0001:00000898       _ConvertProcessorToString  00011898 f   UiApp:FrontPage.obj
 0001:0000093b       _ConvertMemorySizeToString 0001193b f   UiApp:FrontPage.obj
 0001:0000098e       _GetOptionalStringByIndex  0001198e f   UiApp:FrontPage.obj
 0001:000009ff       _UpdateFrontPageBannerStrings 000119ff f   UiApp:FrontPage.obj
 0001:00000d4e       _UiSetConsoleMode          00011d4e f   UiApp:FrontPage.obj
 0001:00001077       _InitializeUserInterface   00012077 f   UiApp:FrontPage.obj
 0001:00001221       _UiEntry                   00012221 f   UiApp:FrontPage.obj
 0001:000012e4       _SetupResetReminder        000122e4 f   UiApp:FrontPage.obj
 0001:000013a2       _UiCustomizeFrontPageBanner 000123a2 f   UiApp:FrontPageCustomizedUi.obj
 0001:000013d7       _GetNextLanguage           000123d7 f   UiApp:FrontPageCustomizedUiSupport.obj
 0001:00001455       _LanguageChangeHandler     00012455 f   UiApp:FrontPageCustomizedUiSupport.obj
 0001:00001515       _UiSupportLibCallbackHandler 00012515 f   UiApp:FrontPageCustomizedUiSupport.obj
 0001:000015d1       _UiCreateLanguageMenu      000125d1 f   UiApp:FrontPageCustomizedUiSupport.obj
 0001:000019f0       _RequiredDriver            000129f0 f   UiApp:FrontPageCustomizedUiSupport.obj
 0001:00001aab       _UiListThirdPartyDrivers   00012aab f   UiApp:FrontPageCustomizedUiSupport.obj
 0001:00001d8e       _GetPcdProtocol            00012d8e f   DxePcdLib:DxePcdLib.obj
 0001:00001dfc       _DebugPrint                00012dfc f   PeiDxeDebugLibReportStatusCode:DebugLib.obj
 0001:00001f59       _DebugAssert               00012f59 f   PeiDxeDebugLibReportStatusCode:DebugLib.obj
 0001:0000205a       _CopyMem                   0001305a f   BaseMemoryLibOptDxe:CopyMemWrapper.obj
 0001:000020bf       _CopyGuid                  000130bf f   BaseMemoryLibOptDxe:MemLibGuid.obj
 0001:000020ef       _CompareGuid               000130ef f   BaseMemoryLibOptDxe:MemLibGuid.obj
 0001:0000214e       _SetMem                    0001314e f   BaseMemoryLibOptDxe:SetMemWrapper.obj
 0001:00002187       _InternalGetReportStatusCode 00013187 f   DxeReportStatusCodeLib:ReportStatusCodeLib.obj
 0001:000021c0       _InternalReportStatusCode  000131c0 f   DxeReportStatusCodeLib:ReportStatusCodeLib.obj
 0001:00002207       _ReportStatusCodeEx        00013207 f   DxeReportStatusCodeLib:ReportStatusCodeLib.obj
 0001:00002357       _InternalSafeStringIsOverlap 00013357 f   BaseLib:SafeString.obj
 0001:0000237d       _InternalSafeStringNoStrOverlap 0001337d f   BaseLib:SafeString.obj
 0001:0000239c       _StrnLenS                  0001339c f   BaseLib:SafeString.obj
 0001:000023e6       _StrCpyS                   000133e6 f   BaseLib:SafeString.obj
 0001:0000250b       _StrnCpyS                  0001350b f   BaseLib:SafeString.obj
 0001:0000265d       _StrCatS                   0001365d f   BaseLib:SafeString.obj
 0001:000027bc       _StrnCatS                  000137bc f   BaseLib:SafeString.obj
 0001:00002916       _AsciiStrnLenS             00013916 f   BaseLib:SafeString.obj
 0001:0000293d       _AsciiStrCpyS              0001393d f   BaseLib:SafeString.obj
 0001:000029fb       _AsciiStrToUnicodeStrS     000139fb f   BaseLib:SafeString.obj
 0001:00002aee       _StrLen                    00013aee f   BaseLib:String.obj
 0001:00002b56       _StrSize                   00013b56 f   BaseLib:String.obj
 0001:00002b65       _StrCmp                    00013b65 f   BaseLib:String.obj
 0001:00002bca       _StrnCmp                   00013bca f   BaseLib:String.obj
 0001:00002c68       _StrStr                    00013c68 f   BaseLib:String.obj
 0001:00002d01       _AsciiStrLen               00013d01 f   BaseLib:String.obj
 0001:00002d4c       _AsciiStrnCmp              00013d4c f   BaseLib:String.obj
 0001:00002ddc       _ReadUnaligned16           00013ddc f   BaseLib:Unaligned.obj
 0001:00002dfb       _WriteUnaligned16          00013dfb f   BaseLib:Unaligned.obj
 0001:00002e22       _ReadUnaligned32           00013e22 f   BaseLib:Unaligned.obj
 0001:00002e42       _WriteUnaligned32          00013e42 f   BaseLib:Unaligned.obj
 0001:00002e68       _ReadUnaligned64           00013e68 f   BaseLib:Unaligned.obj
 0001:00002e8b       _WriteUnaligned64          00013e8b f   BaseLib:Unaligned.obj
 0001:00002eb6       _MultU64x32                00013eb6 f   BaseLib:MultU64x32.obj
 0001:00002ee0       _InternalAllocatePages     00013ee0 f   UefiMemoryAllocationLib:MemoryAllocationLib.obj
 0001:00002f0c       _FreePages                 00013f0c f   UefiMemoryAllocationLib:MemoryAllocationLib.obj
 0001:00002f69       _InternalAllocatePool      00013f69 f   UefiMemoryAllocationLib:MemoryAllocationLib.obj
 0001:00002f8e       _InternalAllocateZeroPool  00013f8e f   UefiMemoryAllocationLib:MemoryAllocationLib.obj
 0001:00002faa       _InternalAllocateCopyPool  00013faa f   UefiMemoryAllocationLib:MemoryAllocationLib.obj
 0001:00003003       _InternalReallocatePool    00014003 f   UefiMemoryAllocationLib:MemoryAllocationLib.obj
 0001:00003040       _FreePool                  00014040 f   UefiMemoryAllocationLib:MemoryAllocationLib.obj
 0001:00003076       _DxePrintLibPrint2ProtocolVaListToBaseList 00014076 f   DxePrintLibPrint2Protocol:PrintLib.obj
 0001:00003219       _UnicodeVSPrint            00014219 f   DxePrintLibPrint2Protocol:PrintLib.obj
 0001:00003297       _UnicodeBSPrint            00014297 f   DxePrintLibPrint2Protocol:PrintLib.obj
 0001:000032eb       _UnicodeSPrint             000142eb f   DxePrintLibPrint2Protocol:PrintLib.obj
 0001:00003304       _UnicodeValueToStringS     00014304 f   DxePrintLibPrint2Protocol:PrintLib.obj
 0001:00003322       _IsDevicePathValid         00014322 f   UefiDevicePathLibDevicePathProtocol:UefiDevicePathLib.obj
 0001:00003395       _DevicePathType            00014395 f   UefiDevicePathLibDevicePathProtocol:UefiDevicePathLib.obj
 0001:000033b5       _DevicePathSubType         000143b5 f   UefiDevicePathLibDevicePathProtocol:UefiDevicePathLib.obj
 0001:000033d6       _DevicePathNodeLength      000143d6 f   UefiDevicePathLibDevicePathProtocol:UefiDevicePathLib.obj
 0001:000033ff       _NextDevicePathNode        000143ff f   UefiDevicePathLibDevicePathProtocol:UefiDevicePathLib.obj
 0001:00003426       _IsDevicePathEndType       00014426 f   UefiDevicePathLibDevicePathProtocol:UefiDevicePathLib.obj
 0001:00003450       _IsDevicePathEnd           00014450 f   UefiDevicePathLibDevicePathProtocol:UefiDevicePathLib.obj
 0001:0000348a       _SetDevicePathNodeLength   0001448a f   UefiDevicePathLibDevicePathProtocol:UefiDevicePathLib.obj
 0001:000034d8       _SetDevicePathEndNode      000144d8 f   UefiDevicePathLibDevicePathProtocol:UefiDevicePathLib.obj
 0001:00003505       _GetNextDevicePathInstance 00014505 f   UefiDevicePathLibDevicePathProtocol:UefiDevicePathLib.obj
 0001:00003533       _DevicePathFromHandle      00014533 f   UefiDevicePathLibDevicePathProtocol:UefiDevicePathLib.obj
 0001:0000355b       _FileDevicePath            0001455b f   UefiDevicePathLibDevicePathProtocol:UefiDevicePathLib.obj
 0001:000035d6       _UefiDevicePathLibLocateProtocol 000145d6 f   UefiDevicePathLibDevicePathProtocol:UefiDevicePathLib.obj
 0001:00003602       _ConvertDevicePathToText   00014602 f   UefiDevicePathLibDevicePathProtocol:UefiDevicePathLib.obj
 0001:0000362b       _EfiGetSystemConfigurationTable 0001462b f   UefiLib:UefiLib.obj
 0001:000036b5       _EfiEventEmptyFunction     000146b5 f   UefiLib:UefiLib.obj
 0001:000036b6       _EfiAcquireLock            000146b6 f   UefiLib:UefiLib.obj
 0001:000036f3       _EfiReleaseLock            000146f3 f   UefiLib:UefiLib.obj
 0001:0000372b       _GetVariable2              0001472b f   UefiLib:UefiLib.obj
 0001:000037ef       _GetBestLanguage           000147ef f   UefiLib:UefiLib.obj
 0001:000038fa       _UefiLibGetStringWidth     000148fa f   UefiLib:Console.obj
 0001:00003990       _CreatePopUp               00014990 f   UefiLib:Console.obj
 0001:00003d2f       _GetHobList                00014d2f f   DxeHobLib:HobLib.obj
 0001:00003d93       _GetNextHob                00014d93 f   DxeHobLib:HobLib.obj
 0001:00003dd0       _GetFirstGuidHob           00014dd0 f   DxeHobLib:HobLib.obj
 0001:00003e0a       _GetDebugPrintErrorLevel   00014e0a f   DxeDebugPrintErrorLevelLib:DxeDebugPrintErrorLevelLib.obj
 0001:00003ec8       _GetDebugMask              00014ec8 f   DxeDebugPrintErrorLevelLib:DxeDebugPrintErrorLevelLib.obj
 0001:00003ee0       _SetDebugMask              00014ee0 f   DxeDebugPrintErrorLevelLib:DxeDebugPrintErrorLevelLib.obj
 0001:00003eec       _UefiHiiServicesLibConstructor 00014eec f   UefiHiiServicesLib:UefiHiiServicesLib.obj
 0001:00003fd9       _HiiAddPackages            00014fd9 f   UefiHiiLib:HiiLib.obj
 0001:000040be       _HiiRemovePackages         000150be f   UefiHiiLib:HiiLib.obj
 0001:00004114       _HiiGetHiiHandles          00015114 f   UefiHiiLib:HiiLib.obj
 0001:0000417a       _HiiGetFormSetFromHiiHandle 0001517a f   UefiHiiLib:HiiLib.obj
 0001:00004315       _InternalHiiBlockToConfig  00015315 f   UefiHiiLib:HiiLib.obj
 0001:0000437f       _InternalHiiBrowserCallback 0001537f f   UefiHiiLib:HiiLib.obj
 0001:00004439       _HiiConstructConfigHdr     00015439 f   UefiHiiLib:HiiLib.obj
 0001:00004670       _InternalHiiCompareSubString 00015670 f   UefiHiiLib:HiiLib.obj
 0001:00004742       _HiiIsConfigHdrMatch       00015742 f   UefiHiiLib:HiiLib.obj
 0001:000047b0       _HiiGetBrowserData         000157b0 f   UefiHiiLib:HiiLib.obj
 0001:00004849       _HiiSetBrowserData         00015849 f   UefiHiiLib:HiiLib.obj
 0001:000048ec       _HiiAllocateOpCodeHandle   000158ec f   UefiHiiLib:HiiLib.obj
 0001:00004927       _HiiFreeOpCodeHandle       00015927 f   UefiHiiLib:HiiLib.obj
 0001:00004956       _InternalHiiGrowOpCodeHandle 00015956 f   UefiHiiLib:HiiLib.obj
 0001:000049cd       _InternalHiiCreateOpCodeExtended 000159cd f   UefiHiiLib:HiiLib.obj
 0001:00004a4d       _InternalHiiAppendOpCodes  00015a4d f   UefiHiiLib:HiiLib.obj
 0001:00004aa6       _HiiCreateEndOpCode        00015aa6 f   UefiHiiLib:HiiLib.obj
 0001:00004abc       _HiiCreateOneOfOptionOpCode 00015abc f   UefiHiiLib:HiiLib.obj
 0001:00004b3d       _HiiCreateGuidOpCode       00015b3d f   UefiHiiLib:HiiLib.obj
 0001:00004b78       _HiiCreateActionOpCode     00015b78 f   UefiHiiLib:HiiLib.obj
 0001:00004bc5       _HiiCreateSubTitleOpCode   00015bc5 f   UefiHiiLib:HiiLib.obj
 0001:00004c05       _HiiCreateGotoOpCode       00015c05 f   UefiHiiLib:HiiLib.obj
 0001:00004c73       _HiiCreateGotoExOpCode     00015c73 f   UefiHiiLib:HiiLib.obj
 0001:00004cf1       _HiiCreateCheckBoxOpCode   00015cf1 f   UefiHiiLib:HiiLib.obj
 0001:00004d72       _HiiCreateStringOpCode     00015d72 f   UefiHiiLib:HiiLib.obj
 0001:00004dd2       _HiiCreateOneOfOpCode      00015dd2 f   UefiHiiLib:HiiLib.obj
 0001:00004e9f       _HiiCreateOrderedListOpCode 00015e9f f   UefiHiiLib:HiiLib.obj
 0001:00004f32       _InternalHiiUpdateFormPackageData 00015f32 f   UefiHiiLib:HiiLib.obj
 0001:00005175       _HiiUpdateForm             00016175 f   UefiHiiLib:HiiLib.obj
 0001:00005373       _HiiSetString              00016373 f   UefiHiiLib:HiiString.obj
 0001:00005476       _HiiGetString              00016476 f   UefiHiiLib:HiiString.obj
 0001:00005599       _HiiGetSupportedLanguages  00016599 f   UefiHiiLib:HiiLanguage.obj
 0001:00005612       _BmIsAutoCreateBootOption  00016612 f   UefiBootManagerLib:BmBoot.obj
 0001:00005632       _BmFindBootOptionInVariable 00016632 f   UefiBootManagerLib:BmBoot.obj
 0001:0000574a       _BmAdjustFvFilePath        0001674a f   UefiBootManagerLib:BmBoot.obj
 0001:00005894       _BmIsFvFilePath            00016894 f   UefiBootManagerLib:BmBoot.obj
 0001:0000590c       _BmMatchUsbClass           0001690c f   UefiBootManagerLib:BmBoot.obj
 0001:000059b7       _BmMatchUsbWwid            000169b7 f   UefiBootManagerLib:BmBoot.obj
 0001:00005b20       _BmFindUsbDevice           00016b20 f   UefiBootManagerLib:BmBoot.obj
 0001:00005c18       _BmExpandUsbDevicePath     00016c18 f   UefiBootManagerLib:BmBoot.obj
 0001:00005ce1       _BmExpandFileDevicePath    00016ce1 f   UefiBootManagerLib:BmBoot.obj
 0001:00005e12       _BmExpandUriDevicePath     00016e12 f   UefiBootManagerLib:BmBoot.obj
 0001:00005ef2       _BmCachePartitionDevicePath 00016ef2 f   UefiBootManagerLib:BmBoot.obj
 0001:00005f79       _BmExpandPartitionDevicePath 00016f79 f   UefiBootManagerLib:BmBoot.obj
 0001:000061bb       _BmExpandMediaDevicePath   000171bb f   UefiBootManagerLib:BmBoot.obj
 0001:000063e5       _BmMatchHttpBootDevicePath 000173e5 f   UefiBootManagerLib:BmBoot.obj
 0001:000064c8       _BmExpandNetworkFileSystem 000174c8 f   UefiBootManagerLib:BmBoot.obj
 0001:0000659b       _BmGetRamDiskDevicePath    0001759b f   UefiBootManagerLib:BmBoot.obj
 0001:00006623       _BmGetRamDiskMemoryInfo    00017623 f   UefiBootManagerLib:BmBoot.obj
 0001:000066f8       _BmDestroyRamDisk          000176f8 f   UefiBootManagerLib:BmBoot.obj
 0001:000067b6       _BmExpandLoadFile          000177b6 f   UefiBootManagerLib:BmBoot.obj
 0001:000068cf       _BmExpandLoadFiles         000178cf f   UefiBootManagerLib:BmBoot.obj
 0001:0000698e       _BmGetNextLoadOptionDevicePath 0001798e f   UefiBootManagerLib:BmBoot.obj
 0001:00006b71       _BmIsBootManagerMenuFilePath 00017b71 f   UefiBootManagerLib:BmBoot.obj
 0001:00006bb5       _EfiBootManagerBoot        00017bb5 f   UefiBootManagerLib:BmBoot.obj
 0001:00006fb9       _BmMatchPartitionDevicePathNode 00017fb9 f   UefiBootManagerLib:BmBoot.obj
 0001:00007031       _BmEnumerateBootOptions    00018031 f   UefiBootManagerLib:BmBoot.obj
 0001:000073c7       _EfiBootManagerRefreshAllBootOption 000183c7 f   UefiBootManagerLib:BmBoot.obj
 0001:000074ec       _EfiBootManagerConnectAll  000184ec f   UefiBootManagerLib:BmConnect.obj
 0001:0000755b       _EfiBootManagerConnectDevicePath 0001855b f   UefiBootManagerLib:BmConnect.obj
 0001:00007656       _BmConnectUsbShortFormDevicePath 00018656 f   UefiBootManagerLib:BmConnect.obj
 0001:0000774a       _BmGetControllerName       0001874a f   UefiBootManagerLib:BmDriverHealth.obj
 0001:0000784b       _BmDisplayMessages         0001884b f   UefiBootManagerLib:BmDriverHealth.obj
 0001:000078f9       _BmRepairNotify            000188f9 f   UefiBootManagerLib:BmDriverHealth.obj
 0001:00007927       _BmGetSingleControllerHealthStatus 00018927 f   UefiBootManagerLib:BmDriverHealth.obj
 0001:00007ab2       _EfiBootManagerGetDriverHealthInfo 00018ab2 f   UefiBootManagerLib:BmDriverHealth.obj
 0001:00007c6f       _EfiBootManagerFreeDriverHealthInfo 00018c6f f   UefiBootManagerLib:BmDriverHealth.obj
 0001:00007c9c       _BmRepairAllControllers    00018c9c f   UefiBootManagerLib:BmDriverHealth.obj
 0001:00007f0f       _BmDelPartMatchInstance    00018f0f f   UefiBootManagerLib:BmMisc.obj
 0001:00007fbe       _MatchDevicePaths          00018fbe f   BootMaintenanceManagerUiLib:ConsoleOption.obj
 0001:00007fbe       _BmMatchDevicePaths        00018fbe f   UefiBootManagerLib:BmMisc.obj
 0001:00008018       _BmSetMemoryTypeInformationVariable 00019018 f   UefiBootManagerLib:BmMisc.obj
 0001:000081d2       _BmSetVariableAndReportStatusCodeOnError 000191d2 f   UefiBootManagerLib:BmMisc.obj
 0001:00008292       _BmPrintDp                 00019292 f   UefiBootManagerLib:BmMisc.obj
 0001:000082ba       _BmCharToUint              000192ba f   UefiBootManagerLib:BmMisc.obj
 0001:000082de       _BmGetFreeOptionNumber     000192de f   UefiBootManagerLib:BmLoadOption.obj
 0001:00008414       _EfiBootManagerLoadOptionToVariable 00019414 f   UefiBootManagerLib:BmLoadOption.obj
 0001:000085b0       _BmAddOptionNumberToOrderVariable 000195b0 f   UefiBootManagerLib:BmLoadOption.obj
 0001:000086c9       _EfiBootManagerAddLoadOptionVariable 000196c9 f   UefiBootManagerLib:BmLoadOption.obj
 0001:0000874b       _EfiBootManagerInitializeLoadOption 0001974b f   UefiBootManagerLib:BmLoadOption.obj
 0001:000087e0       _EfiBootManagerFindLoadOption 000197e0 f   UefiBootManagerLib:BmLoadOption.obj
 0001:0000886a       _EfiBootManagerDeleteLoadOptionVariable 0001986a f   UefiBootManagerLib:BmLoadOption.obj
 0001:00008972       _BmGetDevicePathSizeEx     00019972 f   UefiBootManagerLib:BmLoadOption.obj
 0001:000089bd       _BmStrSizeEx               000199bd f   UefiBootManagerLib:BmLoadOption.obj
 0001:00008a26       _BmValidateOption          00019a26 f   UefiBootManagerLib:BmLoadOption.obj
 0001:00008a73       _EfiBootManagerIsValidLoadOptionVariableName 00019a73 f   UefiBootManagerLib:BmLoadOption.obj
 0001:00008b26       _EfiBootManagerVariableToLoadOptionEx 00019b26 f   UefiBootManagerLib:BmLoadOption.obj
 0001:00008c36       _EfiBootManagerGetLoadOptions 00019c36 f   UefiBootManagerLib:BmLoadOption.obj
 0001:00008d78       _EfiBootManagerFreeLoadOption 00019d78 f   UefiBootManagerLib:BmLoadOption.obj
 0001:00008dae       _EfiBootManagerFreeLoadOptions 00019dae f   UefiBootManagerLib:BmLoadOption.obj
 0001:00008de0       _BmIsLoadOptionPeHeaderValid 00019de0 f   UefiBootManagerLib:BmLoadOption.obj
 0001:00008e5a       _BmGetNextLoadOptionBuffer 00019e5a f   UefiBootManagerLib:BmLoadOption.obj
 0001:00008f48       _BmHotkeyCallback          00019f48 f   UefiBootManagerLib:BmHotkey.obj
 0001:00009102       _BmGetActiveConsoleIn      0001a102 f   UefiBootManagerLib:BmHotkey.obj
 0001:0000917f       _BmUnregisterHotkeyNotify  0001a17f f   UefiBootManagerLib:BmHotkey.obj
 0001:0000926d       _BmStopHotkeyService       0001a26d f   UefiBootManagerLib:BmHotkey.obj
 0001:000092ee       _BmDevicePathType          0001a2ee f   UefiBootManagerLib:BmBootDescription.obj
 0001:000093bc       _BmEliminateExtraSpaces    0001a3bc f   UefiBootManagerLib:BmBootDescription.obj
 0001:000093fa       _BmGetDescriptionFromDiskInfo 0001a3fa f   UefiBootManagerLib:BmBootDescription.obj
 0001:00009658       _BmGetUsbDescription       0001a658 f   UefiBootManagerLib:BmBootDescription.obj
 0001:000097ca       _BmGetNetworkDescription   0001a7ca f   UefiBootManagerLib:BmBootDescription.obj
 0001:00009a29       _BmGetLoadFileDescription  0001aa29 f   UefiBootManagerLib:BmBootDescription.obj
 0001:00009aab       _BmGetNvmeDescription      0001aaab f   UefiBootManagerLib:BmBootDescription.obj
 0001:00009c67       _BmGetMiscDescription      0001ac67 f   UefiBootManagerLib:BmBootDescription.obj
 0001:00009d7b       _BmGetBootDescription      0001ad7b f   UefiBootManagerLib:BmBootDescription.obj
 0001:00009e98       _BmMakeBootOptionDescriptionUnique 0001ae98 f   UefiBootManagerLib:BmBootDescription.obj
 0001:00009fcd       _BmUpdateSystemTableConsole 0001afcd f   UefiBootManagerLib:BmConsole.obj
 0001:0000a153       _EfiBootManagerUpdateConsoleVariable 0001b153 f   UefiBootManagerLib:BmConsole.obj
 0001:0000a206       _EfiBootManagerConnectConsoleVariable 0001b206 f   UefiBootManagerLib:BmConsole.obj
 0001:0000a3cf       _EfiBootManagerConnectAllDefaultConsoles 0001b3cf f   UefiBootManagerLib:BmConsole.obj
 0001:0000a4a1       _BootManagerRouteConfig    0001b4a1 f   BootManagerUiLib:BootManager.obj
 0001:0000a4a1       _DeviceManagerRouteConfig  0001b4a1 f   DeviceManagerUiLib:DeviceManager.obj
 0001:0000a4a1       _LibRouteConfig            0001b4a1 f   FileExplorerLib:FileExplorer.obj
 0001:0000a4bf       _LibCallback               0001b4bf f   FileExplorerLib:FileExplorer.obj
 0001:0000a672       _LibCreateMenuEntry        0001b672 f   FileExplorerLib:FileExplorer.obj
 0001:0000a6a7       _LibGetMenuEntry           0001b6a7 f   FileExplorerLib:FileExplorer.obj
 0001:0000a6fc       _LibDestroyMenuEntry       0001b6fc f   FileExplorerLib:FileExplorer.obj
 0001:0000a75a       _LibFreeMenu               0001b75a f   FileExplorerLib:FileExplorer.obj
 0001:0000a7aa       _LibDevicePathToStr        0001b7aa f   FileExplorerLib:FileExplorer.obj
 0001:0000a82e       _LibStrDuplicate           0001b82e f   FileExplorerLib:FileExplorer.obj
 0001:0000a86e       _LibFileInfo               0001b86e f   FileExplorerLib:FileExplorer.obj
 0001:0000a8ce       _LibToLowerString          0001b8ce f   FileExplorerLib:FileExplorer.obj
 0001:0000a8ee       _LibIsSupportedFileType    0001b8ee f   FileExplorerLib:FileExplorer.obj
 0001:0000a974       _LibAppendFileName         0001b974 f   FileExplorerLib:FileExplorer.obj
 0001:0000aaf2       _LibFindFileSystem         0001baf2 f   FileExplorerLib:FileExplorer.obj
 0001:0000acab       _LibGetFileHandleFromDevicePath 0001bcab f   FileExplorerLib:FileExplorer.obj
 0001:0000ae7b       _LibCreateNewFile          0001be7b f   FileExplorerLib:FileExplorer.obj
 0001:0000af0a       _LibFindFiles              0001bf0a f   FileExplorerLib:FileExplorer.obj
 0001:0000b0cd       _LibRefreshUpdateData      0001c0cd f   FileExplorerLib:FileExplorer.obj
 0001:0000b140       _LibUpdateFileExplorePage  0001c140 f   FileExplorerLib:FileExplorer.obj
 0001:0000b2bd       _LibUpdateFileExplorer     0001c2bd f   FileExplorerLib:FileExplorer.obj
 0001:0000b36e       _LibGetDevicePath          0001c36e f   FileExplorerLib:FileExplorer.obj
 0001:0000b3af       _ChooseFile                0001c3af f   FileExplorerLib:FileExplorer.obj
 0001:0000b488       _FileExplorerLibConstructor 0001c488 f   FileExplorerLib:FileExplorer.obj
 0001:0000b594       _FileExplorerLibDestructor 0001c594 f   FileExplorerLib:FileExplorer.obj
 0001:0000b628       _DmExtractDevicePathFromHiiHandle 0001c628 f   DeviceManagerUiLib:DeviceManager.obj
 0001:0000b674       _GetMacAddressString       0001c674 f   DeviceManagerUiLib:DeviceManager.obj
 0001:0000b7d4       _AddIdToMacDeviceList      0001c7d4 f   DeviceManagerUiLib:DeviceManager.obj
 0001:0000b8a1       _IsMacAddressDevicePath    0001c8a1 f   DeviceManagerUiLib:DeviceManager.obj
 0001:0000b97f       _IsNeedAddNetworkMenu      0001c97f f   DeviceManagerUiLib:DeviceManager.obj
 0001:0000bb06       _CreateDeviceManagerForm   0001cb06 f   DeviceManagerUiLib:DeviceManager.obj
 0001:0000bf7b       _DeviceManagerCallback     0001cf7b f   DeviceManagerUiLib:DeviceManager.obj
 0001:0000c011       _DeviceManagerUiLibConstructor 0001d011 f   DeviceManagerUiLib:DeviceManager.obj
 0001:0000c0b7       _BmSetConsoleMode          0001d0b7 f   BootManagerUiLib:BootManager.obj
 0001:0000c3de       _BmSetupResetReminder      0001d3de f   BootManagerUiLib:BootManager.obj
 0001:0000c4c5       _GroupMultipleLegacyBootOption4SameType 0001d4c5 f   BootManagerUiLib:BootManager.obj
 0001:0000c65e       _BmDevicePathToStr         0001d65e f   BootManagerUiLib:BootManager.obj
 0001:0000c6e2       _UpdateBootManager         0001d6e2 f   BootManagerUiLib:BootManager.obj
 0001:0000c989       _BmInitialBootModeInfo     0001d989 f   BootManagerUiLib:BootManager.obj
 0001:0000ca70       _BootManagerCallback       0001da70 f   BootManagerUiLib:BootManager.obj
 0001:0000cb5c       _BootManagerUiLibConstructor 0001db5c f   BootManagerUiLib:BootManager.obj
 0001:0000cbfd       _BmmSetConsoleMode         0001dbfd f   BootMaintenanceManagerUiLib:BootMaintenance.obj
 0001:0000cf26       _UiDevicePathToStr         0001df26 f   BootMaintenanceManagerUiLib:BootMaintenance.obj
 0001:0000cfaa       _ExtractFileNameFromDevicePath 0001dfaa f   BootMaintenanceManagerUiLib:BootMaintenance.obj
 0001:0000d01a       _HiiToLower                0001e01a f   BootMaintenanceManagerUiLib:BootMaintenance.obj
 0001:0000d06f       _UpdateProgress            0001e06f f   BootMaintenanceManagerUiLib:BootMaintenance.obj
 0001:0000d0d0       _UpdateTerminalContent     0001e0d0 f   BootMaintenanceManagerUiLib:BootMaintenance.obj
 0001:0000d232       _UpdateConsoleContent      0001e232 f   BootMaintenanceManagerUiLib:BootMaintenance.obj
 0001:0000d4d6       _BootMaintExtractConfig    0001e4d6 f   BootMaintenanceManagerUiLib:BootMaintenance.obj
 0001:0000d62e       _BootMaintRouteConfig      0001e62e f   BootMaintenanceManagerUiLib:BootMaintenance.obj
 0001:0000dd6d       _BootMaintCallback         0001ed6d f   BootMaintenanceManagerUiLib:BootMaintenance.obj
 0001:0000e285       _DiscardChangeHandler      0001f285 f   BootMaintenanceManagerUiLib:BootMaintenance.obj
 0001:0000e3a9       _CleanUselessBeforeSubmit  0001f3a9 f   BootMaintenanceManagerUiLib:BootMaintenance.obj
 0001:0000e43e       _CustomizeMenus            0001f43e f   BootMaintenanceManagerUiLib:BootMaintenance.obj
 0001:0000e4e8       _InitializeBmmConfig       0001f4e8 f   BootMaintenanceManagerUiLib:BootMaintenance.obj
 0001:0000e5a5       _InitAllMenu               0001f5a5 f   BootMaintenanceManagerUiLib:BootMaintenance.obj
 0001:0000e623       _BmmInitialBootModeInfo    0001f623 f   BootMaintenanceManagerUiLib:BootMaintenance.obj
 0001:0000e70a       _BootMaintenanceManagerUiLibConstructor 0001f70a f   BootMaintenanceManagerUiLib:BootMaintenance.obj
 0001:0000e84a       _BootMaintenanceManagerUiLibDestructor 0001f84a f   BootMaintenanceManagerUiLib:BootMaintenance.obj
 0001:0000e909       _CreateUpdateData          0001f909 f   BootMaintenanceManagerUiLib:UpdatePage.obj
 0001:0000e982       _RefreshUpdateData         0001f982 f   BootMaintenanceManagerUiLib:UpdatePage.obj
 0001:0000e9b2       _UpdatePageStart           0001f9b2 f   BootMaintenanceManagerUiLib:UpdatePage.obj
 0001:0000e9e9       _UpdatePageEnd             0001f9e9 f   BootMaintenanceManagerUiLib:UpdatePage.obj
 0001:0000ea55       _CleanUpPage               0001fa55 f   BootMaintenanceManagerUiLib:UpdatePage.obj
 0001:0000ea8b       _UpdateConCOMPage          0001fa8b f   BootMaintenanceManagerUiLib:UpdatePage.obj
 0001:0000eae8       _UpdateBootDelPage         0001fae8 f   BootMaintenanceManagerUiLib:UpdatePage.obj
 0001:0000eb9d       _UpdateDrvAddHandlePage    0001fb9d f   BootMaintenanceManagerUiLib:UpdatePage.obj
 0001:0000ebf9       _UpdateDrvDelPage          0001fbf9 f   BootMaintenanceManagerUiLib:UpdatePage.obj
 0001:0000eca8       _UpdateDriverAddHandleDescPage 0001fca8 f   BootMaintenanceManagerUiLib:UpdatePage.obj
 0001:0000ed2c       _UpdateConsolePage         0001fd2c f   BootMaintenanceManagerUiLib:UpdatePage.obj
 0001:0000ef5e       _UpdateOrderPage           0001ff5e f   BootMaintenanceManagerUiLib:UpdatePage.obj
 0001:0000f0dd       _UpdateConModePage         000200dd f   BootMaintenanceManagerUiLib:UpdatePage.obj
 0001:0000f2a2       _UpdateTerminalPage        000202a2 f   BootMaintenanceManagerUiLib:UpdatePage.obj
 0001:0000f648       _UpdateOptionPage          00020648 f   BootMaintenanceManagerUiLib:UpdatePage.obj
 0001:0000f787       _UpdatePageBody            00020787 f   BootMaintenanceManagerUiLib:UpdatePage.obj
 0001:0000f7e9       _UpdatePageId              000207e9 f   BootMaintenanceManagerUiLib:UpdatePage.obj
 0001:0000f843       _BmmSetupResetReminder     00020843 f   BootMaintenanceManagerUiLib:BootOption.obj
 0001:0000f923       _BOpt_CreateMenuEntry      00020923 f   BootMaintenanceManagerUiLib:BootOption.obj
 0001:0000f97f       _BOpt_DestroyMenuEntry     0002097f f   BootMaintenanceManagerUiLib:BootOption.obj
 0001:0000fa18       _BOpt_GetMenuEntry         00020a18 f   BootMaintenanceManagerUiLib:BootOption.obj
 0001:0000fa6d       _BOpt_FreeMenu             00020a6d f   BootMaintenanceManagerUiLib:BootOption.obj
 0001:0000fac6       _BOpt_GetBootOptions       00020ac6 f   BootMaintenanceManagerUiLib:BootOption.obj
 0001:0000fe1a       _BOpt_FindDrivers          00020e1a f   BootMaintenanceManagerUiLib:BootOption.obj
 0001:0000ff50       _BOpt_GetOptionNumber      00020f50 f   BootMaintenanceManagerUiLib:BootOption.obj
 0001:0001001e       _BOpt_GetDriverOptions     0002101e f   BootMaintenanceManagerUiLib:BootOption.obj
 0001:0001025a       _GetBootOrder              0002125a f   BootMaintenanceManagerUiLib:BootOption.obj
 0001:000102e3       _GetDriverOrder            000212e3 f   BootMaintenanceManagerUiLib:BootOption.obj
 0001:0001036c       _BootFromFile              0002136c f   BootMaintenanceManagerUiLib:BootOption.obj
 0001:000103dd       _ReSendForm                000213dd f   BootMaintenanceManagerUiLib:BootOption.obj
 0001:00010414       _CreateBootOptionFromFile  00021414 f   BootMaintenanceManagerUiLib:BootOption.obj
 0001:00010422       _CreateDriverOptionFromFile 00021422 f   BootMaintenanceManagerUiLib:BootOption.obj
 0001:00010430       _Var_DelBootOption         00021430 f   BootMaintenanceManagerUiLib:Variable.obj
 0001:000104b3       _Var_DelDriverOption       000214b3 f   BootMaintenanceManagerUiLib:Variable.obj
 0001:0001051c       _Var_UpdateConsoleOption   0002151c f   BootMaintenanceManagerUiLib:Variable.obj
 0001:000106a7       _Var_UpdateDriverOption    000216a7 f   BootMaintenanceManagerUiLib:Variable.obj
 0001:000108d6       _Var_UpdateBootOption      000218d6 f   BootMaintenanceManagerUiLib:Variable.obj
 0001:00010af3       _Var_UpdateBootNext        00021af3 f   BootMaintenanceManagerUiLib:Variable.obj
 0001:00010bac       _Var_UpdateBootOrder       00021bac f   BootMaintenanceManagerUiLib:Variable.obj
 0001:00010cf7       _Var_UpdateDriverOrder     00021cf7 f   BootMaintenanceManagerUiLib:Variable.obj
 0001:00010dd2       _Var_UpdateConMode         00021dd2 f   BootMaintenanceManagerUiLib:Variable.obj
 0001:00010e24       _IsIsaSerialNode           00021e24 f   BootMaintenanceManagerUiLib:ConsoleOption.obj
 0001:00010e52       _ChangeTerminalDevicePath  00021e52 f   BootMaintenanceManagerUiLib:ConsoleOption.obj
 0001:00010f75       _RetrieveUartUid           00021f75 f   BootMaintenanceManagerUiLib:ConsoleOption.obj
 0001:00011004       _SortedUartHandle          00022004 f   BootMaintenanceManagerUiLib:ConsoleOption.obj
 0001:0001109d       _LocateSerialIo            0002209d f   BootMaintenanceManagerUiLib:ConsoleOption.obj
 0001:00011400       _UpdateComAttributeFromVariable 00022400 f   BootMaintenanceManagerUiLib:ConsoleOption.obj
 0001:00011544       _GetConsoleMenu            00022544 f   BootMaintenanceManagerUiLib:ConsoleOption.obj
 0001:0001173c       _IsTerminalDevicePath      0002273c f   BootMaintenanceManagerUiLib:ConsoleOption.obj
 0001:0001187c       _GetConsoleOutMode         0002287c f   BootMaintenanceManagerUiLib:ConsoleOption.obj
 0001:000118f6       _GetConsoleInCheck         000228f6 f   BootMaintenanceManagerUiLib:ConsoleOption.obj
 0001:000119c5       _GetConsoleOutCheck        000229c5 f   BootMaintenanceManagerUiLib:ConsoleOption.obj
 0001:00011a94       _GetConsoleErrCheck        00022a94 f   BootMaintenanceManagerUiLib:ConsoleOption.obj
 0001:00011b63       _GetTerminalAttribute      00022b63 f   BootMaintenanceManagerUiLib:ConsoleOption.obj
 0001:00011c79       _UiCustomizeBMMPage        00022c79 f   BootMaintenanceManagerUiLib:BootMaintenanceManagerCustomizedUi.obj
 0001:00011d5d       _EfiLibDeleteVariable      00022d5d f   BootMaintenanceManagerUiLib:BmLib.obj
 0001:00011d74       _BmmCreateBootNextMenu     00022d74 f   BootMaintenanceManagerUiLib:BootMaintenanceManagerCustomizedUiSupport.obj
 0001:00011e50       _IsRequiredDriver          00022e50 f   BootMaintenanceManagerUiLib:BootMaintenanceManagerCustomizedUiSupport.obj
 0001:00011f0b       _BmmListThirdPartyDrivers  00022f0b f   BootMaintenanceManagerUiLib:BootMaintenanceManagerCustomizedUiSupport.obj
 0001:000121e4       _ZeroMem                   000231e4 f   BaseMemoryLibOptDxe:ZeroMemWrapper.obj
 0001:00012229       _SetMem16                  00023229 f   BaseMemoryLibOptDxe:SetMem16Wrapper.obj
 0001:000122b9       _CompareMem                000232b9 f   BaseMemoryLibOptDxe:CompareMemWrapper.obj
 0001:00012348       _IsZeroBuffer              00023348 f   BaseMemoryLibOptDxe:IsZeroBufferWrapper.obj
 0001:0001238c       _InternalBaseLibIsListValid 0002338c f   BaseLib:LinkedList.obj
 0001:000123f0       _InitializeListHead        000233f0 f   BaseLib:LinkedList.obj
 0001:00012415       _InsertTailList            00023415 f   BaseLib:LinkedList.obj
 0001:0001244d       _GetFirstNode              0002344d f   BaseLib:LinkedList.obj
 0001:00012472       _GetNextNode               00023472 f   BaseLib:LinkedList.obj
 0001:00012497       _IsListEmpty               00023497 f   BaseLib:LinkedList.obj
 0001:000124bf       _IsNull                    000234bf f   BaseLib:LinkedList.obj
 0001:000124ed       _RemoveEntryList           000234ed f   BaseLib:LinkedList.obj
 0001:00012521       _EfiCreateEventReadyToBootEx 00023521 f   UefiLib:UefiNotTiano.obj
 0001:0001259f       _EfiGetNameGuidFromFwVolDevicePathNode 0002359f f   UefiLib:UefiNotTiano.obj
 0001:000125da       _InternalPrint             000235da f   UefiLib:UefiLibPrint.obj
 0001:00012686       _Print                     00023686 f   UefiLib:UefiLibPrint.obj
 0001:0001269f       _GetFileBufferByFilePath   0002369f f   DxeServicesLib:DxeServicesLib.obj
 0002:00000038       ??_C@_05NODKPMNK@UiApp?$AA@ 00024038     UiApp:AutoGen.obj
 0002:00000040       ??_C@_0CB@DMEJJJHA@?6ASSERT_EFI_ERROR?5?$CIStatus?5?$DN?5?$CFr?$CJ?6@ 00024040     UiApp:AutoGen.obj
 0002:00000064       ??_C@_0BE@DCHLEIGN@?$CBEFI_ERROR?5?$CIStatus?$CJ?$AA@ 00024064     UiApp:AutoGen.obj
 0002:00000078       ??_C@_0GB@HCFJOGJD@c?3?2edk2?2Build?2NT32IA32?2DEBUG_VS2@ 00024078     UiApp:AutoGen.obj
 0002:000000dc       __gPcd_FixedAtBuild_PcdBootManagerMenuFile 000240dc     UiApp:AutoGen.obj
 0002:000000ec       __gPcd_FixedAtBuild_PcdUefiVariableDefaultPlatformLangCodes 000240ec     UiApp:AutoGen.obj
 0002:00000100       __gPcd_FixedAtBuild_PcdDriverHealthConfigureForm 00024100     UiApp:AutoGen.obj
 0002:00000110       ??_C@_0CC@PIBHJFDN@StartOpCodeHandle?5?$CB?$DN?5?$CI?$CIvoid?5?$CK?$CJ?50@ 00024110     UiApp:FrontPage.obj
 0002:00000134       ??_C@_0DD@GIJEIFAP@c?3?2edk2?2MdeModulePkg?2Application@ 00024134     UiApp:FrontPage.obj
 0002:00000168       ??_C@_0CA@FMKGPAPI@EndOpCodeHandle?5?$CB?$DN?5?$CI?$CIvoid?5?$CK?$CJ?50?$CJ?$AA@ 00024168     UiApp:FrontPage.obj
 0002:00000188       ??_C@_0CM@HGKGDJCC@gFrontPagePrivate?4HiiHandle?5?$CB?$DN?5?$CI@ 00024188     UiApp:FrontPage.obj
 0002:000001b4       ??_C@_0BN@KDBDLHMK@StringBuffer?5?$CB?$DN?5?$CI?$CIvoid?5?$CK?$CJ?50?$CJ?$AA@ 000241b4     UiApp:FrontPage.obj
 0002:000001d4       ??_C@_13JOFGPIOO@?$AA?4?$AA?$AA@ 000241d4     UiApp:FrontPage.obj
 0002:000001d8       ??_C@_19JHPJJHFE@?$AA?5?$AAG?$AAH?$AAz?$AA?$AA@ 000241d8     UiApp:FrontPage.obj
 0002:000001e4       ??_C@_1BA@NLEEMPFA@?$AA?5?$AAM?$AAB?$AA?5?$AAR?$AAA?$AAM?$AA?$AA@ 000241e4     UiApp:FrontPage.obj
 0002:000001f4       ??_C@_0BK@KLJHMMPJ@HiiHandle?5?$CB?$DN?5?$CI?$CIvoid?5?$CK?$CJ?50?$CJ?$AA@ 000241f4     UiApp:FrontPage.obj
 0002:00000210       ??_C@_0BO@IOFODAMB@StringBuffer1?5?$CB?$DN?5?$CI?$CIvoid?5?$CK?$CJ?50?$CJ?$AA@ 00024210     UiApp:FrontPage.obj
 0002:00000230       ??_C@_0BO@GENIONKD@StringBuffer2?5?$CB?$DN?5?$CI?$CIvoid?5?$CK?$CJ?50?$CJ?$AA@ 00024230     UiApp:FrontPage.obj
 0002:00000250       ??_C@_1FM@DPJPLHJF@?$AAC?$AAo?$AAn?$AAf?$AAi?$AAg?$AAu?$AAr?$AAa?$AAt?$AAi?$AAo?$AAn?$AA?5?$AAc?$AAh?$AAa?$AAn?$AAg?$AAe?$AAd?$AA?4?$AA?5?$AAR?$AAe?$AAs?$AAe?$AAt?$AA?5?$AAt?$AAo?$AA?5@ 00024250     UiApp:FrontPage.obj
 0002:000002ac       ??_C@_1CK@LOFHOMO@?$AAP?$AAr?$AAe?$AAs?$AAs?$AA?5?$AAE?$AAN?$AAT?$AAE?$AAR?$AA?5?$AAt?$AAo?$AA?5?$AAr?$AAe?$AAs?$AAe?$AAt?$AA?$AA@ 000242ac     UiApp:FrontPage.obj
 0002:000002d8       ??_C@_0CC@HFEIDHIP@gStringPackHandle?5?$CB?$DN?5?$CI?$CIvoid?5?$CK?$CJ?50@ 000242d8     UiApp:String.obj
 0002:000002fc       ??_C@_0DA@OLPNJLAN@c?3?2edk2?2MdeModulePkg?2Application@ 000242fc     UiApp:String.obj
 0002:0000032c       ??_C@_0BJ@NJEGJHFI@LangCode?5?$CB?$DN?5?$CI?$CIvoid?5?$CK?$CJ?50?$CJ?$AA@ 0002432c     UiApp:FrontPageCustomizedUiSupport.obj
 0002:00000348       ??_C@_0EG@JHLEEDBH@c?3?2edk2?2MdeModulePkg?2Application@ 00024348     UiApp:FrontPageCustomizedUiSupport.obj
 0002:00000390       ??_C@_0BK@FANDPBIH@?$CKLangCode?5?$CB?$DN?5?$CI?$CIvoid?5?$CK?$CJ?50?$CJ?$AA@ 00024390     UiApp:FrontPageCustomizedUiSupport.obj
 0002:000003ac       ??_C@_0BF@KEEBGAAP@Lang?5?$CB?$DN?5?$CI?$CIvoid?5?$CK?$CJ?50?$CJ?$AA@ 000243ac     UiApp:FrontPageCustomizedUiSupport.obj
 0002:000003c4       ??_C@_1BK@GGGENMOA@?$AAP?$AAl?$AAa?$AAt?$AAf?$AAo?$AAr?$AAm?$AAL?$AAa?$AAn?$AAg?$AA?$AA@ 000243c4     UiApp:FrontPageCustomizedUiSupport.obj
 0002:000003e0       ??_C@_0BC@FEDIJHFF@?$CI?$CIBOOLEAN?$CJ?$CI0?$DN?$DN1?$CJ?$CJ?$AA@ 000243e0     UiApp:FrontPageCustomizedUiSupport.obj
 0002:000003f4       ??_C@_0CE@KJODLANI@OptionsOpCodeHandle?5?$CB?$DN?5?$CI?$CIvoid?5?$CK?$CJ@ 000243f4     UiApp:FrontPageCustomizedUiSupport.obj
 0002:00000418       ??_C@_1CE@GLBFGNOF@?$AAP?$AAl?$AAa?$AAt?$AAf?$AAo?$AAr?$AAm?$AAL?$AAa?$AAn?$AAg?$AAC?$AAo?$AAd?$AAe?$AAs?$AA?$AA@ 00024418     UiApp:FrontPageCustomizedUiSupport.obj
 0002:0000043c       ??_C@_0CA@MJALGHG@gLanguageString?5?$CB?$DN?5?$CI?$CIvoid?5?$CK?$CJ?50?$CJ?$AA@ 0002443c     UiApp:FrontPageCustomizedUiSupport.obj
 0002:0000045c       ??_C@_0BP@CAHLJC@gLanguageToken?5?$CB?$DN?5?$CI?$CIvoid?5?$CK?$CJ?50?$CJ?$AA@ 0002445c     UiApp:FrontPageCustomizedUiSupport.obj
 0002:0000047c       ??_C@_0BH@OOIJJHNK@Handle?5?$CB?$DN?5?$CI?$CIvoid?5?$CK?$CJ?50?$CJ?$AA@ 0002447c     UiApp:FrontPageCustomizedUiSupport.obj
 0002:00000494       ??_C@_0BL@IONPMOEP@HiiHandles?5?$CB?$DN?5?$CI?$CIvoid?5?$CK?$CJ?50?$CJ?$AA@ 00024494     UiApp:FrontPageCustomizedUiSupport.obj
 0002:000004b0       ??_C@_0BP@DAEDPINL@gHiiDriverList?5?$CB?$DN?5?$CI?$CIvoid?5?$CK?$CJ?50?$CJ?$AA@ 000244b0     UiApp:FrontPageCustomizedUiSupport.obj
 0002:000004d0       ??_C@_0BH@MAAHKCPC@String?5?$CB?$DN?5?$CI?$CIvoid?5?$CK?$CJ?50?$CJ?$AA@ 000244d0     UiApp:FrontPageCustomizedUiSupport.obj
 0002:000004e8       ??_C@_0BO@BDDNGENM@DriverListPtr?5?$CB?$DN?5?$CI?$CIvoid?5?$CK?$CJ?50?$CJ?$AA@ 000244e8     UiApp:FrontPageCustomizedUiSupport.obj
 0002:00000508       ??_C@_0CN@HFOFBDHA@c?3?2edk2?2MdePkg?2Library?2DxePcdLib@ 00024508     DxePcdLib:DxePcdLib.obj
 0002:00000538       ??_C@_0BF@OOKDELHM@mPcd?5?$CB?$DN?5?$CI?$CIvoid?5?$CK?$CJ?50?$CJ?$AA@ 00024538     DxePcdLib:DxePcdLib.obj
 0002:00000550       ??_C@_0BH@IACGKAP@Buffer?5?$CB?$DN?5?$CI?$CIvoid?5?$CK?$CJ?50?$CJ?$AA@ 00024550     DxePcdLib:DxePcdLib.obj
 0002:00000568       ??_C@_0BH@LKMBFCBF@Format?5?$CB?$DN?5?$CI?$CIvoid?5?$CK?$CJ?50?$CJ?$AA@ 00024568     PeiDxeDebugLibReportStatusCode:DebugLib.obj
 0002:00000580       ??_C@_0EH@EMGPELNE@c?3?2edk2?2MdeModulePkg?2Library?2Pei@ 00024580     PeiDxeDebugLibReportStatusCode:DebugLib.obj
 0002:000005c8       ??_C@_0CI@HIINONDG@?$CICHAR8?5?$CK?$CJBaseListMarker?5?$DM?$DN?5Forma@ 000245c8     PeiDxeDebugLibReportStatusCode:DebugLib.obj
 0002:000005f0       ??_C@_01OHGJGJJP@?$FL?$AA@ 000245f0     PeiDxeDebugLibReportStatusCode:DebugLib.obj
 0002:000005f4       ??_C@_02PBFOLPKM@?$FN?5?$AA@ 000245f4     PeiDxeDebugLibReportStatusCode:DebugLib.obj
 0002:000005f8       ??_C@_0DI@PHOMHDKH@?$CILength?5?9?51?$CJ?5?$DM?$DN?5?$CI0xFFFFFFFF?5?9?5?$CIU@ 000245f8     BaseMemoryLibOptDxe:CopyMemWrapper.obj
 0002:00000630       ??_C@_0DM@DBGKHDAI@c?3?2edk2?2MdePkg?2Library?2BaseMemor@ 00024630     BaseMemoryLibOptDxe:CopyMemWrapper.obj
 0002:0000066c       ??_C@_0DD@DCDOHCDJ@?$CILength?5?9?51?$CJ?5?$DM?$DN?5?$CI0xFFFFFFFF?5?9?5?$CIU@ 0002466c     BaseMemoryLibOptDxe:CopyMemWrapper.obj
 0002:000006a0       ??_C@_0CL@OBMFBPED@Length?5?$DM?$DN?5?$CI0xFFFFFFFF?5?9?5?$CIUINTN?$CJB@ 000246a0     BaseMemoryLibOptDxe:MemLibGuid.obj
 0002:000006cc       ??_C@_0CN@BPIPMCPJ@?$CILength?5?9?51?$CJ?5?$DM?$DN?5?$CI0xFFFFFFFF?5?9?5?$CIU@ 000246cc     BaseMemoryLibOptDxe:SetMemWrapper.obj
 0002:000006fc       ??_C@_0DL@OKGJDFMC@c?3?2edk2?2MdePkg?2Library?2BaseMemor@ 000246fc     BaseMemoryLibOptDxe:SetMemWrapper.obj
 0002:00000738       ??_C@_0CO@LECKNDNC@?$CI?$CI?$CIUINTN?$CJBuffer?$CJ?5?$CG?5?$CIsizeof?5?$CIValu@ 00024738     BaseMemoryLibOptDxe:SetMem32Wrapper.obj
 0002:00000768       ??_C@_0CF@LEICOABD@?$CILength?5?$CG?5?$CIsizeof?5?$CIValue?$CJ?5?9?51?$CJ?$CJ?5@ 00024768     BaseMemoryLibOptDxe:SetMem32Wrapper.obj
 0002:00000790       ??_C@_0EK@NEAGPEKB@c?3?2edk2?2MdeModulePkg?2Library?2Dxe@ 00024790     DxeReportStatusCodeLib:ReportStatusCodeLib.obj
 0002:000007dc       ??_C@_0BM@HAIDGOCB@Description?5?$CB?$DN?5?$CI?$CIvoid?5?$CK?$CJ?50?$CJ?$AA@ 000247dc     DxeReportStatusCodeLib:ReportStatusCodeLib.obj
 0002:000007f8       ??_C@_0BL@JFODOCGB@DevicePath?5?$CB?$DN?5?$CI?$CIvoid?5?$CK?$CJ?50?$CJ?$AA@ 000247f8     DxeReportStatusCodeLib:ReportStatusCodeLib.obj
 0002:00000814       ??_C@_0DN@HHIHPHHB@?$CB?$CI?$CIExtendedData?5?$DN?$DN?5?$CI?$CIvoid?5?$CK?$CJ?50?$CJ?$CJ@ 00024814     DxeReportStatusCodeLib:ReportStatusCodeLib.obj
 0002:00000854       ??_C@_0DN@BBBIFINB@?$CB?$CI?$CIExtendedData?5?$CB?$DN?5?$CI?$CIvoid?5?$CK?$CJ?50?$CJ?$CJ@ 00024854     DxeReportStatusCodeLib:ReportStatusCodeLib.obj
 0002:00000894       ??_C@_0DI@MIEIGAOH@Status?5code?5extended?5data?5is?5too@ 00024894     DxeReportStatusCodeLib:ReportStatusCodeLib.obj
 0002:000008cc       ??_C@_0CD@BDCLIGHD@?$CI?$CIUINTN?$CJ?5String?5?$CG?50x00000001?$CJ?5?$DN?$DN@ 000248cc     BaseLib:SafeString.obj
 0002:000008f0       ??_C@_0CM@GBAFEFEA@c?3?2edk2?2MdePkg?2Library?2BaseLib?2S@ 000248f0     BaseLib:SafeString.obj
 0002:0000091c       ??_C@_0CI@LLKACKFD@?$CI?$CIUINTN?$CJ?5Destination?5?$CG?50x0000000@ 0002491c     BaseLib:SafeString.obj
 0002:00000944       ??_C@_0CD@COCJPGE@?$CI?$CIUINTN?$CJ?5Source?5?$CG?50x00000001?$CJ?5?$DN?$DN@ 00024944     BaseLib:SafeString.obj
 0002:00000968       ??_C@_0BO@ECNIOIHG@?$CIDestination?5?$CB?$DN?5?$CI?$CIvoid?5?$CK?$CJ?50?$CJ?$CJ?$AA@ 00024968     BaseLib:SafeString.obj
 0002:00000988       ??_C@_0BJ@EAEEJIP@?$CISource?5?$CB?$DN?5?$CI?$CIvoid?5?$CK?$CJ?50?$CJ?$CJ?$AA@ 00024988     BaseLib:SafeString.obj
 0002:000009a8       ??_C@_0EA@BBALOHPI@?$CIDestMax?5?$DM?$DN?5?$CI_gPcd_FixedAtBuild_@ 000249a8     BaseLib:SafeString.obj
 0002:000009e8       ??_C@_0P@PMIMLIHM@?$CIDestMax?5?$CB?$DN?50?$CJ?$AA@ 000249e8     BaseLib:SafeString.obj
 0002:000009f8       ??_C@_0BG@EEGIIOKH@?$CIDestMax?5?$DO?5SourceLen?$CJ?$AA@ 000249f8     BaseLib:SafeString.obj
 0002:00000a10       ??_C@_0FH@PPBLBDBJ@InternalSafeStringNoStrOverlap?5?$CI@ 00024a10     BaseLib:SafeString.obj
 0002:00000a68       ??_C@_0DP@PBOJGJC@?$CILength?5?$DM?$DN?5?$CI_gPcd_FixedAtBuild_P@ 00024a68     BaseLib:SafeString.obj
 0002:00000aa8       ??_C@_0P@BHOOOJPD@?$CICopyLen?5?$CB?$DN?50?$CJ?$AA@ 00024aa8     BaseLib:SafeString.obj
 0002:00000ab8       ??_C@_0BG@BPGICNPK@?$CICopyLen?5?$DO?5SourceLen?$CJ?$AA@ 00024ab8     BaseLib:SafeString.obj
 0002:00000ad0       ??_C@_0FL@CDANCHFO@InternalSafeStringNoAsciiStrOver@ 00024ad0     BaseLib:SafeString.obj
 0002:00000b30       ??_C@_0GE@CPENBLPB@?$CBInternalSafeStringIsOverlap?5?$CIDe@ 00024b30     BaseLib:SafeString.obj
 0002:00000b94       ??_C@_0CI@BEFOLLLE@c?3?2edk2?2MdePkg?2Library?2BaseLib?2S@ 00024b94     BaseLib:String.obj
 0002:00000bbc       ??_C@_0DL@LFIMEMJP@Length?5?$DM?$DN?5_gPcd_FixedAtBuild_Pcd@ 00024bbc     BaseLib:String.obj
 0002:00000bf8       ??_C@_0DK@EOJCOAME@Length?5?$DM?5_gPcd_FixedAtBuild_PcdM@ 00024bf8     BaseLib:String.obj
 0002:00000c34       ??_C@_0BL@JAAMOCAJ@StrSize?5?$CIFirstString?$CJ?5?$CB?$DN?50?$AA@ 00024c34     BaseLib:String.obj
 0002:00000c50       ??_C@_0BM@DALBOILC@StrSize?5?$CISecondString?$CJ?5?$CB?$DN?50?$AA@ 00024c50     BaseLib:String.obj
 0002:00000c6c       ??_C@_0BG@KBNOLIGE@StrSize?5?$CIString?$CJ?5?$CB?$DN?50?$AA@ 00024c6c     BaseLib:String.obj
 0002:00000c84       ??_C@_0BM@NNBLOHJD@StrSize?5?$CISearchString?$CJ?5?$CB?$DN?50?$AA@ 00024c84     BaseLib:String.obj
 0002:00000ca0       ??_C@_0DJ@JJHGIFMP@Length?5?$DM?$DN?5_gPcd_FixedAtBuild_Pcd@ 00024ca0     BaseLib:String.obj
 0002:00000cdc       ??_C@_0DI@MDIKFADO@Length?5?$DM?5_gPcd_FixedAtBuild_PcdM@ 00024cdc     BaseLib:String.obj
 0002:00000d14       ??_C@_0BL@IKFBNFIL@AsciiStrSize?5?$CIFirstString?$CJ?$AA@ 00024d14     BaseLib:String.obj
 0002:00000d30       ??_C@_0BM@EDNOKLLE@AsciiStrSize?5?$CISecondString?$CJ?$AA@ 00024d30     BaseLib:String.obj
 0002:00000d4c       ??_C@_0CL@COEFNOFM@c?3?2edk2?2MdePkg?2Library?2BaseLib?2U@ 00024d4c     BaseLib:Unaligned.obj
 0002:00000d78       ??_C@_0BN@COECPDCC@gImageHandle?5?$CB?$DN?5?$CI?$CIvoid?5?$CK?$CJ?50?$CJ?$AA@ 00024d78     UefiBootServicesTableLib:UefiBootServicesTableLib.obj
 0002:00000d98       ??_C@_0EL@ODFJBOBF@c?3?2edk2?2MdePkg?2Library?2UefiBootS@ 00024d98     UefiBootServicesTableLib:UefiBootServicesTableLib.obj
 0002:00000de4       ??_C@_0BE@DGNHAHIL@gST?5?$CB?$DN?5?$CI?$CIvoid?5?$CK?$CJ?50?$CJ?$AA@ 00024de4     UefiBootServicesTableLib:UefiBootServicesTableLib.obj
 0002:00000df8       ??_C@_0BE@BDFJLGLN@gBS?5?$CB?$DN?5?$CI?$CIvoid?5?$CK?$CJ?50?$CJ?$AA@ 00024df8     UefiBootServicesTableLib:UefiBootServicesTableLib.obj
 0002:00000e0c       ??_C@_0L@LBCNCHJA@Pages?5?$CB?$DN?50?$AA@ 00024e0c     UefiMemoryAllocationLib:MemoryAllocationLib.obj
 0002:00000e18       ??_C@_0EF@NBCCMJKB@c?3?2edk2?2MdePkg?2Library?2UefiMemor@ 00024e18     UefiMemoryAllocationLib:MemoryAllocationLib.obj
 0002:00000e60       ??_C@_0DE@FCAJAHCJ@AllocationSize?5?$DM?$DN?5?$CI0xFFFFFFFF?5?9?5@ 00024e60     UefiMemoryAllocationLib:MemoryAllocationLib.obj
 0002:00000e98       ??_C@_0EC@JPHJMIIC@c?3?2edk2?2MdeModulePkg?2Library?2Dxe@ 00024e98     DxePrintLibPrint2Protocol:PrintLib.obj
 0002:00000edc       ??_C@_0CB@OEMAHDCL@mPrint2SProtocol?5?$CB?$DN?5?$CI?$CIvoid?5?$CK?$CJ?50?$CJ@ 00024edc     DxePrintLibPrint2Protocol:PrintLib.obj
 0002:00000f00       ??_C@_0BP@CHOJLGEH@BaseListMarker?5?$CB?$DN?5?$CI?$CIvoid?5?$CK?$CJ?50?$CJ?$AA@ 00024f00     DxePrintLibPrint2Protocol:PrintLib.obj
 0002:00000f20       ??_C@_0BJ@PPAKKDJG@?$CIFormat?5?$CB?$DN?5?$CI?$CIvoid?5?$CK?$CJ?50?$CJ?$CJ?$AA@ 00024f20     DxePrintLibPrint2Protocol:PrintLib.obj
 0002:00000f40       ??_C@_0IM@BFJJFLGB@?$CIStrnLenS?5?$CI?$CICHAR16?5?$CK?$CJFormat?0?5?$CI_g@ 00024f40     DxePrintLibPrint2Protocol:PrintLib.obj
 0002:00000fd0       ??_C@_0GD@NPBBENH@The?5input?5variable?5argument?5list@ 00024fd0     DxePrintLibPrint2Protocol:PrintLib.obj
 0002:00001034       ??_C@_0CI@BGLNHBLM@?$CI?$CI?$CIUINTN?$CJ?5?$CIStartOfBuffer?$CJ?$CJ?5?$CG?50x0@ 00025034     DxePrintLibPrint2Protocol:PrintLib.obj
 0002:0000105c       ??_C@_0CH@KJLBGOBB@?$CI?$CI?$CIUINTN?$CJ?5?$CIFormatString?$CJ?$CJ?5?$CG?50x01@ 0002505c     DxePrintLibPrint2Protocol:PrintLib.obj
 0002:00001084       ??_C@_0BE@OBDFIHND@gRT?5?$CB?$DN?5?$CI?$CIvoid?5?$CK?$CJ?50?$CJ?$AA@ 00025084     UefiRuntimeServicesTableLib:UefiRuntimeServicesTableLib.obj
 0002:00001098       ??_C@_0FB@NIMBGODD@c?3?2edk2?2MdePkg?2Library?2UefiRunti@ 00025098     UefiRuntimeServicesTableLib:UefiRuntimeServicesTableLib.obj
 0002:000010f0       ??_C@_0EP@BCAOHHL@c?3?2edk2?2MdePkg?2Library?2UefiDevic@ 000250f0     UefiDevicePathLibDevicePathProtocol:UefiDevicePathLib.obj
 0002:00001140       ??_C@_0DC@CNNBPJA@mDevicePathLibDevicePathUtilitie@ 00025140     UefiDevicePathLibDevicePathProtocol:UefiDevicePathLib.obj
 0002:00001174       ??_C@_0BF@CBLMFKOC@Node?5?$CB?$DN?5?$CI?$CIvoid?5?$CK?$CJ?50?$CJ?$AA@ 00025174     UefiDevicePathLibDevicePathProtocol:UefiDevicePathLib.obj
 0002:00001190       ??_C@_0EH@ENCEEKKL@?$CILength?5?$DO?$DN?5sizeof?5?$CIEFI_DEVICE_PA@ 00025190     UefiDevicePathLibDevicePathProtocol:UefiDevicePathLib.obj
 0002:000011d8       ??_C@_0BF@MBJFHGBE@Size?5?$CB?$DN?5?$CI?$CIvoid?5?$CK?$CJ?50?$CJ?$AA@ 000251d8     UefiDevicePathLibDevicePathProtocol:UefiDevicePathLib.obj
 0002:000011f0       _mUefiDevicePathLibEndDevicePath 000251f0     UefiDevicePathLibDevicePathProtocol:UefiDevicePathLib.obj
 0002:000011f4       ??_C@_0BK@PPOBBAMB@TableGuid?5?$CB?$DN?5?$CI?$CIvoid?5?$CK?$CJ?50?$CJ?$AA@ 000251f4     UefiLib:UefiLib.obj
 0002:00001210       ??_C@_0CJ@PFEGNAHL@c?3?2edk2?2MdePkg?2Library?2UefiLib?2U@ 00025210     UefiLib:UefiLib.obj
 0002:0000123c       ??_C@_0BG@JDKEGFNB@Table?5?$CB?$DN?5?$CI?$CIvoid?5?$CK?$CJ?50?$CJ?$AA@ 0002523c     UefiLib:UefiLib.obj
 0002:00001254       ??_C@_0BO@IJOPPPFL@Lock?9?$DOLock?5?$DN?$DN?5EfiLockReleased?$AA@ 00025254     UefiLib:UefiLib.obj
 0002:00001274       ??_C@_0BO@FHNOFLFJ@Lock?9?$DOLock?5?$DN?$DN?5EfiLockAcquired?$AA@ 00025274     UefiLib:UefiLib.obj
 0002:00001298       ??_C@_0EG@GOBFPEEP@Name?5?$CB?$DN?5?$CI?$CIvoid?5?$CK?$CJ?50?$CJ?5?$CG?$CG?5Guid?5?$CB?$DN?5@ 00025298     UefiLib:UefiLib.obj
 0002:000012e0       ??_C@_0BH@FMEOEIBC@?$CKValue?5?$CB?$DN?5?$CI?$CIvoid?5?$CK?$CJ?50?$CJ?$AA@ 000252e0     UefiLib:UefiLib.obj
 0002:000012f8       ??_C@_0CD@OLFKAJF@SupportedLanguages?5?$CB?$DN?5?$CI?$CIvoid?5?$CK?$CJ?5@ 000252f8     UefiLib:UefiLib.obj
 0002:0000131c       ??_C@_0BD@BHENKNKP@NumberOfLines?5?$CB?$DN?50?$AA@ 0002531c     UefiLib:Console.obj
 0002:00001330       ??_C@_0CJ@IOJMLDCO@c?3?2edk2?2MdePkg?2Library?2UefiLib?2C@ 00025330     UefiLib:Console.obj
 0002:0000135c       ??_C@_0P@ICDOOCHP@MaxLength?5?$CB?$DN?50?$AA@ 0002535c     UefiLib:Console.obj
 0002:0000136c       ??_C@_0BF@DMEONNDO@Line?5?$CB?$DN?5?$CI?$CIvoid?5?$CK?$CJ?50?$CJ?$AA@ 0002536c     UefiLib:Console.obj
 0002:00001384       ??_C@_0BK@IHAIHFJE@TmpString?5?$CB?$DN?5?$CI?$CIvoid?5?$CK?$CJ?50?$CJ?$AA@ 00025384     UefiLib:Console.obj
 0002:000013a0       ??_C@_17LGKOMLJ@?$AA?4?$AA?4?$AA?4?$AA?$AA@ 000253a0     UefiLib:Console.obj
 0002:000013a8       ??_C@_0CK@GGFNJPAK@c?3?2edk2?2MdePkg?2Library?2DxeHobLib@ 000253a8     DxeHobLib:HobLib.obj
 0002:000013d4       ??_C@_0BJ@OBFMLLDO@mHobList?5?$CB?$DN?5?$CI?$CIvoid?5?$CK?$CJ?50?$CJ?$AA@ 000253d4     DxeHobLib:HobLib.obj
 0002:000013f0       ??_C@_0BJ@NOLLDKJB@HobStart?5?$CB?$DN?5?$CI?$CIvoid?5?$CK?$CJ?50?$CJ?$AA@ 000253f0     DxeHobLib:HobLib.obj
 0002:0000140c       ??_C@_1BC@DPOIABCP@?$AAE?$AAF?$AAI?$AAD?$AAe?$AAb?$AAu?$AAg?$AA?$AA@ 0002540c     DxeDebugPrintErrorLevelLib:DxeDebugPrintErrorLevelLib.obj
 0002:00001420       ??_C@_0EF@LIFNJAGA@c?3?2edk2?2MdeModulePkg?2Library?2Uef@ 00025420     UefiHiiServicesLib:UefiHiiServicesLib.obj
 0002:00001468       ??_C@_0EB@CMNLLCIC@c?3?2edk2?2MdePkg?2Library?2DxeServic@ 00025468     DxeServicesTableLib:DxeServicesTableLib.obj
 0002:000014ac       ??_C@_0BE@IOIFLNKO@gDS?5?$CB?$DN?5?$CI?$CIvoid?5?$CK?$CJ?50?$CJ?$AA@ 000254ac     DxeServicesTableLib:DxeServicesTableLib.obj
 0002:000014c0       ??_C@_0DB@CPEBINLM@c?3?2edk2?2MdeModulePkg?2Library?2Uef@ 000254c0     UefiHiiLib:HiiLib.obj
 0002:000014f4       ??_C@_0CA@OEKIMLLB@PackageListGuid?5?$CB?$DN?5?$CI?$CIvoid?5?$CK?$CJ?50?$CJ?$AA@ 000254f4     UefiHiiLib:HiiLib.obj
 0002:00001514       ??_C@_0BN@EHPNHAIF@ConfigString?5?$CB?$DN?5?$CI?$CIvoid?5?$CK?$CJ?50?$CJ?$AA@ 00025514     UefiHiiLib:HiiLib.obj
 0002:00001534       ??_C@_0BO@KAEFIFMO@ConfigRequest?5?$CB?$DN?5?$CI?$CIvoid?5?$CK?$CJ?50?$CJ?$AA@ 00025534     UefiHiiLib:HiiLib.obj
 0002:00001554       ??_C@_0BG@MJAHJKJ@Block?5?$CB?$DN?5?$CI?$CIvoid?5?$CK?$CJ?50?$CJ?$AA@ 00025554     UefiHiiLib:HiiLib.obj
 0002:0000156c       ??_C@_1M@DPLGJLCD@?$AAG?$AAU?$AAI?$AAD?$AA?$DN?$AA?$AA@ 0002556c     UefiHiiLib:HiiLib.obj
 0002:00001578       ??_C@_1O@FMIENBLJ@?$AA?$CG?$AAN?$AAA?$AAM?$AAE?$AA?$DN?$AA?$AA@ 00025578     UefiHiiLib:HiiLib.obj
 0002:00001588       ??_C@_1O@GGMHNGIF@?$AA?$CG?$AAP?$AAA?$AAT?$AAH?$AA?$DN?$AA?$AA@ 00025588     UefiHiiLib:HiiLib.obj
 0002:00001598       ??_C@_1BC@KLGPJAMP@?$AA?$CG?$AAO?$AAF?$AAF?$AAS?$AAE?$AAT?$AA?$DN?$AA?$AA@ 00025598     UefiHiiLib:HiiLib.obj
 0002:000015ac       ??_C@_0BM@LENJOOBF@FirstString?5?$CB?$DN?5?$CI?$CIvoid?5?$CK?$CJ?50?$CJ?$AA@ 000255ac     UefiHiiLib:HiiLib.obj
 0002:000015c8       ??_C@_0BN@CGMEJHHH@SecondString?5?$CB?$DN?5?$CI?$CIvoid?5?$CK?$CJ?50?$CJ?$AA@ 000255c8     UefiHiiLib:HiiLib.obj
 0002:000015e8       ??_C@_0CC@BCKDEPBB@StartSearchString?5?$CB?$DN?5?$CI?$CIvoid?5?$CK?$CJ?50@ 000255e8     UefiHiiLib:HiiLib.obj
 0002:0000160c       ??_C@_0CB@NPMPBLHL@StopSearchString?5?$CB?$DN?5?$CI?$CIvoid?5?$CK?$CJ?50?$CJ@ 0002560c     UefiHiiLib:HiiLib.obj
 0002:00001630       ??_C@_0BK@LFDBOAFJ@ConfigHdr?5?$CB?$DN?5?$CI?$CIvoid?5?$CK?$CJ?50?$CJ?$AA@ 00025630     UefiHiiLib:HiiLib.obj
 0002:0000164c       ??_C@_1M@IDEFLMF@?$AA?$CF?$AAs?$AA?$CG?$AA?$CF?$AAs?$AA?$AA@ 0002564c     UefiHiiLib:HiiLib.obj
 0002:00001658       ??_C@_1DC@EPJEBJEB@?$AA?$CF?$AAs?$AA?$CG?$AAO?$AAF?$AAF?$AAS?$AAE?$AAT?$AA?$DN?$AA0?$AA?$CG?$AAW?$AAI?$AAD?$AAT?$AAH?$AA?$DN?$AA?$CF?$AA0?$AA1?$AA6?$AAL?$AAX?$AA?$AA@ 00025658     UefiHiiLib:HiiLib.obj
 0002:0000168c       ??_C@_0BN@OKKMNGPH@OpCodeHandle?5?$CB?$DN?5?$CI?$CIvoid?5?$CK?$CJ?50?$CJ?$AA@ 0002568c     UefiHiiLib:HiiLib.obj
 0002:000016ac       ??_C@_0BP@IOABAFLF@OpCodeTemplate?5?$CB?$DN?5?$CI?$CIvoid?5?$CK?$CJ?50?$CJ?$AA@ 000256ac     UefiHiiLib:HiiLib.obj
 0002:000016cc       ??_C@_0CF@DPHCOLMP@?$CIOpCodeSize?5?$CL?5ExtensionSize?$CJ?5?$DM?$DN?5@ 000256cc     UefiHiiLib:HiiLib.obj
 0002:000016f4       ??_C@_0BK@JGHNIOOD@RawBuffer?5?$CB?$DN?5?$CI?$CIvoid?5?$CK?$CJ?50?$CJ?$AA@ 000256f4     UefiHiiLib:HiiLib.obj
 0002:00001710       ??_C@_0CA@JCKPEJCB@RawOpCodeHandle?5?$CB?$DN?5?$CI?$CIvoid?5?$CK?$CJ?50?$CJ?$AA@ 00025710     UefiHiiLib:HiiLib.obj
 0002:00001730       ??_C@_0M@HDMCLEDO@Type?5?$DM?50x08?$AA@ 00025730     UefiHiiLib:HiiLib.obj
 0002:0000173c       ??_C@_0CP@JCOCHGHI@?$CIQuestionFlags?5?$CG?5?$CI?$HO?$CI0x01?5?$HM?50x04?5@ 0002573c     UefiHiiLib:HiiLib.obj
 0002:0000176c       ??_C@_0DG@MEIEPFMB@?$CIQuestionFlags?5?$CG?5?$CI?$HO?$CI0x01?5?$HM?50x04?5@ 0002576c     UefiHiiLib:HiiLib.obj
 0002:000017a4       _mHiiDefaultTypeToWidth    000257a4     UefiHiiLib:HiiLib.obj
 0002:000017b0       _mConfigHdrTemplate        000257b0     UefiHiiLib:HiiLib.obj
 0002:00001820       _mEndOfPakageList          00025820     UefiHiiLib:HiiLib.obj
 0002:00001824       ??_C@_0DE@IAJEMHJO@c?3?2edk2?2MdeModulePkg?2Library?2Uef@ 00025824     UefiHiiLib:HiiString.obj
 0002:00001858       ??_C@_06PLDEFKP@x?9UEFI?$AA@ 00025858     UefiHiiLib:HiiString.obj
 0002:00001860       ??_C@_0O@EMMLPDMJ@StringId?5?$CB?$DN?50?$AA@ 00025860     UefiHiiLib:HiiString.obj
 0002:0000186e       ??_C@_00CNPNBAHC@?$AA@     0002586e     UefiHiiLib:HiiString.obj
 0002:00001870       ??_C@_0DG@PGDOLEKG@c?3?2edk2?2MdeModulePkg?2Library?2Uef@ 00025870     UefiHiiLib:HiiLanguage.obj
 0002:000018a8       ??_C@_1O@CJIOJFKI@?$AA?$CF?$AAs?$AA?$CF?$AA0?$AA4?$AAx?$AA?$AA@ 000258a8     UefiBootManagerLib:BmBoot.obj
 0002:000018b8       ??_C@_0DG@JBPPOHBO@OptionToFind?9?$DOOptionNumber?5?$DN?$DN?5Bo@ 000258b8     UefiBootManagerLib:BmBoot.obj
 0002:000018f0       ??_C@_0DJ@MBGOEIFL@c?3?2edk2?2MdeModulePkg?2Library?2Uef@ 000258f0     UefiBootManagerLib:BmBoot.obj
 0002:0000192c       ??_C@_0CB@FPENLMEA@UsbIoHandleCount?5?$CB?$DN?5?$CI?$CIvoid?5?$CK?$CJ?50?$CJ@ 0002592c     UefiBootManagerLib:BmBoot.obj
 0002:00001950       ??_C@_19GDALFLBC@?$AAH?$AAD?$AAD?$AAP?$AA?$AA@ 00025950     UefiBootManagerLib:BmBoot.obj
 0002:0000195c       ??_C@_0CB@HNPPGGEL@IsDevicePathEnd?5?$CITempDevicePath?$CJ@ 0002595c     UefiBootManagerLib:BmBoot.obj
 0002:00001980       ??_C@_1CO@KKPDPHBM@?$AA?2?$AAE?$AAF?$AAI?$AA?2?$AAB?$AAO?$AAO?$AAT?$AA?2?$AAB?$AAO?$AAO?$AAT?$AAI?$AAA?$AA3?$AA2?$AA?4?$AAE?$AAF?$AAI?$AA?$AA@ 00025980     UefiBootManagerLib:BmBoot.obj
 0002:000019b0       ??_C@_0CC@IJGCPIJN@RamDiskDevicePath?5?$CB?$DN?5?$CI?$CIvoid?5?$CK?$CJ?50@ 000259b0     UefiBootManagerLib:BmBoot.obj
 0002:000019d8       ??_C@_0GA@KMAJBBHE@?$CIDevicePathType?5?$CIRamDiskDevicePa@ 000259d8     UefiBootManagerLib:BmBoot.obj
 0002:00001a38       ??_C@_0BJ@LNALCLOM@FilePath?5?$CB?$DN?5?$CI?$CIvoid?5?$CK?$CJ?50?$CJ?$AA@ 00025a38     UefiBootManagerLib:BmBoot.obj
 0002:00001a54       ??_C@_0DM@POBOKFGH@?$FLBds?$FN?5Failed?5to?5create?5Boot?$CD?$CD?$CD?$CD?5@ 00025a54     UefiBootManagerLib:BmBoot.obj
 0002:00001a90       ??_C@_1BI@LBNGELID@?$AAB?$AAo?$AAo?$AAt?$AAC?$AAu?$AAr?$AAr?$AAe?$AAn?$AAt?$AA?$AA@ 00025a90     UefiBootManagerLib:BmBoot.obj
 0002:00001aa8       ??_C@_0CC@HMPNCCAJ@?$FLBds?$FN?5Booting?5Boot?5Manager?5Menu?4@ 00025aa8     UefiBootManagerLib:BmBoot.obj
 0002:00001acc       ??_C@_0CH@MAENAIDI@?$FLBds?$FNBooting?5from?5unknown?5device@ 00025acc     UefiBootManagerLib:BmBoot.obj
 0002:00001af4       ??_C@_0BB@BJMHKPKN@?$FLBds?$FNBooting?5?$CFs?6?$AA@ 00025af4     UefiBootManagerLib:BmBoot.obj
 0002:00001b08       ??_C@_0BK@CCNIJCHI@Image?5Return?5Status?5?$DN?5?$CFr?6?$AA@ 00025b08     UefiBootManagerLib:BmBoot.obj
 0002:00001b24       ??_C@_0DO@DLINHPON@Status?5?$DN?$DN?50?5?$HM?$HM?5Status?5?$DN?$DN?5?$CI?$CIRETUR@ 00025b24     UefiBootManagerLib:BmBoot.obj
 0002:00001b64       ??_C@_0CA@CKEJEPEJ@BootOptionCount?5?$CB?$DN?5?$CI?$CIvoid?5?$CK?$CJ?50?$CJ?$AA@ 00025b64     UefiBootManagerLib:BmBoot.obj
 0002:00001b84       ??_C@_0BM@DJHLFDEF@BootOptions?5?$CB?$DN?5?$CI?$CIvoid?5?$CK?$CJ?50?$CJ?$AA@ 00025b84     UefiBootManagerLib:BmBoot.obj
 0002:00001ba0       ??_C@_0EP@CPFHHOMB@?$CI?$CI?$CIINTN?$CJ?$CIRETURN_STATUS?$CJ?$CIStatus?$CJ?$CJ@ 00025ba0     UefiBootManagerLib:BmConnect.obj
 0002:00001bf0       ??_C@_0DM@OPEEHOAI@c?3?2edk2?2MdeModulePkg?2Library?2Uef@ 00025bf0     UefiBootManagerLib:BmConnect.obj
 0002:00001c2c       ??_C@_1BA@OEPBAFIJ@?$AAH?$AAe?$AAa?$AAl?$AAt?$AAh?$AAy?$AA?$AA@ 00025c2c     UefiBootManagerLib:BmDriverHealth.obj
 0002:00001c3c       ??_C@_1CA@MECBMJF@?$AAR?$AAe?$AAp?$AAa?$AAi?$AAr?$AA?5?$AAR?$AAe?$AAq?$AAu?$AAi?$AAr?$AAe?$AAd?$AA?$AA@ 00025c3c     UefiBootManagerLib:BmDriverHealth.obj
 0002:00001c5c       ??_C@_1CO@FBBOCFDH@?$AAC?$AAo?$AAn?$AAf?$AAi?$AAg?$AAu?$AAr?$AAa?$AAt?$AAi?$AAo?$AAn?$AA?5?$AAR?$AAe?$AAq?$AAu?$AAi?$AAr?$AAe?$AAd?$AA?$AA@ 00025c5c     UefiBootManagerLib:BmDriverHealth.obj
 0002:00001c8c       ??_C@_1O@GCADHOOL@?$AAF?$AAa?$AAi?$AAl?$AAe?$AAd?$AA?$AA@ 00025c8c     UefiBootManagerLib:BmDriverHealth.obj
 0002:00001c9c       ??_C@_1CG@MFKNOOC@?$AAR?$AAe?$AAc?$AAo?$AAn?$AAn?$AAe?$AAc?$AAt?$AA?5?$AAR?$AAe?$AAq?$AAu?$AAi?$AAr?$AAe?$AAd?$AA?$AA@ 00025c9c     UefiBootManagerLib:BmDriverHealth.obj
 0002:00001cc4       ??_C@_1CA@LMENMPKC@?$AAR?$AAe?$AAb?$AAo?$AAo?$AAt?$AA?5?$AAR?$AAe?$AAq?$AAu?$AAi?$AAr?$AAe?$AAd?$AA?$AA@ 00025cc4     UefiBootManagerLib:BmDriverHealth.obj
 0002:00001ce4       ??_C@_19BALNHBBC@?$AAL?$AAa?$AAn?$AAg?$AA?$AA@ 00025ce4     UefiBootManagerLib:BmDriverHealth.obj
 0002:00001cf0       ??_C@_03LKLGDMJI@eng?$AA@  00025cf0     UefiBootManagerLib:BmDriverHealth.obj
 0002:00001cf4       ??_C@_05JJLPJMLG@en?9US?$AA@ 00025cf4     UefiBootManagerLib:BmDriverHealth.obj
 0002:00001cfc       ??_C@_0BA@PJPGFCCB@Controller?3?5?$CFs?6?$AA@ 00025cfc     UefiBootManagerLib:BmDriverHealth.obj
 0002:00001d0c       ??_C@_1CA@PLAOFDKP@?$AAC?$AAo?$AAn?$AAt?$AAr?$AAo?$AAl?$AAl?$AAe?$AAr?$AA?3?$AA?5?$AA?$CF?$AAs?$AA?6?$AA?$AA@ 00025d0c     UefiBootManagerLib:BmDriverHealth.obj
 0002:00001d2c       ??_C@_1M@IANLBCIB@?$AA?5?$AA?5?$AA?$CF?$AAs?$AA?6?$AA?$AA@ 00025d2c     UefiBootManagerLib:BmDriverHealth.obj
 0002:00001d38       ??_C@_05LDOEBFOB@?5?5?$CFs?6?$AA@ 00025d38     UefiBootManagerLib:BmDriverHealth.obj
 0002:00001d40       ??_C@_0BK@NGFIGLGA@?$FLBDS?$FNRepairNotify?3?5?$CFd?1?$CFd?6?$AA@ 00025d40     UefiBootManagerLib:BmDriverHealth.obj
 0002:00001d5c       ??_C@_1DE@KPAEMAID@?$AA?$FL?$AAB?$AAD?$AAS?$AA?$FN?$AAR?$AAe?$AAp?$AAa?$AAi?$AAr?$AAN?$AAo?$AAt?$AAi?$AAf?$AAy?$AA?3?$AA?5?$AA?$CF?$AAd?$AA?1?$AA?$CF?$AAd?$AA?6?$AA?$AA@ 00025d5c     UefiBootManagerLib:BmDriverHealth.obj
 0002:00001d90       ??_C@_0CD@BOOHEENM@DriverHealthHandle?5?$CB?$DN?5?$CI?$CIvoid?5?$CK?$CJ?5@ 00025d90     UefiBootManagerLib:BmDriverHealth.obj
 0002:00001db8       ??_C@_0EB@DKDPJLOI@c?3?2edk2?2MdeModulePkg?2Library?2Uef@ 00025db8     UefiBootManagerLib:BmDriverHealth.obj
 0002:00001dfc       ??_C@_0CC@KGLGCPCA@?$CKDriverHealthInfo?5?$CB?$DN?5?$CI?$CIvoid?5?$CK?$CJ?50@ 00025dfc     UefiBootManagerLib:BmDriverHealth.obj
 0002:00001e20       ??_C@_0CE@MFGOGKIA@DriverHealthHandles?5?$CB?$DN?5?$CI?$CIvoid?5?$CK?$CJ@ 00025e20     UefiBootManagerLib:BmDriverHealth.obj
 0002:00001e44       ??_C@_0P@JFBCBHIC@?$CF02d?3?5?$CFs?5?9?5?$CFs?6?$AA@ 00025e44     UefiBootManagerLib:BmDriverHealth.obj
 0002:00001e54       ??_C@_0DO@HEBFPBBH@?$FLBDS?$FN?5One?5of?5the?5Driver?5Health?5i@ 00025e54     UefiBootManagerLib:BmDriverHealth.obj
 0002:00001ea0       _mBmHealthStatusText       00025ea0     UefiBootManagerLib:BmDriverHealth.obj
 0002:00001eb8       ??_C@_1CM@OLBNONPD@?$AAM?$AAe?$AAm?$AAo?$AAr?$AAy?$AAT?$AAy?$AAp?$AAe?$AAI?$AAn?$AAf?$AAo?$AAr?$AAm?$AAa?$AAt?$AAi?$AAo?$AAn?$AA?$AA@ 00025eb8     UefiBootManagerLib:BmMisc.obj
 0002:00001ee4       ??_C@_0CG@JANCEMEA@Memory?5?5Previous?5?5Current?5?5?5?5Nex@ 00025ee4     UefiBootManagerLib:BmMisc.obj
 0002:00001f0c       ??_C@_0CG@GIAKKOHH@?5Type?5?5?5?5Pages?5?5?5?5?5Pages?5?5?5?5?5Pag@ 00025f0c     UefiBootManagerLib:BmMisc.obj
 0002:00001f34       ??_C@_0CG@DHPBOGIK@?$DN?$DN?$DN?$DN?$DN?$DN?5?5?$DN?$DN?$DN?$DN?$DN?$DN?$DN?$DN?5?5?$DN?$DN?$DN?$DN?$DN?$DN?$DN?$DN?5?5?$DN?$DN?$DN?$DN@ 00025f34     UefiBootManagerLib:BmMisc.obj
 0002:00001f5c       ??_C@_0BM@FKMFCHDC@?5?5?$CF02x?5?5?5?5?$CF08x?5?5?$CF08x?5?5?$CF08x?6?$AA@ 00025f5c     UefiBootManagerLib:BmMisc.obj
 0002:00001f78       ??_C@_0CK@JOALLLAO@Memory?5Type?5Information?5settings@ 00025f78     UefiBootManagerLib:BmMisc.obj
 0002:00001fa8       ??_C@_0ED@IFKDJDAE@Memory?5Type?5Information?5settings@ 00025fa8     UefiBootManagerLib:BmMisc.obj
 0002:00001fec       ??_C@_02DKCKIIND@?$CFs?$AA@ 00025fec     UefiBootManagerLib:BmMisc.obj
 0002:00001ff0       _mBmLoadOptionName         00025ff0     UefiBootManagerLib:BmLoadOption.obj
 0002:00002000       ??_C@_1O@GAOCKAOK@?$AAD?$AAr?$AAi?$AAv?$AAe?$AAr?$AA?$AA@ 00026000     UefiBootManagerLib:BmLoadOption.obj
 0002:00002010       ??_C@_1BA@IBFPPJON@?$AAS?$AAy?$AAs?$AAP?$AAr?$AAe?$AAp?$AA?$AA@ 00026010     UefiBootManagerLib:BmLoadOption.obj
 0002:00002020       ??_C@_19JCAOHIEH@?$AAB?$AAo?$AAo?$AAt?$AA?$AA@ 00026020     UefiBootManagerLib:BmLoadOption.obj
 0002:0000202c       ??_C@_1CC@LGMJPJO@?$AAP?$AAl?$AAa?$AAt?$AAf?$AAo?$AAr?$AAm?$AAR?$AAe?$AAc?$AAo?$AAv?$AAe?$AAr?$AAy?$AA?$AA@ 0002602c     UefiBootManagerLib:BmLoadOption.obj
 0002:00002050       ??_C@_1BI@PDMCFEDG@?$AAD?$AAr?$AAi?$AAv?$AAe?$AAr?$AAO?$AAr?$AAd?$AAe?$AAr?$AA?$AA@ 00026050     UefiBootManagerLib:BmLoadOption.obj
 0002:00002068       ??_C@_1BK@CHMLNGLH@?$AAS?$AAy?$AAs?$AAP?$AAr?$AAe?$AAp?$AAO?$AAr?$AAd?$AAe?$AAr?$AA?$AA@ 00026068     UefiBootManagerLib:BmLoadOption.obj
 0002:00002084       ??_C@_1BE@CHCFCNKI@?$AAB?$AAo?$AAo?$AAt?$AAO?$AAr?$AAd?$AAe?$AAr?$AA?$AA@ 00026084     UefiBootManagerLib:BmLoadOption.obj
 0002:00002098       ??_C@_0DP@PIAIALAC@c?3?2edk2?2MdeModulePkg?2Library?2Uef@ 00026098     UefiBootManagerLib:BmLoadOption.obj
 0002:000020d8       ??_C@_0CB@PFDEGLPD@FreeOptionNumber?5?$CB?$DN?5?$CI?$CIvoid?5?$CK?$CJ?50?$CJ@ 000260d8     UefiBootManagerLib:BmLoadOption.obj
 0002:00002100       ??_C@_0HK@DHJNPELJ@LoadOptionType?5?$DN?$DN?5LoadOptionType@ 00026100     UefiBootManagerLib:BmLoadOption.obj
 0002:00002180       ??_C@_0GP@HFLIMAAP@?$CIOptionOrder?5?$CB?$DN?5?$CI?$CIvoid?5?$CK?$CJ?50?$CJ?5?$CG?$CG?5@ 00026180     UefiBootManagerLib:BmLoadOption.obj
 0002:000021f0       ??_C@_1BC@HGEHGBBD@?$AAB?$AAo?$AAo?$AAt?$AAN?$AAe?$AAx?$AAt?$AA?$AA@ 000261f0     UefiBootManagerLib:BmLoadOption.obj
 0002:00002204       ??_C@_0BI@HMGPIBBB@OptionNumber?5?$DM?$DN?50x10000?$AA@ 00026204     UefiBootManagerLib:BmLoadOption.obj
 0002:0000221c       ??_C@_0BJ@DLOFCCCI@Variable?5?$CB?$DN?5?$CI?$CIvoid?5?$CK?$CJ?50?$CJ?$AA@ 0002621c     UefiBootManagerLib:BmLoadOption.obj
 0002:00002238       ??_C@_0BP@NMMDNJFN@NewOptionOrder?5?$CB?$DN?5?$CI?$CIvoid?5?$CK?$CJ?50?$CJ?$AA@ 00026238     UefiBootManagerLib:BmLoadOption.obj
 0002:00002258       ??_C@_0BM@ILMIEJOJ@OptionOrder?5?$CB?$DN?5?$CI?$CIvoid?5?$CK?$CJ?50?$CJ?$AA@ 00026258     UefiBootManagerLib:BmLoadOption.obj
 0002:00002274       ??_C@_0CM@MAOCOHA@String?5?$CB?$DN?5?$CI?$CIvoid?5?$CK?$CJ?50?$CJ?5?$CG?$CG?5MaxStr@ 00026274     UefiBootManagerLib:BmLoadOption.obj
 0002:000022a0       ??_C@_0BI@BEIPAHPN@Options?5?$CB?$DN?5?$CI?$CIvoid?5?$CK?$CJ?50?$CJ?$AA@ 000262a0     UefiBootManagerLib:BmLoadOption.obj
 0002:000022b8       ??_C@_0EN@EEPBAEH@?$FLBds?$FN?5?$CFs?5doesn?8t?5exist?5?9?5Update?5@ 000262b8     UefiBootManagerLib:BmLoadOption.obj
 0002:00002308       ??_C@_0DC@GPHPCJCG@Options?$FLOptionIndex?$FN?4OptionNumbe@ 00026308     UefiBootManagerLib:BmLoadOption.obj
 0002:0000233c       ??_C@_0O@JAAHIOB@?$FLBds?$FN?5Expand?5?$AA@ 0002633c     UefiBootManagerLib:BmLoadOption.obj
 0002:0000234c       ??_C@_04BBDFLMDN@?5?9?$DO?5?$AA@ 0002634c     UefiBootManagerLib:BmLoadOption.obj
 0002:00002354       ??_C@_01EEMJAFIK@?6?$AA@   00026354     UefiBootManagerLib:BmLoadOption.obj
 0002:00002358       _mBmLoadOptionOrderName    00026358     UefiBootManagerLib:BmLoadOption.obj
 0002:00002368       ??_C@_0DL@EPLLPDJK@c?3?2edk2?2MdeModulePkg?2Library?2Uef@ 00026368     UefiBootManagerLib:BmHotkey.obj
 0002:000023a4       ??_C@_0CC@JHGOKCAM@?$FLBds?$FNBmHotkeyCallback?3?5?$CF04x?3?$CF04x@ 000263a4     UefiBootManagerLib:BmHotkey.obj
 0002:000023c8       ??_C@_0BF@NDBIKIKC@CR?5has?5Bad?5Signature?$AA@ 000263c8     UefiBootManagerLib:BmHotkey.obj
 0002:000023e0       ??_C@_0EO@PGCGMAA@Hotkey?9?$DOWaitingKey?5?$DM?5?$CIsizeof?5?$CIHo@ 000263e0     UefiBootManagerLib:BmHotkey.obj
 0002:00002430       ??_C@_0CB@PFLHPPPA@?$FLBds?$FNHotkey?5for?5?$CFs?5pressed?5?9?5?$CFr?6@ 00026430     UefiBootManagerLib:BmHotkey.obj
 0002:00002454       ??_C@_0BM@PIEMCHHP@?$FLBds?$FNContinue?5key?5pressed?$CB?6?$AA@ 00026454     UefiBootManagerLib:BmHotkey.obj
 0002:00002470       ??_C@_0CI@IEECCPEN@?$FLBds?$FNUnregisterKeyNotify?3?5?$CF04x?1?$CF@ 00026470     UefiBootManagerLib:BmHotkey.obj
 0002:00002498       ??_C@_0BL@ELKNAPIO@?$FLBds?$FNStop?5Hotkey?5Service?$CB?6?$AA@ 00026498     UefiBootManagerLib:BmHotkey.obj
 0002:000024b8       ??_C@_0EE@LFNKEDLL@c?3?2edk2?2MdeModulePkg?2Library?2Uef@ 000264b8     UefiBootManagerLib:BmBootDescription.obj
 0002:000024fc       ??_C@_0DD@MBGDIJCD@Length?5?$DN?$DN?5ModelNameLength?5?$CL?5Seri@ 000264fc     UefiBootManagerLib:BmBootDescription.obj
 0002:00002530       ??_C@_1BE@HCCIKJOI@?$AAS?$AAD?$AA?5?$AAD?$AAe?$AAv?$AAi?$AAc?$AAe?$AA?$AA@ 00026530     UefiBootManagerLib:BmBootDescription.obj
 0002:00002544       ??_C@_1BI@MOIBBPND@?$AAe?$AAM?$AAM?$AAC?$AA?5?$AAD?$AAe?$AAv?$AAi?$AAc?$AAe?$AA?$AA@ 00026544     UefiBootManagerLib:BmBootDescription.obj
 0002:0000255c       ??_C@_13HOIJIPNN@?$AA?5?$AA?$AA@ 0002655c     UefiBootManagerLib:BmBootDescription.obj
 0002:00002560       ??_C@_17IDOMPBMF@?$AAP?$AAX?$AAE?$AA?$AA@ 00026560     UefiBootManagerLib:BmBootDescription.obj
 0002:00002568       ??_C@_19BMGGGIKC@?$AAH?$AAT?$AAT?$AAP?$AA?$AA@ 00026568     UefiBootManagerLib:BmBootDescription.obj
 0002:00002578       ??_C@_1EK@KDADHDDD@?$AA?$CF?$AAs?$AAv?$AA?$CF?$AAd?$AA?5?$AA?$CI?$AAM?$AAA?$AAC?$AA?3?$AA?$CF?$AA0?$AA2?$AAx?$AA?$CF?$AA0?$AA2?$AAx?$AA?$CF?$AA0?$AA2?$AAx?$AA?$CF?$AA0?$AA2?$AAx?$AA?$CF?$AA0?$AA2?$AAx?$AA?$CF@ 00026578     UefiBootManagerLib:BmBootDescription.obj
 0002:000025c8       ??_C@_1FI@BDHDKNGL@?$AA?$CF?$AAs?$AAv?$AA?$CF?$AAd?$AA?5?$AA?$CI?$AAM?$AAA?$AAC?$AA?3?$AA?$CF?$AA0?$AA2?$AAx?$AA?$CF?$AA0?$AA2?$AAx?$AA?$CF?$AA0?$AA2?$AAx?$AA?$CF?$AA0?$AA2?$AAx?$AA?$CF?$AA0?$AA2?$AAx?$AA?$CF@ 000265c8     UefiBootManagerLib:BmBootDescription.obj
 0002:00002620       ??_C@_1O@CLMODHEM@?$AAF?$AAl?$AAo?$AAp?$AAp?$AAy?$AA?$AA@ 00026620     UefiBootManagerLib:BmBootDescription.obj
 0002:00002630       ??_C@_1BE@CAANMHKL@?$AAD?$AAV?$AAD?$AA?1?$AAC?$AAD?$AAR?$AAO?$AAM?$AA?$AA@ 00026630     UefiBootManagerLib:BmBootDescription.obj
 0002:00002644       ??_C@_1BG@FNOOENMH@?$AAH?$AAa?$AAr?$AAd?$AA?5?$AAD?$AAr?$AAi?$AAv?$AAe?$AA?$AA@ 00026644     UefiBootManagerLib:BmBootDescription.obj
 0002:0000265c       ??_C@_1BG@PDJIKBEG@?$AAU?$AAS?$AAB?$AA?5?$AAD?$AAe?$AAv?$AAi?$AAc?$AAe?$AA?$AA@ 0002665c     UefiBootManagerLib:BmBootDescription.obj
 0002:00002674       ??_C@_1BI@NPAIJFIJ@?$AAS?$AAC?$AAS?$AAI?$AA?5?$AAD?$AAe?$AAv?$AAi?$AAc?$AAe?$AA?$AA@ 00026674     UefiBootManagerLib:BmBootDescription.obj
 0002:0000268c       ??_C@_1BO@NNOGFLGA@?$AAR?$AAe?$AAm?$AAo?$AAv?$AAa?$AAb?$AAl?$AAe?$AA?5?$AAD?$AAi?$AAs?$AAk?$AA?$AA@ 0002668c     UefiBootManagerLib:BmBootDescription.obj
 0002:000026ac       ??_C@_1BI@IIOANEKN@?$AAM?$AAi?$AAs?$AAc?$AA?5?$AAD?$AAe?$AAv?$AAi?$AAc?$AAe?$AA?$AA@ 000266ac     UefiBootManagerLib:BmBootDescription.obj
 0002:000026c4       ??_C@_1CM@CCDJEPCI@?$AAN?$AAo?$AAn?$AA?9?$AAB?$AAl?$AAo?$AAc?$AAk?$AA?5?$AAB?$AAo?$AAo?$AAt?$AA?5?$AAD?$AAe?$AAv?$AAi?$AAc?$AAe?$AA?$AA@ 000266c4     UefiBootManagerLib:BmBootDescription.obj
 0002:000026f0       ??_C@_0BF@OIGBEABJ@Temp?5?$CB?$DN?5?$CI?$CIvoid?5?$CK?$CJ?50?$CJ?$AA@ 000266f0     UefiBootManagerLib:BmBootDescription.obj
 0002:00002708       ??_C@_0CD@NNLEHLIP@DefaultDescription?5?$CB?$DN?5?$CI?$CIvoid?5?$CK?$CJ?5@ 00026708     UefiBootManagerLib:BmBootDescription.obj
 0002:0000272c       ??_C@_0BI@HAGDMNKK@Visited?5?$CB?$DN?5?$CI?$CIvoid?5?$CK?$CJ?50?$CJ?$AA@ 0002672c     UefiBootManagerLib:BmBootDescription.obj
 0002:00002744       ??_C@_1M@DJFDNGE@?$AA?$CF?$AAs?$AA?5?$AA?$CF?$AAd?$AA?$AA@ 00026744     UefiBootManagerLib:BmBootDescription.obj
 0002:00002750       _mBmBootDescriptionHandlers 00026750     UefiBootManagerLib:BmBootDescription.obj
 0002:00002768       ??_C@_1M@NFPEGKHA@?$AAC?$AAo?$AAn?$AAI?$AAn?$AA?$AA@ 00026768     UefiBootManagerLib:BmConsole.obj
 0002:00002774       ??_C@_1O@MJHLOIFA@?$AAC?$AAo?$AAn?$AAO?$AAu?$AAt?$AA?$AA@ 00026774     UefiBootManagerLib:BmConsole.obj
 0002:00002784       ??_C@_1O@JOJMCOJC@?$AAE?$AAr?$AAr?$AAO?$AAu?$AAt?$AA?$AA@ 00026784     UefiBootManagerLib:BmConsole.obj
 0002:00002794       ??_C@_1BC@OBFMLJLI@?$AAC?$AAo?$AAn?$AAI?$AAn?$AAD?$AAe?$AAv?$AA?$AA@ 00026794     UefiBootManagerLib:BmConsole.obj
 0002:000027a8       ??_C@_1BE@INNAKDAF@?$AAC?$AAo?$AAn?$AAO?$AAu?$AAt?$AAD?$AAe?$AAv?$AA?$AA@ 000267a8     UefiBootManagerLib:BmConsole.obj
 0002:000027bc       ??_C@_1BE@JFPOEAHF@?$AAE?$AAr?$AAr?$AAO?$AAu?$AAt?$AAD?$AAe?$AAv?$AA?$AA@ 000267bc     UefiBootManagerLib:BmConsole.obj
 0002:000027d0       ??_C@_0DM@CCCDAHEL@c?3?2edk2?2MdeModulePkg?2Library?2Uef@ 000267d0     UefiBootManagerLib:BmConsole.obj
 0002:0000280c       ??_C@_0BI@LEGCJJJC@VarName?5?$CB?$DN?5?$CI?$CIvoid?5?$CK?$CJ?50?$CJ?$AA@ 0002680c     UefiBootManagerLib:BmConsole.obj
 0002:00002824       ??_C@_0BO@LGKGLLEA@ConsoleHandle?5?$CB?$DN?5?$CI?$CIvoid?5?$CK?$CJ?50?$CJ?$AA@ 00026824     UefiBootManagerLib:BmConsole.obj
 0002:00002844       ??_C@_0BM@CGHKLPCB@ConsoleGuid?5?$CB?$DN?5?$CI?$CIvoid?5?$CK?$CJ?50?$CJ?$AA@ 00026844     UefiBootManagerLib:BmConsole.obj
 0002:00002860       ??_C@_0CC@IEKIILIB@ProtocolInterface?5?$CB?$DN?5?$CI?$CIvoid?5?$CK?$CJ?50@ 00026860     UefiBootManagerLib:BmConsole.obj
 0002:00002884       ??_C@_0DC@IFPPFOCH@?$FLBds?$FN?5No?5valid?5console?5instance?5@ 00026884     UefiBootManagerLib:BmConsole.obj
 0002:000028b8       _mConVarName               000268b8     UefiBootManagerLib:BmConsole.obj
 0002:000028d0       ??_C@_0CE@MDBJFLCA@MenuNumber?5?$DM?5MenuOption?9?$DOMenuNum@ 000268d0     FileExplorerLib:FileExplorer.obj
 0002:000028f4       ??_C@_0DM@HHJLCPBA@c?3?2edk2?2MdeModulePkg?2Library?2Fil@ 000268f4     FileExplorerLib:FileExplorer.obj
 0002:00002930       ??_C@_0BH@GHAKFHML@ToText?5?$CB?$DN?5?$CI?$CIvoid?5?$CK?$CJ?50?$CJ?$AA@ 00026930     FileExplorerLib:FileExplorer.obj
 0002:00002948       ??_C@_0BF@CPBCKIGP@Dest?5?$CB?$DN?5?$CI?$CIvoid?5?$CK?$CJ?50?$CJ?$AA@ 00026948     FileExplorerLib:FileExplorer.obj
 0002:00002960       ??_C@_0BH@FMMHHFDB@TmpStr?5?$CB?$DN?5?$CI?$CIvoid?5?$CK?$CJ?50?$CJ?$AA@ 00026960     FileExplorerLib:FileExplorer.obj
 0002:00002978       ??_C@_0BE@LNIAOOBG@Str?5?$CB?$DN?5?$CI?$CIvoid?5?$CK?$CJ?50?$CJ?$AA@ 00026978     FileExplorerLib:FileExplorer.obj
 0002:0000298c       ??_C@_13FPGAJAPJ@?$AA?2?$AA?$AA@ 0002698c     FileExplorerLib:FileExplorer.obj
 0002:00002990       ??_C@_1CI@JGIGCDAN@?$AAN?$AAO?$AA?5?$AAF?$AAI?$AAL?$AAE?$AA?5?$AAS?$AAY?$AAS?$AAT?$AAE?$AAM?$AA?5?$AAI?$AAN?$AAF?$AAO?$AA?$AA@ 00026990     FileExplorerLib:FileExplorer.obj
 0002:000029b8       ??_C@_1CA@KOPNEOKK@?$AAN?$AAO?$AA?5?$AAV?$AAO?$AAL?$AAU?$AAM?$AAE?$AA?5?$AAL?$AAA?$AAB?$AAE?$AAL?$AA?$AA@ 000269b8     FileExplorerLib:FileExplorer.obj
 0002:000029d8       ??_C@_0CJ@CDKCBEKC@MenuEntry?9?$DODisplayString?5?$CB?$DN?5?$CI?$CIvo@ 000269d8     FileExplorerLib:FileExplorer.obj
 0002:00002a04       ??_C@_1BC@GMOFGFBO@?$AA?$CF?$AAs?$AA?0?$AA?5?$AA?$FL?$AA?$CF?$AAs?$AA?$FN?$AA?$AA@ 00026a04     FileExplorerLib:FileExplorer.obj
 0002:00002a18       ??_C@_19ECGOGJPA@?$AA?$DM?$AA?$CF?$AAs?$AA?$DO?$AA?$AA@ 00026a18     FileExplorerLib:FileExplorer.obj
 0002:00002a24       ??_C@_0CO@BKJCELCP@gFileExplorerPrivate?4FileType?5?$CB?$DN@ 00026a24     FileExplorerLib:FileExplorer.obj
 0002:00002a54       ??_C@_0CF@KMPENEEM@gHiiVendorDevicePath?5?$CB?$DN?5?$CI?$CIvoid?5?$CK@ 00026a54     FileExplorerLib:FileExplorer.obj
 0002:00002a7c       ??_C@_0DB@BODFOPAI@gFileExplorerPrivate?4FeHiiHandle@ 00026a7c     FileExplorerLib:FileExplorer.obj
 0002:00002ab0       ??_C@_0EA@JGCIGMKG@c?3?2edk2?2MdeModulePkg?2Library?2Dev@ 00026ab0     DeviceManagerUiLib:DeviceManager.obj
 0002:00002af0       ??_C@_0BP@KHCJJICF@MacAddressNode?5?$CB?$DN?5?$CI?$CIvoid?5?$CK?$CJ?50?$CJ?$AA@ 00026af0     DeviceManagerUiLib:DeviceManager.obj
 0002:00002b10       ??_C@_19IEFMLJON@?$AAM?$AAA?$AAC?$AA?3?$AA?$AA@ 00026b10     DeviceManagerUiLib:DeviceManager.obj
 0002:00002b1c       ??_C@_1M@MOFLFCEC@?$AA?$CF?$AAs?$AA?5?$AA?$CF?$AAs?$AA?$AA@ 00026b1c     DeviceManagerUiLib:DeviceManager.obj
 0002:00002b28       ??_C@_0DA@BBLDGEIM@gDeviceManagerPrivate?4HiiHandle?5@ 00026b28     DeviceManagerUiLib:DeviceManager.obj
 0002:00002b58       ??_C@_1BG@DBHBDKIO@?$AAL?$AAe?$AAg?$AAa?$AAc?$AAy?$AA?5?$AAB?$AAE?$AAV?$AA?$AA@ 00026b58     BootManagerUiLib:BootManager.obj
 0002:00002b70       ??_C@_1BM@IAJGCJBG@?$AAL?$AAe?$AAg?$AAa?$AAc?$AAy?$AA?5?$AAF?$AAl?$AAo?$AAp?$AAp?$AAy?$AA?$AA@ 00026b70     BootManagerUiLib:BootManager.obj
 0002:00002b8c       ??_C@_1CE@EJMDGBEH@?$AAL?$AAe?$AAg?$AAa?$AAc?$AAy?$AA?5?$AAH?$AAa?$AAr?$AAd?$AA?5?$AAD?$AAr?$AAi?$AAv?$AAe?$AA?$AA@ 00026b8c     BootManagerUiLib:BootManager.obj
 0002:00002bb0       ??_C@_1BM@EEIPAJPF@?$AAL?$AAe?$AAg?$AAa?$AAc?$AAy?$AA?5?$AAC?$AAD?$AA?5?$AAR?$AAO?$AAM?$AA?$AA@ 00026bb0     BootManagerUiLib:BootManager.obj
 0002:00002bcc       ??_C@_1BM@CCEDBLBN@?$AAL?$AAe?$AAg?$AAa?$AAc?$AAy?$AA?5?$AAP?$AAC?$AAM?$AAC?$AAI?$AAA?$AA?$AA@ 00026bcc     BootManagerUiLib:BootManager.obj
 0002:00002be8       ??_C@_1BG@ENPLCDPC@?$AAL?$AAe?$AAg?$AAa?$AAc?$AAy?$AA?5?$AAU?$AAS?$AAB?$AA?$AA@ 00026be8     BootManagerUiLib:BootManager.obj
 0002:00002c00       ??_C@_1DA@LLMHHEOA@?$AAL?$AAe?$AAg?$AAa?$AAc?$AAy?$AA?5?$AAE?$AAm?$AAb?$AAe?$AAd?$AAd?$AAe?$AAd?$AA?5?$AAN?$AAe?$AAt?$AAw?$AAo?$AAr?$AAk?$AA?$AA@ 00026c00     BootManagerUiLib:BootManager.obj
 0002:00002c30       ??_C@_1CM@CNECEIDD@?$AAL?$AAe?$AAg?$AAa?$AAc?$AAy?$AA?5?$AAU?$AAn?$AAk?$AAn?$AAo?$AAw?$AAn?$AA?5?$AAD?$AAe?$AAv?$AAi?$AAc?$AAe?$AA?$AA@ 00026c30     BootManagerUiLib:BootManager.obj
 0002:00002c5c       ??_C@_0DM@DOGPAJNM@c?3?2edk2?2MdeModulePkg?2Library?2Boo@ 00026c5c     BootManagerUiLib:BootManager.obj
 0002:00002c98       ??_C@_1BC@HAMKBGJJ@?$AAB?$AAo?$AAo?$AAt?$AA?$CF?$AA0?$AA4?$AAx?$AA?$AA@ 00026c98     BootManagerUiLib:BootManager.obj
 0002:00002cac       ??_C@_0DM@KMLPJPAC@?$FLBootManagerDxe?$FN?5?$DN?$DN?$DN?$DN?5Find?5Legac@ 00026cac     BootManagerUiLib:BootManager.obj
 0002:00002ce8       ??_C@_0HP@NNDHDCHA@?$CI?$CI?$CIBBS_BBS_DEVICE_PATH?5?$CK?$CJ?5BootOp@ 00026ce8     BootManagerUiLib:BootManager.obj
 0002:00002d68       ??_C@_0CO@EBBHKDJM@BootOption?$FLIndex?$FN?4Description?5?$CB?$DN@ 00026d68     BootManagerUiLib:BootManager.obj
 0002:00002d98       ??_C@_1BO@PNIJGPEG@?$AAD?$AAe?$AAv?$AAi?$AAc?$AAe?$AA?5?$AAP?$AAa?$AAt?$AAh?$AA?5?$AA?3?$AA?5?$AA?$AA@ 00026d98     BootManagerUiLib:BootManager.obj
 0002:00002db8       ??_C@_0BL@DFKODJNK@HelpString?5?$CB?$DN?5?$CI?$CIvoid?5?$CK?$CJ?50?$CJ?$AA@ 00026db8     BootManagerUiLib:BootManager.obj
 0002:00002dd4       ??_C@_0CO@JHOJDCNH@gBootManagerPrivate?4HiiHandle?5?$CB?$DN@ 00026dd4     BootManagerUiLib:BootManager.obj
 0002:00002e10       _mDeviceTypeStr            00026e10     BootManagerUiLib:BootManager.obj
 0002:00002e30       ??_C@_0EL@GOGOHPBC@c?3?2edk2?2MdeModulePkg?2Library?2Boo@ 00026e30     BootMaintenanceManagerUiLib:BootMaintenance.obj
 0002:00002e7c       ??_C@_1BK@KPMCGGIO@?$AA?$CG?$AAO?$AAF?$AAF?$AAS?$AAE?$AAT?$AA?$DN?$AA?$CF?$AA0?$AA4?$AAx?$AA?$AA@ 00026e7c     BootMaintenanceManagerUiLib:BootMaintenance.obj
 0002:00002e98       ??_C@_0BN@LKNBJPEL@NewMenuEntry?5?$CB?$DN?5?$CI?$CIvoid?5?$CK?$CJ?50?$CJ?$AA@ 00026e98     BootMaintenanceManagerUiLib:BootMaintenance.obj
 0002:00002eb8       ??_C@_0FF@OCGNDIFH@BmmData?9?$DOCOMBaudRate?$FLIndex?$FN?5?$DM?5?$CI?$CI@ 00026eb8     BootMaintenanceManagerUiLib:BootMaintenance.obj
 0002:00002f10       ??_C@_0FF@FOFLGLHI@BmmData?9?$DOCOMDataRate?$FLIndex?$FN?5?$DM?5?$CI?$CI@ 00026f10     BootMaintenanceManagerUiLib:BootMaintenance.obj
 0002:00002f68       ??_C@_0FF@LOCDEPJ@BmmData?9?$DOCOMStopBits?$FLIndex?$FN?5?$DM?5?$CI?$CI@ 00026f68     BootMaintenanceManagerUiLib:BootMaintenance.obj
 0002:00002fc0       ??_C@_0EP@DFIGDHMP@BmmData?9?$DOCOMParity?$FLIndex?$FN?5?$DM?5?$CI?$CIsi@ 00026fc0     BootMaintenanceManagerUiLib:BootMaintenance.obj
 0002:00003010       ??_C@_0M@FEHBHOOC@Index?5?$DM?5100?$AA@ 00027010     BootMaintenanceManagerUiLib:BootMaintenance.obj
[...]
 0002:00003ab4       ??_C@_0CO@FMCOANKO@c?3?2edk2?2MdePkg?2Library?2UefiLib?2U@ 00027ab4     UefiLib:UefiNotTiano.obj
 0002:00003ae4       ??_C@_0CB@LNNMJOKK@ReadyToBootEvent?5?$CB?$DN?5?$CI?$CIvoid?5?$CK?$CJ?50?$CJ@ 00027ae4     UefiLib:UefiNotTiano.obj
 0002:00003b08       ??_C@_0CH@LOBIJKLE@EFI1?41?5can?8t?5support?5ReadyToBoot@ 00027b08     UefiLib:UefiNotTiano.obj
 0002:00003b30       ??_C@_0CB@OKGFGBHJ@FvDevicePathNode?5?$CB?$DN?5?$CI?$CIvoid?5?$CK?$CJ?50?$CJ@ 00027b30     UefiLib:UefiNotTiano.obj
 0002:00003b54       ??_C@_0CO@FMFOGLOO@c?3?2edk2?2MdePkg?2Library?2UefiLib?2U@ 00027b54     UefiLib:UefiLibPrint.obj
 0002:00003b84       ??_C@_0CD@NJDNMGBE@?$CI?$CIUINTN?$CJ?5Format?5?$CG?50x00000001?$CJ?5?$DN?$DN@ 00027b84     UefiLib:UefiLibPrint.obj
 0002:00003ba8       ??_C@_0BI@DIKLKBJC@Console?5?$CB?$DN?5?$CI?$CIvoid?5?$CK?$CJ?50?$CJ?$AA@ 00027ba8     UefiLib:UefiLibPrint.obj
 0003:00000000       _gEfiDriverHealthProtocolGuid 00028000     UiApp:AutoGen.obj
 0003:00000010       _gEfiFileInfoGuid          00028010     UiApp:AutoGen.obj
 0003:00000020       _gEfiEventReadyToBootGuid  00028020     UiApp:AutoGen.obj
 0003:00000030       _gEfiSerialIoProtocolGuid  00028030     UiApp:AutoGen.obj
 0003:00000040       _gEfiFileSystemVolumeLabelInfoIdGuid 00028040     UiApp:AutoGen.obj
 0003:00000050       _gEfiIfrTianoGuid          00028050     UiApp:AutoGen.obj
 0003:00000060       _gEfiHiiFontProtocolGuid   00028060     UiApp:AutoGen.obj
 0003:00000070       __gPcd_BinaryPatch_PcdVideoHorizontalResolution 00028070     UiApp:AutoGen.obj
 0003:00000074       _gEfiDebugMaskProtocolGuid 00028074     UiApp:AutoGen.obj
 0003:00000084       __gPcd_BinaryPatch_PcdConOutRow 00028084     UiApp:AutoGen.obj
 0003:00000088       _gEfiHiiDatabaseProtocolGuid 00028088     UiApp:AutoGen.obj
 0003:00000098       _gEfiSmbiosProtocolGuid    00028098     UiApp:AutoGen.obj
 0003:000000a8       _gEfiHiiConfigRoutingProtocolGuid 000280a8     UiApp:AutoGen.obj
 0003:000000b8       _gEfiComponentName2ProtocolGuid 000280b8     UiApp:AutoGen.obj
 0003:000000c8       _gEfiFormBrowser2ProtocolGuid 000280c8     UiApp:AutoGen.obj
 0003:000000d8       _gEdkiiStatusCodeDataTypeVariableGuid 000280d8     UiApp:AutoGen.obj
 0003:000000e8       _gEfiGraphicsOutputProtocolGuid 000280e8     UiApp:AutoGen.obj
 0003:000000f8       _gEfiHobListGuid           000280f8     UiApp:AutoGen.obj
 0003:00000108       _gEfiDiskInfoAhciInterfaceGuid 00028108     UiApp:AutoGen.obj
 0003:00000118       _gEfiHiiImageProtocolGuid  00028118     UiApp:AutoGen.obj
 0003:00000128       _gEfiHiiPlatformSetupFormsetGuid 00028128     UiApp:AutoGen.obj
 0003:00000138       _gEfiNvmExpressPassThruProtocolGuid 00028138     UiApp:AutoGen.obj
 0003:00000148       __gPcd_BinaryPatch_PcdSetupVideoHorizontalResolution 00028148     UiApp:AutoGen.obj
 0003:0000014c       _gEfiRamDiskProtocolGuid   0002814c     UiApp:AutoGen.obj
 0003:0000015c       _gEfiDiskInfoIdeInterfaceGuid 0002815c     UiApp:AutoGen.obj
 0003:0000016c       _gEfiBlockIoProtocolGuid   0002816c     UiApp:AutoGen.obj
 0003:0000017c       _gEfiDevicePathProtocolGuid 0002817c     UiApp:AutoGen.obj
 0003:0000018c       _gEfiDevicePathUtilitiesProtocolGuid 0002818c     UiApp:AutoGen.obj
 0003:0000019c       _gEfiDxeServicesTableGuid  0002819c     UiApp:AutoGen.obj
 0003:000001ac       _gEfiUsbIoProtocolGuid     000281ac     UiApp:AutoGen.obj
 0003:000001bc       _gEfiPciIoProtocolGuid     000281bc     UiApp:AutoGen.obj
 0003:000001cc       __gPcd_BinaryPatch_PcdConOutColumn 000281cc     UiApp:AutoGen.obj
 0003:000001d0       _gEfiSimpleFileSystemProtocolGuid 000281d0     UiApp:AutoGen.obj
 0003:000001e0       _gEfiFirmwareVolume2ProtocolGuid 000281e0     UiApp:AutoGen.obj
 0003:000001f0       _gEfiHiiStringProtocolGuid 000281f0     UiApp:AutoGen.obj
 0003:00000200       _gEdkiiVariableLockProtocolGuid 00028200     UiApp:AutoGen.obj
 0003:00000210       _gEfiSimpleTextInputExProtocolGuid 00028210     UiApp:AutoGen.obj
 0003:00000220       _gEfiGenericVariableGuid   00028220     UiApp:AutoGen.obj
 0003:00000230       _gEfiCallerIdGuid          00028230     UiApp:AutoGen.obj
 0003:00000240       _gEfiDevicePathToTextProtocolGuid 00028240     UiApp:AutoGen.obj
 0003:00000250       _gEfiLoadedImageProtocolGuid 00028250     UiApp:AutoGen.obj
 0003:00000260       _gEfiIfrBootMaintenanceGuid 00028260     UiApp:AutoGen.obj
 0003:00000270       _gEfiDiskInfoScsiInterfaceGuid 00028270     UiApp:AutoGen.obj
 0003:00000280       __gPcd_BinaryPatch_PcdVideoVerticalResolution 00028280     UiApp:AutoGen.obj
 0003:00000284       _gEfiDiskInfoProtocolGuid  00028284     UiApp:AutoGen.obj
 0003:00000294       _gEfiIfrFrontPageGuid      00028294     UiApp:AutoGen.obj
 0003:000002a4       _gEfiStatusCodeDataTypeDebugGuid 000282a4     UiApp:AutoGen.obj
 0003:000002b4       _gEfiSimpleTextInProtocolGuid 000282b4     UiApp:AutoGen.obj
 0003:000002c4       _gEfiSimpleTextOutProtocolGuid 000282c4     UiApp:AutoGen.obj
 0003:000002d4       _gEfiMemoryTypeInformationGuid 000282d4     UiApp:AutoGen.obj
 0003:000002e4       _gEdkiiFormBrowserEx2ProtocolGuid 000282e4     UiApp:AutoGen.obj
 0003:000002f4       _gEfiBootLogoProtocolGuid  000282f4     UiApp:AutoGen.obj
 0003:00000304       _gEfiStatusCodeSpecificDataGuid 00028304     UiApp:AutoGen.obj
 0003:00000314       _gEfiComponentNameProtocolGuid 00028314     UiApp:AutoGen.obj
 0003:00000324       _gEfiPrint2SProtocolGuid   00028324     UiApp:AutoGen.obj
 0003:00000334       __gPcd_BinaryPatch_PcdSetupVideoVerticalResolution 00028334     UiApp:AutoGen.obj
 0003:00000338       _gEfiHiiConfigAccessProtocolGuid 00028338     UiApp:AutoGen.obj
 0003:00000348       _gEfiDiskInfoSdMmcInterfaceGuid 00028348     UiApp:AutoGen.obj
 0003:00000358       _gEfiGlobalVariableGuid    00028358     UiApp:AutoGen.obj
 0003:00000368       _gEfiStatusCodeRuntimeProtocolGuid 00028368     UiApp:AutoGen.obj
 0003:00000378       _gPcdProtocolGuid          00028378     UiApp:AutoGen.obj
 0003:00000388       _UiAppStrings              00028388     UiApp:AutoGen.obj
 0003:000007ac       _gEfiLoadFileProtocolGuid  000287ac     UiApp:AutoGen.obj
 0003:000007bc       _mFrontPageGuid            000287bc     UiApp:FrontPage.obj
 0003:000007cc       _mFrontPageHiiVendorDevicePath 000287cc     UiApp:FrontPage.obj
 0003:000007e4       _gFrontPagePrivate         000287e4     UiApp:FrontPage.obj
 0003:00000800       _FrontPageVfrBin           00028800     UiApp:FrontPageVfr.obj
 0003:00000948       _mFontPackageGuid          00028948     UiApp:String.obj
 0003:00000958       _mUiStringPackGuid         00028958     UiApp:String.obj
 0003:00000968       _mFontBin                  00028968     UiApp:String.obj
 0003:00001708       _mDebugMaskProtocol        00029708     DxeDebugPrintErrorLevelLib:DxeDebugPrintErrorLevelLib.obj
 0003:00001718       _mBmHardDriveBootVariableGuid 00029718     UefiBootManagerLib:BmBoot.obj
 0003:00001728       _mBmAutoCreateBootOptionGuid 00029728     UefiBootManagerLib:BmBoot.obj
 0003:00001738       _mBmHotkeyLock             00029738     UefiBootManagerLib:BmHotkey.obj
 0003:00001744       _mBmHotkeyList             00029744     UefiBootManagerLib:BmHotkey.obj
 0003:0000174c       _mBmHotkeyBootOption       0002974c     UefiBootManagerLib:BmHotkey.obj
 0003:00001784       _mBmUefiPrefix             00029784     UefiBootManagerLib:BmBootDescription.obj
 0003:00001790       _mPlatformBootDescriptionHandlers 00029790     UefiBootManagerLib:BmBootDescription.obj
 0003:00001798       _gFileExplorerPrivate      00029798     FileExplorerLib:FileExplorer.obj
 0003:000017c4       _mNewFileQuestionId        000297c4     FileExplorerLib:FileExplorer.obj
 0003:000017c8       _mFsOptionMenu             000297c8     FileExplorerLib:FileExplorer.obj
 0003:000017dc       _FeHiiVendorDevicePath     000297dc     FileExplorerLib:FileExplorer.obj
 0003:000017f4       _mNewFolderQuestionId      000297f4     FileExplorerLib:FileExplorer.obj
 0003:000017f8       _FileExplorerGuid          000297f8     FileExplorerLib:FileExplorer.obj
 0003:00001808       _FileExplorerLibStrings    00029808     FileExplorerLib:AutoGen.obj
 0003:00002028       _FileExplorerVfrBin        0002a028     FileExplorerLib:FileExplorerVfr.obj
 0003:00002124       _mDeviceManagerGuid        0002a124     DeviceManagerUiLib:DeviceManager.obj
 0003:00002134       _mDeviceManagerHiiVendorDevicePath 0002a134     DeviceManagerUiLib:DeviceManager.obj
 0003:0000214c       _gDeviceManagerPrivate     0002a14c     DeviceManagerUiLib:DeviceManager.obj
 0003:00002168       _DeviceManagerUiLibStrings 0002a168     DeviceManagerUiLib:AutoGen.obj
 0003:00002620       _DeviceManagerVfrBin       0002a620     DeviceManagerUiLib:DeviceManagerVfr.obj
 0003:00002750       _mBootManagerHiiVendorDevicePath 0002a750     BootManagerUiLib:BootManager.obj
 0003:00002768       _gBootManagerPrivate       0002a768     BootManagerUiLib:BootManager.obj
 0003:00002780       _mBootManagerGuid          0002a780     BootManagerUiLib:BootManager.obj
 0003:00002790       _BootManagerVfrBin         0002a790     BootManagerUiLib:BootManagerVfr.obj
 0003:00002848       _BootManagerUiLibStrings   0002a848     BootManagerUiLib:AutoGen.obj
 0003:00002c80       _mBootMaintStorageName     0002ac80     BootMaintenanceManagerUiLib:BootMaintenance.obj
 0003:00002c90       _mBmmHiiVendorDevicePath   0002ac90     BootMaintenanceManagerUiLib:BootMaintenance.obj
 0003:00002ca8       _mBmmCallbackInfo          0002aca8     BootMaintenanceManagerUiLib:BootMaintenance.obj
 0003:00002cb0       _gBootMaintenancePrivate   0002acb0     BootMaintenanceManagerUiLib:BootMaintenance.obj
 0003:000048e0       _mBootMaintGuid            0002c8e0     BootMaintenanceManagerUiLib:BootMaintenance.obj
 0003:000048f0       _StopBitsList              0002c8f0     BootMaintenanceManagerUiLib:Data.obj
 0003:00004910       _ConsoleInpMenu            0002c910     BootMaintenanceManagerUiLib:Data.obj
 0003:00004920       _TerminalMenu              0002c920     BootMaintenanceManagerUiLib:Data.obj
 0003:00004930       _DataBitsList              0002c930     BootMaintenanceManagerUiLib:Data.obj
 0003:00004950       _ConsoleErrMenu            0002c950     BootMaintenanceManagerUiLib:Data.obj
 0003:00004960       _DriverOptionMenu          0002c960     BootMaintenanceManagerUiLib:Data.obj
 0003:00004970       _DriverMenu                0002c970     BootMaintenanceManagerUiLib:Data.obj
 0003:00004980       _ParityList                0002c980     BootMaintenanceManagerUiLib:Data.obj
 0003:000049b0       _BootOptionMenu            0002c9b0     BootMaintenanceManagerUiLib:Data.obj
 0003:000049c0       _BaudRateList              0002c9c0     BootMaintenanceManagerUiLib:Data.obj
 0003:00004a60       _ConsoleOutMenu            0002ca60     BootMaintenanceManagerUiLib:Data.obj
 0003:00004a70       _TerminalTypeGuid          0002ca70     BootMaintenanceManagerUiLib:Data.obj
 0003:00004ac0       _BootMaintenanceManagerUiLibStrings 0002cac0     BootMaintenanceManagerUiLib:AutoGen.obj
 0003:00006610       _BootMaintenanceManagerBin 0002e610     BootMaintenanceManagerUiLib:BootMaintenanceManager.obj
 0003:00006bc0       _mSetupTextModeRow         0002ebc0     UiApp:FrontPage.obj
 0003:00006bc4       _mBootTextModeColumn       0002ebc4     UiApp:FrontPage.obj
 0003:00006bc8       _mSetupTextModeColumn      0002ebc8     UiApp:FrontPage.obj
 0003:00006bcc       _mSetupVerticalResolution  0002ebcc     UiApp:FrontPage.obj
 0003:00006bd0       _mBootVerticalResolution   0002ebd0     UiApp:FrontPage.obj
 0003:00006bd4       _mSetupHorizontalResolution 0002ebd4     UiApp:FrontPage.obj
 0003:00006bd8       _mBootTextModeRow          0002ebd8     UiApp:FrontPage.obj
 0003:00006bdc       _mModeInitialized          0002ebdc     UiApp:FrontPage.obj
 0003:00006be0       _mBootHorizontalResolution 0002ebe0     UiApp:FrontPage.obj
 0003:00006be4       _mResetRequired            0002ebe4     UiApp:FrontPage.obj
 0003:00006be8       _mPcd                      0002ebe8     DxePcdLib:DxePcdLib.obj
 0003:00006bec       _mReportStatusCodeLibStatusCodeProtocol 0002ebec     DxeReportStatusCodeLib:ReportStatusCodeLib.obj
 0003:00006bf0       _gImageHandle              0002ebf0     UefiBootServicesTableLib:UefiBootServicesTableLib.obj
 0003:00006bf4       _gST                       0002ebf4     UefiBootServicesTableLib:UefiBootServicesTableLib.obj
 0003:00006bf8       _gBS                       0002ebf8     UefiBootServicesTableLib:UefiBootServicesTableLib.obj
 0003:00006bfc       _mPrint2SProtocol          0002ebfc     DxePrintLibPrint2Protocol:PrintLib.obj
 0003:00006c00       _gRT                       0002ec00     UefiRuntimeServicesTableLib:UefiRuntimeServicesTableLib.obj
 0003:00006c04       _mDevicePathLibDevicePathUtilities 0002ec04     UefiDevicePathLibDevicePathProtocol:UefiDevicePathLib.obj
 0003:00006c08       _mDevicePathLibDevicePathToText 0002ec08     UefiDevicePathLibDevicePathProtocol:UefiDevicePathLib.obj
 0003:00006c0c       _mHobList                  0002ec0c     DxeHobLib:HobLib.obj
 0003:00006c10       _mDebugPrintErrorLevel     0002ec10     DxeDebugPrintErrorLevelLib:DxeDebugPrintErrorLevelLib.obj
 0003:00006c14       _mGlobalErrorLevelInitialized 0002ec14     DxeDebugPrintErrorLevelLib:DxeDebugPrintErrorLevelLib.obj
 0003:00006c18       _mSystemTable              0002ec18     DxeDebugPrintErrorLevelLib:DxeDebugPrintErrorLevelLib.obj
 0003:00006c1c       _gHiiDatabase              0002ec1c     UefiHiiServicesLib:UefiHiiServicesLib.obj
 0003:00006c20       _gHiiImage                 0002ec20     UefiHiiServicesLib:UefiHiiServicesLib.obj
 0003:00006c24       _gHiiFont                  0002ec24     UefiHiiServicesLib:UefiHiiServicesLib.obj
 0003:00006c28       _gHiiString                0002ec28     UefiHiiServicesLib:UefiHiiServicesLib.obj
 0003:00006c2c       _gHiiConfigRouting         0002ec2c     UefiHiiServicesLib:UefiHiiServicesLib.obj
 0003:00006c30       _gDS                       0002ec30     DxeServicesTableLib:DxeServicesTableLib.obj
 0003:00006c34       _mUefiFormBrowser2         0002ec34     UefiHiiLib:HiiLib.obj
 0003:00006c38       _mRamDisk                  0002ec38     UefiBootManagerLib:BmBoot.obj
 0003:00006c3c       _mBmRefreshLegacyBootOption 0002ec3c     UefiBootManagerLib:BmBoot.obj
 0003:00006c40       _mBmLegacyBoot             0002ec40     UefiBootManagerLib:BmBoot.obj
 0003:00006c44       _mBmHotkeyTriggered        0002ec44     UefiBootManagerLib:BmHotkey.obj
 0003:00006c48       _mLibEndLabel              0002ec48     FileExplorerLib:FileExplorer.obj
 0003:00006c4c       _mLibEndOpCodeHandle       0002ec4c     FileExplorerLib:FileExplorer.obj
 0003:00006c50       _mLibStartLabel            0002ec50     FileExplorerLib:FileExplorer.obj
 0003:00006c54       _mLibStartOpCodeHandle     0002ec54     FileExplorerLib:FileExplorer.obj
 0003:00006c58       _mBmBootHorizontalResolution 0002ec58     BootManagerUiLib:BootManager.obj
 0003:00006c5c       _mBmBootTextModeRow        0002ec5c     BootManagerUiLib:BootManager.obj
 0003:00006c60       _mBmSetupHorizontalResolution 0002ec60     BootManagerUiLib:BootManager.obj
 0003:00006c64       _mBmSetupTextModeColumn    0002ec64     BootManagerUiLib:BootManager.obj
 0003:00006c68       _mBmModeInitialized        0002ec68     BootManagerUiLib:BootManager.obj
 0003:00006c6c       _mBmBootTextModeColumn     0002ec6c     BootManagerUiLib:BootManager.obj
 0003:00006c70       _mBmSetupTextModeRow       0002ec70     BootManagerUiLib:BootManager.obj
 0003:00006c74       _mBmBootVerticalResolution 0002ec74     BootManagerUiLib:BootManager.obj
 0003:00006c78       _mBmSetupVerticalResolution 0002ec78     BootManagerUiLib:BootManager.obj
 0003:00006c7c       _mBmmSetupHorizontalResolution 0002ec7c     BootMaintenanceManagerUiLib:BootMaintenance.obj
 0003:00006c80       _mBmmBootVerticalResolution 0002ec80     BootMaintenanceManagerUiLib:BootMaintenance.obj
 0003:00006c84       _mAllMenuInit              0002ec84     BootMaintenanceManagerUiLib:BootMaintenance.obj
 0003:00006c88       _mBmmSetupTextModeRow      0002ec88     BootMaintenanceManagerUiLib:BootMaintenance.obj
 0003:00006c8c       _mBmmSetupVerticalResolution 0002ec8c     BootMaintenanceManagerUiLib:BootMaintenance.obj
 0003:00006c90       _mFirstEnterBMMForm        0002ec90     BootMaintenanceManagerUiLib:BootMaintenance.obj
 0003:00006c94       _mBmmBootHorizontalResolution 0002ec94     BootMaintenanceManagerUiLib:BootMaintenance.obj
 0003:00006c98       _mBmmSetupTextModeColumn   0002ec98     BootMaintenanceManagerUiLib:BootMaintenance.obj
 0003:00006c9c       _mBmmModeInitialized       0002ec9c     BootMaintenanceManagerUiLib:BootMaintenance.obj
 0003:00006ca0       _mBmmBootTextModeColumn    0002eca0     BootMaintenanceManagerUiLib:BootMaintenance.obj
 0003:00006ca4       _mBmmBootTextModeRow       0002eca4     BootMaintenanceManagerUiLib:BootMaintenance.obj
 0003:00006ca8       _mEndOpCodeHandle          0002eca8     BootMaintenanceManagerUiLib:Data.obj
 0003:00006cac       _mStartOpCodeHandle        0002ecac     BootMaintenanceManagerUiLib:Data.obj
 0003:00006cb0       _mStartLabel               0002ecb0     BootMaintenanceManagerUiLib:Data.obj
 0003:00006cb4       _mEndLabel                 0002ecb4     BootMaintenanceManagerUiLib:Data.obj
 0003:00006cbc       _mKeyInput                 0002ecbc     <common>
 0003:00006cc0       _mMacDeviceList            0002ecc0     <common>
 0003:00006ccc       _mSelectedMacAddrString    0002eccc     <common>
 0003:00006ce0       _mNewFileName              0002ece0     <common>
 0003:00006d08       _gHiiVendorDevicePath      0002ed08     <common>
 0003:00006d0c       _mQuestionIdUpdate         0002ed0c     <common>
 0003:00006d20       _mNewFolderName            0002ed20     <common>
 0003:00006d48       _gCurrentLanguageIndex     0002ed48     <common>
 0003:00006d4c       _gLanguageString           0002ed4c     <common>
 0003:00006d50       _gHiiDriverList            0002ed50     <common>
 0003:00006d54       _gLanguageToken            0002ed54     <common>
 0003:00006d58       _gStringPackHandle         0002ed58     <common>
 0003:00006d5c       _gFormBrowser2             0002ed5c     <common>
 0003:00006d60       _mLanguageString           0002ed60     <common>

 entry point at        0001:00000168

 Static symbols

 0001:0000001a       _InternalMemCopyMem.0      0001101a     BaseMemoryLibOptDxe:CopyMem.obj
 0001:0000002c       _InternalMemCopyMem.1      0001102c     BaseMemoryLibOptDxe:CopyMem.obj
 0001:0000003e       _InternalMemCopyMem.2      0001103e     BaseMemoryLibOptDxe:CopyMem.obj
 0001:0000005b       @CopyBackward              0001105b     BaseMemoryLibOptDxe:CopyMem.obj
 0001:00000062       @CopyBytes                 00011062     BaseMemoryLibOptDxe:CopyMem.obj
 0001:000000d1       _InternalMemSetMem64.0     000110d1     BaseMemoryLibOptDxe:SetMem64.obj
 0001:00000164       @ReturnFalse               00011164     BaseMemoryLibOptDxe:IsZeroBuffer.obj
 0001:0000e241       $LN229                     0001f241     * CIL library *:* CIL module *
 0001:0000e265       $LN218                     0001f265     * CIL library *:* CIL module *
 0001:0000e379       $LN45                      0001f379     * CIL library *:* CIL module *
 0001:0000e399       $LN41                      0001f399     * CIL library *:* CIL module *
 0003:00006cb8       _gHiiDriverList            0002ecb8     UiApp:FrontPageCustomizedUiSupport.obj
 0004:00000000       .edata                     0002f000     UiApp.exp
 0004:00000028       rgpv                       0002f028     UiApp.exp
 0004:0000002c       rgszName                   0002f02c     UiApp.exp
 0004:00000030       rgwOrd                     0002f030     UiApp.exp
 0004:00000032       szName                     0002f032     UiApp.exp
 0004:0000003c       $N00001                    0002f03c     UiApp.exp
