c:/edk2/Build/NT32IA32/DEBUG_VS2013x86/IA32/MdeModulePkg/Universal/HiiDatabaseDxe/HiiDatabaseDxe/OUTPUT/HiiDatabaseEntry.obj
c:/edk2/Build/NT32IA32/DEBUG_VS2013x86/IA32/MdeModulePkg/Universal/HiiDatabaseDxe/HiiDatabaseDxe/OUTPUT/Image.obj
c:/edk2/Build/NT32IA32/DEBUG_VS2013x86/IA32/MdeModulePkg/Universal/HiiDatabaseDxe/HiiDatabaseDxe/OUTPUT/ImageEx.obj
c:/edk2/Build/NT32IA32/DEBUG_VS2013x86/IA32/MdeModulePkg/Universal/HiiDatabaseDxe/HiiDatabaseDxe/OUTPUT/ConfigRouting.obj
c:/edk2/Build/NT32IA32/DEBUG_VS2013x86/IA32/MdeModulePkg/Universal/HiiDatabaseDxe/HiiDatabaseDxe/OUTPUT/String.obj
c:/edk2/Build/NT32IA32/DEBUG_VS2013x86/IA32/MdeModulePkg/Universal/HiiDatabaseDxe/HiiDatabaseDxe/OUTPUT/Database.obj
c:/edk2/Build/NT32IA32/DEBUG_VS2013x86/IA32/MdeModulePkg/Universal/HiiDatabaseDxe/HiiDatabaseDxe/OUTPUT/Font.obj
c:/edk2/Build/NT32IA32/DEBUG_VS2013x86/IA32/MdeModulePkg/Universal/HiiDatabaseDxe/HiiDatabaseDxe/OUTPUT/ConfigKeywordHandler.obj
c:/edk2/Build/NT32IA32/DEBUG_VS2013x86/IA32/MdeModulePkg/Universal/HiiDatabaseDxe/HiiDatabaseDxe/OUTPUT/AutoGen.obj