 Tcp4Dxe

 Timestamp is 5a2f2e5f (Tue Dec 12 08:18:23 2017)

 Preferred load address is 00010000

 Start         Length     Name                   Class
 0001:00000000 0000011fH .text                   CODE
 0001:0000011f 00009b96H .text$mn                CODE
 0002:00000000 0000415cH .rdata                  DATA
 0002:0000415c 0000009cH .rdata$debug            DATA
 0003:00000000 00000250H .data                   DATA
 0003:00000250 0000003eH .bss                    DATA
 0004:00000000 0000004fH .edata                  DATA

  Address         Publics by Value              Rva+Base       Lib:Object

 0000:00000000       ___guard_flags             00000000     <absolute>
 0000:00000000       ___guard_fids_table        00000000     <absolute>
 0000:00000000       ___guard_fids_count        00000000     <absolute>
 0001:00000000       _InternalMemCopyMem        00011000     BaseMemoryLibOptDxe:CopyMem.obj
 0001:00000070       _InternalMemZeroMem        00011070     BaseMemoryLibOptDxe:ZeroMem.obj
 0001:00000090       _InternalMemCompareMem     00011090     BaseMemoryLibOptDxe:CompareMem.obj
 0001:000000b0       _InternalMemSetMem         000110b0     BaseMemoryLibOptDxe:SetMem.obj
 0001:000000e0       _InternalMemSetMem32       000110e0     BaseMemoryLibOptDxe:SetMem32.obj
 0001:00000100       _InternalMemSetMem64       00011100     BaseMemoryLibOptDxe:SetMem64.obj
 0001:0000011f       __DriverUnloadHandler      0001111f f   UefiDriverEntryPoint:DriverEntryPoint.obj
 0001:00000142       __ModuleEntryPoint         00011142 f   UefiDriverEntryPoint:DriverEntryPoint.obj
 0001:000001bc       _ProcessLibraryConstructorList 000111bc f   Tcp4Dxe:AutoGen.obj
 0001:0000036b       _ProcessLibraryDestructorList 0001136b f   Tcp4Dxe:AutoGen.obj
 0001:000003b0       _Tcp4CreateTimer           000113b0 f   Tcp4Dxe:Tcp4Driver.obj
 0001:0000040c       _Tcp4DestroyTimer          0001140c f   Tcp4Dxe:Tcp4Driver.obj
 0001:0000046e       _Tcp4DestroyChildEntryInHandleBuffer 0001146e f   Tcp4Dxe:Tcp4Driver.obj
 0001:000004dd       _Tcp4DriverEntryPoint      000114dd f   Tcp4Dxe:Tcp4Driver.obj
 0001:000005ad       _Tcp4DriverBindingSupported 000115ad f   Tcp4Dxe:Tcp4Driver.obj
 0001:00000602       _Tcp4DriverBindingStart    00011602 f   Tcp4Dxe:Tcp4Driver.obj
 0001:00000745       _Tcp4DriverBindingStop     00011745 f   Tcp4Dxe:Tcp4Driver.obj
 0001:000008a0       _Tcp4CreateSocketCallback  000118a0 f   Tcp4Dxe:Tcp4Driver.obj
 0001:00000931       _Tcp4DestroySocketCallback 00011931 f   Tcp4Dxe:Tcp4Driver.obj
 0001:00000967       _Tcp4ServiceBindingCreateChild 00011967 f   Tcp4Dxe:Tcp4Driver.obj
 0001:00000a27       _Tcp4ServiceBindingDestroyChild 00011a27 f   Tcp4Dxe:Tcp4Driver.obj
 0001:00000aa0       _Tcp4ChkDataBuf            00011aa0 f   Tcp4Dxe:Tcp4Main.obj
 0001:00000ac7       _Tcp4GetModeData           00011ac7 f   Tcp4Dxe:Tcp4Main.obj
 0001:00000b34       _Tcp4Configure             00011b34 f   Tcp4Dxe:Tcp4Main.obj
 0001:00000c4c       _Tcp4Routes                00011c4c f   Tcp4Dxe:Tcp4Main.obj
 0001:00000caf       _Tcp4Connect               00011caf f   Tcp4Dxe:Tcp4Main.obj
 0001:00000d00       _Tcp4Accept                00011d00 f   Tcp4Dxe:Tcp4Main.obj
 0001:00000d51       _Tcp4Transmit              00011d51 f   Tcp4Dxe:Tcp4Main.obj
 0001:00000dc5       _Tcp4Receive               00011dc5 f   Tcp4Dxe:Tcp4Main.obj
 0001:00000e39       _Tcp4Close                 00011e39 f   Tcp4Dxe:Tcp4Main.obj
 0001:00000e90       _Tcp4Cancel                00011e90 f   Tcp4Dxe:Tcp4Main.obj
 0001:00000e96       _Tcp4Poll                  00011e96 f   Tcp4Dxe:Tcp4Main.obj
 0001:00000edd       _TcpComponentNameGetDriverName 00011edd f   Tcp4Dxe:ComponentName.obj
 0001:00000f07       _UpdateName                00011f07 f   Tcp4Dxe:ComponentName.obj
 0001:00000fe4       _TcpComponentNameGetControllerName 00011fe4 f   Tcp4Dxe:ComponentName.obj
 0001:00001061       _SockTokenExistedInList    00012061 f   Tcp4Dxe:SockInterface.obj
 0001:0000107b       _SockTokenExisted          0001207b f   Tcp4Dxe:SockInterface.obj
 0001:000010d5       _SockBufferToken           000120d5 f   Tcp4Dxe:SockInterface.obj
 0001:0000111f       _SockDestroyChild          0001211f f   Tcp4Dxe:SockInterface.obj
 0001:00001295       _SockCreateChild           00012295 f   Tcp4Dxe:SockInterface.obj
 0001:00001362       _SockConfigure             00012362 f   Tcp4Dxe:SockInterface.obj
 0001:000013da       _SockConnect               000123da f   Tcp4Dxe:SockInterface.obj
 0001:00001467       _SockAccept                00012467 f   Tcp4Dxe:SockInterface.obj
 0001:00001582       _SockSend                  00012582 f   Tcp4Dxe:SockInterface.obj
 0001:000016c7       _SockRcv                   000126c7 f   Tcp4Dxe:SockInterface.obj
 0001:000017d1       _SockFlush                 000127d1 f   Tcp4Dxe:SockInterface.obj
 0001:00001871       _SockClose                 00012871 f   Tcp4Dxe:SockInterface.obj
 0001:0000191f       _SockRoute                 0001291f f   Tcp4Dxe:SockInterface.obj
 0001:00001983       _TcpClose                  00012983 f   Tcp4Dxe:Tcp4Timer.obj
 0001:000019a0       _TcpConnectTimeout         000129a0 f   Tcp4Dxe:Tcp4Timer.obj
 0001:000019f8       _TcpRexmitTimeout          000129f8 f   Tcp4Dxe:Tcp4Timer.obj
 0001:00001ab5       _TcpProbeTimeout           00012ab5 f   Tcp4Dxe:Tcp4Timer.obj
 0001:00001b09       _TcpKeepaliveTimeout       00012b09 f   Tcp4Dxe:Tcp4Timer.obj
 0001:00001b4c       _TcpFinwait2Timeout        00012b4c f   Tcp4Dxe:Tcp4Timer.obj
 0001:00001b68       _Tcp2MSLTimeout            00012b68 f   Tcp4Dxe:Tcp4Timer.obj
 0001:00001b84       _TcpUpdateTimer            00012b84 f   Tcp4Dxe:Tcp4Timer.obj
 0001:00001bec       _TcpSetTimer               00012bec f   Tcp4Dxe:Tcp4Timer.obj
 0001:00001c11       _TcpClearTimer             00012c11 f   Tcp4Dxe:Tcp4Timer.obj
 0001:00001c2b       _TcpSetProbeTimer          00012c2b f   Tcp4Dxe:Tcp4Timer.obj
 0001:00001c7b       _TcpSetKeepaliveTimer      00012c7b f   Tcp4Dxe:Tcp4Timer.obj
 0001:00001cc3       _TcpBackoffRto             00012cc3 f   Tcp4Dxe:Tcp4Timer.obj
 0001:00001d09       _TcpTickingDpc             00012d09 f   Tcp4Dxe:Tcp4Timer.obj
 0001:00001dee       _TcpTicking                00012dee f   Tcp4Dxe:Tcp4Timer.obj
 0001:00001e05       _TcpInitTcbLocal           00012e05 f   Tcp4Dxe:Tcp4Misc.obj
 0001:00001e5c       _TcpInitTcbPeer            00012e5c f   Tcp4Dxe:Tcp4Misc.obj
 0001:00001f6c       _TcpLocateListenTcb        00012f6c f   Tcp4Dxe:Tcp4Misc.obj
 0001:00002008       _TcpFindTcbByPeer          00013008 f   Tcp4Dxe:Tcp4Misc.obj
 0001:00002095       _TcpLocateTcb              00013095 f   Tcp4Dxe:Tcp4Misc.obj
 0001:0000210c       _TcpInsertTcb              0001310c f   Tcp4Dxe:Tcp4Misc.obj
 0001:0000219b       _TcpCloneTcb               0001319b f   Tcp4Dxe:Tcp4Misc.obj
 0001:00002216       _TcpGetRcvMss              00013216 f   Tcp4Dxe:Tcp4Misc.obj
 0001:0000227c       _TcpSetState               0001327c f   Tcp4Dxe:Tcp4Misc.obj
 0001:00002341       _TcpChecksum               00013341 f   Tcp4Dxe:Tcp4Misc.obj
 0001:0000236a       _TcpFormatNetbuf           0001336a f   Tcp4Dxe:Tcp4Misc.obj
 0001:00002418       _TcpResetConnection        00013418 f   Tcp4Dxe:Tcp4Misc.obj
 0001:000024c3       _TcpOnAppClose             000134c3 f   Tcp4Dxe:Tcp4Misc.obj
 0001:00002541       _TcpOnAppSend              00013541 f   Tcp4Dxe:Tcp4Misc.obj
 0001:00002580       _TcpOnAppConsume           00013580 f   Tcp4Dxe:Tcp4Misc.obj
 0001:00002603       _TcpInstallDevicePath      00013603 f   Tcp4Dxe:Tcp4Misc.obj
 0001:00002723       _Tcp4RxCallback            00013723 f   Tcp4Dxe:Tcp4Io.obj
 0001:00002752       _TcpSendIpPacket           00013752 f   Tcp4Dxe:Tcp4Io.obj
 0001:0000281d       _Tcp4GetMode               0001381d f   Tcp4Dxe:Tcp4Dispatcher.obj
 0001:000029a1       _Tcp4Bind                  000139a1 f   Tcp4Dxe:Tcp4Dispatcher.obj
 0001:00002a3e       _Tcp4FlushPcb              00013a3e f   Tcp4Dxe:Tcp4Dispatcher.obj
 0001:00002a9f       _Tcp4AttachPcb             00013a9f f   Tcp4Dxe:Tcp4Dispatcher.obj
 0001:00002b5f       _Tcp4DetachPcb             00013b5f f   Tcp4Dxe:Tcp4Dispatcher.obj
 0001:00002bae       _Tcp4ConfigurePcb          00013bae f   Tcp4Dxe:Tcp4Dispatcher.obj
 0001:00002f06       _Tcp4Dispatcher            00013f06 f   Tcp4Dxe:Tcp4Dispatcher.obj
 0001:0000311a       _SockFreeFoo               0001411a f   Tcp4Dxe:SockImpl.obj
 0001:0000311b       _SockTcpDataToRcv          0001411b f   Tcp4Dxe:SockImpl.obj
 0001:00003234       _SockSetTcpRxData          00014234 f   Tcp4Dxe:SockImpl.obj
 0001:000032c3       _SockProcessRcvToken       000142c3 f   Tcp4Dxe:SockImpl.obj
 0001:00003345       _SockProcessTcpSndData     00014345 f   Tcp4Dxe:SockImpl.obj
 0001:000033cc       _SockFlushPendingToken     000143cc f   Tcp4Dxe:SockImpl.obj
 0001:00003425       _SockWakeConnToken         00014425 f   Tcp4Dxe:SockImpl.obj
 0001:00003470       _SockWakeListenToken       00014470 f   Tcp4Dxe:SockImpl.obj
 0001:000034f9       _SockWakeRcvToken          000144f9 f   Tcp4Dxe:SockImpl.obj
 0001:00003576       _SockProcessSndToken       00014576 f   Tcp4Dxe:SockImpl.obj
 0001:0000362d       _SockCreate                0001462d f   Tcp4Dxe:SockImpl.obj
 0001:000038f9       _SockDestroy               000148f9 f   Tcp4Dxe:SockImpl.obj
 0001:00003976       _SockConnFlush             00014976 f   Tcp4Dxe:SockImpl.obj
 0001:00003a4d       _SockClone                 00014a4d f   Tcp4Dxe:SockImpl.obj
 0001:00003b00       _SockConnClosed            00014b00 f   Tcp4Dxe:SockImpl.obj
 0001:00003b45       _SockDataSent              00014b45 f   Tcp4Dxe:SockImpl.obj
 0001:00003bf5       _SockGetFreeSpace          00014bf5 f   Tcp4Dxe:SockImpl.obj
 0001:00003c3d       _TcpRcvWinOld              00014c3d f   Tcp4Dxe:Tcp4Output.obj
 0001:00003c56       _TcpRcvWinNow              00014c56 f   Tcp4Dxe:Tcp4Output.obj
 0001:00003cac       _TcpGetMaxSndNxt           00014cac f   Tcp4Dxe:Tcp4Output.obj
 0001:00003ce4       _TcpDataToSend             00014ce4 f   Tcp4Dxe:Tcp4Output.obj
 0001:00003db0       _TcpTransmitSegment        00014db0 f   Tcp4Dxe:Tcp4Output.obj
 0001:00003fbc       _TcpGetSegmentSndQue       00014fbc f   Tcp4Dxe:Tcp4Output.obj
 0001:000041a7       _TcpGetSegmentSock         000151a7 f   Tcp4Dxe:Tcp4Output.obj
 0001:0000429a       _TcpGetSegment             0001529a f   Tcp4Dxe:Tcp4Output.obj
 0001:00004312       _TcpRetransmit             00015312 f   Tcp4Dxe:Tcp4Output.obj
 0001:0000442c       _TcpToSendData             0001542c f   Tcp4Dxe:Tcp4Output.obj
 0001:00004732       _TcpSendAck                00015732 f   Tcp4Dxe:Tcp4Output.obj
 0001:00004780       _TcpSendZeroProbe          00015780 f   Tcp4Dxe:Tcp4Output.obj
 0001:000047c9       _TcpToSendAck              000157c9 f   Tcp4Dxe:Tcp4Output.obj
 0001:00004812       _TcpSendReset              00015812 f   Tcp4Dxe:Tcp4Output.obj
 0001:00004918       _TcpVerifySegment          00015918 f   Tcp4Dxe:Tcp4Output.obj
 0001:00004981       _TcpGetUint32              00015981 f   Tcp4Dxe:Tcp4Option.obj
 0001:0000499e       _TcpPutUint32              0001599e f   Tcp4Dxe:Tcp4Option.obj
 0001:000049c1       _TcpComputeScale           000159c1 f   Tcp4Dxe:Tcp4Option.obj
 0001:00004a02       _TcpSynBuildOption         00015a02 f   Tcp4Dxe:Tcp4Option.obj
 0001:00004b2f       _TcpBuildOption            00015b2f f   Tcp4Dxe:Tcp4Option.obj
 0001:00004bc4       _TcpParseOption            00015bc4 f   Tcp4Dxe:Tcp4Option.obj
 0001:00004d3f       _TcpFastRecover            00015d3f f   Tcp4Dxe:Tcp4Input.obj
 0001:00004e36       _TcpFastLossRecover        00015e36 f   Tcp4Dxe:Tcp4Input.obj
 0001:00004e84       _TcpComputeRtt             00015e84 f   Tcp4Dxe:Tcp4Input.obj
 0001:00004f29       _TcpTrimSegment            00015f29 f   Tcp4Dxe:Tcp4Input.obj
 0001:00004fff       _TcpDeliverData            00015fff f   Tcp4Dxe:Tcp4Input.obj
 0001:0000528a       _TcpQueueData              0001628a f   Tcp4Dxe:Tcp4Input.obj
 0001:0000538f       _TcpAdjustSndQue           0001638f f   Tcp4Dxe:Tcp4Input.obj
 0001:000053dd       _TcpInput                  000163dd f   Tcp4Dxe:Tcp4Input.obj
 0001:00005e43       _TcpIcmpInput              00016e43 f   Tcp4Dxe:Tcp4Input.obj
 0001:00005ef1       _InternalBaseLibIsListValid 00016ef1 f   BaseLib:LinkedList.obj
 0001:00005f55       _InitializeListHead        00016f55 f   BaseLib:LinkedList.obj
 0001:00005f7a       _InsertHeadList            00016f7a f   BaseLib:LinkedList.obj
 0001:00005faf       _InsertTailList            00016faf f   BaseLib:LinkedList.obj
 0001:00005fe9       _GetFirstNode              00016fe9 f   BaseLib:LinkedList.obj
 0001:0000600e       _IsListEmpty               0001700e f   BaseLib:LinkedList.obj
 0001:00006036       _IsNull                    00017036 f   BaseLib:LinkedList.obj
 0001:00006062       _RemoveEntryList           00017062 f   BaseLib:LinkedList.obj
 0001:00006096       _SwapBytes32               00017096 f   BaseLib:SwapBytes32.obj
 0001:000060af       _DebugPrint                000170af f   PeiDxeDebugLibReportStatusCode:DebugLib.obj
 0001:00006206       _DebugAssert               00017206 f   PeiDxeDebugLibReportStatusCode:DebugLib.obj
 0001:00006316       _CopyMem                   00017316 f   BaseMemoryLibOptDxe:CopyMemWrapper.obj
 0001:00006377       _ZeroMem                   00017377 f   BaseMemoryLibOptDxe:ZeroMemWrapper.obj
 0001:000063bc       _CompareMem                000173bc f   BaseMemoryLibOptDxe:CompareMemWrapper.obj
 0001:0000644b       _SetMem                    0001744b f   BaseMemoryLibOptDxe:SetMemWrapper.obj
 0001:00006484       _InternalAllocatePool      00017484 f   UefiMemoryAllocationLib:MemoryAllocationLib.obj
 0001:000064a9       _InternalAllocateZeroPool  000174a9 f   UefiMemoryAllocationLib:MemoryAllocationLib.obj
 0001:000064c5       _InternalAllocateCopyPool  000174c5 f   UefiMemoryAllocationLib:MemoryAllocationLib.obj
 0001:00006522       _FreePool                  00017522 f   UefiMemoryAllocationLib:MemoryAllocationLib.obj
 0001:00006558       _UnicodeSPrint             00017558 f   BasePrintLib:PrintLib.obj
 0001:000065ad       _BasePrintLibFillBuffer    000175ad f   BasePrintLib:PrintLibInternal.obj
 0001:000065e1       _BasePrintLibValueToString 000175e1 f   BasePrintLib:PrintLibInternal.obj
 0001:00006646       _BasePrintLibSPrintMarker  00017646 f   BasePrintLib:PrintLibInternal.obj
 0001:00007212       _BasePrintLibSPrint        00018212 f   BasePrintLib:PrintLibInternal.obj
 0001:00007231       _SetDevicePathNodeLength   00018231 f   UefiDevicePathLibDevicePathProtocol:UefiDevicePathLib.obj
 0001:0000726d       _CompareIso639LanguageCode 0001826d f   UefiLib:UefiLib.obj
 0001:00007287       _EfiGetSystemConfigurationTable 00018287 f   UefiLib:UefiLib.obj
 0001:000072e1       _EfiAcquireLockOrFail      000182e1 f   UefiLib:UefiLib.obj
 0001:0000733d       _EfiReleaseLock            0001833d f   UefiLib:UefiLib.obj
 0001:0000738a       _EfiTestChildHandle        0001838a f   UefiLib:UefiLib.obj
 0001:000073f2       _LookupUnicodeString2      000183f2 f   UefiLib:UefiLib.obj
 0001:000074e3       _AddUnicodeString2         000184e3 f   UefiLib:UefiLib.obj
 0001:0000768d       _FreeUnicodeStringTable    0001868d f   UefiLib:UefiLib.obj
 0001:000076cd       _EfiLibInstallDriverBindingComponentName2 000186cd f   UefiLib:UefiDriverModel.obj
 0001:00007741       _GetHobList                00018741 f   DxeHobLib:HobLib.obj
 0001:0000779b       _GetNextHob                0001879b f   DxeHobLib:HobLib.obj
 0001:000077d8       _GetDebugPrintErrorLevel   000187d8 f   DxeDebugPrintErrorLevelLib:DxeDebugPrintErrorLevelLib.obj
 0001:000078ce       _GetDebugMask              000188ce f   DxeDebugPrintErrorLevelLib:DxeDebugPrintErrorLevelLib.obj
 0001:000078e6       _SetDebugMask              000188e6 f   DxeDebugPrintErrorLevelLib:DxeDebugPrintErrorLevelLib.obj
 0001:000078f2       _NetIp4IsUnicast           000188f2 f   DxeNetLib:DxeNetLib.obj
 0001:00007947       _NetDestroyLinkList        00018947 f   DxeNetLib:DxeNetLib.obj
 0001:000079d7       _NetLibDefaultUnload       000189d7 f   DxeNetLib:DxeNetLib.obj
 0001:00007b1c       _NetLibCreateServiceChild  00018b1c f   DxeNetLib:DxeNetLib.obj
 0001:00007b76       _NetLibDestroyServiceChild 00018b76 f   DxeNetLib:DxeNetLib.obj
 0001:00007bcb       _NetLibDefaultAddressIsStatic 00018bcb f   DxeNetLib:DxeNetLib.obj
 0001:00007c1e       _NetbufAllocStruct         00018c1e f   DxeNetLib:NetBuffer.obj
 0001:00007c9f       _NetbufAlloc               00018c9f f   DxeNetLib:NetBuffer.obj
 0001:00007d08       _NetbufFreeVector          00018d08 f   DxeNetLib:NetBuffer.obj
 0001:00007daf       _NetbufFree                00018daf f   DxeNetLib:NetBuffer.obj
 0001:00007e1b       _NetbufFreeList            00018e1b f   DxeNetLib:NetBuffer.obj
 0001:00007e89       _NetbufGetByte             00018e89 f   DxeNetLib:NetBuffer.obj
 0001:00007ef6       _NetbufSetBlock            00018ef6 f   DxeNetLib:NetBuffer.obj
 0001:00007f8b       _NetbufFromExt             00018f8b f   DxeNetLib:NetBuffer.obj
 0001:00008022       _NetbufReserve             00019022 f   DxeNetLib:NetBuffer.obj
 0001:000080d2       _NetbufAllocSpace          000190d2 f   DxeNetLib:NetBuffer.obj
 0001:000081ee       _NetblockTrim              000191ee f   DxeNetLib:NetBuffer.obj
 0001:00008227       _NetbufTrim                00019227 f   DxeNetLib:NetBuffer.obj
 0001:000082c4       _NetbufCopy                000192c4 f   DxeNetLib:NetBuffer.obj
 0001:00008409       _NetbufQueAlloc            00019409 f   DxeNetLib:NetBuffer.obj
 0001:00008443       _NetbufQueFree             00019443 f   DxeNetLib:NetBuffer.obj
 0001:00008496       _NetbufQueAppend           00019496 f   DxeNetLib:NetBuffer.obj
 0001:000084f6       _NetbufQueCopy             000194f6 f   DxeNetLib:NetBuffer.obj
 0001:00008634       _NetbufQueTrim             00019634 f   DxeNetLib:NetBuffer.obj
 0001:000086ca       _NetbufQueFlush            000196ca f   DxeNetLib:NetBuffer.obj
 0001:00008700       _NetblockChecksum          00019700 f   DxeNetLib:NetBuffer.obj
 0001:0000873c       _NetAddChecksum            0001973c f   DxeNetLib:NetBuffer.obj
 0001:00008754       _NetbufChecksum            00019754 f   DxeNetLib:NetBuffer.obj
 0001:000087ce       _NetPseudoHeadChecksum     000197ce f   DxeNetLib:NetBuffer.obj
 0001:00008806       _IpIoCreateIpChildOpenProtocol 00019806 f   DxeIpIoLib:DxeIpIoLib.obj
 0001:00008883       _IpIoCloseProtocolDestroyIpChild 00019883 f   DxeIpIoLib:DxeIpIoLib.obj
 0001:000088da       _IpIoIcmpv4Handler         000198da f   DxeIpIoLib:DxeIpIoLib.obj
 0001:000089d3       _IpIoIcmpv6Handler         000199d3 f   DxeIpIoLib:DxeIpIoLib.obj
 0001:00008acf       _IpIoExtFree               00019acf f   DxeIpIoLib:DxeIpIoLib.obj
 0001:00008ad7       _IpIoCreateSndEntry        00019ad7 f   DxeIpIoLib:DxeIpIoLib.obj
 0001:00008c85       _IpIoDestroySndEntry       00019c85 f   DxeIpIoLib:DxeIpIoLib.obj
 0001:00008ce2       _IpIoTransmitHandlerDpc    00019ce2 f   DxeIpIoLib:DxeIpIoLib.obj
 0001:00008d1e       _IpIoTransmitHandler       00019d1e f   DxeIpIoLib:DxeIpIoLib.obj
 0001:00008d35       _IpIoDummyHandlerDpc       00019d35 f   DxeIpIoLib:DxeIpIoLib.obj
 0001:00008da0       _IpIoDummyHandler          00019da0 f   DxeIpIoLib:DxeIpIoLib.obj
 0001:00008db7       _IpIoListenHandlerDpc      00019db7 f   DxeIpIoLib:DxeIpIoLib.obj
 0001:00008fb7       _IpIoListenHandler         00019fb7 f   DxeIpIoLib:DxeIpIoLib.obj
 0001:00008fcf       _IpIoCreate                00019fcf f   DxeIpIoLib:DxeIpIoLib.obj
 0001:0000906f       _IpIoOpen                  0001a06f f   DxeIpIoLib:DxeIpIoLib.obj
 0001:00009195       _IpIoStop                  0001a195 f   DxeIpIoLib:DxeIpIoLib.obj
 0001:00009230       _IpIoDestroy               0001a230 f   DxeIpIoLib:DxeIpIoLib.obj
 0001:0000925b       _IpIoSend                  0001a25b f   DxeIpIoLib:DxeIpIoLib.obj
 0001:000092ef       _IpIoAddIp                 0001a2ef f   DxeIpIoLib:DxeIpIoLib.obj
 0001:000093c6       _IpIoConfigIp              0001a3c6 f   DxeIpIoLib:DxeIpIoLib.obj
 0001:00009568       _IpIoRemoveIp              0001a568 f   DxeIpIoLib:DxeIpIoLib.obj
 0001:000095fd       _IpIoFindSender            0001a5fd f   DxeIpIoLib:DxeIpIoLib.obj
 0001:00009663       _IpIoGetIcmpErrStatus      0001a663 f   DxeIpIoLib:DxeIpIoLib.obj
 0001:0000971f       _InternalGetReportStatusCode 0001a71f f   DxeReportStatusCodeLib:ReportStatusCodeLib.obj
 0001:00009758       _InternalReportStatusCode  0001a758 f   DxeReportStatusCodeLib:ReportStatusCodeLib.obj
 0001:0000979f       _ReportStatusCodeEx        0001a79f f   DxeReportStatusCodeLib:ReportStatusCodeLib.obj
 0001:000098f3       _InternalSafeStringIsOverlap 0001a8f3 f   BaseLib:SafeString.obj
 0001:00009919       _StrnLenS                  0001a919 f   BaseLib:SafeString.obj
 0001:0000995e       _AsciiStrnLenS             0001a95e f   BaseLib:SafeString.obj
 0001:00009985       _AsciiStrCpyS              0001a985 f   BaseLib:SafeString.obj
 0001:00009a46       _StrLen                    0001aa46 f   BaseLib:String.obj
 0001:00009aae       _StrSize                   0001aaae f   BaseLib:String.obj
 0001:00009abb       _AsciiStrLen               0001aabb f   BaseLib:String.obj
 0001:00009b06       _AsciiStrnCmp              0001ab06 f   BaseLib:String.obj
 0001:00009b96       _ReadUnaligned16           0001ab96 f   BaseLib:Unaligned.obj
 0001:00009bb5       _ReadUnaligned24           0001abb5 f   BaseLib:Unaligned.obj
 0001:00009bd8       _ReadUnaligned64           0001abd8 f   BaseLib:Unaligned.obj
 0001:00009bfb       _WriteUnaligned64          0001abfb f   BaseLib:Unaligned.obj
 0001:00009c26       _CopyGuid                  0001ac26 f   BaseMemoryLibOptDxe:MemLibGuid.obj
 0001:00009c56       _CompareGuid               0001ac56 f   BaseMemoryLibOptDxe:MemLibGuid.obj
 0002:00000038       ??_C@_0CB@DMEJJJHA@?6ASSERT_EFI_ERROR?5?$CIStatus?5?$DN?5?$CFr?$CJ?6@ 0001b038     UefiDriverEntryPoint:DriverEntryPoint.obj
 0002:0000005c       ??_C@_0BE@DCHLEIGN@?$CBEFI_ERROR?5?$CIStatus?$CJ?$AA@ 0001b05c     UefiDriverEntryPoint:DriverEntryPoint.obj
 0002:00000070       ??_C@_0DP@IIJLMAMA@c?3?2edk2?2MdePkg?2Library?2UefiDrive@ 0001b070     UefiDriverEntryPoint:DriverEntryPoint.obj
 0002:000000b0       ??_C@_07PIHCPBDF@Tcp4Dxe?$AA@ 0001b0b0     Tcp4Dxe:AutoGen.obj
 0002:000000b8       ??_C@_0GL@FHBIHCGG@c?3?2edk2?2Build?2NT32IA32?2DEBUG_VS2@ 0001b0b8     Tcp4Dxe:AutoGen.obj
 0002:00000124       ??_C@_0BG@GIKPCLDE@mTcp4Timer?4RefCnt?5?$DO?50?$AA@ 0001b124     Tcp4Dxe:Tcp4Driver.obj
 0002:0000013c       ??_C@_0DM@LHIECAOP@c?3?2edk2?2MdeModulePkg?2Universal?2N@ 0001b13c     Tcp4Dxe:Tcp4Driver.obj
 0002:00000178       ??_C@_0BF@NDBIKIKC@CR?5has?5Bad?5Signature?$AA@ 0001b178     Tcp4Dxe:Tcp4Driver.obj
 0002:00000190       ??_C@_0EO@BNGCHFIH@Tcp4DriverBindingStart?3?5Have?5no?5@ 0001b190     Tcp4Dxe:Tcp4Driver.obj
 0002:000001e0       ??_C@_0EE@JOPJBODE@Tcp4DriverBindingStart?3?5Have?5no?5@ 0001b1e0     Tcp4Dxe:Tcp4Driver.obj
 0002:00000224       ??_C@_0DO@ONBEDDAG@Tcp4DriverBindingStart?3?5Create?5T@ 0001b224     Tcp4Dxe:Tcp4Driver.obj
 0002:00000268       ??_C@_0EN@CDOFFOHD@Tcp4DriverBindingStart?3?5Install?5@ 0001b268     Tcp4Dxe:Tcp4Driver.obj
 0002:000002b8       ??_C@_0EN@GAOHBIJF@Tcp4DriverBindingStop?3?5Locate?5Tc@ 0001b2b8     Tcp4Dxe:Tcp4Driver.obj
 0002:00000308       ??_C@_0EB@OLOLJJFH@Tcp4DriverBindingCreateChild?3?5No@ 0001b308     Tcp4Dxe:Tcp4Driver.obj
 0002:0000034c       _mTcp4ServiceBinding       0001b34c     Tcp4Dxe:Tcp4Driver.obj
 0002:00000354       ??_C@_0DK@JNALKOI@c?3?2edk2?2MdeModulePkg?2Universal?2N@ 0001b354     Tcp4Dxe:Tcp4Main.obj
 0002:00000390       ??_C@_03LKLGDMJI@eng?$AA@  0001b390     Tcp4Dxe:ComponentName.obj
 0002:00000394       ??_C@_02LFNMGJAP@en?$AA@   0001b394     Tcp4Dxe:ComponentName.obj
 0002:00000398       ??_C@_06DALJLGPG@eng?$DLen?$AA@ 0001b398     Tcp4Dxe:ComponentName.obj
 0002:000003a0       ??_C@_1DG@JGBMJLDF@?$AAT?$AAc?$AAp?$AA?5?$AAN?$AAe?$AAt?$AAw?$AAo?$AAr?$AAk?$AA?5?$AAS?$AAe?$AAr?$AAv?$AAi?$AAc?$AAe?$AA?5?$AAD?$AAr?$AAi?$AAv?$AAe?$AAr?$AA?$AA@ 0001b3a0     Tcp4Dxe:ComponentName.obj
 0002:000003d8       ??_C@_19ELAAHEEL@?$AAT?$AAR?$AAU?$AAE?$AA?$AA@ 0001b3d8     Tcp4Dxe:ComponentName.obj
 0002:000003e4       ??_C@_1M@HCOOECOK@?$AAF?$AAA?$AAL?$AAS?$AAE?$AA?$AA@ 0001b3e4     Tcp4Dxe:ComponentName.obj
 0002:000003f0       ??_C@_1FO@IPPLECM@?$AAT?$AAC?$AAP?$AAv?$AA4?$AA?5?$AA?$CI?$AAS?$AAr?$AAc?$AAP?$AAo?$AAr?$AAt?$AA?$DN?$AA?$CF?$AAd?$AA?0?$AA?5?$AAD?$AAe?$AAs?$AAt?$AAP?$AAo?$AAr?$AAt?$AA?$DN?$AA?$CF?$AAd?$AA?0?$AA?5@ 0001b3f0     Tcp4Dxe:ComponentName.obj
 0002:00000450       ??_C@_1CI@DMBONAAI@?$AAT?$AAC?$AAP?$AAv?$AA4?$AA?5?$AA?$CI?$AAN?$AAo?$AAt?$AA?5?$AAs?$AAt?$AAa?$AAr?$AAt?$AAe?$AAd?$AA?$CJ?$AA?$AA@ 0001b450     Tcp4Dxe:ComponentName.obj
 0002:00000478       ??_C@_0DE@HDACILPM@SockBufferIOToken?3?5No?5Memory?5to?5@ 0001b478     Tcp4Dxe:SockInterface.obj
 0002:000004ac       ??_C@_0DP@GOHFACGD@?$CISock?5?$CB?$DN?5?$CI?$CIvoid?5?$CK?$CJ?50?$CJ?$CJ?5?$CG?$CG?5?$CISock?9@ 0001b4ac     Tcp4Dxe:SockInterface.obj
 0002:000004ec       ??_C@_0DP@EHIOBBDE@c?3?2edk2?2MdeModulePkg?2Universal?2N@ 0001b4ec     Tcp4Dxe:SockInterface.obj
 0002:0000052c       ??_C@_0BE@CLBLKENM@Tcb?5?$CB?$DN?5?$CI?$CIvoid?5?$CK?$CJ?50?$CJ?$AA@ 0001b52c     Tcp4Dxe:SockInterface.obj
 0002:00000540       ??_C@_0EE@FOFLLEEG@SockDestroyChild?3?5Open?5protocol?5@ 0001b540     Tcp4Dxe:SockInterface.obj
 0002:00000588       ??_C@_0EA@DJBDANEJ@SockDestroyChild?3?5Get?5the?5lock?5t@ 0001b588     Tcp4Dxe:SockInterface.obj
 0002:000005c8       ??_C@_0DJ@KAODAPAC@SockDestroyChild?3?5Protocol?5detac@ 0001b5c8     Tcp4Dxe:SockInterface.obj
 0002:00000604       ??_C@_0DF@NBHAGCFB@SockCreateChild?3?5No?5resource?5to?5@ 0001b604     Tcp4Dxe:SockInterface.obj
 0002:0000063c       ??_C@_0DP@KEEICHIG@SockCreateChild?3?5Get?5the?5lock?5to@ 0001b63c     Tcp4Dxe:SockInterface.obj
 0002:0000067c       ??_C@_0DN@MNCCAGOB@SockCreateChild?3?5Protocol?5failed@ 0001b67c     Tcp4Dxe:SockInterface.obj
 0002:000006bc       ??_C@_0DI@JCNEGHBA@SockConfigure?3?5Get?5the?5access?5fo@ 0001b6bc     Tcp4Dxe:SockInterface.obj
 0002:000006f4       ??_C@_0BB@BOPPMIFL@Sock?9?$DOState?5?$DN?$DN?50?$AA@ 0001b6f4     Tcp4Dxe:SockInterface.obj
 0002:00000708       ??_C@_0DG@HEAAIPHA@SockConnect?3?5Get?5the?5access?5for?5@ 0001b708     Tcp4Dxe:SockInterface.obj
 0002:00000740       ??_C@_0BJ@CEHICELN@SockStream?5?$DN?$DN?5Sock?9?$DOType?$AA@ 0001b740     Tcp4Dxe:SockInterface.obj
 0002:0000075c       ??_C@_0DF@BIKGHOHM@SockAccept?3?5Get?5the?5access?5for?5s@ 0001b75c     Tcp4Dxe:SockInterface.obj
 0002:00000794       ??_C@_0BP@HEBNJKJJ@Socket?9?$DOParent?5?$CB?$DN?5?$CI?$CIvoid?5?$CK?$CJ?50?$CJ?$AA@ 0001b794     Tcp4Dxe:SockInterface.obj
 0002:000007b4       ??_C@_0DB@BLKJJOFH@SockAccept?3?5Accept?5a?5socket?0?5now@ 0001b7b4     Tcp4Dxe:SockInterface.obj
 0002:000007e8       ??_C@_0DD@CJKGKBDK@SockSend?3?5Get?5the?5access?5for?5soc@ 0001b7e8     Tcp4Dxe:SockInterface.obj
 0002:00000820       ??_C@_0EK@COMFDOKO@SockSend?3?5Failed?5to?5buffer?5IO?5to@ 0001b820     Tcp4Dxe:SockInterface.obj
 0002:0000086c       ??_C@_0CG@MELMGPIA@SockSend?3?5Failed?5to?5process?5Snd?5@ 0001b86c     Tcp4Dxe:SockInterface.obj
 0002:00000894       ??_C@_0DC@HOGGOGIE@SockRcv?3?5Get?5the?5access?5for?5sock@ 0001b894     Tcp4Dxe:SockInterface.obj
 0002:000008c8       ??_C@_0DE@DOJDBFBK@SockFlush?3?5Get?5the?5access?5for?5so@ 0001b8c8     Tcp4Dxe:SockInterface.obj
 0002:000008fc       ??_C@_0DH@JFJOBMNI@SockFlush?3?5Protocol?5failed?5handl@ 0001b8fc     Tcp4Dxe:SockInterface.obj
 0002:00000934       ??_C@_0DE@NLDNBBAF@SockClose?3?5Get?5the?5access?5for?5so@ 0001b934     Tcp4Dxe:SockInterface.obj
 0002:00000968       ??_C@_0DE@MKJLLDFK@SockRoute?3?5Get?5the?5access?5for?5so@ 0001b968     Tcp4Dxe:SockInterface.obj
 0002:000009a0       ??_C@_0FC@NPCDDJDK@TcpConnectTimeout?3?5connection?5cl@ 0001b9a0     Tcp4Dxe:Tcp4Timer.obj
 0002:000009f8       ??_C@_0EL@GNJPLHDH@TcpConnectTimeout?3?5send?5reset?5be@ 0001b9f8     Tcp4Dxe:Tcp4Timer.obj
 0002:00000a44       ??_C@_0DD@PCAJGKDJ@TcpRexmitTimeout?3?5transmission?5t@ 0001ba44     Tcp4Dxe:Tcp4Timer.obj
 0002:00000a78       ??_C@_0EK@HDLEKPHN@TcpRexmitTimeout?3?5connection?5clo@ 0001ba78     Tcp4Dxe:Tcp4Timer.obj
 0002:00000ac4       ??_C@_0CI@JPMLJJAP@?$CI?$CITcb?9?$DOEnabledTimer?$CJ?5?$CG?5?$CI1?5?$DM?$DM?5?$CI1?$CJ@ 0001bac4     Tcp4Dxe:Tcp4Timer.obj
 0002:00000aec       ??_C@_0DL@KFMLDLHN@c?3?2edk2?2MdeModulePkg?2Universal?2N@ 0001baec     Tcp4Dxe:Tcp4Timer.obj
 0002:00000b28       ??_C@_0FD@ONCPLGFH@TcpFinwait2Timeout?3?5connection?5c@ 0001bb28     Tcp4Dxe:Tcp4Timer.obj
 0002:00000b80       ??_C@_0EP@BJKHABKF@Tcp2MSLTimeout?3?5connection?5close@ 0001bb80     Tcp4Dxe:Tcp4Timer.obj
 0002:00000bd0       _mTcpTimerHandler          0001bbd0     Tcp4Dxe:Tcp4Timer.obj
 0002:00000be8       ??_C@_1BG@NHEIAOIF@?$AAT?$AAC?$AAP?$AA_?$AAC?$AAL?$AAO?$AAS?$AAE?$AAD?$AA?$AA@ 0001bbe8     Tcp4Dxe:Tcp4Misc.obj
 0002:00000c00       ??_C@_1BG@EBJFEFHI@?$AAT?$AAC?$AAP?$AA_?$AAL?$AAI?$AAS?$AAT?$AAE?$AAN?$AA?$AA@ 0001bc00     Tcp4Dxe:Tcp4Misc.obj
 0002:00000c18       ??_C@_1BK@ENPBPIMG@?$AAT?$AAC?$AAP?$AA_?$AAS?$AAY?$AAN?$AA_?$AAS?$AAE?$AAN?$AAT?$AA?$AA@ 0001bc18     Tcp4Dxe:Tcp4Misc.obj
 0002:00000c34       ??_C@_1BK@NLMAENBG@?$AAT?$AAC?$AAP?$AA_?$AAS?$AAY?$AAN?$AA_?$AAR?$AAC?$AAV?$AAD?$AA?$AA@ 0001bc34     Tcp4Dxe:Tcp4Misc.obj
 0002:00000c50       ??_C@_1CA@OALDCBFH@?$AAT?$AAC?$AAP?$AA_?$AAE?$AAS?$AAT?$AAA?$AAB?$AAL?$AAI?$AAS?$AAH?$AAE?$AAD?$AA?$AA@ 0001bc50     Tcp4Dxe:Tcp4Misc.obj
 0002:00000c70       ??_C@_1BO@KCLKOCDM@?$AAT?$AAC?$AAP?$AA_?$AAF?$AAI?$AAN?$AA_?$AAW?$AAA?$AAI?$AAT?$AA_?$AA1?$AA?$AA@ 0001bc70     Tcp4Dxe:Tcp4Misc.obj
 0002:00000c90       ??_C@_1BO@LAAPENNC@?$AAT?$AAC?$AAP?$AA_?$AAF?$AAI?$AAN?$AA_?$AAW?$AAA?$AAI?$AAT?$AA_?$AA2?$AA?$AA@ 0001bc90     Tcp4Dxe:Tcp4Misc.obj
 0002:00000cb0       ??_C@_1BI@FBLLMAOM@?$AAT?$AAC?$AAP?$AA_?$AAC?$AAL?$AAO?$AAS?$AAI?$AAN?$AAG?$AA?$AA@ 0001bcb0     Tcp4Dxe:Tcp4Misc.obj
 0002:00000cc8       ??_C@_1BM@HIDKGINB@?$AAT?$AAC?$AAP?$AA_?$AAT?$AAI?$AAM?$AAE?$AA_?$AAW?$AAA?$AAI?$AAT?$AA?$AA@ 0001bcc8     Tcp4Dxe:Tcp4Misc.obj
 0002:00000ce4       ??_C@_1BO@DMHHAOEK@?$AAT?$AAC?$AAP?$AA_?$AAC?$AAL?$AAO?$AAS?$AAE?$AA_?$AAW?$AAA?$AAI?$AAT?$AA?$AA@ 0001bce4     Tcp4Dxe:Tcp4Misc.obj
 0002:00000d04       ??_C@_1BK@IKFBPDDN@?$AAT?$AAC?$AAP?$AA_?$AAL?$AAA?$AAS?$AAT?$AA_?$AAA?$AAC?$AAK?$AA?$AA@ 0001bd04     Tcp4Dxe:Tcp4Misc.obj
 0002:00000d20       ??_C@_0EI@HAJIBJBF@?$CITcb?5?$CB?$DN?5?$CI?$CIvoid?5?$CK?$CJ?50?$CJ?$CJ?5?$CG?$CG?5?$CISeg?5?$CB?$DN@ 0001bd20     Tcp4Dxe:Tcp4Misc.obj
 0002:00000d68       ??_C@_0DK@DNLJGPHL@c?3?2edk2?2MdeModulePkg?2Universal?2N@ 0001bd68     Tcp4Dxe:Tcp4Misc.obj
 0002:00000da4       ??_C@_0CK@ICAGNFAL@?$CI?$CIBOOLEAN?$CJ?5?$CI?$CI?$CISeg?9?$DOFlag?$CJ?5?$CG?5?$CI0x02@ 0001bda4     Tcp4Dxe:Tcp4Misc.obj
 0002:00000dd0       ??_C@_0CG@KEIMGIID@?$CIAddr?5?$CB?$DN?5?$CI?$CIvoid?5?$CK?$CJ?50?$CJ?$CJ?5?$CG?$CG?5?$CIPort?5@ 0001bdd0     Tcp4Dxe:Tcp4Misc.obj
 0002:00000df8       ??_C@_0GM@BEOHBICI@?$CITcb?5?$CB?$DN?5?$CI?$CIvoid?5?$CK?$CJ?50?$CJ?$CJ?5?$CG?$CG?5?$CI?$CITcb?9?$DO@ 0001bdf8     Tcp4Dxe:Tcp4Misc.obj
 0002:00000e64       ??_C@_0CF@HOEIJDDO@TcpCloneTcb?3?5failed?5to?5clone?5a?5s@ 0001be64     Tcp4Dxe:Tcp4Misc.obj
 0002:00000e8c       ??_C@_0BF@JBJKFPJP@Sock?5?$CB?$DN?5?$CI?$CIvoid?5?$CK?$CJ?50?$CJ?$AA@ 0001be8c     Tcp4Dxe:Tcp4Misc.obj
 0002:00000ea4       ??_C@_0BD@BFPDEMKP@Ip?5?$CB?$DN?5?$CI?$CIvoid?5?$CK?$CJ?50?$CJ?$AA@ 0001bea4     Tcp4Dxe:Tcp4Misc.obj
 0002:00000eb8       ??_C@_0DK@FDCAJGNL@Tcb?9?$DOState?5?$DM?5?$CIsizeof?5?$CImTcpStateN@ 0001beb8     Tcp4Dxe:Tcp4Misc.obj
 0002:00000ef4       ??_C@_0DF@PAMCGNLL@State?5?$DM?5?$CIsizeof?5?$CImTcpStateName?$CJ?5@ 0001bef4     Tcp4Dxe:Tcp4Misc.obj
 0002:00000f2c       ??_C@_0BK@DHILLADA@Tcb?5?$CI?$CFp?$CJ?5state?5?$CFs?5?9?9?$DO?5?$CFs?6?$AA@ 0001bf2c     Tcp4Dxe:Tcp4Misc.obj
 0002:00000f48       ??_C@_0BF@FBEMMEEB@Head?5?$CB?$DN?5?$CI?$CIvoid?5?$CK?$CJ?50?$CJ?$AA@ 0001bf48     Tcp4Dxe:Tcp4Misc.obj
 0002:00000f60       ??_C@_0BG@COFFMKLF@Nhead?5?$CB?$DN?5?$CI?$CIvoid?5?$CK?$CJ?50?$CJ?$AA@ 0001bf60     Tcp4Dxe:Tcp4Misc.obj
 0002:00000f78       ??_C@_0EB@BEPCGDLM@TcpOnAppClose?3?5connection?5reset?5@ 0001bf78     Tcp4Dxe:Tcp4Misc.obj
 0002:00000fc0       ??_C@_0EC@JBPMOOFI@TcpOnAppConsume?3?5send?5a?5window?5u@ 0001bfc0     Tcp4Dxe:Tcp4Misc.obj
 0002:00001008       ??_C@_0EG@ONPPMBKF@TcpOnAppConsume?3?5scheduled?5a?5del@ 0001c008     Tcp4Dxe:Tcp4Misc.obj
 0002:00001050       ??_C@_0EC@OOJMHNAK@TcpOnAppAbort?3?5connection?5reset?5@ 0001c050     Tcp4Dxe:Tcp4Misc.obj
 0002:000010a0       _mTcpStateName             0001c0a0     Tcp4Dxe:Tcp4Misc.obj
 0002:000010cc       ??_C@_0CL@OCJOEBOP@TcpSendIpPacket?3?5No?5appropriate?5@ 0001c0cc     Tcp4Dxe:Tcp4Io.obj
 0002:000010f8       ??_C@_0CC@GHLGNDAG@TcpSendIpPacket?3?5return?5?$CFr?5error@ 0001c0f8     Tcp4Dxe:Tcp4Io.obj
 0002:0000111c       ??_C@_0BE@FHMKCEAK@Ip4?5?$CB?$DN?5?$CI?$CIvoid?5?$CK?$CJ?50?$CJ?$AA@ 0001c11c     Tcp4Dxe:Tcp4Dispatcher.obj
 0002:00001130       ??_C@_0EA@LIAJLGEB@c?3?2edk2?2MdeModulePkg?2Universal?2N@ 0001c130     Tcp4Dxe:Tcp4Dispatcher.obj
 0002:00001170       ??_C@_0DB@NGFPKMFK@Tcp4Bind?3?5no?5port?5can?5be?5allocat@ 0001c170     Tcp4Dxe:Tcp4Dispatcher.obj
 0002:000011a4       ??_C@_0CM@HJEBHIGC@Tcp4ConfigurePcb?3?5failed?5to?5allo@ 0001c1a4     Tcp4Dxe:Tcp4Dispatcher.obj
 0002:000011d0       ??_C@_0FG@LCOHCDFI@?$CICfgData?5?$CB?$DN?5?$CI?$CIvoid?5?$CK?$CJ?50?$CJ?$CJ?5?$CG?$CG?5?$CISk@ 0001c1d0     Tcp4Dxe:Tcp4Dispatcher.obj
 0002:00001228       ??_C@_0DA@EPBNLJCO@Tcp4ConfigurePcb?3?5Bind?5endpoint?5@ 0001c228     Tcp4Dxe:Tcp4Dispatcher.obj
 0002:00001258       ??_C@_0EM@HCKADPHN@Tcb?9?$DOState?5?$DN?$DN?50?5?$CG?$CG?5IsListEmpty?5?$CI@ 0001c258     Tcp4Dxe:Tcp4Dispatcher.obj
 0002:000012a4       ??_C@_0DA@CGCACGEK@?$CIData?5?$CB?$DN?5?$CI?$CIvoid?5?$CK?$CJ?50?$CJ?$CJ?5?$CG?$CG?5?$CITcb?5?$CB@ 0001c2a4     Tcp4Dxe:Tcp4Dispatcher.obj
 0002:000012d8       ??_C@_0EI@JINEIAIH@?$CISockBuffer?5?$CB?$DN?5?$CI?$CIvoid?5?$CK?$CJ?50?$CJ?$CJ?5?$CG?$CG?5@ 0001c2d8     Tcp4Dxe:SockImpl.obj
 0002:00001320       ??_C@_0DK@GHOIAJCL@c?3?2edk2?2MdeModulePkg?2Universal?2N@ 0001c320     Tcp4Dxe:SockImpl.obj
 0002:0000135c       ??_C@_0BM@BAENILHI@RcvBufEntry?5?$CB?$DN?5?$CI?$CIvoid?5?$CK?$CJ?50?$CJ?$AA@ 0001c35c     Tcp4Dxe:SockImpl.obj
 0002:00001378       ??_C@_0CA@GKLNBCKH@RxData?9?$DODataLength?5?$DO?$DN?5RcvdBytes?$AA@ 0001c378     Tcp4Dxe:SockImpl.obj
 0002:00001398       ??_C@_0DG@OLLDCMEP@SockKProcessSndData?3?5Failed?5to?5c@ 0001c398     Tcp4Dxe:SockImpl.obj
 0002:000013d0       ??_C@_0DN@FAEEONGK@?$CISock?5?$CB?$DN?5?$CI?$CIvoid?5?$CK?$CJ?50?$CJ?$CJ?5?$CG?$CG?5?$CIPendi@ 0001c3d0     Tcp4Dxe:SockImpl.obj
 0002:00001410       ??_C@_0CG@NPEDHFDK@Sock?9?$DOConnectionToken?5?$CB?$DN?5?$CI?$CIvoid?5@ 0001c410     Tcp4Dxe:SockImpl.obj
 0002:00001438       ??_C@_0EL@DFFNMNI@?$CIParent?5?$CB?$DN?5?$CI?$CIvoid?5?$CK?$CJ?50?$CJ?$CJ?5?$CG?$CG?5?$CI?$CIPa@ 0001c438     Tcp4Dxe:SockImpl.obj
 0002:00001484       ??_C@_0DI@ILDOHNHM@SockWakeListenToken?3?5accept?5a?5so@ 0001c484     Tcp4Dxe:SockImpl.obj
 0002:000014bc       ??_C@_0CK@JNDFFOGB@Sock?9?$DORcvBuffer?4DataQueue?5?$CB?$DN?5?$CI?$CIv@ 0001c4bc     Tcp4Dxe:SockImpl.obj
 0002:000014e8       ??_C@_0O@PMDBAPOH@RcvdBytes?5?$DO?50?$AA@ 0001c4e8     Tcp4Dxe:SockImpl.obj
 0002:000014f8       ??_C@_0DF@COAAPGBA@?$CISock?5?$CB?$DN?5?$CI?$CIvoid?5?$CK?$CJ?50?$CJ?$CJ?5?$CG?$CG?5?$CISockS@ 0001c4f8     Tcp4Dxe:SockImpl.obj
 0002:00001530       ??_C@_0EP@CPLBLBEL@?$CISockInitData?5?$CB?$DN?5?$CI?$CIvoid?5?$CK?$CJ?50?$CJ?$CJ?5?$CG@ 0001c530     Tcp4Dxe:SockImpl.obj
 0002:00001580       ??_C@_0CB@ILIIBGPF@SockInitData?9?$DOType?5?$DN?$DN?5SockStream@ 0001c580     Tcp4Dxe:SockImpl.obj
 0002:000015a8       ??_C@_0EM@OCAFLBOG@?$CISockInitData?9?$DOProtoData?5?$CB?$DN?5?$CI?$CIvo@ 0001c5a8     Tcp4Dxe:SockImpl.obj
 0002:000015f8       ??_C@_0FL@PEJBEBIL@SockCreate?3?5Socket?5parent?5has?5re@ 0001c5f8     Tcp4Dxe:SockImpl.obj
 0002:00001654       ??_C@_0DA@NLLIPIHL@SockCreate?3?5No?5resource?5to?5creat@ 0001c654     Tcp4Dxe:SockImpl.obj
 0002:00001684       ??_C@_0DO@KMNGAMAA@SockCreate?3?5No?5resource?5to?5alloc@ 0001c684     Tcp4Dxe:SockImpl.obj
 0002:000016c4       ??_C@_0DO@JPKGFAOH@SockCreate?3?5No?5resource?5to?5alloc@ 0001c6c4     Tcp4Dxe:SockImpl.obj
 0002:00001704       ??_C@_0DL@MFINPJKO@SockCreate?3?5Install?5TCP?5protocol@ 0001c704     Tcp4Dxe:SockImpl.obj
 0002:00001740       ??_C@_0BE@EJIINIMH@Parent?9?$DOBackLog?5?$DO?50?$AA@ 0001c740     Tcp4Dxe:SockImpl.obj
 0002:00001754       ??_C@_0BH@OFJIDOHE@?$CI?$CIParent?$CJ?9?$DOState?5?$DN?$DN?51?$CJ?$AA@ 0001c754     Tcp4Dxe:SockImpl.obj
 0002:00001770       ??_C@_0EG@NFJFAPAN@SockCreate?3?5Create?5a?5new?5socket?5@ 0001c770     Tcp4Dxe:SockImpl.obj
 0002:000017b8       ??_C@_0EG@KJFDCIGA@SockDestroy?3?5Delete?5a?5unaccepted@ 0001c7b8     Tcp4Dxe:SockImpl.obj
 0002:00001800       ??_C@_0DA@HJKMBOFG@SockClone?3?5no?5resource?5to?5create@ 0001c800     Tcp4Dxe:SockImpl.obj
 0002:00001830       ??_C@_0BB@OLLKPCGG@2?5?$DN?$DN?5Sock?9?$DOState?$AA@ 0001c830     Tcp4Dxe:SockImpl.obj
 0002:00001844       ??_C@_0CN@EPFNEOFN@?$CBIsListEmpty?5?$CI?$CGSock?9?$DOProcessingS@ 0001c844     Tcp4Dxe:SockImpl.obj
 0002:00001874       ??_C@_0CO@MLMDPHLK@Count?5?$DM?$DN?5?$CISock?9?$DOSndBuffer?4DataQu@ 0001c874     Tcp4Dxe:SockImpl.obj
 0002:000018a4       ??_C@_0DD@MOPLGMFP@?$CISock?5?$CB?$DN?5?$CI?$CIvoid?5?$CK?$CJ?50?$CJ?$CJ?5?$CG?$CG?5SockSt@ 0001c8a4     Tcp4Dxe:SockImpl.obj
 0002:000018d8       ??_C@_0GI@LFLFCPBI@?$CISock?5?$CB?$DN?5?$CI?$CIvoid?5?$CK?$CJ?50?$CJ?$CJ?5?$CG?$CG?5?$CISock?9@ 0001c8d8     Tcp4Dxe:SockImpl.obj
 0002:00001940       ??_C@_0DJ@MFIMLJIM@?$CISock?5?$CB?$DN?5?$CI?$CIvoid?5?$CK?$CJ?50?$CJ?$CJ?5?$CG?$CG?5?$CI?$CI0?5?$DN?$DN@ 0001c940     Tcp4Dxe:SockImpl.obj
 0002:0000197c       ??_C@_0CO@PJLFDEHL@0?5?$DN?$DN?5?$CI?$CI?$CISock?$CJ?9?$DORcvBuffer?4DataQue@ 0001c97c     Tcp4Dxe:SockImpl.obj
 0002:000019ac       ??_C@_0BD@KINAEDKH@Sk?5?$CB?$DN?5?$CI?$CIvoid?5?$CK?$CJ?50?$CJ?$AA@ 0001c9ac     Tcp4Dxe:Tcp4Output.obj
 0002:000019c0       ??_C@_0DM@KKMPGBGG@c?3?2edk2?2MdeModulePkg?2Universal?2N@ 0001c9c0     Tcp4Dxe:Tcp4Output.obj
 0002:00001a00       ??_C@_0EK@GGBPDEDG@?$CI?$CIINT32?$CJ?5?$CI?$CITcb?9?$DOSndNxt?$CJ?5?9?5?$CI?$CI?$CITCP@ 0001ca00     Tcp4Dxe:Tcp4Output.obj
 0002:00001a4c       ??_C@_0DC@FLNFOIDB@TcpDataToSend?3?5enter?5persistent?5@ 0001ca4c     Tcp4Dxe:Tcp4Output.obj
 0002:00001a80       ??_C@_0FI@DDFLPHHH@?$CINbuf?5?$CB?$DN?5?$CI?$CIvoid?5?$CK?$CJ?50?$CJ?$CJ?5?$CG?$CG?5?$CINbuf?9@ 0001ca80     Tcp4Dxe:Tcp4Output.obj
 0002:00001ad8       ??_C@_0BO@JOEHPCF@?$CILen?5?$CF?54?5?$DN?$DN?50?$CJ?5?$CG?$CG?5?$CILen?5?$DM?$DN?540?$CJ?$AA@ 0001cad8     Tcp4Dxe:Tcp4Output.obj
 0002:00001af8       ??_C@_0EN@CIOEAHHL@?$CITcb?5?$CB?$DN?5?$CI?$CIvoid?5?$CK?$CJ?50?$CJ?$CJ?5?$CG?$CG?5?$CI?$CIINT32@ 0001caf8     Tcp4Dxe:Tcp4Output.obj
 0002:00001b48       ??_C@_0M@OLNEMNEG@Cur?5?$CB?$DN?5Head?$AA@ 0001cb48     Tcp4Dxe:Tcp4Output.obj
 0002:00001b54       ??_C@_0BF@CBLMFKOC@Node?5?$CB?$DN?5?$CI?$CIvoid?5?$CK?$CJ?50?$CJ?$AA@ 0001cb54     Tcp4Dxe:Tcp4Output.obj
 0002:00001b6c       ??_C@_0BE@LDHJGILL@Seg?5?$CB?$DN?5?$CI?$CIvoid?5?$CK?$CJ?50?$CJ?$AA@ 0001cb6c     Tcp4Dxe:Tcp4Output.obj
 0002:00001b80       ??_C@_0N@NJKHHBAK@CopyLen?5?$DO?$DN?50?$AA@ 0001cb80     Tcp4Dxe:Tcp4Output.obj
 0002:00001b90       ??_C@_0BF@OBJIPFIC@Data?5?$CB?$DN?5?$CI?$CIvoid?5?$CK?$CJ?50?$CJ?$AA@ 0001cb90     Tcp4Dxe:Tcp4Output.obj
 0002:00001ba8       ??_C@_0DD@KIKIBFOM@?$CITcb?5?$CB?$DN?5?$CI?$CIvoid?5?$CK?$CJ?50?$CJ?$CJ?5?$CG?$CG?5?$CITcb?9?$DOS@ 0001cba8     Tcp4Dxe:Tcp4Output.obj
 0002:00001bdc       ??_C@_0DL@IAMMLPHA@TcpGetSegmentSock?3?5failed?5to?5all@ 0001cbdc     Tcp4Dxe:Tcp4Output.obj
 0002:00001c18       ??_C@_0BN@ENIBPGJO@TcpVerifySegment?5?$CINbuf?$CJ?5?$CB?$DN?50?$AA@ 0001cc18     Tcp4Dxe:Tcp4Output.obj
 0002:00001c38       ??_C@_0FA@DOOPKKDA@TcpRetransmit?3?5retransmission?5wi@ 0001cc38     Tcp4Dxe:Tcp4Output.obj
 0002:00001c88       ??_C@_0FC@LJBCDKLC@TcpRetransmit?3?5retransmission?5ca@ 0001cc88     Tcp4Dxe:Tcp4Output.obj
 0002:00001cdc       ??_C@_0BK@EFAMENHB@Nbuf?9?$DOTcp?5?$CB?$DN?5?$CI?$CIvoid?5?$CK?$CJ?50?$CJ?$AA@ 0001ccdc     Tcp4Dxe:Tcp4Output.obj
 0002:00001cf8       ??_C@_0EI@DGMCPGPI@?$CITcb?5?$CB?$DN?5?$CI?$CIvoid?5?$CK?$CJ?50?$CJ?$CJ?5?$CG?$CG?5?$CITcb?9?$DOS@ 0001ccf8     Tcp4Dxe:Tcp4Output.obj
 0002:00001d40       ??_C@_0EE@MBAMCMNL@?$CITcb?9?$DOState?$CJ?5?$DM?5?$CI?$CIsizeof?5?$CImTcpOut@ 0001cd40     Tcp4Dxe:Tcp4Output.obj
 0002:00001d84       ??_C@_0DD@POJLAJIC@TcpToSendData?3?5failed?5to?5get?5a?5s@ 0001cd84     Tcp4Dxe:Tcp4Output.obj
 0002:00001db8       ??_C@_0DI@DJJEIGF@TcpToSendData?3?5send?5FIN?5to?5peer?5@ 0001cdb8     Tcp4Dxe:Tcp4Output.obj
 0002:00001df0       ??_C@_0CD@GKNNKAND@TcpCheckSndQue?5?$CI?$CGTcb?9?$DOSndQue?$CJ?5?$CB?$DN@ 0001cdf0     Tcp4Dxe:Tcp4Output.obj
 0002:00001e18       ??_C@_0EA@HJEMBCMB@TcpToSendData?3?5created?5a?5empty?5s@ 0001ce18     Tcp4Dxe:Tcp4Output.obj
 0002:00001e58       ??_C@_0DH@OHIANPHK@TcpToSendData?3?5set?5RTT?5measure?5s@ 0001ce58     Tcp4Dxe:Tcp4Output.obj
 0002:00001e90       ??_C@_0DC@NGJBHHGA@TcpToSendAck?3?5scheduled?5a?5delaye@ 0001ce90     Tcp4Dxe:Tcp4Output.obj
 0002:00001ec8       ??_C@_0GL@IFMHLCLE@?$CI?$CINbuf?$CJ?5?$CB?$DN?5?$CI?$CIvoid?5?$CK?$CJ?50?$CJ?$CJ?5?$CG?$CG?5?$CI?$CINb@ 0001cec8     Tcp4Dxe:Tcp4Output.obj
 0002:00001f34       _mTcpOutFlag               0001cf34     Tcp4Dxe:Tcp4Output.obj
 0002:00001f40       ??_C@_0DM@NDACAEIJ@c?3?2edk2?2MdeModulePkg?2Universal?2N@ 0001cf40     Tcp4Dxe:Tcp4Option.obj
 0002:00001f80       ??_C@_0EP@IGPEGGPD@?$CITcb?5?$CB?$DN?5?$CI?$CIvoid?5?$CK?$CJ?50?$CJ?$CJ?5?$CG?$CG?5?$CINbuf?5?$CB@ 0001cf80     Tcp4Dxe:Tcp4Option.obj
 0002:00001fd0       ??_C@_0DC@EEELABNP@?$CITcp?5?$CB?$DN?5?$CI?$CIvoid?5?$CK?$CJ?50?$CJ?$CJ?5?$CG?$CG?5?$CIOption@ 0001cfd0     Tcp4Dxe:Tcp4Option.obj
 0002:00002008       ??_C@_0EL@OIHMCNAI@TcpFastRecover?3?5enter?5fast?5retra@ 0001d008     Tcp4Dxe:Tcp4Input.obj
 0002:00002058       ??_C@_0EB@HDIEAPBA@TcpFastRecover?3?5received?5another@ 0001d058     Tcp4Dxe:Tcp4Input.obj
 0002:000020a0       ??_C@_0EI@COLCCDBH@TcpFastRecover?3?5received?5a?5full?5@ 0001d0a0     Tcp4Dxe:Tcp4Input.obj
 0002:000020e8       ??_C@_0DH@PLMMJIMD@TcpFastRecover?3?5received?5a?5parti@ 0001d0e8     Tcp4Dxe:Tcp4Input.obj
 0002:00002120       ??_C@_0DI@IMPKFFOM@TcpFastLossRecover?3?5received?5a?5f@ 0001d120     Tcp4Dxe:Tcp4Input.obj
 0002:00002158       ??_C@_0DL@KEBLGCNJ@TcpFastLossRecover?3?5received?5a?5p@ 0001d158     Tcp4Dxe:Tcp4Input.obj
 0002:00002198       ??_C@_0EI@HKNFAOJL@TcpComputeRtt?3?5new?5RTT?5for?5TCB?5?$CF@ 0001d198     Tcp4Dxe:Tcp4Input.obj
 0002:000021e0       ??_C@_0DL@HNBBPIBC@c?3?2edk2?2MdeModulePkg?2Universal?2N@ 0001d1e0     Tcp4Dxe:Tcp4Input.obj
 0002:0000221c       ??_C@_0BK@EAJKACH@Nbuf?9?$DOTcp?5?$DN?$DN?5?$CI?$CIvoid?5?$CK?$CJ?50?$CJ?$AA@ 0001d21c     Tcp4Dxe:Tcp4Input.obj
 0002:00002238       ??_C@_0EP@EAMFMCMP@TcpDeliverData?3?5data?5received?5af@ 0001d238     Tcp4Dxe:Tcp4Input.obj
 0002:00002288       ??_C@_0DE@EKOMNHBO@TcpDeliverData?3?5processing?5FIN?5f@ 0001d288     Tcp4Dxe:Tcp4Input.obj
 0002:000022c0       ??_C@_0EL@DBPCOPCI@Connection?5closed?5immediately?5be@ 0001d2c0     Tcp4Dxe:Tcp4Input.obj
 0002:0000230c       ??_C@_0CH@KDGNBIEG@TcpInput?3?5received?5a?5malformed?5p@ 0001d30c     Tcp4Dxe:Tcp4Input.obj
 0002:00002334       ??_C@_0CL@NFDNBPLI@TcpInput?3?5send?5reset?5because?5no?5@ 0001d334     Tcp4Dxe:Tcp4Input.obj
 0002:00002360       ??_C@_0EB@NGLHCAL@TcpInput?3?5reset?5the?5peer?5because@ 0001d360     Tcp4Dxe:Tcp4Input.obj
 0002:000023a4       ??_C@_0DL@HIGIJJFG@TcpInput?3?5discard?5a?5reset?5segmen@ 0001d3a4     Tcp4Dxe:Tcp4Input.obj
 0002:000023e0       ??_C@_0EK@FDBCBHLG@TcpInput?3?5send?5reset?5because?5of?5@ 0001d3e0     Tcp4Dxe:Tcp4Input.obj
 0002:00002430       ??_C@_0EI@NHICPLGK@TcpInput?3?5discard?5a?5segment?5beca@ 0001d430     Tcp4Dxe:Tcp4Input.obj
 0002:00002478       ??_C@_0DC@PKFGNGH@TcpInput?3?5create?5a?5child?5for?5TCB@ 0001d478     Tcp4Dxe:Tcp4Input.obj
 0002:000024b0       ??_C@_0EL@EIANFNHO@TcpInput?3?5send?5reset?5because?5of?5@ 0001d4b0     Tcp4Dxe:Tcp4Input.obj
 0002:000024fc       ??_C@_0DL@JJCDFPPD@TcpInput?3?5connection?5reset?5by?5pe@ 0001d4fc     Tcp4Dxe:Tcp4Input.obj
 0002:00002538       ??_C@_0EM@NPDFBOKP@TcpInput?3?5discard?5a?5reset?5segmen@ 0001d538     Tcp4Dxe:Tcp4Input.obj
 0002:00002584       ??_C@_0DJ@CLCGNILB@TcpInput?3?5connection?5established@ 0001d584     Tcp4Dxe:Tcp4Input.obj
 0002:000025c0       ??_C@_0BM@PBBLGGK@Tcb?9?$DOSndNxt?5?$DN?$DN?5Tcb?9?$DOIss?5?$CL?51?$AA@ 0001d5c0     Tcp4Dxe:Tcp4Input.obj
 0002:000025dc       ??_C@_0DE@HFEAJPAO@TcpInput?3?5simultaneous?5open?5for?5@ 0001d5dc     Tcp4Dxe:Tcp4Input.obj
 0002:00002610       ??_C@_0EB@PEGFNLKM@TcpInput?3?5sequence?5acceptance?5te@ 0001d610     Tcp4Dxe:Tcp4Input.obj
 0002:00002654       ??_C@_0CH@LPGMAFBP@TcpInput?3?5connection?5reset?5for?5T@ 0001d654     Tcp4Dxe:Tcp4Input.obj
 0002:00002680       ??_C@_0EC@FOGKOBOK@TcpInput?3?5connection?5reset?5becau@ 0001d680     Tcp4Dxe:Tcp4Input.obj
 0002:000026c8       ??_C@_0EC@IPOAEBBM@TcpInput?3?5segment?5discard?5becaus@ 0001d6c8     Tcp4Dxe:Tcp4Input.obj
 0002:0000270c       ??_C@_0DK@GGHPKELM@TcpInput?3?5connection?5established@ 0001d70c     Tcp4Dxe:Tcp4Input.obj
 0002:00002748       ??_C@_0EC@ICDNHGCN@TcpInput?3?5send?5reset?5because?5of?5@ 0001d748     Tcp4Dxe:Tcp4Input.obj
 0002:0000278c       ??_C@_0DL@GCAMCCOC@TcpInput?3?5ignore?5the?5out?9of?9data@ 0001d78c     Tcp4Dxe:Tcp4Input.obj
 0002:000027c8       ??_C@_0DP@CCOLDCLO@TcpInput?3?5discard?5segment?5for?5fu@ 0001d7c8     Tcp4Dxe:Tcp4Input.obj
 0002:00002808       ??_C@_0BH@EBHNKDEG@Tcb?9?$DOCongestState?5?$DN?$DN?53?$AA@ 0001d808     Tcp4Dxe:Tcp4Input.obj
 0002:00002820       ??_C@_0DI@MNAPMKHC@TcpInput?3?5peer?5shrinks?5the?5windo@ 0001d820     Tcp4Dxe:Tcp4Input.obj
 0002:00002858       ??_C@_0EE@LKMHLLLJ@TcpInput?3?5peer?5advise?5negative?5u@ 0001d858     Tcp4Dxe:Tcp4Input.obj
 0002:000028a0       ??_C@_0EI@JNOLIKAK@TcpInput?3?5SndNxt?5is?5out?5of?5windo@ 0001d8a0     Tcp4Dxe:Tcp4Input.obj
 0002:000028e8       ??_C@_0DL@GBBFMMHP@TcpInput?3?5local?5FIN?5is?5ACKed?5by?5@ 0001d8e8     Tcp4Dxe:Tcp4Input.obj
 0002:00002924       ??_C@_0DP@LOFLCKON@TcpInput?3?5received?5urgent?5data?5f@ 0001d924     Tcp4Dxe:Tcp4Input.obj
 0002:00002968       ??_C@_0EG@FDPJIBIA@TcpInput?3?5connection?5reset?5becau@ 0001d968     Tcp4Dxe:Tcp4Input.obj
 0002:000029b0       ??_C@_0BN@ECHEBBNN@Tcp4Input?3?5Discard?5a?5packet?6?$AA@ 0001d9b0     Tcp4Dxe:Tcp4Input.obj
 0002:000029d0       ??_C@_0BI@CADIBEOM@Tcb?9?$DOSk?5?$CB?$DN?5?$CI?$CIvoid?5?$CK?$CJ?50?$CJ?$AA@ 0001d9d0     Tcp4Dxe:Tcp4Input.obj
 0002:000029e8       ??_C@_0BF@NJNGJMPC@List?5?$CB?$DN?5?$CI?$CIvoid?5?$CK?$CJ?50?$CJ?$AA@ 0001d9e8     BaseLib:LinkedList.obj
 0002:00002a00       ??_C@_0CM@FDGEGMJJ@c?3?2edk2?2MdePkg?2Library?2BaseLib?2L@ 0001da00     BaseLib:LinkedList.obj
 0002:00002a2c       ??_C@_0CC@KDLPLAED@List?9?$DOForwardLink?5?$CB?$DN?5?$CI?$CIvoid?5?$CK?$CJ?50@ 0001da2c     BaseLib:LinkedList.obj
 0002:00002a50       ??_C@_0BP@IJJCCMAK@List?9?$DOBackLink?5?$CB?$DN?5?$CI?$CIvoid?5?$CK?$CJ?50?$CJ?$AA@ 0001da50     BaseLib:LinkedList.obj
 0002:00002a70       ??_C@_0BJ@NJABNCDK@ListHead?5?$CB?$DN?5?$CI?$CIvoid?5?$CK?$CJ?50?$CJ?$AA@ 0001da70     BaseLib:LinkedList.obj
 0002:00002a8c       ??_C@_0CG@LGIALJFK@InternalBaseLibIsListValid?5?$CIList@ 0001da8c     BaseLib:LinkedList.obj
 0002:00002ab4       ??_C@_0CC@JLDICICM@InternalBaseLibIsListValid?5?$CIList@ 0001dab4     BaseLib:LinkedList.obj
 0002:00002ad8       ??_C@_0BF@NMBJJECB@?$CBIsListEmpty?5?$CIEntry?$CJ?$AA@ 0001dad8     BaseLib:LinkedList.obj
 0002:00002af0       ??_C@_0BH@LKMBFCBF@Format?5?$CB?$DN?5?$CI?$CIvoid?5?$CK?$CJ?50?$CJ?$AA@ 0001daf0     PeiDxeDebugLibReportStatusCode:DebugLib.obj
 0002:00002b08       ??_C@_0EH@EMGPELNE@c?3?2edk2?2MdeModulePkg?2Library?2Pei@ 0001db08     PeiDxeDebugLibReportStatusCode:DebugLib.obj
 0002:00002b50       ??_C@_0CI@HIINONDG@?$CICHAR8?5?$CK?$CJBaseListMarker?5?$DM?$DN?5Forma@ 0001db50     PeiDxeDebugLibReportStatusCode:DebugLib.obj
 0002:00002b78       ??_C@_01OHGJGJJP@?$FL?$AA@ 0001db78     PeiDxeDebugLibReportStatusCode:DebugLib.obj
 0002:00002b7c       ??_C@_02PBFOLPKM@?$FN?5?$AA@ 0001db7c     PeiDxeDebugLibReportStatusCode:DebugLib.obj
 0002:00002b80       ??_C@_0BH@IACGKAP@Buffer?5?$CB?$DN?5?$CI?$CIvoid?5?$CK?$CJ?50?$CJ?$AA@ 0001db80     PeiDxeDebugLibReportStatusCode:DebugLib.obj
 0002:00002b98       ??_C@_0DI@PHOMHDKH@?$CILength?5?9?51?$CJ?5?$DM?$DN?5?$CI0xFFFFFFFF?5?9?5?$CIU@ 0001db98     BaseMemoryLibOptDxe:CopyMemWrapper.obj
 0002:00002bd0       ??_C@_0DM@DBGKHDAI@c?3?2edk2?2MdePkg?2Library?2BaseMemor@ 0001dbd0     BaseMemoryLibOptDxe:CopyMemWrapper.obj
 0002:00002c0c       ??_C@_0DD@DCDOHCDJ@?$CILength?5?9?51?$CJ?5?$DM?$DN?5?$CI0xFFFFFFFF?5?9?5?$CIU@ 0001dc0c     BaseMemoryLibOptDxe:CopyMemWrapper.obj
 0002:00002c40       ??_C@_0DM@IFMIBCMP@c?3?2edk2?2MdePkg?2Library?2BaseMemor@ 0001dc40     BaseMemoryLibOptDxe:ZeroMemWrapper.obj
 0002:00002c7c       ??_C@_0CL@OBMFBPED@Length?5?$DM?$DN?5?$CI0xFFFFFFFF?5?9?5?$CIUINTN?$CJB@ 0001dc7c     BaseMemoryLibOptDxe:ZeroMemWrapper.obj
 0002:00002ca8       ??_C@_0CC@JOEHDGKB@DestinationBuffer?5?$CB?$DN?5?$CI?$CIvoid?5?$CK?$CJ?50@ 0001dca8     BaseMemoryLibOptDxe:CompareMemWrapper.obj
 0002:00002ccc       ??_C@_0DP@CPGOBMAI@c?3?2edk2?2MdePkg?2Library?2BaseMemor@ 0001dccc     BaseMemoryLibOptDxe:CompareMemWrapper.obj
 0002:00002d0c       ??_C@_0BN@MDMCNBCC@SourceBuffer?5?$CB?$DN?5?$CI?$CIvoid?5?$CK?$CJ?50?$CJ?$AA@ 0001dd0c     BaseMemoryLibOptDxe:CompareMemWrapper.obj
 0002:00002d2c       ??_C@_0CN@BPIPMCPJ@?$CILength?5?9?51?$CJ?5?$DM?$DN?5?$CI0xFFFFFFFF?5?9?5?$CIU@ 0001dd2c     BaseMemoryLibOptDxe:SetMemWrapper.obj
 0002:00002d5c       ??_C@_0DL@OKGJDFMC@c?3?2edk2?2MdePkg?2Library?2BaseMemor@ 0001dd5c     BaseMemoryLibOptDxe:SetMemWrapper.obj
 0002:00002d98       ??_C@_0BN@COECPDCC@gImageHandle?5?$CB?$DN?5?$CI?$CIvoid?5?$CK?$CJ?50?$CJ?$AA@ 0001dd98     UefiBootServicesTableLib:UefiBootServicesTableLib.obj
 0002:00002db8       ??_C@_0EL@ODFJBOBF@c?3?2edk2?2MdePkg?2Library?2UefiBootS@ 0001ddb8     UefiBootServicesTableLib:UefiBootServicesTableLib.obj
 0002:00002e04       ??_C@_0BE@DGNHAHIL@gST?5?$CB?$DN?5?$CI?$CIvoid?5?$CK?$CJ?50?$CJ?$AA@ 0001de04     UefiBootServicesTableLib:UefiBootServicesTableLib.obj
 0002:00002e18       ??_C@_0BE@BDFJLGLN@gBS?5?$CB?$DN?5?$CI?$CIvoid?5?$CK?$CJ?50?$CJ?$AA@ 0001de18     UefiBootServicesTableLib:UefiBootServicesTableLib.obj
 0002:00002e30       ??_C@_0EF@NBCCMJKB@c?3?2edk2?2MdePkg?2Library?2UefiMemor@ 0001de30     UefiMemoryAllocationLib:MemoryAllocationLib.obj
 0002:00002e78       ??_C@_0DE@FCAJAHCJ@AllocationSize?5?$DM?$DN?5?$CI0xFFFFFFFF?5?9?5@ 0001de78     UefiMemoryAllocationLib:MemoryAllocationLib.obj
 0002:00002eac       ??_C@_0CI@BGLNHBLM@?$CI?$CI?$CIUINTN?$CJ?5?$CIStartOfBuffer?$CJ?$CJ?5?$CG?50x0@ 0001deac     BasePrintLib:PrintLib.obj
 0002:00002ed4       ??_C@_0CP@FCAPPOBN@c?3?2edk2?2MdePkg?2Library?2BasePrint@ 0001ded4     BasePrintLib:PrintLib.obj
 0002:00002f04       ??_C@_0CH@KJLBGOBB@?$CI?$CI?$CIUINTN?$CJ?5?$CIFormatString?$CJ?$CJ?5?$CG?50x01@ 0001df04     BasePrintLib:PrintLib.obj
 0002:00002f2c       ??_C@_07PBILKAFL@Success?$AA@ 0001df2c     BasePrintLib:PrintLibInternal.obj
 0002:00002f34       ??_C@_0BG@CFJMNNJK@Warning?5Unknown?5Glyph?$AA@ 0001df34     BasePrintLib:PrintLibInternal.obj
 0002:00002f4c       ??_C@_0BH@GKKCJEPJ@Warning?5Delete?5Failure?$AA@ 0001df4c     BasePrintLib:PrintLibInternal.obj
 0002:00002f64       ??_C@_0BG@ECIJMOED@Warning?5Write?5Failure?$AA@ 0001df64     BasePrintLib:PrintLibInternal.obj
 0002:00002f7c       ??_C@_0BJ@ODIPDGHB@Warning?5Buffer?5Too?5Small?$AA@ 0001df7c     BasePrintLib:PrintLibInternal.obj
 0002:00002f98       ??_C@_0BD@IFJNJCCO@Warning?5Stale?5Data?$AA@ 0001df98     BasePrintLib:PrintLibInternal.obj
 0002:00002fac       ??_C@_0L@PLPBEPPC@Load?5Error?$AA@ 0001dfac     BasePrintLib:PrintLibInternal.obj
 0002:00002fb8       ??_C@_0BC@HOFHKGJN@Invalid?5Parameter?$AA@ 0001dfb8     BasePrintLib:PrintLibInternal.obj
 0002:00002fcc       ??_C@_0M@BEECMOIL@Unsupported?$AA@ 0001dfcc     BasePrintLib:PrintLibInternal.obj
 0002:00002fd8       ??_C@_0BA@FLNMPMCF@Bad?5Buffer?5Size?$AA@ 0001dfd8     BasePrintLib:PrintLibInternal.obj
 0002:00002fe8       ??_C@_0BB@EGELJFOB@Buffer?5Too?5Small?$AA@ 0001dfe8     BasePrintLib:PrintLibInternal.obj
 0002:00002ffc       ??_C@_09NKFGCIPN@Not?5Ready?$AA@ 0001dffc     BasePrintLib:PrintLibInternal.obj
 0002:00003008       ??_C@_0N@HHEABDHO@Device?5Error?$AA@ 0001e008     BasePrintLib:PrintLibInternal.obj
 0002:00003018       ??_C@_0BA@LNEDDFNB@Write?5Protected?$AA@ 0001e018     BasePrintLib:PrintLibInternal.obj
 0002:00003028       ??_C@_0BB@GOILNEAA@Out?5of?5Resources?$AA@ 0001e028     BasePrintLib:PrintLibInternal.obj
 0002:0000303c       ??_C@_0P@EIOJGIF@Volume?5Corrupt?$AA@ 0001e03c     BasePrintLib:PrintLibInternal.obj
 0002:0000304c       ??_C@_0M@HDLEPOFA@Volume?5Full?$AA@ 0001e04c     BasePrintLib:PrintLibInternal.obj
 0002:00003058       ??_C@_08KEGAJDNN@No?5Media?$AA@ 0001e058     BasePrintLib:PrintLibInternal.obj
 0002:00003064       ??_C@_0O@JNCJKCCD@Media?5changed?$AA@ 0001e064     BasePrintLib:PrintLibInternal.obj
 0002:00003074       ??_C@_09CFCBFJND@Not?5Found?$AA@ 0001e074     BasePrintLib:PrintLibInternal.obj
 0002:00003080       ??_C@_0O@NFHOBIDO@Access?5Denied?$AA@ 0001e080     BasePrintLib:PrintLibInternal.obj
 0002:00003090       ??_C@_0M@ENKCBFEP@No?5Response?$AA@ 0001e090     BasePrintLib:PrintLibInternal.obj
 0002:0000309c       ??_C@_0L@IFPBNFC@No?5mapping?$AA@ 0001e09c     BasePrintLib:PrintLibInternal.obj
 0002:000030a8       ??_C@_08PAFJCNGP@Time?5out?$AA@ 0001e0a8     BasePrintLib:PrintLibInternal.obj
 0002:000030b4       ??_C@_0M@DCJFAFHJ@Not?5started?$AA@ 0001e0b4     BasePrintLib:PrintLibInternal.obj
 0002:000030c0       ??_C@_0BA@IGIBFFPH@Already?5started?$AA@ 0001e0c0     BasePrintLib:PrintLibInternal.obj
 0002:000030d0       ??_C@_07LCKDCBKK@Aborted?$AA@ 0001e0d0     BasePrintLib:PrintLibInternal.obj
 0002:000030d8       ??_C@_0L@LKIFCMNO@ICMP?5Error?$AA@ 0001e0d8     BasePrintLib:PrintLibInternal.obj
 0002:000030e4       ??_C@_0L@DJKNJKHM@TFTP?5Error?$AA@ 0001e0e4     BasePrintLib:PrintLibInternal.obj
 0002:000030f0       ??_C@_0P@NCJHBCLM@Protocol?5Error?$AA@ 0001e0f0     BasePrintLib:PrintLibInternal.obj
 0002:00003100       ??_C@_0BF@EHOBGFMI@Incompatible?5Version?$AA@ 0001e100     BasePrintLib:PrintLibInternal.obj
 0002:00003118       ??_C@_0BD@KHMPCIOG@Security?5Violation?$AA@ 0001e118     BasePrintLib:PrintLibInternal.obj
 0002:0000312c       ??_C@_09BOMAGJEG@CRC?5Error?$AA@ 0001e12c     BasePrintLib:PrintLibInternal.obj
 0002:00003138       ??_C@_0N@JEJDHPO@End?5of?5Media?$AA@ 0001e138     BasePrintLib:PrintLibInternal.obj
 0002:00003148       ??_C@_0O@NMJOLAMF@Reserved?5?$CI29?$CJ?$AA@ 0001e148     BasePrintLib:PrintLibInternal.obj
 0002:00003158       ??_C@_0O@GLPDOMCP@Reserved?5?$CI30?$CJ?$AA@ 0001e158     BasePrintLib:PrintLibInternal.obj
 0002:00003168       ??_C@_0M@FKGOBENP@End?5of?5File?$AA@ 0001e168     BasePrintLib:PrintLibInternal.obj
 0002:00003174       ??_C@_0BB@KFJAMCOC@Invalid?5Language?$AA@ 0001e174     BasePrintLib:PrintLibInternal.obj
 0002:00003188       ??_C@_0BB@MFGDFIJM@Compromised?5Data?$AA@ 0001e188     BasePrintLib:PrintLibInternal.obj
 0002:0000319c       ??_C@_0DH@DJIHJFON@c?3?2edk2?2MdePkg?2Library?2BasePrint@ 0001e19c     BasePrintLib:PrintLibInternal.obj
 0002:000031d4       ??_C@_0BJ@CNKJJNE@?$CIBuffer?5?$CB?$DN?5?$CI?$CIvoid?5?$CK?$CJ?50?$CJ?$CJ?$AA@ 0001e1d4     BasePrintLib:PrintLibInternal.obj
 0002:000031f0       ??_C@_0EB@HDGIDCIO@?$CIBufferSize?5?$DM?$DN?5?$CI_gPcd_FixedAtBui@ 0001e1f0     BasePrintLib:PrintLibInternal.obj
 0002:00003234       ??_C@_0BJ@PPAKKDJG@?$CIFormat?5?$CB?$DN?5?$CI?$CIvoid?5?$CK?$CJ?50?$CJ?$CJ?$AA@ 0001e234     BasePrintLib:PrintLibInternal.obj
 0002:00003250       ??_C@_0ED@LPDDCECB@?$CIBufferSize?5?$DM?$DN?5?$CI_gPcd_FixedAtBui@ 0001e250     BasePrintLib:PrintLibInternal.obj
 0002:00003298       ??_C@_0IM@BFJJFLGB@?$CIStrnLenS?5?$CI?$CICHAR16?5?$CK?$CJFormat?0?5?$CI_g@ 0001e298     BasePrintLib:PrintLibInternal.obj
 0002:00003328       ??_C@_0ID@PLGJGION@?$CIAsciiStrnLenS?5?$CIFormat?0?5?$CI_gPcd_F@ 0001e328     BasePrintLib:PrintLibInternal.obj
 0002:000033ac       ??_C@_0O@MLOLIMFM@?$DMnull?5string?$DO?$AA@ 0001e3ac     BasePrintLib:PrintLibInternal.obj
 0002:000033bc       ??_C@_0M@BJJDNPHK@?$DMnull?5guid?$DO?$AA@ 0001e3bc     BasePrintLib:PrintLibInternal.obj
 0002:000033c8       ??_C@_0DB@PMLHLBMO@?$CF08x?9?$CF04x?9?$CF04x?9?$CF02x?$CF02x?9?$CF02x?$CF02x@ 0001e3c8     BasePrintLib:PrintLibInternal.obj
 0002:000033fc       ??_C@_0M@LHGBCIKM@?$DMnull?5time?$DO?$AA@ 0001e3fc     BasePrintLib:PrintLibInternal.obj
 0002:00003408       ??_C@_0BK@FCPKCIDD@?$CF02d?1?$CF02d?1?$CF04d?5?5?$CF02d?3?$CF02d?$AA@ 0001e408     BasePrintLib:PrintLibInternal.obj
 0002:00003424       ??_C@_04JIMNDDED@?$CF08X?$AA@ 0001e424     BasePrintLib:PrintLibInternal.obj
 0002:0000342c       ??_C@_02PCIJFNDE@?$AN?6?$AA@ 0001e42c     BasePrintLib:PrintLibInternal.obj
 0002:00003430       ??_C@_01LIIJDEN@?$AN?$AA@  0001e430     BasePrintLib:PrintLibInternal.obj
 0002:00003440       _mHexStr                   0001e440     BasePrintLib:PrintLibInternal.obj
 0002:00003450       _mStatusString             0001e450     BasePrintLib:PrintLibInternal.obj
 0002:000034f0       ??_C@_0EP@BCAOHHL@c?3?2edk2?2MdePkg?2Library?2UefiDevic@ 0001e4f0     UefiDevicePathLibDevicePathProtocol:UefiDevicePathLib.obj
 0002:00003540       ??_C@_0DC@CNNBPJA@mDevicePathLibDevicePathUtilitie@ 0001e540     UefiDevicePathLibDevicePathProtocol:UefiDevicePathLib.obj
 0002:00003574       ??_C@_0BE@OBDFIHND@gRT?5?$CB?$DN?5?$CI?$CIvoid?5?$CK?$CJ?50?$CJ?$AA@ 0001e574     UefiRuntimeServicesTableLib:UefiRuntimeServicesTableLib.obj
 0002:00003588       ??_C@_0FB@NIMBGODD@c?3?2edk2?2MdePkg?2Library?2UefiRunti@ 0001e588     UefiRuntimeServicesTableLib:UefiRuntimeServicesTableLib.obj
 0002:000035dc       ??_C@_0CJ@PFEGNAHL@c?3?2edk2?2MdePkg?2Library?2UefiLib?2U@ 0001e5dc     UefiLib:UefiLib.obj
 0002:00003608       ??_C@_0BF@JGGLMCFN@Lock?5?$CB?$DN?5?$CI?$CIvoid?5?$CK?$CJ?50?$CJ?$AA@ 0001e608     UefiLib:UefiLib.obj
 0002:00003620       ??_C@_0CD@PGOFFOAH@Lock?9?$DOLock?5?$CB?$DN?5EfiLockUninitializ@ 0001e620     UefiLib:UefiLib.obj
 0002:00003644       ??_C@_0BO@FHNOFLFJ@Lock?9?$DOLock?5?$DN?$DN?5EfiLockAcquired?$AA@ 0001e644     UefiLib:UefiLib.obj
 0002:00003664       ??_C@_0DB@DDNPJJP@c?3?2edk2?2MdePkg?2Library?2UefiLib?2U@ 0001e664     UefiLib:UefiDriverModel.obj
 0002:00003698       ??_C@_0CK@GGFNJPAK@c?3?2edk2?2MdePkg?2Library?2DxeHobLib@ 0001e698     DxeHobLib:HobLib.obj
 0002:000036c4       ??_C@_0BJ@OBFMLLDO@mHobList?5?$CB?$DN?5?$CI?$CIvoid?5?$CK?$CJ?50?$CJ?$AA@ 0001e6c4     DxeHobLib:HobLib.obj
 0002:000036e0       ??_C@_0BJ@NOLLDKJB@HobStart?5?$CB?$DN?5?$CI?$CIvoid?5?$CK?$CJ?50?$CJ?$AA@ 0001e6e0     DxeHobLib:HobLib.obj
 0002:000036fc       ??_C@_0BC@FEDIJHFF@?$CI?$CIBOOLEAN?$CJ?$CI0?$DN?$DN1?$CJ?$CJ?$AA@ 0001e6fc     DxeHobLib:HobLib.obj
 0002:00003710       ??_C@_1BC@DPOIABCP@?$AAE?$AAF?$AAI?$AAD?$AAe?$AAb?$AAu?$AAg?$AA?$AA@ 0001e710     DxeDebugPrintErrorLevelLib:DxeDebugPrintErrorLevelLib.obj
 0002:00003724       ??_C@_0DA@FEJKJGCA@c?3?2edk2?2MdeModulePkg?2Library?2Dxe@ 0001e724     DxeDpcLib:DpcLib.obj
 0002:00003754       ??_C@_0DD@KHCJANAG@c?3?2edk2?2MdeModulePkg?2Library?2Dxe@ 0001e754     DxeNetLib:DxeNetLib.obj
 0002:00003788       ??_C@_0N@NMJPNKHJ@NetMask?5?$CB?$DN?50?$AA@ 0001e788     DxeNetLib:DxeNetLib.obj
 0002:00003798       ??_C@_0EG@FMMHPKDI@?$CIServiceBindingGuid?5?$CB?$DN?5?$CI?$CIvoid?5?$CK?$CJ@ 0001e798     DxeNetLib:DxeNetLib.obj
 0002:000037e0       ??_C@_0CD@PCCGAHJM@ServiceBindingGuid?5?$CB?$DN?5?$CI?$CIvoid?5?$CK?$CJ?5@ 0001e7e0     DxeNetLib:DxeNetLib.obj
 0002:00003810       _gIp4AllMasks              0001e810     DxeNetLib:DxeNetLib.obj
 0002:00003894       ??_C@_0BA@MDHFKOHH@BlockOpNum?5?$DO?$DN?51?$AA@ 0001e894     DxeNetLib:NetBuffer.obj
 0002:000038a4       ??_C@_0DD@LJAAFFGL@c?3?2edk2?2MdeModulePkg?2Library?2Dxe@ 0001e8a4     DxeNetLib:NetBuffer.obj
 0002:000038d8       ??_C@_07DJKBCKNJ@Len?5?$DO?50?$AA@ 0001e8d8     DxeNetLib:NetBuffer.obj
 0002:000038e0       ??_C@_0BH@HKOFEGGJ@Vector?5?$CB?$DN?5?$CI?$CIvoid?5?$CK?$CJ?50?$CJ?$AA@ 0001e8e0     DxeNetLib:NetBuffer.obj
 0002:000038f8       ??_C@_0GP@BJHFFKHJ@?$CI?$CIVector?$CJ?5?$CB?$DN?5?$CI?$CIvoid?5?$CK?$CJ?50?$CJ?$CJ?5?$CG?$CG?5?$CI?$CI@ 0001e8f8     DxeNetLib:NetBuffer.obj
 0002:00003968       ??_C@_0BD@DIPGLBBO@Vector?9?$DORefCnt?5?$DO?50?$AA@ 0001e968     DxeNetLib:NetBuffer.obj
 0002:0000397c       ??_C@_0BF@LJMLDKHP@Nbuf?5?$CB?$DN?5?$CI?$CIvoid?5?$CK?$CJ?50?$CJ?$AA@ 0001e97c     DxeNetLib:NetBuffer.obj
 0002:00003994       ??_C@_0BB@DOGOGLPG@Nbuf?9?$DORefCnt?5?$DO?50?$AA@ 0001e994     DxeNetLib:NetBuffer.obj
 0002:000039a8       ??_C@_0BD@CJPEEIBJ@IsListEmpty?5?$CIHead?$CJ?$AA@ 0001e9a8     DxeNetLib:NetBuffer.obj
 0002:000039c0       ??_C@_0HL@FGMBHKJG@?$CI?$CINbuf?9?$DOVector?$CJ?5?$CB?$DN?5?$CI?$CIvoid?5?$CK?$CJ?50?$CJ?$CJ@ 0001e9c0     DxeNetLib:NetBuffer.obj
 0002:00003a3c       ??_C@_0BJ@KIFBBHL@Index?5?$DM?5Nbuf?9?$DOBlockOpNum?$AA@ 0001ea3c     DxeNetLib:NetBuffer.obj
 0002:00003a58       ??_C@_0EL@JHACLFKC@?$CIExtFragment?5?$CB?$DN?5?$CI?$CIvoid?5?$CK?$CJ?50?$CJ?$CJ?5?$CG?$CG@ 0001ea58     DxeNetLib:NetBuffer.obj
 0002:00003aa4       ??_C@_0DC@MGLKJFKO@?$CINbuf?9?$DOBlockOpNum?5?$DN?$DN?51?$CJ?5?$CG?$CG?5?$CINbuf@ 0001eaa4     DxeNetLib:NetBuffer.obj
 0002:00003ad8       ??_C@_0ED@NCEEIHFB@?$CINbuf?9?$DOVector?9?$DOFree?5?$DN?$DN?5?$CI?$CIvoid?5?$CK?$CJ@ 0001ead8     DxeNetLib:NetBuffer.obj
 0002:00003b1c       ??_C@_0DE@FGAADEGF@Nbuf?9?$DOBlockOp?$FL0?$FN?4Tail?5?$DM?$DN?5Nbuf?9?$DOB@ 0001eb1c     DxeNetLib:NetBuffer.obj
 0002:00003b50       ??_C@_0DE@CILPCCFL@?$CIBlockOp?5?$CB?$DN?5?$CI?$CIvoid?5?$CK?$CJ?50?$CJ?$CJ?5?$CG?$CG?5?$CIBl@ 0001eb50     DxeNetLib:NetBuffer.obj
 0002:00003b84       ??_C@_04IFLCJLKB@Dest?$AA@ 0001eb84     DxeNetLib:NetBuffer.obj
 0002:00003b8c       ??_C@_0BI@FINLCMGD@NbufQue?5?$CB?$DN?5?$CI?$CIvoid?5?$CK?$CJ?50?$CJ?$AA@ 0001eb8c     DxeNetLib:NetBuffer.obj
 0002:00003ba8       ??_C@_0HB@ILKEBNKK@?$CI?$CINbufQue?$CJ?5?$CB?$DN?5?$CI?$CIvoid?5?$CK?$CJ?50?$CJ?$CJ?5?$CG?$CG?5?$CI@ 0001eba8     DxeNetLib:NetBuffer.obj
 0002:00003c1c       ??_C@_0BF@CPBCKIGP@Dest?5?$CB?$DN?5?$CI?$CIvoid?5?$CK?$CJ?50?$CJ?$AA@ 0001ec1c     DxeNetLib:NetBuffer.obj
 0002:00003c34       ??_C@_0BF@FJHJDOEI@IpIo?9?$DOIpVersion?5?$DN?$DN?54?$AA@ 0001ec34     DxeIpIoLib:DxeIpIoLib.obj
 0002:00003c4c       ??_C@_0DF@FBDKLKJL@c?3?2edk2?2MdeModulePkg?2Library?2Dxe@ 0001ec4c     DxeIpIoLib:DxeIpIoLib.obj
 0002:00003c84       ??_C@_0BF@GLEPFMMK@IpIo?9?$DOIpVersion?5?$DN?$DN?56?$AA@ 0001ec84     DxeIpIoLib:DxeIpIoLib.obj
 0002:00003c9c       ??_C@_0BN@KNIIEBKA@RecycleEvent?5?$CB?$DN?5?$CI?$CIvoid?5?$CK?$CJ?50?$CJ?$AA@ 0001ec9c     DxeIpIoLib:DxeIpIoLib.obj
 0002:00003cbc       ??_C@_0CF@BLOJFCO@?$CIIpVersion?5?$DN?$DN?54?$CJ?5?$HM?$HM?5?$CIIpVersion?5?$DN@ 0001ecbc     DxeIpIoLib:DxeIpIoLib.obj
 0002:00003ce4       ??_C@_0CL@JMFBKFN@?$CBOpenData?9?$DOIpConfigData?4Ip4CfgDa@ 0001ece4     DxeIpIoLib:DxeIpIoLib.obj
 0002:00003d10       ??_C@_0CE@LEAHDONK@IsListEmpty?5?$CI?$CGIpIo?9?$DOPendingSndLi@ 0001ed10     DxeIpIoLib:DxeIpIoLib.obj
 0002:00003d34       ??_C@_0DB@DFFPJJML@?$CIIpIo?9?$DOIpVersion?5?$CB?$DN?54?$CJ?5?$HM?$HM?5?$CIDest?5@ 0001ed34     DxeIpIoLib:DxeIpIoLib.obj
 0002:00003d68       ??_C@_0BF@NHCICEBK@IpIo?5?$CB?$DN?5?$CI?$CIvoid?5?$CK?$CJ?50?$CJ?$AA@ 0001ed68     DxeIpIoLib:DxeIpIoLib.obj
 0002:00003d80       ??_C@_0BH@NIPIOMK@IpInfo?5?$CB?$DN?5?$CI?$CIvoid?5?$CK?$CJ?50?$CJ?$AA@ 0001ed80     DxeIpIoLib:DxeIpIoLib.obj
 0002:00003d98       ??_C@_0BD@LFDBDGM@IpInfo?9?$DORefCnt?5?$DO?50?$AA@ 0001ed98     DxeIpIoLib:DxeIpIoLib.obj
 0002:00003dac       ??_C@_0P@KHLDMCPF@IcmpError?5?$DM?$DN?59?$AA@ 0001edac     DxeIpIoLib:DxeIpIoLib.obj
 0002:00003dc0       ??_C@_0EK@NEAGPEKB@c?3?2edk2?2MdeModulePkg?2Library?2Dxe@ 0001edc0     DxeReportStatusCodeLib:ReportStatusCodeLib.obj
 0002:00003e0c       ??_C@_0DN@HHIHPHHB@?$CB?$CI?$CIExtendedData?5?$DN?$DN?5?$CI?$CIvoid?5?$CK?$CJ?50?$CJ?$CJ@ 0001ee0c     DxeReportStatusCodeLib:ReportStatusCodeLib.obj
 0002:00003e4c       ??_C@_0DN@BBBIFINB@?$CB?$CI?$CIExtendedData?5?$CB?$DN?5?$CI?$CIvoid?5?$CK?$CJ?50?$CJ?$CJ@ 0001ee4c     DxeReportStatusCodeLib:ReportStatusCodeLib.obj
 0002:00003e8c       ??_C@_0DI@MIEIGAOH@Status?5code?5extended?5data?5is?5too@ 0001ee8c     DxeReportStatusCodeLib:ReportStatusCodeLib.obj
 0002:00003ec4       ??_C@_0CD@BDCLIGHD@?$CI?$CIUINTN?$CJ?5String?5?$CG?50x00000001?$CJ?5?$DN?$DN@ 0001eec4     BaseLib:SafeString.obj
 0002:00003ee8       ??_C@_0CM@GBAFEFEA@c?3?2edk2?2MdePkg?2Library?2BaseLib?2S@ 0001eee8     BaseLib:SafeString.obj
 0002:00003f14       ??_C@_0BO@ECNIOIHG@?$CIDestination?5?$CB?$DN?5?$CI?$CIvoid?5?$CK?$CJ?50?$CJ?$CJ?$AA@ 0001ef14     BaseLib:SafeString.obj
 0002:00003f34       ??_C@_0BJ@EAEEJIP@?$CISource?5?$CB?$DN?5?$CI?$CIvoid?5?$CK?$CJ?50?$CJ?$CJ?$AA@ 0001ef34     BaseLib:SafeString.obj
 0002:00003f50       ??_C@_0BG@EEGIIOKH@?$CIDestMax?5?$DO?5SourceLen?$CJ?$AA@ 0001ef50     BaseLib:SafeString.obj
 0002:00003f68       ??_C@_0FL@CDANCHFO@InternalSafeStringNoAsciiStrOver@ 0001ef68     BaseLib:SafeString.obj
 0002:00003fc4       ??_C@_0CI@BEFOLLLE@c?3?2edk2?2MdePkg?2Library?2BaseLib?2S@ 0001efc4     BaseLib:String.obj
 0002:00003fec       ??_C@_0BH@MAAHKCPC@String?5?$CB?$DN?5?$CI?$CIvoid?5?$CK?$CJ?50?$CJ?$AA@ 0001efec     BaseLib:String.obj
 0002:00004004       ??_C@_0DK@EOJCOAME@Length?5?$DM?5_gPcd_FixedAtBuild_PcdM@ 0001f004     BaseLib:String.obj
 0002:00004040       ??_C@_0DJ@JJHGIFMP@Length?5?$DM?$DN?5_gPcd_FixedAtBuild_Pcd@ 0001f040     BaseLib:String.obj
 0002:0000407c       ??_C@_0DI@MDIKFADO@Length?5?$DM?5_gPcd_FixedAtBuild_PcdM@ 0001f07c     BaseLib:String.obj
 0002:000040b4       ??_C@_0BL@IKFBNFIL@AsciiStrSize?5?$CIFirstString?$CJ?$AA@ 0001f0b4     BaseLib:String.obj
 0002:000040d0       ??_C@_0BM@EDNOKLLE@AsciiStrSize?5?$CISecondString?$CJ?$AA@ 0001f0d0     BaseLib:String.obj
 0002:000040ec       ??_C@_0CL@COEFNOFM@c?3?2edk2?2MdePkg?2Library?2BaseLib?2U@ 0001f0ec     BaseLib:Unaligned.obj
 0002:00004118       ??_C@_0N@KGHEHMDL@Divisor?5?$CB?$DN?50?$AA@ 0001f118     BaseLib:DivU64x32Remainder.obj
 0002:00004128       ??_C@_0DE@PLOFBNJA@c?3?2edk2?2MdePkg?2Library?2BaseLib?2D@ 0001f128     BaseLib:DivU64x32Remainder.obj
 0003:00000000       _gEfiLoadedImageProtocolGuid 00020000     Tcp4Dxe:AutoGen.obj
 0003:00000010       _gEfiIp4ProtocolGuid       00020010     Tcp4Dxe:AutoGen.obj
 0003:00000020       _gEfiDpcProtocolGuid       00020020     Tcp4Dxe:AutoGen.obj
 0003:00000030       _gEfiDebugMaskProtocolGuid 00020030     Tcp4Dxe:AutoGen.obj
 0003:00000040       _gEfiComponentName2ProtocolGuid 00020040     Tcp4Dxe:AutoGen.obj
 0003:00000050       _gEfiHobListGuid           00020050     Tcp4Dxe:AutoGen.obj
 0003:00000060       _gEfiTcp4ServiceBindingProtocolGuid 00020060     Tcp4Dxe:AutoGen.obj
 0003:00000070       _gEfiDevicePathProtocolGuid 00020070     Tcp4Dxe:AutoGen.obj
 0003:00000080       _gEfiDevicePathUtilitiesProtocolGuid 00020080     Tcp4Dxe:AutoGen.obj
 0003:00000090       _gEfiIp6ServiceBindingProtocolGuid 00020090     Tcp4Dxe:AutoGen.obj
 0003:000000a0       _gEfiGenericVariableGuid   000200a0     Tcp4Dxe:AutoGen.obj
 0003:000000b0       _gEfiCallerIdGuid          000200b0     Tcp4Dxe:AutoGen.obj
 0003:000000c0       _gEfiTcp4ProtocolGuid      000200c0     Tcp4Dxe:AutoGen.obj
 0003:000000d0       _gEfiStatusCodeDataTypeDebugGuid 000200d0     Tcp4Dxe:AutoGen.obj
 0003:000000e0       _gEfiDriverBindingProtocolGuid 000200e0     Tcp4Dxe:AutoGen.obj
 0003:000000f0       _gEfiIp4ServiceBindingProtocolGuid 000200f0     Tcp4Dxe:AutoGen.obj
 0003:00000100       _gEfiStatusCodeSpecificDataGuid 00020100     Tcp4Dxe:AutoGen.obj
 0003:00000110       _gEfiComponentNameProtocolGuid 00020110     Tcp4Dxe:AutoGen.obj
 0003:00000120       _gEfiIp6ProtocolGuid       00020120     Tcp4Dxe:AutoGen.obj
 0003:00000130       _gEfiStatusCodeRuntimeProtocolGuid 00020130     Tcp4Dxe:AutoGen.obj
 0003:00000140       _gEfiIp4Config2ProtocolGuid 00020140     Tcp4Dxe:AutoGen.obj
 0003:00000150       _mTcp4DefaultSockData      00020150     Tcp4Dxe:Tcp4Driver.obj
 0003:00000188       _mTcp4DriverBinding        00020188     Tcp4Dxe:Tcp4Driver.obj
 0003:000001a0       _mTcp4ProtocolTemplate     000201a0     Tcp4Dxe:Tcp4Driver.obj
 0003:000001c8       _gTcp4ComponentName        000201c8     Tcp4Dxe:ComponentName.obj
 0003:000001d4       _gTcp4ComponentName2       000201d4     Tcp4Dxe:ComponentName.obj
 0003:000001e0       _mTcpDriverNameTable       000201e0     Tcp4Dxe:ComponentName.obj
 0003:000001f0       _mTcpTick                  000201f0     Tcp4Dxe:Tcp4Timer.obj
 0003:000001f4       _mTcpGlobalIss             000201f4     Tcp4Dxe:Tcp4Misc.obj
 0003:000001f8       _mTcpRunQue                000201f8     Tcp4Dxe:Tcp4Misc.obj
 0003:00000200       _mTcpListenQue             00020200     Tcp4Dxe:Tcp4Misc.obj
 0003:00000208       _mDebugMaskProtocol        00020208     DxeDebugPrintErrorLevelLib:DxeDebugPrintErrorLevelLib.obj
 0003:00000218       _mIp4IoDefaultIpConfigData 00020218     DxeIpIoLib:DxeIpIoLib.obj
 0003:00000234       _mIcmpErrMap               00020234     DxeIpIoLib:DxeIpIoLib.obj
 0003:00000248       _mActiveIpIoList           00020248     DxeIpIoLib:DxeIpIoLib.obj
 0003:00000250       _mTcp4Timer                00020250     Tcp4Dxe:Tcp4Driver.obj
 0003:00000258       _gTcpControllerNameTable   00020258     Tcp4Dxe:ComponentName.obj
 0003:0000025c       _gST                       0002025c     UefiBootServicesTableLib:UefiBootServicesTableLib.obj
 0003:00000260       _gBS                       00020260     UefiBootServicesTableLib:UefiBootServicesTableLib.obj
 0003:00000264       _gImageHandle              00020264     UefiBootServicesTableLib:UefiBootServicesTableLib.obj
 0003:00000268       _mDevicePathLibDevicePathUtilities 00020268     UefiDevicePathLibDevicePathProtocol:UefiDevicePathLib.obj
 0003:0000026c       _gRT                       0002026c     UefiRuntimeServicesTableLib:UefiRuntimeServicesTableLib.obj
 0003:00000270       _mHobList                  00020270     DxeHobLib:HobLib.obj
 0003:00000274       _mDebugPrintErrorLevel     00020274     DxeDebugPrintErrorLevelLib:DxeDebugPrintErrorLevelLib.obj
 0003:00000278       _mGlobalErrorLevelInitialized 00020278     DxeDebugPrintErrorLevelLib:DxeDebugPrintErrorLevelLib.obj
 0003:0000027c       _mSystemTable              0002027c     DxeDebugPrintErrorLevelLib:DxeDebugPrintErrorLevelLib.obj
 0003:00000280       _mZeroIp4Addr              00020280     DxeNetLib:DxeNetLib.obj
 0003:00000284       _mReportStatusCodeLibStatusCodeProtocol 00020284     DxeReportStatusCodeLib:ReportStatusCodeLib.obj
 0003:00000288       _mDpc                      00020288     <common>
 0003:0000028c       _mTcp4RandomPort           0002028c     <common>

 entry point at        0001:00000142

 Static symbols

 0001:0000001a       _InternalMemCopyMem.0      0001101a     BaseMemoryLibOptDxe:CopyMem.obj
 0001:0000002c       _InternalMemCopyMem.1      0001102c     BaseMemoryLibOptDxe:CopyMem.obj
 0001:0000003e       _InternalMemCopyMem.2      0001103e     BaseMemoryLibOptDxe:CopyMem.obj
 0001:0000005b       @CopyBackward              0001105b     BaseMemoryLibOptDxe:CopyMem.obj
 0001:00000062       @CopyBytes                 00011062     BaseMemoryLibOptDxe:CopyMem.obj
 0001:00000111       _InternalMemSetMem64.0     00011111     BaseMemoryLibOptDxe:SetMem64.obj
 0001:00002569       $LN14                      00013569     * CIL library *:* CIL module *
 0001:00002575       $LN11                      00013575     * CIL library *:* CIL module *
 0001:000025f0       $LN45                      000135f0     * CIL library *:* CIL module *
 0001:000025f8       $LN40                      000135f8     * CIL library *:* CIL module *
 0001:000030e2       $LN82                      000140e2     * CIL library *:* CIL module *
 0001:000089b6       $LN30                      000199b6     * CIL library *:* CIL module *
 0001:000089c6       $LN28                      000199c6     * CIL library *:* CIL module *
 0001:000096f7       $LN63                      0001a6f7     * CIL library *:* CIL module *
 0004:00000000       .edata                     00021000     Tcp4Dxe.exp
 0004:00000028       rgpv                       00021028     Tcp4Dxe.exp
 0004:0000002c       rgszName                   0002102c     Tcp4Dxe.exp
 0004:00000030       rgwOrd                     00021030     Tcp4Dxe.exp
 0004:00000032       szName                     00021032     Tcp4Dxe.exp
 0004:0000003e       $N00001                    0002103e     Tcp4Dxe.exp
